[MOVE_SUB] FATAL: no Alpaca credentials in env
[MOVE_SUB] Alpaca PAPER connected — account=PA3LXGIPGG8B equity=$27,574
[MOVE_SUB] starting consume loop
[MOVE_SUB] [06:28:53] connected to engine (/tmp/warrior_engine.sock) attempt=1
[MOVE_SUB] [06:28:53] new symbol CBRG — detector + movement_strike instantiated
[MOVE_SUB] [06:28:53] new symbol EDHL — detector + movement_strike instantiated
[MOVE_SUB] [06:28:53] new symbol PCLA — detector + movement_strike instantiated
[MOVE_SUB] [06:28:53] new symbol CORD — detector + movement_strike instantiated
[MOVE_SUB] [06:28:53] new symbol ONDG — detector + movement_strike instantiated
[MOVE_SUB] [06:28:54] new symbol ATPC — detector + movement_strike instantiated
[MOVE_SUB] [06:28:54] new symbol NOWL — detector + movement_strike instantiated
[MOVE_SUB] [06:28:55] new symbol VIDA — detector + movement_strike instantiated
[MOVE_SUB] [06:28:56] new symbol GOVX — detector + movement_strike instantiated
[MOVE_SUB] [06:28:56] new symbol MTVA — detector + movement_strike instantiated
[MOVE_SUB] [06:29:01] new symbol SKK — detector + movement_strike instantiated
[MOVE_SUB] [06:29:04] new symbol QUCY — detector + movement_strike instantiated
[MOVE_SUB] [06:29:04] new symbol SBFM — detector + movement_strike instantiated
[MOVE_SUB] [06:29:05] new symbol GIPR — detector + movement_strike instantiated
[MOVE_SUB] [06:29:07] new symbol PIII — detector + movement_strike instantiated
[MOVE_SUB] [06:29:09] new symbol MOBX — detector + movement_strike instantiated
[MOVE_SUB] [06:29:11] new symbol CODX — detector + movement_strike instantiated
[MOVE_SUB] [06:29:13] new symbol SUGP — detector + movement_strike instantiated
[MOVE_SUB] [06:29:15] new symbol LESL — detector + movement_strike instantiated
[MOVE_SUB] [06:29:20] new symbol WNW — detector + movement_strike instantiated
[MOVE_SUB] [06:29:23] new symbol AEHL — detector + movement_strike instantiated
[MOVE_SUB] [06:29:25] new symbol QUBX — detector + movement_strike instantiated
[MOVE_SUB] [06:29:28] new symbol QBTX — detector + movement_strike instantiated
[MOVE_SUB] [06:29:30] new symbol INFQ — detector + movement_strike instantiated
[MOVE_SUB] [06:29:35] new symbol SLE — detector + movement_strike instantiated
[MOVE_SUB] [06:29:36] new symbol RGTI — detector + movement_strike instantiated
[MOVE_SUB] [06:29:39] new symbol RKLZ — detector + movement_strike instantiated
[MOVE_SUB] [06:29:41] new symbol QUBT — detector + movement_strike instantiated
[MOVE_SUB] [06:29:44] new symbol RUBI — detector + movement_strike instantiated
[MOVE_SUB] [06:29:44] new symbol CRWU — detector + movement_strike instantiated
[MOVE_SUB] [06:29:47] new symbol PURR — detector + movement_strike instantiated
[MOVE_SUB] [06:29:53] STATS ticks=1231 symbols=31 pos=no daily_pnl=+0
[MOVE_SUB] [06:29:55] new symbol YMM — detector + movement_strike instantiated
[MOVE_SUB] [06:29:58] new symbol TE — detector + movement_strike instantiated
[MOVE_SUB] [06:30:01] new symbol XNDU — detector + movement_strike instantiated
[MOVE_SUB] [06:30:03] new symbol MPG — detector + movement_strike instantiated
[MOVE_SUB] [06:30:07] new symbol AMPG — detector + movement_strike instantiated
[MOVE_SUB] [06:30:09] new symbol NIO — detector + movement_strike instantiated
[MOVE_SUB] [06:30:24] new symbol FCHL — detector + movement_strike instantiated
[MOVE_SUB] [06:30:53] STATS ticks=2286 symbols=38 pos=no daily_pnl=+0
[MOVE_SUB] [06:31:53] STATS ticks=3104 symbols=38 pos=no daily_pnl=+0
[MOVE_SUB] [06:32:06] new symbol EDSA — detector + movement_strike instantiated
[MOVE_SUB] [06:32:53] STATS ticks=3932 symbols=39 pos=no daily_pnl=+0
[MOVE_SUB] [06:33:48] new symbol SKYQ — detector + movement_strike instantiated
[MOVE_SUB] [06:33:53] STATS ticks=4706 symbols=40 pos=no daily_pnl=+0
[MOVE_SUB] [06:34:48] new symbol LNKS — detector + movement_strike instantiated
[MOVE_SUB] [06:34:53] STATS ticks=5261 symbols=41 pos=no daily_pnl=+0
[MOVE_SUB] [06:35:21] new symbol LAES — detector + movement_strike instantiated
[MOVE_SUB] [06:35:24] new symbol BMNZ — detector + movement_strike instantiated
[MOVE_SUB] [06:35:53] STATS ticks=6211 symbols=43 pos=no daily_pnl=+0
[MOVE_SUB] [06:36:53] STATS ticks=7772 symbols=43 pos=no daily_pnl=+0
[MOVE_SUB] [06:37:53] STATS ticks=9166 symbols=43 pos=no daily_pnl=+0
[MOVE_SUB] [06:38:54] STATS ticks=10362 symbols=43 pos=no daily_pnl=+0
[MOVE_SUB] [06:39:54] STATS ticks=11650 symbols=43 pos=no daily_pnl=+0
[MOVE_SUB] [06:40:54] STATS ticks=12994 symbols=43 pos=no daily_pnl=+0
[MOVE_SUB] [06:41:54] STATS ticks=13822 symbols=43 pos=no daily_pnl=+0
[MOVE_SUB] [06:42:54] STATS ticks=14563 symbols=43 pos=no daily_pnl=+0
[MOVE_SUB] [06:43:54] STATS ticks=15418 symbols=43 pos=no daily_pnl=+0
[MOVE_SUB] [06:44:54] STATS ticks=16528 symbols=43 pos=no daily_pnl=+0
[MOVE_SUB] [06:45:41] new symbol BTQ — detector + movement_strike instantiated
[MOVE_SUB] [06:45:54] STATS ticks=17429 symbols=44 pos=no daily_pnl=+0
[MOVE_SUB] [06:46:54] STATS ticks=18267 symbols=44 pos=no daily_pnl=+0
[MOVE_SUB] [06:47:55] STATS ticks=19386 symbols=44 pos=no daily_pnl=+0
[MOVE_SUB] [06:48:55] STATS ticks=22175 symbols=44 pos=no daily_pnl=+0
[MOVE_SUB] [06:49:00] CODX ARMED entry=3.0200 stop=2.9600 R=0.0600 score=11.0 — movement_strike history reset
[MOVE_SUB] [06:49:55] STATS ticks=28205 symbols=44 pos=no daily_pnl=+0
[MOVE_SUB] [06:50:52] new symbol IMMX — detector + movement_strike instantiated
[MOVE_SUB] [06:50:55] STATS ticks=35220 symbols=45 pos=no daily_pnl=+0
[MOVE_SUB] [06:51:55] STATS ticks=40912 symbols=45 pos=no daily_pnl=+0
[MOVE_SUB] [06:52:55] STATS ticks=43858 symbols=45 pos=no daily_pnl=+0
[MOVE_SUB] [06:53:55] STATS ticks=46651 symbols=45 pos=no daily_pnl=+0
[MOVE_SUB] [06:54:28] new symbol SST — detector + movement_strike instantiated
[MOVE_SUB] [06:54:55] STATS ticks=50431 symbols=46 pos=no daily_pnl=+0
[MOVE_SUB] [06:55:55] STATS ticks=52438 symbols=46 pos=no daily_pnl=+0
[MOVE_SUB] [06:56:11] CODX CHASE-SKIP trigger=3.270 arm=3.020 gap=8.27%
[MOVE_SUB] [06:56:55] STATS ticks=56790 symbols=46 pos=no daily_pnl=+0
[MOVE_SUB] [06:57:56] STATS ticks=59397 symbols=46 pos=no daily_pnl=+0
[MOVE_SUB] [06:58:56] STATS ticks=63120 symbols=46 pos=no daily_pnl=+0
[MOVE_SUB] [06:59:56] STATS ticks=65366 symbols=46 pos=no daily_pnl=+0
[MOVE_SUB] [07:00:01] new symbol JUNS — detector + movement_strike instantiated
[MOVE_SUB] [07:00:56] STATS ticks=71013 symbols=47 pos=no daily_pnl=+0
[MOVE_SUB] [07:01:00] QUCY ARMED entry=4.0200 stop=3.9000 R=0.1200 score=11.0 — movement_strike history reset
[MOVE_SUB] [07:01:56] STATS ticks=74534 symbols=47 pos=no daily_pnl=+0
[MOVE_SUB] [07:02:56] STATS ticks=77971 symbols=47 pos=no daily_pnl=+0
[MOVE_SUB] [07:03:56] STATS ticks=80174 symbols=47 pos=no daily_pnl=+0
[MOVE_SUB] [07:04:56] STATS ticks=84949 symbols=47 pos=no daily_pnl=+0
[MOVE_SUB] [07:05:57] STATS ticks=88536 symbols=47 pos=no daily_pnl=+0
[MOVE_SUB] [07:06:57] STATS ticks=92301 symbols=47 pos=no daily_pnl=+0
[MOVE_SUB] [07:07:34] new symbol ARQQ — detector + movement_strike instantiated
[MOVE_SUB] [07:07:57] STATS ticks=97124 symbols=48 pos=no daily_pnl=+0
[MOVE_SUB] [07:08:57] STATS ticks=100646 symbols=48 pos=no daily_pnl=+0
[MOVE_SUB] [07:09:57] STATS ticks=104358 symbols=48 pos=no daily_pnl=+0
[MOVE_SUB] [07:10:57] STATS ticks=108939 symbols=48 pos=no daily_pnl=+0
[MOVE_SUB] [07:10:59] new symbol SVRN — detector + movement_strike instantiated
[MOVE_SUB] [07:11:57] STATS ticks=111281 symbols=49 pos=no daily_pnl=+0
[MOVE_SUB] [07:12:57] STATS ticks=113837 symbols=49 pos=no daily_pnl=+0
[MOVE_SUB] [07:13:57] STATS ticks=116808 symbols=49 pos=no daily_pnl=+0
[MOVE_SUB] [07:14:12] 🟩 ENTRY QUCY qty=3703 limit=$4.03 (anomaly@$3.96) stop=$3.82 R=$0.1350 score=11.0
[MOVE_SUB] [07:14:57] STATS ticks=121107 symbols=49 pos=YES daily_pnl=+0
[MOVE_SUB] [07:15:57] STATS ticks=125852 symbols=49 pos=YES daily_pnl=+0
[MOVE_SUB] [07:15:58] 🟥 EXIT QUCY qty=3703 limit=$3.98 (ref=$4.03) reason=move_hwm_exit(peak=4.06,dd=25%,hh=1)
[MOVE_SUB] approx P&L=+278 daily=+278 (trade #1)
[MOVE_SUB] [07:15:58] QUCY REENTRY WATCH set: high=4.070 stop=3.820 expires_in=30min
[MOVE_SUB] [07:16:00] 🟩 ENTRY REENTRY(GREEN) QUCY qty=2380 limit=$4.10 (anomaly@$4.03) stop=$3.82 R=$0.2100 score=99.0
[MOVE_SUB] [07:16:57] STATS ticks=129974 symbols=49 pos=YES daily_pnl=+278
[MOVE_SUB] [07:17:57] STATS ticks=135500 symbols=49 pos=YES daily_pnl=+278
[MOVE_SUB] [07:18:57] STATS ticks=140376 symbols=49 pos=YES daily_pnl=+278
[MOVE_SUB] [07:19:57] STATS ticks=143714 symbols=49 pos=YES daily_pnl=+278
[MOVE_SUB] [07:20:57] STATS ticks=147221 symbols=49 pos=YES daily_pnl=+278
[MOVE_SUB] [07:21:57] STATS ticks=151569 symbols=49 pos=YES daily_pnl=+278
[MOVE_SUB] [07:22:03] 🟥 EXIT QUCY qty=2380 limit=$3.82 (ref=$3.87) reason=move_stop_prox_bail(low=3.87,stop=3.82,buf=0.050)
[MOVE_SUB] approx P&L=-381 daily=-103 (trade #2)
[MOVE_SUB] [07:22:58] STATS ticks=155347 symbols=49 pos=no daily_pnl=-103
[MOVE_SUB] [07:23:58] STATS ticks=160215 symbols=49 pos=no daily_pnl=-103
[MOVE_SUB] [07:24:58] STATS ticks=166599 symbols=49 pos=no daily_pnl=-103
[MOVE_SUB] [07:25:58] STATS ticks=172272 symbols=49 pos=no daily_pnl=-103
[MOVE_SUB] [07:26:58] STATS ticks=178117 symbols=49 pos=no daily_pnl=-103
[MOVE_SUB] [07:27:58] STATS ticks=184708 symbols=49 pos=no daily_pnl=-103
[MOVE_SUB] [07:28:10] new symbol BESS — detector + movement_strike instantiated
[MOVE_SUB] [07:28:27] new symbol QMCO — detector + movement_strike instantiated
[MOVE_SUB] [07:28:58] STATS ticks=190026 symbols=51 pos=no daily_pnl=-103
[MOVE_SUB] [07:29:58] STATS ticks=196874 symbols=51 pos=no daily_pnl=-103
[MOVE_SUB] [07:30:58] STATS ticks=202111 symbols=51 pos=no daily_pnl=-103
[MOVE_SUB] [07:31:58] STATS ticks=208315 symbols=51 pos=no daily_pnl=-103
[MOVE_SUB] [07:32:58] STATS ticks=214129 symbols=51 pos=no daily_pnl=-103
[MOVE_SUB] [07:33:36] new symbol QCLS — detector + movement_strike instantiated
[MOVE_SUB] [07:33:59] STATS ticks=219210 symbols=52 pos=no daily_pnl=-103
[MOVE_SUB] [07:34:59] STATS ticks=223655 symbols=52 pos=no daily_pnl=-103
[MOVE_SUB] [07:35:59] STATS ticks=229386 symbols=52 pos=no daily_pnl=-103
[MOVE_SUB] [07:36:59] STATS ticks=233812 symbols=52 pos=no daily_pnl=-103
[MOVE_SUB] [07:37:59] STATS ticks=237676 symbols=52 pos=no daily_pnl=-103
[MOVE_SUB] [07:38:59] STATS ticks=241996 symbols=52 pos=no daily_pnl=-103
[MOVE_SUB] [07:39:59] STATS ticks=247404 symbols=52 pos=no daily_pnl=-103
[MOVE_SUB] [07:40:59] STATS ticks=252132 symbols=52 pos=no daily_pnl=-103
[MOVE_SUB] [07:41:59] STATS ticks=255845 symbols=52 pos=no daily_pnl=-103
[MOVE_SUB] [07:42:59] STATS ticks=258798 symbols=52 pos=no daily_pnl=-103
[MOVE_SUB] [07:43:46] new symbol CRMX — detector + movement_strike instantiated
[MOVE_SUB] [07:43:59] STATS ticks=262237 symbols=53 pos=no daily_pnl=-103
[MOVE_SUB] [07:44:59] STATS ticks=265611 symbols=53 pos=no daily_pnl=-103
[MOVE_SUB] [07:45:59] STATS ticks=268131 symbols=53 pos=no daily_pnl=-103
[MOVE_SUB] [07:46:59] STATS ticks=271079 symbols=53 pos=no daily_pnl=-103
[MOVE_SUB] [07:47:59] STATS ticks=273778 symbols=53 pos=no daily_pnl=-103
[MOVE_SUB] [07:48:50] new symbol CRMU — detector + movement_strike instantiated
[MOVE_SUB] [07:48:59] STATS ticks=279224 symbols=54 pos=no daily_pnl=-103
[MOVE_SUB] [07:49:59] STATS ticks=285345 symbols=54 pos=no daily_pnl=-103
[MOVE_SUB] [07:50:59] STATS ticks=288975 symbols=54 pos=no daily_pnl=-103
[MOVE_SUB] [07:51:59] STATS ticks=292836 symbols=54 pos=no daily_pnl=-103
[MOVE_SUB] [07:52:59] STATS ticks=296362 symbols=54 pos=no daily_pnl=-103
[MOVE_SUB] [07:53:59] STATS ticks=298976 symbols=54 pos=no daily_pnl=-103
[MOVE_SUB] [07:54:04] new symbol CRML — detector + movement_strike instantiated
[MOVE_SUB] [07:54:59] STATS ticks=303112 symbols=55 pos=no daily_pnl=-103
[MOVE_SUB] [07:56:00] STATS ticks=307519 symbols=55 pos=no daily_pnl=-103
[MOVE_SUB] [07:57:00] STATS ticks=311703 symbols=55 pos=no daily_pnl=-103
[MOVE_SUB] [07:58:00] STATS ticks=315039 symbols=55 pos=no daily_pnl=-103
[MOVE_SUB] [07:59:00] STATS ticks=317630 symbols=55 pos=no daily_pnl=-103
[MOVE_SUB] [08:00:00] STATS ticks=321825 symbols=55 pos=no daily_pnl=-103
[MOVE_SUB] [08:01:01] STATS ticks=326436 symbols=55 pos=no daily_pnl=-103
[MOVE_SUB] [08:02:01] STATS ticks=330367 symbols=55 pos=no daily_pnl=-103
[MOVE_SUB] [08:03:01] STATS ticks=333148 symbols=55 pos=no daily_pnl=-103
[MOVE_SUB] [08:03:36] new symbol RYOJ — detector + movement_strike instantiated
[MOVE_SUB] [08:04:01] STATS ticks=336541 symbols=56 pos=no daily_pnl=-103
[MOVE_SUB] [08:05:01] STATS ticks=339282 symbols=56 pos=no daily_pnl=-103
[MOVE_SUB] [08:06:02] STATS ticks=342048 symbols=56 pos=no daily_pnl=-103
[MOVE_SUB] [08:07:02] STATS ticks=344638 symbols=56 pos=no daily_pnl=-103
[MOVE_SUB] [08:08:02] STATS ticks=347040 symbols=56 pos=no daily_pnl=-103
[MOVE_SUB] [08:09:02] STATS ticks=349025 symbols=56 pos=no daily_pnl=-103
[MOVE_SUB] [08:10:02] STATS ticks=352860 symbols=56 pos=no daily_pnl=-103
[MOVE_SUB] [08:11:02] STATS ticks=355590 symbols=56 pos=no daily_pnl=-103
[MOVE_SUB] [08:12:02] STATS ticks=357996 symbols=56 pos=no daily_pnl=-103
[MOVE_SUB] [08:13:02] STATS ticks=359972 symbols=56 pos=no daily_pnl=-103
[MOVE_SUB] [08:14:02] STATS ticks=362557 symbols=56 pos=no daily_pnl=-103
[MOVE_SUB] [08:15:02] STATS ticks=364232 symbols=56 pos=no daily_pnl=-103
[MOVE_SUB] [08:16:03] STATS ticks=365995 symbols=56 pos=no daily_pnl=-103
[MOVE_SUB] [08:17:03] STATS ticks=367496 symbols=56 pos=no daily_pnl=-103
[MOVE_SUB] [08:18:03] STATS ticks=368950 symbols=56 pos=no daily_pnl=-103
[MOVE_SUB] [08:19:03] STATS ticks=370503 symbols=56 pos=no daily_pnl=-103
[MOVE_SUB] [08:20:03] STATS ticks=371626 symbols=56 pos=no daily_pnl=-103
[MOVE_SUB] [08:21:03] STATS ticks=373841 symbols=56 pos=no daily_pnl=-103
[MOVE_SUB] [08:22:03] STATS ticks=377351 symbols=56 pos=no daily_pnl=-103
[MOVE_SUB] [08:23:03] STATS ticks=380312 symbols=56 pos=no daily_pnl=-103
[MOVE_SUB] [08:24:03] STATS ticks=383875 symbols=56 pos=no daily_pnl=-103
[MOVE_SUB] [08:25:03] STATS ticks=387102 symbols=56 pos=no daily_pnl=-103
[MOVE_SUB] [08:26:03] STATS ticks=390959 symbols=56 pos=no daily_pnl=-103
[MOVE_SUB] [08:27:03] STATS ticks=393794 symbols=56 pos=no daily_pnl=-103
[MOVE_SUB] [08:28:04] STATS ticks=397084 symbols=56 pos=no daily_pnl=-103
[MOVE_SUB] [08:29:04] STATS ticks=402023 symbols=56 pos=no daily_pnl=-103
[MOVE_SUB] [08:30:04] STATS ticks=405272 symbols=56 pos=no daily_pnl=-103
[MOVE_SUB] [08:31:04] STATS ticks=410058 symbols=56 pos=no daily_pnl=-103
[MOVE_SUB] [08:32:04] STATS ticks=413480 symbols=56 pos=no daily_pnl=-103
[MOVE_SUB] [08:33:04] STATS ticks=416628 symbols=56 pos=no daily_pnl=-103
[MOVE_SUB] [08:34:04] STATS ticks=418931 symbols=56 pos=no daily_pnl=-103
[MOVE_SUB] [08:35:04] STATS ticks=421600 symbols=56 pos=no daily_pnl=-103
[MOVE_SUB] [08:35:23] new symbol RLAY — detector + movement_strike instantiated
[MOVE_SUB] [08:36:04] STATS ticks=425681 symbols=57 pos=no daily_pnl=-103
[MOVE_SUB] [08:37:05] STATS ticks=430894 symbols=57 pos=no daily_pnl=-103
[MOVE_SUB] [08:38:05] STATS ticks=434608 symbols=57 pos=no daily_pnl=-103
[MOVE_SUB] [08:39:05] STATS ticks=437875 symbols=57 pos=no daily_pnl=-103
[MOVE_SUB] [08:40:05] STATS ticks=440987 symbols=57 pos=no daily_pnl=-103
[MOVE_SUB] [08:40:17] new symbol QXL — detector + movement_strike instantiated
[MOVE_SUB] [08:41:05] STATS ticks=443471 symbols=58 pos=no daily_pnl=-103
[MOVE_SUB] [08:42:05] STATS ticks=445689 symbols=58 pos=no daily_pnl=-103
[MOVE_SUB] [08:43:05] STATS ticks=447614 symbols=58 pos=no daily_pnl=-103
[MOVE_SUB] [08:44:05] STATS ticks=450002 symbols=58 pos=no daily_pnl=-103
[MOVE_SUB] [08:44:57] new symbol ENHA — detector + movement_strike instantiated
[MOVE_SUB] [08:45:05] STATS ticks=452350 symbols=59 pos=no daily_pnl=-103
[MOVE_SUB] [08:46:05] STATS ticks=454235 symbols=59 pos=no daily_pnl=-103
[MOVE_SUB] [08:47:05] STATS ticks=456064 symbols=59 pos=no daily_pnl=-103
[MOVE_SUB] [08:48:05] STATS ticks=458455 symbols=59 pos=no daily_pnl=-103
[MOVE_SUB] [08:49:05] STATS ticks=460604 symbols=59 pos=no daily_pnl=-103
[MOVE_SUB] [08:50:06] STATS ticks=462407 symbols=59 pos=no daily_pnl=-103
[MOVE_SUB] [08:51:06] STATS ticks=464185 symbols=59 pos=no daily_pnl=-103
[MOVE_SUB] [08:52:06] STATS ticks=466195 symbols=59 pos=no daily_pnl=-103
[MOVE_SUB] [08:53:06] STATS ticks=468907 symbols=59 pos=no daily_pnl=-103
[MOVE_SUB] [08:54:06] STATS ticks=471751 symbols=59 pos=no daily_pnl=-103
[MOVE_SUB] [08:55:06] STATS ticks=473540 symbols=59 pos=no daily_pnl=-103
[MOVE_SUB] [08:56:06] STATS ticks=475163 symbols=59 pos=no daily_pnl=-103
[MOVE_SUB] [08:57:06] STATS ticks=477308 symbols=59 pos=no daily_pnl=-103
[MOVE_SUB] [08:58:07] STATS ticks=478707 symbols=59 pos=no daily_pnl=-103
[MOVE_SUB] [08:59:07] STATS ticks=480109 symbols=59 pos=no daily_pnl=-103
[MOVE_SUB] [09:00:07] STATS ticks=481920 symbols=59 pos=no daily_pnl=-103
[MOVE_SUB] [09:00:16] new symbol NIOG — detector + movement_strike instantiated
[MOVE_SUB] [09:01:07] STATS ticks=484425 symbols=60 pos=no daily_pnl=-103
[MOVE_SUB] [09:02:07] STATS ticks=485999 symbols=60 pos=no daily_pnl=-103
[MOVE_SUB] [09:03:07] STATS ticks=487881 symbols=60 pos=no daily_pnl=-103
[MOVE_SUB] [09:04:07] STATS ticks=489147 symbols=60 pos=no daily_pnl=-103
[MOVE_SUB] [09:05:07] STATS ticks=490342 symbols=60 pos=no daily_pnl=-103
[MOVE_SUB] [09:05:36] new symbol LPL — detector + movement_strike instantiated
[MOVE_SUB] [09:06:07] STATS ticks=491728 symbols=61 pos=no daily_pnl=-103
[MOVE_SUB] [09:07:07] STATS ticks=495389 symbols=61 pos=no daily_pnl=-103
[MOVE_SUB] [09:08:08] STATS ticks=500499 symbols=61 pos=no daily_pnl=-103
[MOVE_SUB] [09:09:08] STATS ticks=506212 symbols=61 pos=no daily_pnl=-103
[MOVE_SUB] [09:10:08] STATS ticks=509600 symbols=61 pos=no daily_pnl=-103
[MOVE_SUB] [09:11:08] STATS ticks=512376 symbols=61 pos=no daily_pnl=-103
[MOVE_SUB] [09:12:08] STATS ticks=516601 symbols=61 pos=no daily_pnl=-103
[MOVE_SUB] [09:13:08] STATS ticks=519028 symbols=61 pos=no daily_pnl=-103
[MOVE_SUB] [09:14:08] STATS ticks=521625 symbols=61 pos=no daily_pnl=-103
[MOVE_SUB] [09:15:08] STATS ticks=523334 symbols=61 pos=no daily_pnl=-103
[MOVE_SUB] [09:16:08] STATS ticks=525526 symbols=61 pos=no daily_pnl=-103
[MOVE_SUB] [09:17:08] STATS ticks=528026 symbols=61 pos=no daily_pnl=-103
[MOVE_SUB] [09:18:08] STATS ticks=530262 symbols=61 pos=no daily_pnl=-103
[MOVE_SUB] [09:19:09] STATS ticks=531700 symbols=61 pos=no daily_pnl=-103
[MOVE_SUB] [09:20:09] STATS ticks=533351 symbols=61 pos=no daily_pnl=-103
[MOVE_SUB] [09:21:09] STATS ticks=534684 symbols=61 pos=no daily_pnl=-103
[MOVE_SUB] [09:22:09] STATS ticks=535998 symbols=61 pos=no daily_pnl=-103
[MOVE_SUB] [09:23:09] STATS ticks=537517 symbols=61 pos=no daily_pnl=-103
[MOVE_SUB] [09:24:09] STATS ticks=539267 symbols=61 pos=no daily_pnl=-103
[MOVE_SUB] [09:25:09] STATS ticks=540740 symbols=61 pos=no daily_pnl=-103
[MOVE_SUB] [09:25:30] new symbol AIAI — detector + movement_strike instantiated
[MOVE_SUB] [09:26:09] STATS ticks=543419 symbols=62 pos=no daily_pnl=-103
[MOVE_SUB] [09:27:09] STATS ticks=545315 symbols=62 pos=no daily_pnl=-103
[MOVE_SUB] [09:28:09] STATS ticks=547272 symbols=62 pos=no daily_pnl=-103
[MOVE_SUB] [09:28:45] new symbol ATRA — detector + movement_strike instantiated
[MOVE_SUB] [09:29:10] STATS ticks=549314 symbols=63 pos=no daily_pnl=-103
[MOVE_SUB] [09:30:10] STATS ticks=553554 symbols=63 pos=no daily_pnl=-103
[MOVE_SUB] [09:31:00] CORD ARMED entry=6.0200 stop=5.9500 R=0.0700 score=8.3 — movement_strike history reset
[MOVE_SUB] [09:31:10] STATS ticks=567771 symbols=63 pos=no daily_pnl=-103
[MOVE_SUB] [09:31:18] new symbol TGL — detector + movement_strike instantiated
[MOVE_SUB] [09:31:22] new symbol GENB — detector + movement_strike instantiated
[MOVE_SUB] [09:32:10] STATS ticks=578829 symbols=65 pos=no daily_pnl=-103
[MOVE_SUB] [09:33:10] STATS ticks=585327 symbols=65 pos=no daily_pnl=-103
[MOVE_SUB] [09:34:10] STATS ticks=593583 symbols=65 pos=no daily_pnl=-103
[MOVE_SUB] [09:35:10] STATS ticks=600999 symbols=65 pos=no daily_pnl=-103
[MOVE_SUB] [09:35:53] new symbol NEOV — detector + movement_strike instantiated
[MOVE_SUB] [09:36:05] new symbol FRMM — detector + movement_strike instantiated
[MOVE_SUB] [09:36:10] STATS ticks=605145 symbols=67 pos=no daily_pnl=-103
[MOVE_SUB] [09:37:11] STATS ticks=608587 symbols=67 pos=no daily_pnl=-103
[MOVE_SUB] [09:38:11] STATS ticks=612190 symbols=67 pos=no daily_pnl=-103
[MOVE_SUB] [09:39:11] STATS ticks=615419 symbols=67 pos=no daily_pnl=-103
[MOVE_SUB] [09:40:11] STATS ticks=621628 symbols=67 pos=no daily_pnl=-103
[MOVE_SUB] [09:41:11] STATS ticks=635966 symbols=67 pos=no daily_pnl=-103
[MOVE_SUB] [09:41:12] new symbol USGG — detector + movement_strike instantiated
[MOVE_SUB] [09:41:18] new symbol DMRC — detector + movement_strike instantiated
[MOVE_SUB] [09:42:11] STATS ticks=647426 symbols=69 pos=no daily_pnl=-103
[MOVE_SUB] [09:43:11] STATS ticks=652594 symbols=69 pos=no daily_pnl=-103
[MOVE_SUB] [09:43:51] CORD CHASE-SKIP trigger=6.200 arm=6.020 gap=2.99%
[MOVE_SUB] [09:44:11] STATS ticks=655222 symbols=69 pos=no daily_pnl=-103
[MOVE_SUB] [09:45:11] STATS ticks=658113 symbols=69 pos=no daily_pnl=-103
[MOVE_SUB] [09:45:53] new symbol RAIN — detector + movement_strike instantiated
[MOVE_SUB] [09:46:11] STATS ticks=661193 symbols=70 pos=no daily_pnl=-103
[MOVE_SUB] [09:47:11] STATS ticks=664239 symbols=70 pos=no daily_pnl=-103
[MOVE_SUB] [09:48:11] STATS ticks=670328 symbols=70 pos=no daily_pnl=-103
[MOVE_SUB] [09:49:11] STATS ticks=676069 symbols=70 pos=no daily_pnl=-103
[MOVE_SUB] [09:50:11] STATS ticks=680201 symbols=70 pos=no daily_pnl=-103
[MOVE_SUB] [09:51:11] STATS ticks=683569 symbols=70 pos=no daily_pnl=-103
[MOVE_SUB] [09:51:44] new symbol RGTX — detector + movement_strike instantiated
[MOVE_SUB] [09:51:53] new symbol NBIG — detector + movement_strike instantiated
[MOVE_SUB] [09:51:58] new symbol QBTS — detector + movement_strike instantiated
[MOVE_SUB] [09:52:03] new symbol ARMG — detector + movement_strike instantiated
[MOVE_SUB] [09:52:12] STATS ticks=687792 symbols=74 pos=no daily_pnl=-103
[MOVE_SUB] [09:52:13] new symbol IRE — detector + movement_strike instantiated
[MOVE_SUB] [09:52:21] new symbol OPTX — detector + movement_strike instantiated
[MOVE_SUB] [09:52:24] new symbol USAR — detector + movement_strike instantiated
[MOVE_SUB] [09:52:29] new symbol KURA — detector + movement_strike instantiated
[MOVE_SUB] [09:52:33] new symbol FCEL — detector + movement_strike instantiated
[MOVE_SUB] [09:52:35] new symbol NAK — detector + movement_strike instantiated
[MOVE_SUB] [09:52:37] new symbol BATL — detector + movement_strike instantiated
[MOVE_SUB] socket closed by peer — reconnecting
[MOVE_SUB] [09:52:41] connected to engine (/tmp/warrior_engine.sock) attempt=1
[MOVE_SUB] socket closed by peer — reconnecting
[MOVE_SUB] engine socket not ready yet (ConnectionRefusedError(61, 'Connection refused')) — retrying every 2s
