Wrote: /Users/duffy/warrior_bot_v2/cowork_reports/2026-06-17_abc_daily_report.md
# A/B/C Daily Report — 2026-06-17

Per `cowork_reports/2026-05-23_live_abc_fade_gate_test_directive.md`.

⚠️ **DATA QUALITY DEGRADED** — one or more symbols had `DIRECT_QUERY_WEDGE` audit events today. Variant comparison below reflects partial data. See Data Quality Audit section.

## Account / log snapshot

| Variant | Label | Equity | Day P&L | Day orders (buy/total) | Log entries | Gate blocks | Regime triggers |
|---|---|---:|---:|---:|---:|---:|---:|
| A | FIRESTORM-gate | +$3,000.00 | +$0.00 | 0 / 0 | 0 | 31003 | 0 |
| B | FIRESTORM-gate + Track A | err: {"message": "unautho | err: {"message": "unautho | err: {"message": "unautho | — | — | — |
| C | REENTRY-loss-gate | +$3,000.00 | +$0.00 | 0 / 0 | 7 | 44193 | 0 |

### Variant A — FIRESTORM-gate

- MOVE_STRIKE entries: 0
- REGIME_SHIFT entries: 0
- Exits: 0
- Regime-shift partials fired: 0
- Fade-gate blocks: 0 (0 unique symbols)
- FIRESTORM-gate blocks: 31003 (2 unique symbols)

### Variant B — FIRESTORM-gate + Track A

- log error: `no_log` (path: `/Users/duffy/warrior_bot_v2/logs/2026-06-17_move_strike_subbot_B.log`)

### Variant C — REENTRY-loss-gate

- MOVE_STRIKE entries: 7
- REGIME_SHIFT entries: 0
- Exits: 1
- Regime-shift partials fired: 0
- Fade-gate blocks: 0 (0 unique symbols)
- REENTRY-loss-gate blocks: 1 (1 unique symbols)
- FIRESTORM-gate blocks: 44192 (2 unique symbols)
- Symbols traded: EHGO

## Data Quality Audit

- Audit lines parsed: 4156
- Symbols flagged HEURISTIC_SUSPECT: 2
- Symbols with DIRECT_QUERY_WEDGE events: 2

| Symbol | OK | Suspect | Wedge | Min obs/truth | Last obs vs truth |
|---|---:|---:|---:|---:|---|
| LNAI | 696 | 3 | 1 | 0.000 | 11175 / 9080 |
| CLWT | 836 | 0 | 1 | 0.000 | 30530 / 40661 |
| UTSI | 680 | 125 | 0 | 0.152 | 1514 / 9970 |

## Running totals (cumulative)

| Variant | Days | Cumulative P&L |
|---|---:|---:|
| A | 16 | +$3,323.82 |
| B | 16 | -$4,183.34 |
| C | 16 | +$1,513.37 |

