02:00:13  Live Scanner starting — 2026-07-16 
02:00:13  [1/2] Fetching 21-day OHLCV (Databento EQUS.SUMMARY ohlcv-1d)...
02:00:13  Initialized Historical(gateway=https://hist.databento.com)
02:00:13        Requesting OHLCV from 2026-06-17 to 2026-07-15...
02:00:17        FAILED to load prev close: 402 account_delinquent_invoice
Unable to submit the request because there is an unpaid invoice.
documentation: https://databento.com/docs/portal/billing
02:00:17        If EQUS.SUMMARY is not in your plan, confirm dataset access
02:00:17        at https://databento.com/platform/datasets
02:00:17        Scanner cannot run without prev close data — aborting
Traceback (most recent call last):
  File "/Users/duffy/warrior_bot_v2/live_scanner.py", line 745, in <module>
    main()
  File "/Users/duffy/warrior_bot_v2/live_scanner.py", line 741, in main
    scanner.run()
  File "/Users/duffy/warrior_bot_v2/live_scanner.py", line 645, in run
    self.load_prev_close()
  File "/Users/duffy/warrior_bot_v2/live_scanner.py", line 313, in load_prev_close
    data = client.timeseries.get_range(
           ^^^^^^^^^^^^^^^^^^^^^^^^^^^^
  File "/Users/duffy/warrior_bot/venv/lib/python3.12/site-packages/databento/historical/api/timeseries.py", line 127, in get_range
    return self._stream(
           ^^^^^^^^^^^^^
  File "/Users/duffy/warrior_bot/venv/lib/python3.12/site-packages/databento/common/http.py", line 134, in _stream
    check_http_error(response)
  File "/Users/duffy/warrior_bot/venv/lib/python3.12/site-packages/databento/common/http.py", line 249, in check_http_error
    raise BentoClientError(
databento.common.error.BentoClientError: 402 account_delinquent_invoice
Unable to submit the request because there is an unpaid invoice.
documentation: https://databento.com/docs/portal/billing
