Self-dedup: killing stale daily_run supervisor PID 1957 (pgid 1951)
=== Waking screen ===
Display wake (caffeinate -u) sent
Display state: unknown (continuing — caffeinate keeps system awake regardless)
Persistent caffeinate started (PID: 19009)
=== V3 Hybrid daily run started: Thu Sep  3 02:00:07 MDT 2026 ===
ssh: connect to host github.com port 22: Can't assign requested address
fatal: Could not read from remote repository.

Please make sure you have the correct access rights
and the repository exists.
WARN: git pull failed
Code version: 0a21219 (auto: v3 daily logs 2026-09-02)
daily_run_v3.sh hash: fe9222dd63e0ce208ca08a3330c95f5bd40ed9d7
bot_v3_hybrid.py hash: eebc6fea2803847adc6de410409fc1d361bdb101
bot_alpaca_subbot.py hash: 35c2164aba4247ce13052023d9b27ab1e3c05d66
alpaca_feed.py hash: 682a855ab7d4135ad611baa7e19a941a00690a38
sntp: clock_settime: Operation not permitted
+0.034876 +/- 0.069233 time.apple.com 2620:149:a10:4000::31
NTP sync skipped (non-root)
System time: Thu Sep  3 08:00:08 UTC 2026
Pre-flight: checking Python imports...
V3 Imports OK
Sub-bot Imports OK
Killing stale processes...
Gateway port 4002 down — killing stale java and starting fresh...
All stale processes cleared.
Starting IB Gateway via IBC...
Waiting for IB Gateway on port 4002...
  attempt 1/72: port 4002 not ready yet, waiting 5s...
[1;32m+==============================================================================
+
+ IBC version 3.23.0
+
+ Running GATEWAY 10.37
+
+ Diagnostic information is logged in:
+
+ /Users/duffy/ibc/logs/ibc-3.23.0_GATEWAY-10.37_Thursday.txt
+
+[0m
  attempt 2/72: port 4002 not ready yet, waiting 5s...
  attempt 3/72: port 4002 not ready yet, waiting 5s...
  attempt 4/72: port 4002 not ready yet, waiting 5s...
  attempt 5/72: port 4002 not ready yet, waiting 5s...
  attempt 6/72: port 4002 not ready yet, waiting 5s...
  attempt 7/72: port 4002 not ready yet, waiting 5s...
  attempt 8/72: port 4002 not ready yet, waiting 5s...
  attempt 9/72: port 4002 not ready yet, waiting 5s...
  attempt 10/72: port 4002 not ready yet, waiting 5s...
  attempt 11/72: port 4002 not ready yet, waiting 5s...
  attempt 12/72: port 4002 not ready yet, waiting 5s...
  attempt 13/72: port 4002 not ready yet, waiting 5s...
  attempt 14/72: port 4002 not ready yet, waiting 5s...
  attempt 15/72: port 4002 not ready yet, waiting 5s...
  attempt 16/72: port 4002 not ready yet, waiting 5s...
  attempt 17/72: port 4002 not ready yet, waiting 5s...
  attempt 18/72: port 4002 not ready yet, waiting 5s...
  attempt 19/72: port 4002 not ready yet, waiting 5s...
  attempt 20/72: port 4002 not ready yet, waiting 5s...
  attempt 21/72: port 4002 not ready yet, waiting 5s...
  attempt 22/72: port 4002 not ready yet, waiting 5s...
  attempt 23/72: port 4002 not ready yet, waiting 5s...
  attempt 24/72: port 4002 not ready yet, waiting 5s...
  attempt 25/72: port 4002 not ready yet, waiting 5s...
  attempt 26/72: port 4002 not ready yet, waiting 5s...
  attempt 27/72: port 4002 not ready yet, waiting 5s...
  attempt 28/72: port 4002 not ready yet, waiting 5s...
  attempt 29/72: port 4002 not ready yet, waiting 5s...
  attempt 30/72: port 4002 not ready yet, waiting 5s...
  attempt 31/72: port 4002 not ready yet, waiting 5s...
  attempt 32/72: port 4002 not ready yet, waiting 5s...
  attempt 33/72: port 4002 not ready yet, waiting 5s...
  attempt 34/72: port 4002 not ready yet, waiting 5s...
  attempt 35/72: port 4002 not ready yet, waiting 5s...
  attempt 36/72: port 4002 not ready yet, waiting 5s...
  attempt 37/72: port 4002 not ready yet, waiting 5s...
  attempt 38/72: port 4002 not ready yet, waiting 5s...
  attempt 39/72: port 4002 not ready yet, waiting 5s...
  attempt 40/72: port 4002 not ready yet, waiting 5s...
  attempt 41/72: port 4002 not ready yet, waiting 5s...
  attempt 42/72: port 4002 not ready yet, waiting 5s...
  attempt 43/72: port 4002 not ready yet, waiting 5s...
  attempt 44/72: port 4002 not ready yet, waiting 5s...
  attempt 45/72: port 4002 not ready yet, waiting 5s...
  attempt 46/72: port 4002 not ready yet, waiting 5s...
  attempt 47/72: port 4002 not ready yet, waiting 5s...
  attempt 48/72: port 4002 not ready yet, waiting 5s...
  attempt 49/72: port 4002 not ready yet, waiting 5s...
  attempt 50/72: port 4002 not ready yet, waiting 5s...
  attempt 51/72: port 4002 not ready yet, waiting 5s...
  attempt 52/72: port 4002 not ready yet, waiting 5s...
  attempt 53/72: port 4002 not ready yet, waiting 5s...
  attempt 54/72: port 4002 not ready yet, waiting 5s...
  attempt 55/72: port 4002 not ready yet, waiting 5s...
  attempt 56/72: port 4002 not ready yet, waiting 5s...
  attempt 57/72: port 4002 not ready yet, waiting 5s...
  attempt 58/72: port 4002 not ready yet, waiting 5s...
  attempt 59/72: port 4002 not ready yet, waiting 5s...
  attempt 60/72: port 4002 not ready yet, waiting 5s...
  attempt 61/72: port 4002 not ready yet, waiting 5s...
  attempt 62/72: port 4002 not ready yet, waiting 5s...
  attempt 63/72: port 4002 not ready yet, waiting 5s...
  attempt 64/72: port 4002 not ready yet, waiting 5s...
  attempt 65/72: port 4002 not ready yet, waiting 5s...
  attempt 66/72: port 4002 not ready yet, waiting 5s...
  attempt 67/72: port 4002 not ready yet, waiting 5s...
  attempt 68/72: port 4002 not ready yet, waiting 5s...
  attempt 69/72: port 4002 not ready yet, waiting 5s...
  attempt 70/72: port 4002 not ready yet, waiting 5s...
  attempt 71/72: port 4002 not ready yet, waiting 5s...
  attempt 72/72: port 4002 not ready yet, waiting 5s...
Gateway did not open port 4002 in 360s — RETRYING gateway restart once...
[1;31m+==============================================================================
+
+                       **** An error has occurred ****
+
+                     Please look in the diagnostics file 
+                   mentioned above for further information
+
+                           Press enter to continue.
+
+==============================================================================[0m
Restarting IB Gateway via IBC (attempt 2)...
  retry attempt 1/72: port 4002 not ready yet, waiting 5s...
[1;32m+==============================================================================
+
+ IBC version 3.23.0
+
+ Running GATEWAY 10.37
+
+ Diagnostic information is logged in:
+
+ /Users/duffy/ibc/logs/ibc-3.23.0_GATEWAY-10.37_Thursday.txt
+
+[0m
  retry attempt 2/72: port 4002 not ready yet, waiting 5s...
  retry attempt 3/72: port 4002 not ready yet, waiting 5s...
  retry attempt 4/72: port 4002 not ready yet, waiting 5s...
  retry attempt 5/72: port 4002 not ready yet, waiting 5s...
  retry attempt 6/72: port 4002 not ready yet, waiting 5s...
  retry attempt 7/72: port 4002 not ready yet, waiting 5s...
  retry attempt 8/72: port 4002 not ready yet, waiting 5s...
  retry attempt 9/72: port 4002 not ready yet, waiting 5s...
  retry attempt 10/72: port 4002 not ready yet, waiting 5s...
  retry attempt 11/72: port 4002 not ready yet, waiting 5s...
  retry attempt 12/72: port 4002 not ready yet, waiting 5s...
  retry attempt 13/72: port 4002 not ready yet, waiting 5s...
  retry attempt 14/72: port 4002 not ready yet, waiting 5s...
  retry attempt 15/72: port 4002 not ready yet, waiting 5s...
  retry attempt 16/72: port 4002 not ready yet, waiting 5s...
  retry attempt 17/72: port 4002 not ready yet, waiting 5s...
  retry attempt 18/72: port 4002 not ready yet, waiting 5s...
  retry attempt 19/72: port 4002 not ready yet, waiting 5s...
  retry attempt 20/72: port 4002 not ready yet, waiting 5s...
  retry attempt 21/72: port 4002 not ready yet, waiting 5s...
  retry attempt 22/72: port 4002 not ready yet, waiting 5s...
  retry attempt 23/72: port 4002 not ready yet, waiting 5s...
  retry attempt 24/72: port 4002 not ready yet, waiting 5s...
  retry attempt 25/72: port 4002 not ready yet, waiting 5s...
  retry attempt 26/72: port 4002 not ready yet, waiting 5s...
  retry attempt 27/72: port 4002 not ready yet, waiting 5s...
  retry attempt 28/72: port 4002 not ready yet, waiting 5s...
  retry attempt 29/72: port 4002 not ready yet, waiting 5s...
  retry attempt 30/72: port 4002 not ready yet, waiting 5s...
  retry attempt 31/72: port 4002 not ready yet, waiting 5s...
  retry attempt 32/72: port 4002 not ready yet, waiting 5s...
  retry attempt 33/72: port 4002 not ready yet, waiting 5s...
  retry attempt 34/72: port 4002 not ready yet, waiting 5s...
  retry attempt 35/72: port 4002 not ready yet, waiting 5s...
  retry attempt 36/72: port 4002 not ready yet, waiting 5s...
  retry attempt 37/72: port 4002 not ready yet, waiting 5s...
  retry attempt 38/72: port 4002 not ready yet, waiting 5s...
  retry attempt 39/72: port 4002 not ready yet, waiting 5s...
  retry attempt 40/72: port 4002 not ready yet, waiting 5s...
  retry attempt 41/72: port 4002 not ready yet, waiting 5s...
  retry attempt 42/72: port 4002 not ready yet, waiting 5s...
  retry attempt 43/72: port 4002 not ready yet, waiting 5s...
  retry attempt 44/72: port 4002 not ready yet, waiting 5s...
  retry attempt 45/72: port 4002 not ready yet, waiting 5s...
  retry attempt 46/72: port 4002 not ready yet, waiting 5s...
  retry attempt 47/72: port 4002 not ready yet, waiting 5s...
  retry attempt 48/72: port 4002 not ready yet, waiting 5s...
  retry attempt 49/72: port 4002 not ready yet, waiting 5s...
  retry attempt 50/72: port 4002 not ready yet, waiting 5s...
  retry attempt 51/72: port 4002 not ready yet, waiting 5s...
  retry attempt 52/72: port 4002 not ready yet, waiting 5s...
  retry attempt 53/72: port 4002 not ready yet, waiting 5s...
  retry attempt 54/72: port 4002 not ready yet, waiting 5s...
  retry attempt 55/72: port 4002 not ready yet, waiting 5s...
  retry attempt 56/72: port 4002 not ready yet, waiting 5s...
  retry attempt 57/72: port 4002 not ready yet, waiting 5s...
  retry attempt 58/72: port 4002 not ready yet, waiting 5s...
  retry attempt 59/72: port 4002 not ready yet, waiting 5s...
  retry attempt 60/72: port 4002 not ready yet, waiting 5s...
  retry attempt 61/72: port 4002 not ready yet, waiting 5s...
  retry attempt 62/72: port 4002 not ready yet, waiting 5s...
  retry attempt 63/72: port 4002 not ready yet, waiting 5s...
  retry attempt 64/72: port 4002 not ready yet, waiting 5s...
  retry attempt 65/72: port 4002 not ready yet, waiting 5s...
  retry attempt 66/72: port 4002 not ready yet, waiting 5s...
  retry attempt 67/72: port 4002 not ready yet, waiting 5s...
  retry attempt 68/72: port 4002 not ready yet, waiting 5s...
  retry attempt 69/72: port 4002 not ready yet, waiting 5s...
  retry attempt 70/72: port 4002 not ready yet, waiting 5s...
  retry attempt 71/72: port 4002 not ready yet, waiting 5s...
  retry attempt 72/72: port 4002 not ready yet, waiting 5s...
FATAL: IB Gateway did not open port 4002 after 2 restart attempts. Aborting.
=== TRAP: cleanup at Thu Sep  3 02:13:34 MDT 2026 ===
