[MOVE_SUB_A] Alpaca PAPER connected — account=PA3RRCLS7OMI equity=$5,855
[MOVE_SUB_A] starting consume loop
[MOVE_SUB_A] [04:00:36] connected to engine (/tmp/warrior_engine.sock) attempt=1
[MOVE_SUB_A] [04:01:37] STATS ticks=0 symbols=0 pos=no daily_pnl=+0 drops=0
[MOVE_SUB_A] [04:02:37] STATS ticks=0 symbols=0 pos=no daily_pnl=+0 drops=0
[MOVE_SUB_A] [04:03:38] STATS ticks=0 symbols=0 pos=no daily_pnl=+0 drops=0
[MOVE_SUB_A] [04:04:39] STATS ticks=0 symbols=0 pos=no daily_pnl=+0 drops=0
[MOVE_SUB_A] [04:05:23] new symbol LGCL — detector + movement_strike instantiated
[MOVE_SUB_A] [04:05:27] new symbol EHGO — detector + movement_strike instantiated
[MOVE_SUB_A] [04:05:30] new symbol DOMO — detector + movement_strike instantiated
[MOVE_SUB_A] [04:05:32] new symbol HYLN — detector + movement_strike instantiated
[MOVE_SUB_A] [04:05:36] new symbol JEM — detector + movement_strike instantiated
[MOVE_SUB_A] [04:05:39] new symbol NOWL — detector + movement_strike instantiated
[MOVE_SUB_A] [04:05:40] STATS ticks=16 symbols=6 pos=no daily_pnl=+0 drops=0
[MOVE_SUB_A] [04:05:42] new symbol TSLZ — detector + movement_strike instantiated
[MOVE_SUB_A] [04:05:45] new symbol TSDD — detector + movement_strike instantiated
[MOVE_SUB_A] [04:05:47] new symbol SKHX — detector + movement_strike instantiated
[MOVE_SUB_A] [04:05:50] new symbol SKHL — detector + movement_strike instantiated
[MOVE_SUB_A] [04:05:53] new symbol KEEL — detector + movement_strike instantiated
[MOVE_SUB_A] [04:05:56] new symbol AAOX — detector + movement_strike instantiated
[MOVE_SUB_A] [04:05:59] new symbol IRE — detector + movement_strike instantiated
[MOVE_SUB_A] [04:06:02] new symbol CRWU — detector + movement_strike instantiated
[MOVE_SUB_A] [04:06:05] new symbol PONY — detector + movement_strike instantiated
[MOVE_SUB_A] [04:06:08] new symbol AAOG — detector + movement_strike instantiated
[MOVE_SUB_A] [04:06:10] new symbol NOK — detector + movement_strike instantiated
[MOVE_SUB_A] [04:06:13] new symbol SKYQ — detector + movement_strike instantiated
[MOVE_SUB_A] [04:06:16] new symbol RAM — detector + movement_strike instantiated
[MOVE_SUB_A] [04:06:19] new symbol MSTZ — detector + movement_strike instantiated
[MOVE_SUB_A] [04:06:42] STATS ticks=45 symbols=20 pos=no daily_pnl=+0 drops=0
[MOVE_SUB_A] [04:07:43] STATS ticks=45 symbols=20 pos=no daily_pnl=+0 drops=0
[MOVE_SUB_A] [04:08:44] STATS ticks=45 symbols=20 pos=no daily_pnl=+0 drops=0
[MOVE_SUB_A] [04:09:46] STATS ticks=45 symbols=20 pos=no daily_pnl=+0 drops=0
[MOVE_SUB_A] [04:10:48] STATS ticks=63 symbols=20 pos=no daily_pnl=+0 drops=0
[MOVE_SUB_A] [04:11:08] new symbol CRCG — detector + movement_strike instantiated
[MOVE_SUB_A] [04:11:17] new symbol SPCH — detector + movement_strike instantiated
[MOVE_SUB_A] [04:11:49] STATS ticks=84 symbols=22 pos=no daily_pnl=+0 drops=0
[MOVE_SUB_A] [04:12:51] STATS ticks=84 symbols=22 pos=no daily_pnl=+0 drops=0
[MOVE_SUB_A] [04:13:52] STATS ticks=84 symbols=22 pos=no daily_pnl=+0 drops=0
[MOVE_SUB_A] [04:14:53] STATS ticks=84 symbols=22 pos=no daily_pnl=+0 drops=0
[MOVE_SUB_A] [04:15:54] STATS ticks=107 symbols=22 pos=no daily_pnl=+0 drops=0
[MOVE_SUB_A] [04:16:17] new symbol SMCX — detector + movement_strike instantiated
[MOVE_SUB_A] [04:16:56] STATS ticks=123 symbols=23 pos=no daily_pnl=+0 drops=0
[MOVE_SUB_A] [04:17:58] STATS ticks=123 symbols=23 pos=no daily_pnl=+0 drops=0
[MOVE_SUB_A] [04:18:59] STATS ticks=123 symbols=23 pos=no daily_pnl=+0 drops=0
[MOVE_SUB_A] [04:20:01] STATS ticks=123 symbols=23 pos=no daily_pnl=+0 drops=0
[MOVE_SUB_A] [04:21:02] STATS ticks=151 symbols=23 pos=no daily_pnl=+0 drops=0
[MOVE_SUB_A] [04:22:04] STATS ticks=163 symbols=23 pos=no daily_pnl=+0 drops=0
[MOVE_SUB_A] [04:23:05] STATS ticks=163 symbols=23 pos=no daily_pnl=+0 drops=0
[MOVE_SUB_A] [04:24:07] STATS ticks=163 symbols=23 pos=no daily_pnl=+0 drops=0
[MOVE_SUB_A] [04:25:08] STATS ticks=163 symbols=23 pos=no daily_pnl=+0 drops=0
[MOVE_SUB_A] [04:26:09] STATS ticks=195 symbols=23 pos=no daily_pnl=+0 drops=0
[MOVE_SUB_A] [04:26:12] new symbol CBRG — detector + movement_strike instantiated
[MOVE_SUB_A] [04:27:10] STATS ticks=203 symbols=24 pos=no daily_pnl=+0 drops=0
[MOVE_SUB_A] [04:28:12] STATS ticks=203 symbols=24 pos=no daily_pnl=+0 drops=0
[MOVE_SUB_A] [04:29:13] STATS ticks=203 symbols=24 pos=no daily_pnl=+0 drops=0
[MOVE_SUB_A] [04:30:14] STATS ticks=203 symbols=24 pos=no daily_pnl=+0 drops=0
[MOVE_SUB_A] [04:30:51] new symbol STFS — detector + movement_strike instantiated
[MOVE_SUB_A] [04:31:16] STATS ticks=239 symbols=25 pos=no daily_pnl=+0 drops=0
[MOVE_SUB_A] [04:32:17] STATS ticks=243 symbols=25 pos=no daily_pnl=+0 drops=0
[MOVE_SUB_A] [04:33:19] STATS ticks=243 symbols=25 pos=no daily_pnl=+0 drops=0
[MOVE_SUB_A] [04:34:20] STATS ticks=243 symbols=25 pos=no daily_pnl=+0 drops=0
[MOVE_SUB_A] [04:35:21] STATS ticks=243 symbols=25 pos=no daily_pnl=+0 drops=0
  QUALITY_GATE symbol=RAM gate=no_reentry result=PASS losses=0/1 trades=0/2
[MOVE_SUB_A] [04:36:20] RAM ARMED entry=14.9700 stop=14.8800 R=0.0900 score=5.5 — movement_strike history reset
[MOVE_SUB_A] [04:36:20] RAM LIQUIDITY_GATE_BLOCK dead tape: 1 ticks (<20) and $1,498 (<$100,000) in last 5m — exit algorithm would starve
[MOVE_SUB_A] [04:36:23] STATS ticks=282 symbols=25 pos=no daily_pnl=+0 drops=0
[MOVE_SUB_A] [04:37:24] STATS ticks=282 symbols=25 pos=no daily_pnl=+0 drops=0
[MOVE_SUB_A] [04:38:26] STATS ticks=282 symbols=25 pos=no daily_pnl=+0 drops=0
[MOVE_SUB_A] [04:39:27] STATS ticks=282 symbols=25 pos=no daily_pnl=+0 drops=0
[MOVE_SUB_A] [04:40:28] STATS ticks=283 symbols=25 pos=no daily_pnl=+0 drops=0
[MOVE_SUB_A] [04:40:56] new symbol NUWE — detector + movement_strike instantiated
[MOVE_SUB_A] [04:41:30] STATS ticks=322 symbols=26 pos=no daily_pnl=+0 drops=0
[MOVE_SUB_A] [04:42:32] STATS ticks=322 symbols=26 pos=no daily_pnl=+0 drops=0
[MOVE_SUB_A] [04:43:33] STATS ticks=322 symbols=26 pos=no daily_pnl=+0 drops=0
[MOVE_SUB_A] [04:44:35] STATS ticks=322 symbols=26 pos=no daily_pnl=+0 drops=0
[MOVE_SUB_A] [04:45:36] STATS ticks=328 symbols=26 pos=no daily_pnl=+0 drops=0
[MOVE_SUB_A] [04:46:38] STATS ticks=363 symbols=26 pos=no daily_pnl=+0 drops=0
[MOVE_SUB_A] [04:47:39] STATS ticks=363 symbols=26 pos=no daily_pnl=+0 drops=0
[MOVE_SUB_A] [04:48:40] STATS ticks=363 symbols=26 pos=no daily_pnl=+0 drops=0
[MOVE_SUB_A] [04:49:42] STATS ticks=363 symbols=26 pos=no daily_pnl=+0 drops=0
  QUALITY_GATE symbol=SKHX gate=no_reentry result=PASS losses=0/1 trades=0/2
[MOVE_SUB_A] [04:50:39] SKHX ARMED entry=17.9200 stop=17.7700 R=0.1500 score=5.5 — movement_strike history reset
[MOVE_SUB_A] [04:50:39] SKHX FLOAT_GATE_BLOCK float=NoneM cap=5.0M
[MOVE_SUB_A] [04:50:42] STATS ticks=374 symbols=26 pos=no daily_pnl=+0 drops=0
[MOVE_SUB_A] [04:51:44] STATS ticks=402 symbols=26 pos=no daily_pnl=+0 drops=0
[MOVE_SUB_A] [04:52:46] STATS ticks=402 symbols=26 pos=no daily_pnl=+0 drops=0
[MOVE_SUB_A] [04:53:47] STATS ticks=402 symbols=26 pos=no daily_pnl=+0 drops=0
[MOVE_SUB_A] [04:54:49] STATS ticks=402 symbols=26 pos=no daily_pnl=+0 drops=0
[MOVE_SUB_A] [04:55:49] STATS ticks=415 symbols=26 pos=no daily_pnl=+0 drops=0
[MOVE_SUB_A] [04:56:52] STATS ticks=439 symbols=26 pos=no daily_pnl=+0 drops=0
[MOVE_SUB_A] [04:57:53] STATS ticks=439 symbols=26 pos=no daily_pnl=+0 drops=0
[MOVE_SUB_A] [04:58:55] STATS ticks=439 symbols=26 pos=no daily_pnl=+0 drops=0
[MOVE_SUB_A] [04:59:56] STATS ticks=439 symbols=26 pos=no daily_pnl=+0 drops=0
[MOVE_SUB_A] [05:00:58] STATS ticks=459 symbols=26 pos=no daily_pnl=+0 drops=0
[MOVE_SUB_A] [05:01:59] STATS ticks=479 symbols=26 pos=no daily_pnl=+0 drops=0
[MOVE_SUB_A] [05:03:00] STATS ticks=479 symbols=26 pos=no daily_pnl=+0 drops=0
[MOVE_SUB_A] [05:04:02] STATS ticks=479 symbols=26 pos=no daily_pnl=+0 drops=0
[MOVE_SUB_A] [05:05:03] STATS ticks=479 symbols=26 pos=no daily_pnl=+0 drops=0
[MOVE_SUB_A] [05:05:50] new symbol AXTX — detector + movement_strike instantiated
[MOVE_SUB_A] [05:06:04] STATS ticks=504 symbols=27 pos=no daily_pnl=+0 drops=0
[MOVE_SUB_A] [05:07:06] STATS ticks=518 symbols=27 pos=no daily_pnl=+0 drops=0
[MOVE_SUB_A] [05:08:07] STATS ticks=518 symbols=27 pos=no daily_pnl=+0 drops=0
[MOVE_SUB_A] [05:09:09] STATS ticks=518 symbols=27 pos=no daily_pnl=+0 drops=0
[MOVE_SUB_A] [05:10:10] STATS ticks=518 symbols=27 pos=no daily_pnl=+0 drops=0
[MOVE_SUB_A] [05:10:35] new symbol ZYBT — detector + movement_strike instantiated
[MOVE_SUB_A] [05:11:11] STATS ticks=546 symbols=28 pos=no daily_pnl=+0 drops=0
[MOVE_SUB_A] [05:12:13] STATS ticks=557 symbols=28 pos=no daily_pnl=+0 drops=0
[MOVE_SUB_A] [05:13:15] STATS ticks=557 symbols=28 pos=no daily_pnl=+0 drops=0
[MOVE_SUB_A] [05:14:17] STATS ticks=557 symbols=28 pos=no daily_pnl=+0 drops=0
[MOVE_SUB_A] [05:15:18] STATS ticks=557 symbols=28 pos=no daily_pnl=+0 drops=0
[MOVE_SUB_A] [05:16:19] STATS ticks=588 symbols=28 pos=no daily_pnl=+0 drops=0
[MOVE_SUB_A] [05:17:20] STATS ticks=593 symbols=28 pos=no daily_pnl=+0 drops=0
[MOVE_SUB_A] [05:18:22] STATS ticks=593 symbols=28 pos=no daily_pnl=+0 drops=0
[MOVE_SUB_A] [05:19:24] STATS ticks=593 symbols=28 pos=no daily_pnl=+0 drops=0
[MOVE_SUB_A] [05:20:25] STATS ticks=593 symbols=28 pos=no daily_pnl=+0 drops=0
[MOVE_SUB_A] [05:21:26] STATS ticks=628 symbols=28 pos=no daily_pnl=+0 drops=0
[MOVE_SUB_A] [05:22:28] STATS ticks=629 symbols=28 pos=no daily_pnl=+0 drops=0
[MOVE_SUB_A] [05:23:29] STATS ticks=629 symbols=28 pos=no daily_pnl=+0 drops=0
[MOVE_SUB_A] [05:24:31] STATS ticks=629 symbols=28 pos=no daily_pnl=+0 drops=0
[MOVE_SUB_A] [05:25:32] STATS ticks=629 symbols=28 pos=no daily_pnl=+0 drops=0
[MOVE_SUB_A] [05:26:21] new symbol SNXX — detector + movement_strike instantiated
[MOVE_SUB_A] [05:26:34] STATS ticks=667 symbols=29 pos=no daily_pnl=+0 drops=0
[MOVE_SUB_A] [05:27:35] STATS ticks=667 symbols=29 pos=no daily_pnl=+0 drops=0
[MOVE_SUB_A] [05:28:36] STATS ticks=667 symbols=29 pos=no daily_pnl=+0 drops=0
[MOVE_SUB_A] [05:29:38] STATS ticks=667 symbols=29 pos=no daily_pnl=+0 drops=0
[MOVE_SUB_A] [05:30:39] STATS ticks=670 symbols=29 pos=no daily_pnl=+0 drops=0
[MOVE_SUB_A] [05:30:55] new symbol NEUP — detector + movement_strike instantiated
[MOVE_SUB_A] [05:31:40] STATS ticks=702 symbols=30 pos=no daily_pnl=+0 drops=0
[MOVE_SUB_A] [05:32:42] STATS ticks=702 symbols=30 pos=no daily_pnl=+0 drops=0
[MOVE_SUB_A] [05:33:43] STATS ticks=702 symbols=30 pos=no daily_pnl=+0 drops=0
[MOVE_SUB_A] [05:34:45] STATS ticks=702 symbols=30 pos=no daily_pnl=+0 drops=0
[MOVE_SUB_A] [05:35:46] STATS ticks=708 symbols=30 pos=no daily_pnl=+0 drops=0
[MOVE_SUB_A] [05:36:24] new symbol SNDG — detector + movement_strike instantiated
[MOVE_SUB_A] [05:36:48] STATS ticks=734 symbols=31 pos=no daily_pnl=+0 drops=0
[MOVE_SUB_A] [05:37:49] STATS ticks=734 symbols=31 pos=no daily_pnl=+0 drops=0
[MOVE_SUB_A] [05:38:51] STATS ticks=734 symbols=31 pos=no daily_pnl=+0 drops=0
[MOVE_SUB_A] [05:39:52] STATS ticks=734 symbols=31 pos=no daily_pnl=+0 drops=0
[MOVE_SUB_A] [05:40:53] STATS ticks=747 symbols=31 pos=no daily_pnl=+0 drops=0
[MOVE_SUB_A] [05:41:55] STATS ticks=770 symbols=31 pos=no daily_pnl=+0 drops=0
[MOVE_SUB_A] [05:42:57] STATS ticks=770 symbols=31 pos=no daily_pnl=+0 drops=0
[MOVE_SUB_A] [05:43:58] STATS ticks=770 symbols=31 pos=no daily_pnl=+0 drops=0
[MOVE_SUB_A] [05:44:59] STATS ticks=770 symbols=31 pos=no daily_pnl=+0 drops=0
[MOVE_SUB_A] [05:46:01] STATS ticks=786 symbols=31 pos=no daily_pnl=+0 drops=0
[MOVE_SUB_A] [05:46:21] new symbol GLWG — detector + movement_strike instantiated
[MOVE_SUB_A] [05:47:02] STATS ticks=804 symbols=32 pos=no daily_pnl=+0 drops=0
[MOVE_SUB_A] [05:48:04] STATS ticks=804 symbols=32 pos=no daily_pnl=+0 drops=0
[MOVE_SUB_A] [05:49:05] STATS ticks=804 symbols=32 pos=no daily_pnl=+0 drops=0
[MOVE_SUB_A] [05:50:07] STATS ticks=804 symbols=32 pos=no daily_pnl=+0 drops=0
[MOVE_SUB_A] [05:51:07] STATS ticks=825 symbols=32 pos=no daily_pnl=+0 drops=0
[MOVE_SUB_A] [05:52:10] STATS ticks=841 symbols=32 pos=no daily_pnl=+0 drops=0
[MOVE_SUB_A] [05:53:11] STATS ticks=841 symbols=32 pos=no daily_pnl=+0 drops=0
[MOVE_SUB_A] [05:54:12] STATS ticks=841 symbols=32 pos=no daily_pnl=+0 drops=0
[MOVE_SUB_A] [05:55:14] STATS ticks=841 symbols=32 pos=no daily_pnl=+0 drops=0
[MOVE_SUB_A] [05:56:16] STATS ticks=863 symbols=32 pos=no daily_pnl=+0 drops=0
[MOVE_SUB_A] [05:57:17] STATS ticks=871 symbols=32 pos=no daily_pnl=+0 drops=0
[MOVE_SUB_A] [05:58:18] STATS ticks=871 symbols=32 pos=no daily_pnl=+0 drops=0
[MOVE_SUB_A] [05:59:19] STATS ticks=871 symbols=32 pos=no daily_pnl=+0 drops=0
[MOVE_SUB_A] [06:00:21] STATS ticks=871 symbols=32 pos=no daily_pnl=+0 drops=0
[MOVE_SUB_A] [06:01:22] STATS ticks=900 symbols=32 pos=no daily_pnl=+0 drops=0
[MOVE_SUB_A] [06:02:23] STATS ticks=907 symbols=32 pos=no daily_pnl=+0 drops=0
[MOVE_SUB_A] [06:03:25] STATS ticks=907 symbols=32 pos=no daily_pnl=+0 drops=0
[MOVE_SUB_A] [06:04:26] STATS ticks=907 symbols=32 pos=no daily_pnl=+0 drops=0
[MOVE_SUB_A] [06:05:28] STATS ticks=907 symbols=32 pos=no daily_pnl=+0 drops=0
[MOVE_SUB_A] [06:06:12] new symbol CLF — detector + movement_strike instantiated
[MOVE_SUB_A] [06:06:29] STATS ticks=934 symbols=33 pos=no daily_pnl=+0 drops=0
[MOVE_SUB_A] [06:07:31] STATS ticks=936 symbols=33 pos=no daily_pnl=+0 drops=0
[MOVE_SUB_A] [06:08:32] STATS ticks=936 symbols=33 pos=no daily_pnl=+0 drops=0
[MOVE_SUB_A] [06:09:34] STATS ticks=936 symbols=33 pos=no daily_pnl=+0 drops=0
[MOVE_SUB_A] [06:10:35] STATS ticks=936 symbols=33 pos=no daily_pnl=+0 drops=0
[MOVE_SUB_A] [06:11:37] STATS ticks=969 symbols=33 pos=no daily_pnl=+0 drops=0
[MOVE_SUB_A] [06:12:38] STATS ticks=969 symbols=33 pos=no daily_pnl=+0 drops=0
[MOVE_SUB_A] [06:13:39] STATS ticks=969 symbols=33 pos=no daily_pnl=+0 drops=0
[MOVE_SUB_A] [06:14:40] STATS ticks=969 symbols=33 pos=no daily_pnl=+0 drops=0
[MOVE_SUB_A] [06:15:42] STATS ticks=971 symbols=33 pos=no daily_pnl=+0 drops=0
[MOVE_SUB_A] [06:16:43] STATS ticks=1000 symbols=33 pos=no daily_pnl=+0 drops=0
[MOVE_SUB_A] [06:17:45] STATS ticks=1000 symbols=33 pos=no daily_pnl=+0 drops=0
[MOVE_SUB_A] [06:18:46] STATS ticks=1000 symbols=33 pos=no daily_pnl=+0 drops=0
[MOVE_SUB_A] [06:19:48] STATS ticks=1000 symbols=33 pos=no daily_pnl=+0 drops=0
[MOVE_SUB_A] [06:20:48] STATS ticks=1006 symbols=33 pos=no daily_pnl=+0 drops=0
[MOVE_SUB_A] [06:21:50] STATS ticks=1030 symbols=33 pos=no daily_pnl=+0 drops=0
[MOVE_SUB_A] [06:22:52] STATS ticks=1030 symbols=33 pos=no daily_pnl=+0 drops=0
[MOVE_SUB_A] [06:23:54] STATS ticks=1030 symbols=33 pos=no daily_pnl=+0 drops=0
[MOVE_SUB_A] [06:24:55] STATS ticks=1030 symbols=33 pos=no daily_pnl=+0 drops=0
[MOVE_SUB_A] [06:25:57] STATS ticks=1038 symbols=33 pos=no daily_pnl=+0 drops=0
[MOVE_SUB_A] [06:26:34] new symbol KOS — detector + movement_strike instantiated
[MOVE_SUB_A] [06:26:58] STATS ticks=1060 symbols=34 pos=no daily_pnl=+0 drops=0
[MOVE_SUB_A] [06:27:59] STATS ticks=1060 symbols=34 pos=no daily_pnl=+0 drops=0
[MOVE_SUB_A] [06:29:01] STATS ticks=1060 symbols=34 pos=no daily_pnl=+0 drops=0
[MOVE_SUB_A] [06:30:02] STATS ticks=1060 symbols=34 pos=no daily_pnl=+0 drops=0
[MOVE_SUB_A] [06:31:03] STATS ticks=1072 symbols=34 pos=no daily_pnl=+0 drops=0
[MOVE_SUB_A] [06:32:05] STATS ticks=1087 symbols=34 pos=no daily_pnl=+0 drops=0
[MOVE_SUB_A] [06:33:06] STATS ticks=1087 symbols=34 pos=no daily_pnl=+0 drops=0
[MOVE_SUB_A] [06:34:08] STATS ticks=1087 symbols=34 pos=no daily_pnl=+0 drops=0
[MOVE_SUB_A] [06:35:09] STATS ticks=1087 symbols=34 pos=no daily_pnl=+0 drops=0
[MOVE_SUB_A] [06:36:10] STATS ticks=1102 symbols=34 pos=no daily_pnl=+0 drops=0
[MOVE_SUB_A] [06:36:13] new symbol MBLY — detector + movement_strike instantiated
[MOVE_SUB_A] [06:37:12] STATS ticks=1115 symbols=35 pos=no daily_pnl=+0 drops=0
[MOVE_SUB_A] [06:38:14] STATS ticks=1115 symbols=35 pos=no daily_pnl=+0 drops=0
[MOVE_SUB_A] [06:39:15] STATS ticks=1115 symbols=35 pos=no daily_pnl=+0 drops=0
[MOVE_SUB_A] [06:40:17] STATS ticks=1115 symbols=35 pos=no daily_pnl=+0 drops=0
[MOVE_SUB_A] [06:41:18] STATS ticks=1135 symbols=35 pos=no daily_pnl=+0 drops=0
[MOVE_SUB_A] [06:41:21] new symbol USDE — detector + movement_strike instantiated
[MOVE_SUB_A] [06:42:20] STATS ticks=1145 symbols=36 pos=no daily_pnl=+0 drops=0
[MOVE_SUB_A] [06:43:21] STATS ticks=1145 symbols=36 pos=no daily_pnl=+0 drops=0
[MOVE_SUB_A] [06:44:23] STATS ticks=1145 symbols=36 pos=no daily_pnl=+0 drops=0
[MOVE_SUB_A] [06:45:24] STATS ticks=1145 symbols=36 pos=no daily_pnl=+0 drops=0
[MOVE_SUB_A] [06:46:21] new symbol IREX — detector + movement_strike instantiated
[MOVE_SUB_A] [06:46:24] STATS ticks=1169 symbols=37 pos=no daily_pnl=+0 drops=0
[MOVE_SUB_A] [06:47:27] STATS ticks=1177 symbols=37 pos=no daily_pnl=+0 drops=0
[MOVE_SUB_A] [06:48:28] STATS ticks=1177 symbols=37 pos=no daily_pnl=+0 drops=0
[MOVE_SUB_A] [06:49:29] STATS ticks=1177 symbols=37 pos=no daily_pnl=+0 drops=0
[MOVE_SUB_A] [06:50:31] STATS ticks=1177 symbols=37 pos=no daily_pnl=+0 drops=0
[MOVE_SUB_A] [06:51:32] STATS ticks=1206 symbols=37 pos=no daily_pnl=+0 drops=0
[MOVE_SUB_A] [06:52:34] STATS ticks=1209 symbols=37 pos=no daily_pnl=+0 drops=0
[MOVE_SUB_A] [06:53:36] STATS ticks=1209 symbols=37 pos=no daily_pnl=+0 drops=0
[MOVE_SUB_A] [06:54:37] STATS ticks=1209 symbols=37 pos=no daily_pnl=+0 drops=0
[MOVE_SUB_A] [06:55:38] STATS ticks=1209 symbols=37 pos=no daily_pnl=+0 drops=0
[MOVE_SUB_A] [06:56:40] STATS ticks=1237 symbols=37 pos=no daily_pnl=+0 drops=0
[MOVE_SUB_A] [06:57:41] STATS ticks=1237 symbols=37 pos=no daily_pnl=+0 drops=0
[MOVE_SUB_A] [06:58:43] STATS ticks=1237 symbols=37 pos=no daily_pnl=+0 drops=0
[MOVE_SUB_A] [06:59:44] STATS ticks=1237 symbols=37 pos=no daily_pnl=+0 drops=0
[MOVE_SUB_A] [07:00:46] STATS ticks=1239 symbols=37 pos=no daily_pnl=+0 drops=0
[MOVE_SUB_A] [07:01:47] STATS ticks=1268 symbols=37 pos=no daily_pnl=+0 drops=0
[MOVE_SUB_A] [07:02:48] STATS ticks=1268 symbols=37 pos=no daily_pnl=+0 drops=0
[MOVE_SUB_A] [07:03:50] STATS ticks=1268 symbols=37 pos=no daily_pnl=+0 drops=0
[MOVE_SUB_A] [07:04:51] STATS ticks=1268 symbols=37 pos=no daily_pnl=+0 drops=0
[MOVE_SUB_A] [07:05:52] STATS ticks=1275 symbols=37 pos=no daily_pnl=+0 drops=0
[MOVE_SUB_A] [07:06:54] STATS ticks=1298 symbols=37 pos=no daily_pnl=+0 drops=0
[MOVE_SUB_A] [07:07:55] STATS ticks=1298 symbols=37 pos=no daily_pnl=+0 drops=0
[MOVE_SUB_A] [07:08:57] STATS ticks=1298 symbols=37 pos=no daily_pnl=+0 drops=0
[MOVE_SUB_A] [07:09:58] STATS ticks=1298 symbols=37 pos=no daily_pnl=+0 drops=0
[MOVE_SUB_A] [07:10:50] new symbol ADVB — detector + movement_strike instantiated
[MOVE_SUB_A] [07:11:00] STATS ticks=1306 symbols=38 pos=no daily_pnl=+0 drops=0
[MOVE_SUB_A] [07:11:18] new symbol VWAV — detector + movement_strike instantiated
[MOVE_SUB_A] [07:11:34] new symbol PALI — detector + movement_strike instantiated
[MOVE_SUB_A] [07:12:01] STATS ticks=1326 symbols=40 pos=no daily_pnl=+0 drops=0
[MOVE_SUB_A] [07:13:03] STATS ticks=1326 symbols=40 pos=no daily_pnl=+0 drops=0
[MOVE_SUB_A] [07:14:04] STATS ticks=1326 symbols=40 pos=no daily_pnl=+0 drops=0
[MOVE_SUB_A] [07:15:06] STATS ticks=1326 symbols=40 pos=no daily_pnl=+0 drops=0
[MOVE_SUB_A] [07:16:06] STATS ticks=1341 symbols=40 pos=no daily_pnl=+0 drops=0
[MOVE_SUB_A] [07:17:09] STATS ticks=1359 symbols=40 pos=no daily_pnl=+0 drops=0
[MOVE_SUB_A] [07:18:10] STATS ticks=1359 symbols=40 pos=no daily_pnl=+0 drops=0
[MOVE_SUB_A] [07:19:12] STATS ticks=1359 symbols=40 pos=no daily_pnl=+0 drops=0
[MOVE_SUB_A] [07:20:13] STATS ticks=1359 symbols=40 pos=no daily_pnl=+0 drops=0
[MOVE_SUB_A] [07:21:15] STATS ticks=1375 symbols=40 pos=no daily_pnl=+0 drops=0
[MOVE_SUB_A] [07:21:16] new symbol NVCR — detector + movement_strike instantiated
[MOVE_SUB_A] [07:22:16] STATS ticks=1391 symbols=41 pos=no daily_pnl=+0 drops=0
[MOVE_SUB_A] [07:23:17] STATS ticks=1391 symbols=41 pos=no daily_pnl=+0 drops=0
[MOVE_SUB_A] [07:24:19] STATS ticks=1391 symbols=41 pos=no daily_pnl=+0 drops=0
[MOVE_SUB_A] [07:25:20] STATS ticks=1391 symbols=41 pos=no daily_pnl=+0 drops=0
[MOVE_SUB_A] [07:26:22] STATS ticks=1407 symbols=41 pos=no daily_pnl=+0 drops=0
[MOVE_SUB_A] [07:26:28] new symbol AGPU — detector + movement_strike instantiated
[MOVE_SUB_A] [07:27:23] STATS ticks=1417 symbols=42 pos=no daily_pnl=+0 drops=0
[MOVE_SUB_A] [07:28:25] STATS ticks=1417 symbols=42 pos=no daily_pnl=+0 drops=0
[MOVE_SUB_A] [07:29:26] STATS ticks=1417 symbols=42 pos=no daily_pnl=+0 drops=0
[MOVE_SUB_A] [07:30:28] STATS ticks=1417 symbols=42 pos=no daily_pnl=+0 drops=0
[MOVE_SUB_A] [07:31:28] STATS ticks=1442 symbols=42 pos=no daily_pnl=+0 drops=0
[MOVE_SUB_A] [07:32:31] STATS ticks=1449 symbols=42 pos=no daily_pnl=+0 drops=0
[MOVE_SUB_A] [07:33:32] STATS ticks=1449 symbols=42 pos=no daily_pnl=+0 drops=0
[MOVE_SUB_A] [07:34:33] STATS ticks=1449 symbols=42 pos=no daily_pnl=+0 drops=0
[MOVE_SUB_A] [07:35:35] STATS ticks=1449 symbols=42 pos=no daily_pnl=+0 drops=0
[MOVE_SUB_A] [07:36:37] STATS ticks=1478 symbols=42 pos=no daily_pnl=+0 drops=0
[MOVE_SUB_A] [07:37:38] STATS ticks=1482 symbols=42 pos=no daily_pnl=+0 drops=0
[MOVE_SUB_A] [07:38:39] STATS ticks=1482 symbols=42 pos=no daily_pnl=+0 drops=0
[MOVE_SUB_A] [07:39:41] STATS ticks=1482 symbols=42 pos=no daily_pnl=+0 drops=0
[MOVE_SUB_A] [07:40:42] STATS ticks=1482 symbols=42 pos=no daily_pnl=+0 drops=0
[MOVE_SUB_A] [07:41:44] STATS ticks=1512 symbols=42 pos=no daily_pnl=+0 drops=0
[MOVE_SUB_A] [07:42:45] STATS ticks=1512 symbols=42 pos=no daily_pnl=+0 drops=0
[MOVE_SUB_A] [07:43:46] STATS ticks=1512 symbols=42 pos=no daily_pnl=+0 drops=0
[MOVE_SUB_A] [07:44:48] STATS ticks=1512 symbols=42 pos=no daily_pnl=+0 drops=0
[MOVE_SUB_A] [07:45:48] STATS ticks=1513 symbols=42 pos=no daily_pnl=+0 drops=0
[MOVE_SUB_A] [07:46:33] new symbol MODD — detector + movement_strike instantiated
[MOVE_SUB_A] [07:46:51] STATS ticks=1545 symbols=43 pos=no daily_pnl=+0 drops=0
[MOVE_SUB_A] [07:47:52] STATS ticks=1545 symbols=43 pos=no daily_pnl=+0 drops=0
[MOVE_SUB_A] [07:48:54] STATS ticks=1545 symbols=43 pos=no daily_pnl=+0 drops=0
[MOVE_SUB_A] [07:49:55] STATS ticks=1545 symbols=43 pos=no daily_pnl=+0 drops=0
[MOVE_SUB_A] [07:50:56] STATS ticks=1550 symbols=43 pos=no daily_pnl=+0 drops=0
[MOVE_SUB_A] [07:51:58] STATS ticks=1575 symbols=43 pos=no daily_pnl=+0 drops=0
[MOVE_SUB_A] [07:52:59] STATS ticks=1575 symbols=43 pos=no daily_pnl=+0 drops=0
[MOVE_SUB_A] [07:54:00] STATS ticks=1575 symbols=43 pos=no daily_pnl=+0 drops=0
[MOVE_SUB_A] [07:55:02] STATS ticks=1575 symbols=43 pos=no daily_pnl=+0 drops=0
[MOVE_SUB_A] [07:56:03] STATS ticks=1584 symbols=43 pos=no daily_pnl=+0 drops=0
[MOVE_SUB_A] [07:56:39] new symbol MSS — detector + movement_strike instantiated
[MOVE_SUB_A] [07:57:05] STATS ticks=1607 symbols=44 pos=no daily_pnl=+0 drops=0
[MOVE_SUB_A] [07:58:06] STATS ticks=1607 symbols=44 pos=no daily_pnl=+0 drops=0
[MOVE_SUB_A] [07:59:08] STATS ticks=1607 symbols=44 pos=no daily_pnl=+0 drops=0
[MOVE_SUB_A] [08:00:09] STATS ticks=1607 symbols=44 pos=no daily_pnl=+0 drops=0
[MOVE_SUB_A] [08:01:11] STATS ticks=1616 symbols=44 pos=no daily_pnl=+0 drops=0
[MOVE_SUB_A] [08:02:12] STATS ticks=1630 symbols=44 pos=no daily_pnl=+0 drops=0
[MOVE_SUB_A] [08:03:13] STATS ticks=1630 symbols=44 pos=no daily_pnl=+0 drops=0
[MOVE_SUB_A] [08:04:15] STATS ticks=1630 symbols=44 pos=no daily_pnl=+0 drops=0
[MOVE_SUB_A] [08:05:16] STATS ticks=1630 symbols=44 pos=no daily_pnl=+0 drops=0
[MOVE_SUB_A] [08:05:55] new symbol NIKI — detector + movement_strike instantiated
[MOVE_SUB_A] [08:06:17] STATS ticks=1645 symbols=45 pos=no daily_pnl=+0 drops=0
[MOVE_SUB_A] [08:06:39] new symbol CX — detector + movement_strike instantiated
[MOVE_SUB_A] [08:07:19] STATS ticks=1656 symbols=46 pos=no daily_pnl=+0 drops=0
[MOVE_SUB_A] [08:08:20] STATS ticks=1656 symbols=46 pos=no daily_pnl=+0 drops=0
[MOVE_SUB_A] [08:09:22] STATS ticks=1656 symbols=46 pos=no daily_pnl=+0 drops=0
[MOVE_SUB_A] [08:10:23] STATS ticks=1656 symbols=46 pos=no daily_pnl=+0 drops=0
[MOVE_SUB_A] [08:11:25] STATS ticks=1674 symbols=46 pos=no daily_pnl=+0 drops=0
[MOVE_SUB_A] [08:12:26] STATS ticks=1683 symbols=46 pos=no daily_pnl=+0 drops=0
[MOVE_SUB_A] [08:13:27] STATS ticks=1683 symbols=46 pos=no daily_pnl=+0 drops=0
[MOVE_SUB_A] [08:14:29] STATS ticks=1683 symbols=46 pos=no daily_pnl=+0 drops=0
[MOVE_SUB_A] [08:15:30] STATS ticks=1683 symbols=46 pos=no daily_pnl=+0 drops=0
[MOVE_SUB_A] [08:16:32] STATS ticks=1708 symbols=46 pos=no daily_pnl=+0 drops=0
[MOVE_SUB_A] [08:17:33] STATS ticks=1714 symbols=46 pos=no daily_pnl=+0 drops=0
[MOVE_SUB_A] [08:18:34] STATS ticks=1714 symbols=46 pos=no daily_pnl=+0 drops=0
[MOVE_SUB_A] [08:19:36] STATS ticks=1714 symbols=46 pos=no daily_pnl=+0 drops=0
[MOVE_SUB_A] [08:20:37] STATS ticks=1714 symbols=46 pos=no daily_pnl=+0 drops=0
[MOVE_SUB_A] [08:21:14] new symbol AMBP — detector + movement_strike instantiated
[MOVE_SUB_A] [08:21:37] STATS ticks=1746 symbols=47 pos=no daily_pnl=+0 drops=0
[MOVE_SUB_A] [08:22:39] STATS ticks=1748 symbols=47 pos=no daily_pnl=+0 drops=0
[MOVE_SUB_A] [08:23:41] STATS ticks=1748 symbols=47 pos=no daily_pnl=+0 drops=0
[MOVE_SUB_A] [08:24:42] STATS ticks=1748 symbols=47 pos=no daily_pnl=+0 drops=0
[MOVE_SUB_A] [08:25:44] STATS ticks=1748 symbols=47 pos=no daily_pnl=+0 drops=0
[MOVE_SUB_A] [08:26:43] new symbol RKLZ — detector + movement_strike instantiated
[MOVE_SUB_A] [08:26:45] STATS ticks=1783 symbols=48 pos=no daily_pnl=+0 drops=0
[MOVE_SUB_A] [08:27:46] STATS ticks=1783 symbols=48 pos=no daily_pnl=+0 drops=0
[MOVE_SUB_A] [08:28:48] STATS ticks=1783 symbols=48 pos=no daily_pnl=+0 drops=0
[MOVE_SUB_A] [08:29:49] STATS ticks=1783 symbols=48 pos=no daily_pnl=+0 drops=0
[MOVE_SUB_A] [08:30:51] STATS ticks=1783 symbols=48 pos=no daily_pnl=+0 drops=0
[MOVE_SUB_A] [08:31:43] new symbol PETS — detector + movement_strike instantiated
[MOVE_SUB_A] [08:31:46] new symbol ASTN — detector + movement_strike instantiated
[MOVE_SUB_A] [08:31:52] STATS ticks=1818 symbols=50 pos=no daily_pnl=+0 drops=0
[MOVE_SUB_A] [08:32:54] STATS ticks=1818 symbols=50 pos=no daily_pnl=+0 drops=0
[MOVE_SUB_A] [08:33:55] STATS ticks=1818 symbols=50 pos=no daily_pnl=+0 drops=0
[MOVE_SUB_A] [08:34:57] STATS ticks=1818 symbols=50 pos=no daily_pnl=+0 drops=0
[MOVE_SUB_A] [08:35:58] STATS ticks=1823 symbols=50 pos=no daily_pnl=+0 drops=0
[MOVE_SUB_A] [08:37:00] STATS ticks=1855 symbols=50 pos=no daily_pnl=+0 drops=0
[MOVE_SUB_A] [08:38:01] STATS ticks=1855 symbols=50 pos=no daily_pnl=+0 drops=0
[MOVE_SUB_A] [08:39:03] STATS ticks=1855 symbols=50 pos=no daily_pnl=+0 drops=0
[MOVE_SUB_A] [08:40:04] STATS ticks=1855 symbols=50 pos=no daily_pnl=+0 drops=0
[MOVE_SUB_A] [08:41:06] STATS ticks=1863 symbols=50 pos=no daily_pnl=+0 drops=0
[MOVE_SUB_A] [08:42:07] STATS ticks=1889 symbols=50 pos=no daily_pnl=+0 drops=0
[MOVE_SUB_A] [08:43:08] STATS ticks=1889 symbols=50 pos=no daily_pnl=+0 drops=0
[MOVE_SUB_A] [08:44:10] STATS ticks=1889 symbols=50 pos=no daily_pnl=+0 drops=0
[MOVE_SUB_A] [08:45:11] STATS ticks=1889 symbols=50 pos=no daily_pnl=+0 drops=0
[MOVE_SUB_A] [08:46:13] STATS ticks=1903 symbols=50 pos=no daily_pnl=+0 drops=0
[MOVE_SUB_A] [08:46:46] new symbol BMNZ — detector + movement_strike instantiated
[MOVE_SUB_A] [08:47:14] STATS ticks=1925 symbols=51 pos=no daily_pnl=+0 drops=0
[MOVE_SUB_A] [08:48:16] STATS ticks=1925 symbols=51 pos=no daily_pnl=+0 drops=0
[MOVE_SUB_A] [08:49:17] STATS ticks=1925 symbols=51 pos=no daily_pnl=+0 drops=0
[MOVE_SUB_A] [08:50:19] STATS ticks=1925 symbols=51 pos=no daily_pnl=+0 drops=0
[MOVE_SUB_A] [08:51:20] STATS ticks=1944 symbols=51 pos=no daily_pnl=+0 drops=0
[MOVE_SUB_A] [08:52:21] STATS ticks=1960 symbols=51 pos=no daily_pnl=+0 drops=0
[MOVE_SUB_A] [08:53:23] STATS ticks=1960 symbols=51 pos=no daily_pnl=+0 drops=0
[MOVE_SUB_A] [08:54:24] STATS ticks=1960 symbols=51 pos=no daily_pnl=+0 drops=0
[MOVE_SUB_A] [08:55:25] STATS ticks=1960 symbols=51 pos=no daily_pnl=+0 drops=0
[MOVE_SUB_A] [08:56:27] STATS ticks=1983 symbols=51 pos=no daily_pnl=+0 drops=0
[MOVE_SUB_A] [08:57:28] STATS ticks=1995 symbols=51 pos=no daily_pnl=+0 drops=0
[MOVE_SUB_A] [08:58:30] STATS ticks=1995 symbols=51 pos=no daily_pnl=+0 drops=0
[MOVE_SUB_A] [08:59:31] STATS ticks=1995 symbols=51 pos=no daily_pnl=+0 drops=0
[MOVE_SUB_A] [09:00:32] STATS ticks=1995 symbols=51 pos=no daily_pnl=+0 drops=0
[MOVE_SUB_A] [09:01:33] STATS ticks=2023 symbols=51 pos=no daily_pnl=+0 drops=0
[MOVE_SUB_A] [09:02:35] STATS ticks=2031 symbols=51 pos=no daily_pnl=+0 drops=0
[MOVE_SUB_A] [09:03:36] STATS ticks=2031 symbols=51 pos=no daily_pnl=+0 drops=0
[MOVE_SUB_A] [09:04:37] STATS ticks=2031 symbols=51 pos=no daily_pnl=+0 drops=0
[MOVE_SUB_A] [09:05:39] STATS ticks=2031 symbols=51 pos=no daily_pnl=+0 drops=0
[MOVE_SUB_A] [09:06:39] STATS ticks=2062 symbols=51 pos=no daily_pnl=+0 drops=0
[MOVE_SUB_A] [09:06:47] new symbol RGTZ — detector + movement_strike instantiated
[MOVE_SUB_A] [09:07:41] STATS ticks=2068 symbols=52 pos=no daily_pnl=+0 drops=0
[MOVE_SUB_A] [09:08:42] STATS ticks=2068 symbols=52 pos=no daily_pnl=+0 drops=0
[MOVE_SUB_A] [09:09:42] STATS ticks=2068 symbols=52 pos=no daily_pnl=+0 drops=0
[MOVE_SUB_A] [09:10:43] STATS ticks=2068 symbols=52 pos=no daily_pnl=+0 drops=0
[MOVE_SUB_A] [09:11:44] STATS ticks=2097 symbols=52 pos=no daily_pnl=+0 drops=0
[MOVE_SUB_A] [09:12:44] STATS ticks=2099 symbols=52 pos=no daily_pnl=+0 drops=0
[MOVE_SUB_A] [09:13:45] STATS ticks=2099 symbols=52 pos=no daily_pnl=+0 drops=0
[MOVE_SUB_A] [09:14:45] STATS ticks=2099 symbols=52 pos=no daily_pnl=+0 drops=0
[MOVE_SUB_A] [09:15:46] STATS ticks=2099 symbols=52 pos=no daily_pnl=+0 drops=0
[MOVE_SUB_A] [09:16:23] new symbol ZCMD — detector + movement_strike instantiated
[MOVE_SUB_A] [09:16:46] new symbol QBTZ — detector + movement_strike instantiated
[MOVE_SUB_A] [09:16:48] STATS ticks=2135 symbols=54 pos=no daily_pnl=+0 drops=0
[MOVE_SUB_A] [09:17:49] STATS ticks=2137 symbols=54 pos=no daily_pnl=+0 drops=0
[MOVE_SUB_A] [09:18:51] STATS ticks=2137 symbols=54 pos=no daily_pnl=+0 drops=0
[MOVE_SUB_A] [09:19:53] STATS ticks=2137 symbols=54 pos=no daily_pnl=+0 drops=0
[MOVE_SUB_A] [09:20:54] STATS ticks=2137 symbols=54 pos=no daily_pnl=+0 drops=0
[MOVE_SUB_A] [09:21:38] new symbol CBRZ — detector + movement_strike instantiated
[MOVE_SUB_A] [09:21:56] STATS ticks=2174 symbols=55 pos=no daily_pnl=+0 drops=0
[MOVE_SUB_A] [09:22:57] STATS ticks=2174 symbols=55 pos=no daily_pnl=+0 drops=0
[MOVE_SUB_A] [09:23:58] STATS ticks=2174 symbols=55 pos=no daily_pnl=+0 drops=0
[MOVE_SUB_A] [09:25:00] STATS ticks=2174 symbols=55 pos=no daily_pnl=+0 drops=0
[MOVE_SUB_A] [09:26:02] STATS ticks=2178 symbols=55 pos=no daily_pnl=+0 drops=0
[MOVE_SUB_A] [09:26:50] new symbol SSL — detector + movement_strike instantiated
[MOVE_SUB_A] [09:27:03] STATS ticks=2210 symbols=56 pos=no daily_pnl=+0 drops=0
[MOVE_SUB_A] [09:28:04] STATS ticks=2210 symbols=56 pos=no daily_pnl=+0 drops=0
[MOVE_SUB_A] [09:29:05] STATS ticks=2210 symbols=56 pos=no daily_pnl=+0 drops=0
[MOVE_SUB_A] [09:30:06] STATS ticks=2210 symbols=56 pos=no daily_pnl=+0 drops=0
[MOVE_SUB_A] [09:31:07] STATS ticks=2219 symbols=56 pos=no daily_pnl=+0 drops=0
[MOVE_SUB_A] [09:31:39] new symbol SNTG — detector + movement_strike instantiated
[MOVE_SUB_A] [09:31:48] new symbol LPL — detector + movement_strike instantiated
[MOVE_SUB_A] [09:32:08] STATS ticks=2246 symbols=58 pos=no daily_pnl=+0 drops=0
[MOVE_SUB_A] [09:33:08] STATS ticks=2246 symbols=58 pos=no daily_pnl=+0 drops=0
[MOVE_SUB_A] [09:34:09] STATS ticks=2246 symbols=58 pos=no daily_pnl=+0 drops=0
[MOVE_SUB_A] [09:35:09] STATS ticks=2246 symbols=58 pos=no daily_pnl=+0 drops=0
[MOVE_SUB_A] [09:36:10] STATS ticks=2255 symbols=58 pos=no daily_pnl=+0 drops=0
[MOVE_SUB_A] [09:36:13] new symbol CJMB — detector + movement_strike instantiated
[MOVE_SUB_A] [09:36:44] new symbol AVXX — detector + movement_strike instantiated
[MOVE_SUB_A] [09:36:46] new symbol BIYA — detector + movement_strike instantiated
[MOVE_SUB_A] [09:36:49] new symbol FTRE — detector + movement_strike instantiated
[MOVE_SUB_A] [09:37:10] STATS ticks=2284 symbols=62 pos=no daily_pnl=+0 drops=0
[MOVE_SUB_A] [09:38:11] STATS ticks=2284 symbols=62 pos=no daily_pnl=+0 drops=0
[MOVE_SUB_A] [09:39:11] STATS ticks=2284 symbols=62 pos=no daily_pnl=+0 drops=0
[MOVE_SUB_A] socket closed by peer — reconnecting
[MOVE_SUB_A] engine socket not ready yet (ConnectionRefusedError(61, 'Connection refused')) — retrying every 2s
[MOVE_SUB_A] [09:40:40] connected to engine (/tmp/warrior_engine.sock) attempt=23
[MOVE_SUB_A] [09:40:43] new symbol AAL — detector + movement_strike instantiated
[MOVE_SUB_A] [09:40:43] STATS ticks=2285 symbols=63 pos=no daily_pnl=+0 drops=0
[MOVE_SUB_A] [09:40:45] new symbol AALG — detector + movement_strike instantiated
[MOVE_SUB_A] [09:40:52] new symbol AMIX — detector + movement_strike instantiated
[MOVE_SUB_A] [09:40:55] new symbol BITO — detector + movement_strike instantiated
[MOVE_SUB_A] [09:40:59] new symbol DLNG — detector + movement_strike instantiated
[MOVE_SUB_A] [09:41:02] new symbol DRAL — detector + movement_strike instantiated
[MOVE_SUB_A] [09:41:05] new symbol GOOL — detector + movement_strike instantiated
[MOVE_SUB_A] [09:41:07] new symbol GREE — detector + movement_strike instantiated
[MOVE_SUB_A] [09:41:08] new symbol HBAN — detector + movement_strike instantiated
[MOVE_SUB_A] [09:41:12] new symbol INFY — detector + movement_strike instantiated
[MOVE_SUB_A] [09:41:27] new symbol ONDS — detector + movement_strike instantiated
[MOVE_SUB_A] [09:41:28] new symbol OTLY — detector + movement_strike instantiated
[MOVE_SUB_A] [09:41:30] new symbol OVID — detector + movement_strike instantiated
[MOVE_SUB_A] [09:41:33] new symbol QS — detector + movement_strike instantiated
[MOVE_SUB_A] [09:41:35] new symbol SKDD — detector + movement_strike instantiated
[MOVE_SUB_A] [09:41:41] new symbol SMCL — detector + movement_strike instantiated
[MOVE_SUB_A] [09:41:43] new symbol SMCZ — detector + movement_strike instantiated
[MOVE_SUB_A] [09:41:44] STATS ticks=2351 symbols=79 pos=no daily_pnl=+0 drops=0
[MOVE_SUB_A] [09:41:45] new symbol SOFI — detector + movement_strike instantiated
[MOVE_SUB_A] [09:41:50] new symbol TSLI — detector + movement_strike instantiated
[MOVE_SUB_A] [09:41:52] new symbol TSLL — detector + movement_strike instantiated
[MOVE_SUB_A] [09:41:55] new symbol WSTN — detector + movement_strike instantiated
[MOVE_SUB_A] [09:42:44] STATS ticks=2614 symbols=83 pos=no daily_pnl=+0 drops=0
[MOVE_SUB_A] [09:43:44] STATS ticks=3475 symbols=83 pos=no daily_pnl=+0 drops=0
[MOVE_SUB_A] [09:44:44] STATS ticks=4753 symbols=83 pos=no daily_pnl=+0 drops=0
[MOVE_SUB_A] [09:45:44] STATS ticks=5988 symbols=83 pos=no daily_pnl=+0 drops=0
[MOVE_SUB_A] [09:45:57] new symbol CPHI — detector + movement_strike instantiated
[MOVE_SUB_A] [09:46:06] new symbol CIFG — detector + movement_strike instantiated
[MOVE_SUB_A] [09:46:14] new symbol RBNE — detector + movement_strike instantiated
[MOVE_SUB_A] [09:46:34] new symbol AXTL — detector + movement_strike instantiated
[MOVE_SUB_A] [09:46:44] STATS ticks=7424 symbols=87 pos=no daily_pnl=+0 drops=0
[MOVE_SUB_A] [09:47:44] STATS ticks=8628 symbols=87 pos=no daily_pnl=+0 drops=0
[MOVE_SUB_A] [09:48:44] STATS ticks=9827 symbols=87 pos=no daily_pnl=+0 drops=0
[MOVE_SUB_A] [09:49:44] STATS ticks=15149 symbols=87 pos=no daily_pnl=+0 drops=0
[MOVE_SUB_A] [09:50:44] STATS ticks=25426 symbols=87 pos=no daily_pnl=+0 drops=0
[MOVE_SUB_A] [09:51:44] STATS ticks=41857 symbols=87 pos=no daily_pnl=+0 drops=0
[MOVE_SUB_A] [09:52:44] STATS ticks=52051 symbols=87 pos=no daily_pnl=+0 drops=0
[MOVE_SUB_A] [09:53:45] STATS ticks=56219 symbols=87 pos=no daily_pnl=+0 drops=0
[MOVE_SUB_A] [09:54:45] STATS ticks=59954 symbols=87 pos=no daily_pnl=+0 drops=0
[MOVE_SUB_A] [09:55:45] STATS ticks=62492 symbols=87 pos=no daily_pnl=+0 drops=0
  QUALITY_GATE symbol=CJMB gate=no_reentry result=PASS losses=0/1 trades=0/2
[MOVE_SUB_A] [09:56:28] new symbol AXTU — detector + movement_strike instantiated
[MOVE_SUB_A] [09:56:33] new symbol MRLN — detector + movement_strike instantiated
[MOVE_SUB_A] [09:56:45] STATS ticks=65710 symbols=89 pos=no daily_pnl=+0 drops=0
  QUALITY_GATE symbol=CJMB gate=no_reentry result=PASS losses=0/1 trades=0/2
[MOVE_SUB_A] [09:57:38] CJMB ARMED entry=2.8700 stop=2.5300 R=0.3400 score=5.5 — movement_strike history reset
[MOVE_SUB_A] [09:57:45] STATS ticks=72436 symbols=89 pos=no daily_pnl=+0 drops=0
[MOVE_SUB_A] [09:57:52] new symbol TSLQ — detector + movement_strike instantiated
[MOVE_SUB_A] [09:58:14] new symbol SKUU — detector + movement_strike instantiated
[MOVE_SUB_A] [09:58:16] new symbol SKHU — detector + movement_strike instantiated
[MOVE_SUB_A] [09:58:20] new symbol UVXY — detector + movement_strike instantiated
[MOVE_SUB_A] [09:58:25] new symbol EQPT — detector + movement_strike instantiated
[MOVE_SUB_A] [09:58:31] new symbol CIFR — detector + movement_strike instantiated
[MOVE_SUB_A] [09:58:33] new symbol SOC — detector + movement_strike instantiated
[MOVE_SUB_A] [09:58:35] new symbol RIOT — detector + movement_strike instantiated
[MOVE_SUB_A] [09:58:45] STATS ticks=83000 symbols=97 pos=no daily_pnl=+0 drops=0
[MOVE_SUB_A] [09:59:45] STATS ticks=90897 symbols=97 pos=no daily_pnl=+0 drops=0
[MOVE_SUB_A] [10:00:45] STATS ticks=99332 symbols=97 pos=no daily_pnl=+0 drops=0
[MOVE_SUB_A] [10:01:45] STATS ticks=103851 symbols=97 pos=no daily_pnl=+0 drops=0
[MOVE_SUB_A] [10:02:45] STATS ticks=109018 symbols=97 pos=no daily_pnl=+0 drops=0
[MOVE_SUB_A] [10:03:45] STATS ticks=113033 symbols=97 pos=no daily_pnl=+0 drops=0
[MOVE_SUB_A] [10:04:45] STATS ticks=115558 symbols=97 pos=no daily_pnl=+0 drops=0
[MOVE_SUB_A] [10:05:45] STATS ticks=118394 symbols=97 pos=no daily_pnl=+0 drops=0
[MOVE_SUB_A] [10:06:34] new symbol KTUP — detector + movement_strike instantiated
[MOVE_SUB_A] [10:06:46] STATS ticks=124065 symbols=98 pos=no daily_pnl=+0 drops=0
[MOVE_SUB_A] [10:07:46] STATS ticks=132443 symbols=98 pos=no daily_pnl=+0 drops=0
[MOVE_SUB_A] [10:08:46] STATS ticks=137963 symbols=98 pos=no daily_pnl=+0 drops=0
[MOVE_SUB_A] [10:09:46] STATS ticks=143528 symbols=98 pos=no daily_pnl=+0 drops=0
[MOVE_SUB_A] [10:10:46] STATS ticks=148986 symbols=98 pos=no daily_pnl=+0 drops=0
[MOVE_SUB_A] [10:11:10] new symbol VIVK — detector + movement_strike instantiated
[MOVE_SUB_A] [10:11:46] STATS ticks=155149 symbols=99 pos=no daily_pnl=+0 drops=0
[MOVE_SUB_A] [10:12:46] STATS ticks=158265 symbols=99 pos=no daily_pnl=+0 drops=0
[MOVE_SUB_A] [10:13:10] new symbol HYNX — detector + movement_strike instantiated
[MOVE_SUB_A] [10:13:26] new symbol NBIG — detector + movement_strike instantiated
[MOVE_SUB_A] [10:13:28] new symbol FCEL — detector + movement_strike instantiated
[MOVE_SUB_A] [10:13:34] new symbol RDWU — detector + movement_strike instantiated
[MOVE_SUB_A] [10:13:46] STATS ticks=161580 symbols=103 pos=no daily_pnl=+0 drops=0
[MOVE_SUB_A] [10:14:46] STATS ticks=164216 symbols=103 pos=no daily_pnl=+0 drops=0
[MOVE_SUB_A] [10:15:46] STATS ticks=167917 symbols=103 pos=no daily_pnl=+0 drops=0
[MOVE_SUB_A] [10:16:47] STATS ticks=171936 symbols=103 pos=no daily_pnl=+0 drops=0
[MOVE_SUB_A] [10:17:47] STATS ticks=174418 symbols=103 pos=no daily_pnl=+0 drops=0
  QUALITY_GATE symbol=JEM gate=no_reentry result=PASS losses=0/1 trades=0/2
[MOVE_SUB_A] [10:18:00] JEM ARMED entry=5.3300 stop=5.0200 R=0.3100 score=12.5 — movement_strike history reset
[MOVE_SUB_A] [10:18:00] JEM FLOAT_GATE_BLOCK float=10.728019M cap=5.0M
[MOVE_SUB_A] [10:18:47] STATS ticks=180702 symbols=103 pos=no daily_pnl=+0 drops=0
[MOVE_SUB_A] [10:19:47] STATS ticks=185521 symbols=103 pos=no daily_pnl=+0 drops=0
[MOVE_SUB_A] [10:20:47] STATS ticks=190430 symbols=103 pos=no daily_pnl=+0 drops=0
[MOVE_SUB_A] [10:21:00] new symbol PAVS — detector + movement_strike instantiated
[MOVE_SUB_A] [10:21:48] STATS ticks=192814 symbols=104 pos=no daily_pnl=+0 drops=0
[MOVE_SUB_A] [10:22:48] STATS ticks=197774 symbols=104 pos=no daily_pnl=+0 drops=0
[MOVE_SUB_A] [10:23:48] STATS ticks=200664 symbols=104 pos=no daily_pnl=+0 drops=0
[MOVE_SUB_A] [10:24:48] STATS ticks=202630 symbols=104 pos=no daily_pnl=+0 drops=0
[MOVE_SUB_A] [10:25:48] STATS ticks=204355 symbols=104 pos=no daily_pnl=+0 drops=0
[MOVE_SUB_A] [10:26:48] STATS ticks=206550 symbols=104 pos=no daily_pnl=+0 drops=0
[MOVE_SUB_A] [10:27:48] STATS ticks=208247 symbols=104 pos=no daily_pnl=+0 drops=0
[MOVE_SUB_A] [10:28:48] STATS ticks=211051 symbols=104 pos=no daily_pnl=+0 drops=0
[MOVE_SUB_A] [10:29:48] STATS ticks=212395 symbols=104 pos=no daily_pnl=+0 drops=0
[MOVE_SUB_A] [10:30:49] STATS ticks=214256 symbols=104 pos=no daily_pnl=+0 drops=0
[MOVE_SUB_A] [10:31:39] new symbol BANL — detector + movement_strike instantiated
[MOVE_SUB_A] [10:31:49] STATS ticks=215502 symbols=105 pos=no daily_pnl=+0 drops=0
[MOVE_SUB_A] [10:32:49] STATS ticks=216682 symbols=105 pos=no daily_pnl=+0 drops=0
[MOVE_SUB_A] [10:33:49] STATS ticks=217781 symbols=105 pos=no daily_pnl=+0 drops=0
[MOVE_SUB_A] [10:34:49] STATS ticks=219504 symbols=105 pos=no daily_pnl=+0 drops=0
[MOVE_SUB_A] [10:35:50] STATS ticks=220821 symbols=105 pos=no daily_pnl=+0 drops=0
[MOVE_SUB_A] [10:36:10] new symbol SORA — detector + movement_strike instantiated
[MOVE_SUB_A] [10:36:50] STATS ticks=223506 symbols=106 pos=no daily_pnl=+0 drops=0
[MOVE_SUB_A] [10:37:50] STATS ticks=224738 symbols=106 pos=no daily_pnl=+0 drops=0
[MOVE_SUB_A] [10:38:50] STATS ticks=225765 symbols=106 pos=no daily_pnl=+0 drops=0
[MOVE_SUB_A] [10:39:50] STATS ticks=226663 symbols=106 pos=no daily_pnl=+0 drops=0
  QUALITY_GATE symbol=PAVS gate=no_reentry result=PASS losses=0/1 trades=0/2
[MOVE_SUB_A] [10:40:50] STATS ticks=227598 symbols=106 pos=no daily_pnl=+0 drops=0
[MOVE_SUB_A] [10:40:57] new symbol WLDS — detector + movement_strike instantiated
[MOVE_SUB_A] [10:41:50] STATS ticks=229284 symbols=107 pos=no daily_pnl=+0 drops=0
[MOVE_SUB_A] [10:42:50] STATS ticks=230362 symbols=107 pos=no daily_pnl=+0 drops=0
[MOVE_SUB_A] [10:43:19] new symbol CRCD — detector + movement_strike instantiated
  QUALITY_GATE symbol=MSTZ gate=no_reentry result=PASS losses=0/1 trades=0/2
[MOVE_SUB_A] [10:43:21] MSTZ ARMED entry=11.8900 stop=11.8500 R=0.0400 score=4.5 — movement_strike history reset
[MOVE_SUB_A] [10:43:21] MSTZ MP CHASE-SKIP price=12.160 trigger=11.890 gap=2.3% (cap=2.0%)
[MOVE_SUB_A] [10:43:21] MSTZ MP CHASE-SKIP price=12.160 trigger=11.890 gap=2.3% (cap=2.0%)
[MOVE_SUB_A] [10:43:21] MSTZ MP CHASE-SKIP price=12.160 trigger=11.890 gap=2.3% (cap=2.0%)
[MOVE_SUB_A] [10:43:50] STATS ticks=231543 symbols=108 pos=no daily_pnl=+0 drops=0
[MOVE_SUB_A] [10:44:51] STATS ticks=232408 symbols=108 pos=no daily_pnl=+0 drops=0
[MOVE_SUB_A] [10:45:51] STATS ticks=233813 symbols=108 pos=no daily_pnl=+0 drops=0
[MOVE_SUB_A] [10:46:30] new symbol JZ — detector + movement_strike instantiated
[MOVE_SUB_A] [10:46:51] STATS ticks=234637 symbols=109 pos=no daily_pnl=+0 drops=0
[MOVE_SUB_A] [10:47:51] STATS ticks=235280 symbols=109 pos=no daily_pnl=+0 drops=0
[MOVE_SUB_A] [10:48:51] STATS ticks=236051 symbols=109 pos=no daily_pnl=+0 drops=0
[MOVE_SUB_A] [10:49:52] STATS ticks=236684 symbols=109 pos=no daily_pnl=+0 drops=0
[MOVE_SUB_A] [10:50:52] STATS ticks=237254 symbols=109 pos=no daily_pnl=+0 drops=0
[MOVE_SUB_A] [10:51:33] new symbol NVVE — detector + movement_strike instantiated
[MOVE_SUB_A] [10:51:37] MSTZ MP CHASE-SKIP price=12.210 trigger=11.890 gap=2.7% (cap=2.0%)
[MOVE_SUB_A] [10:51:52] STATS ticks=237883 symbols=110 pos=no daily_pnl=+0 drops=0
[MOVE_SUB_A] [10:52:52] STATS ticks=238526 symbols=110 pos=no daily_pnl=+0 drops=0
[MOVE_SUB_A] [10:53:53] STATS ticks=239318 symbols=110 pos=no daily_pnl=+0 drops=0
[MOVE_SUB_A] [10:54:53] STATS ticks=240992 symbols=110 pos=no daily_pnl=+0 drops=0
[MOVE_SUB_A] [10:55:53] STATS ticks=241945 symbols=110 pos=no daily_pnl=+0 drops=0
[MOVE_SUB_A] [10:56:54] STATS ticks=242724 symbols=110 pos=no daily_pnl=+0 drops=0
[MOVE_SUB_A] [10:57:54] STATS ticks=243402 symbols=110 pos=no daily_pnl=+0 drops=0
[MOVE_SUB_A] [10:58:54] STATS ticks=243929 symbols=110 pos=no daily_pnl=+0 drops=0
[MOVE_SUB_A] [10:59:55] STATS ticks=244391 symbols=110 pos=no daily_pnl=+0 drops=0
[MOVE_SUB_A] [11:00:55] STATS ticks=244970 symbols=110 pos=no daily_pnl=+0 drops=0
[MOVE_SUB_A] [11:01:55] STATS ticks=245461 symbols=110 pos=no daily_pnl=+0 drops=0
[MOVE_SUB_A] [11:02:55] STATS ticks=246268 symbols=110 pos=no daily_pnl=+0 drops=0
[MOVE_SUB_A] [11:03:55] STATS ticks=247041 symbols=110 pos=no daily_pnl=+0 drops=0
[MOVE_SUB_A] [11:04:55] STATS ticks=247925 symbols=110 pos=no daily_pnl=+0 drops=0
[MOVE_SUB_A] [11:05:55] STATS ticks=248611 symbols=110 pos=no daily_pnl=+0 drops=0
[MOVE_SUB_A] [11:06:56] STATS ticks=249478 symbols=110 pos=no daily_pnl=+0 drops=0
[MOVE_SUB_A] [11:07:56] STATS ticks=250117 symbols=110 pos=no daily_pnl=+0 drops=0
[MOVE_SUB_A] [11:08:56] STATS ticks=250832 symbols=110 pos=no daily_pnl=+0 drops=0
[MOVE_SUB_A] [11:09:56] STATS ticks=251314 symbols=110 pos=no daily_pnl=+0 drops=0
[MOVE_SUB_A] [11:10:56] STATS ticks=252140 symbols=110 pos=no daily_pnl=+0 drops=0
[MOVE_SUB_A] [11:11:57] STATS ticks=252963 symbols=110 pos=no daily_pnl=+0 drops=0
[MOVE_SUB_A] [11:12:57] STATS ticks=253672 symbols=110 pos=no daily_pnl=+0 drops=0
[MOVE_SUB_A] [11:12:58] new symbol RELL — detector + movement_strike instantiated
  QUALITY_GATE symbol=NEUP gate=no_reentry result=PASS losses=0/1 trades=0/2
[MOVE_SUB_A] [11:13:01] NEUP ARMED entry=4.1200 stop=4.0200 R=0.1000 score=12.5 — movement_strike history reset
[MOVE_SUB_A] [11:13:06] TAPE_FINGERPRINT NEUP stop_pct=2.43 rate_per_min=43 accel=2.00x range_pct=2.91 ticks=212 dollars=124,928 pos_pct_of_vol=9.52 window_sec=296
[MOVE_SUB_A] [11:13:07] 🟩 ENTRY NEUP qty=2927 limit=$4.19 (anomaly@$4.12) stop=$4.02 R=$0.1000 score=12.5
[MOVE_SUB_A] ENTRY REJECT NEUP: APIError('{"buying_power":"5854.81","code":40310000,"cost_basis":"12264.14","message":"insufficient buying power"}')
[MOVE_SUB_A] [11:13:28] new symbol VIXY — detector + movement_strike instantiated
[MOVE_SUB_A] [11:13:31] new symbol SPCQ — detector + movement_strike instantiated
[MOVE_SUB_A] [11:13:32] new symbol VXX — detector + movement_strike instantiated
[MOVE_SUB_A] [11:13:35] new symbol SSPC — detector + movement_strike instantiated
  QUALITY_GATE symbol=FCEL gate=no_reentry result=PASS losses=0/1 trades=0/2
[MOVE_SUB_A] [11:13:57] STATS ticks=254440 symbols=115 pos=no daily_pnl=+0 drops=0
[MOVE_SUB_A] [11:14:57] STATS ticks=255041 symbols=115 pos=no daily_pnl=+0 drops=0
[MOVE_SUB_A] [11:15:57] STATS ticks=255663 symbols=115 pos=no daily_pnl=+0 drops=0
[MOVE_SUB_A] [11:16:58] STATS ticks=256122 symbols=115 pos=no daily_pnl=+0 drops=0
[MOVE_SUB_A] [11:17:58] STATS ticks=256652 symbols=115 pos=no daily_pnl=+0 drops=0
[MOVE_SUB_A] [11:18:59] STATS ticks=257209 symbols=115 pos=no daily_pnl=+0 drops=0
[MOVE_SUB_A] [11:19:59] STATS ticks=257683 symbols=115 pos=no daily_pnl=+0 drops=0
[MOVE_SUB_A] [11:21:00] STATS ticks=258080 symbols=115 pos=no daily_pnl=+0 drops=0
[MOVE_SUB_A] [11:22:00] STATS ticks=258470 symbols=115 pos=no daily_pnl=+0 drops=0
[MOVE_SUB_A] [11:23:01] STATS ticks=259117 symbols=115 pos=no daily_pnl=+0 drops=0
[MOVE_SUB_A] [11:24:01] STATS ticks=259679 symbols=115 pos=no daily_pnl=+0 drops=0
[MOVE_SUB_A] [11:25:01] STATS ticks=260070 symbols=115 pos=no daily_pnl=+0 drops=0
[MOVE_SUB_A] [11:26:02] STATS ticks=261069 symbols=115 pos=no daily_pnl=+0 drops=0
[MOVE_SUB_A] [11:27:02] STATS ticks=261550 symbols=115 pos=no daily_pnl=+0 drops=0
  QUALITY_GATE symbol=TSLQ gate=no_reentry result=PASS losses=0/1 trades=0/2
[MOVE_SUB_A] [11:27:50] TSLQ ARMED entry=25.6200 stop=25.3600 R=0.2600 score=5.5 — movement_strike history reset
[MOVE_SUB_A] [11:27:50] TSLQ FLOAT_GATE_BLOCK float=62.078856M cap=5.0M
[MOVE_SUB_A] [11:28:02] STATS ticks=262023 symbols=115 pos=no daily_pnl=+0 drops=0
[MOVE_SUB_A] [11:28:34] new symbol WTI — detector + movement_strike instantiated
[MOVE_SUB_A] [11:28:38] new symbol OBE — detector + movement_strike instantiated
[MOVE_SUB_A] [11:29:02] STATS ticks=262487 symbols=117 pos=no daily_pnl=+0 drops=0
[MOVE_SUB_A] [11:30:02] STATS ticks=263006 symbols=117 pos=no daily_pnl=+0 drops=0
[MOVE_SUB_A] [11:31:02] STATS ticks=263433 symbols=117 pos=no daily_pnl=+0 drops=0
[MOVE_SUB_A] [11:32:02] STATS ticks=263944 symbols=117 pos=no daily_pnl=+0 drops=0
[MOVE_SUB_A] [11:33:03] STATS ticks=264499 symbols=117 pos=no daily_pnl=+0 drops=0
[MOVE_SUB_A] [11:34:03] STATS ticks=264968 symbols=117 pos=no daily_pnl=+0 drops=0
[MOVE_SUB_A] [11:35:03] STATS ticks=265533 symbols=117 pos=no daily_pnl=+0 drops=0
[MOVE_SUB_A] [11:36:04] STATS ticks=265890 symbols=117 pos=no daily_pnl=+0 drops=0
[MOVE_SUB_A] [11:37:04] STATS ticks=266266 symbols=117 pos=no daily_pnl=+0 drops=0
[MOVE_SUB_A] [11:38:05] STATS ticks=266743 symbols=117 pos=no daily_pnl=+0 drops=0
[MOVE_SUB_A] [11:39:05] STATS ticks=267178 symbols=117 pos=no daily_pnl=+0 drops=0
[MOVE_SUB_A] [11:40:05] STATS ticks=267450 symbols=117 pos=no daily_pnl=+0 drops=0
[MOVE_SUB_A] [11:41:05] STATS ticks=267762 symbols=117 pos=no daily_pnl=+0 drops=0
[MOVE_SUB_A] [11:42:05] STATS ticks=268361 symbols=117 pos=no daily_pnl=+0 drops=0
[MOVE_SUB_A] [11:43:05] STATS ticks=268943 symbols=117 pos=no daily_pnl=+0 drops=0
[MOVE_SUB_A] [11:43:34] new symbol SK — detector + movement_strike instantiated
[MOVE_SUB_A] [11:44:05] STATS ticks=269371 symbols=118 pos=no daily_pnl=+0 drops=0
[MOVE_SUB_A] [11:45:06] STATS ticks=269676 symbols=118 pos=no daily_pnl=+0 drops=0
[MOVE_SUB_A] [11:46:06] STATS ticks=270050 symbols=118 pos=no daily_pnl=+0 drops=0
[MOVE_SUB_A] [11:47:06] STATS ticks=270420 symbols=118 pos=no daily_pnl=+0 drops=0
[MOVE_SUB_A] [11:48:06] STATS ticks=270808 symbols=118 pos=no daily_pnl=+0 drops=0
[MOVE_SUB_A] [11:49:06] STATS ticks=271286 symbols=118 pos=no daily_pnl=+0 drops=0
[MOVE_SUB_A] [11:50:06] STATS ticks=271750 symbols=118 pos=no daily_pnl=+0 drops=0
[MOVE_SUB_A] [11:51:06] STATS ticks=272040 symbols=118 pos=no daily_pnl=+0 drops=0
[MOVE_SUB_A] [11:51:48] new symbol DSY — detector + movement_strike instantiated
[MOVE_SUB_A] [11:52:06] STATS ticks=272422 symbols=119 pos=no daily_pnl=+0 drops=0
[MOVE_SUB_A] [11:53:06] STATS ticks=272775 symbols=119 pos=no daily_pnl=+0 drops=0
[MOVE_SUB_A] [11:54:06] STATS ticks=273072 symbols=119 pos=no daily_pnl=+0 drops=0
[MOVE_SUB_A] [11:55:07] STATS ticks=273385 symbols=119 pos=no daily_pnl=+0 drops=0
[MOVE_SUB_A] [11:56:07] STATS ticks=273827 symbols=119 pos=no daily_pnl=+0 drops=0
[MOVE_SUB_A] [11:56:37] new symbol UMAL — detector + movement_strike instantiated
[MOVE_SUB_A] [11:57:07] STATS ticks=274273 symbols=120 pos=no daily_pnl=+0 drops=0
[MOVE_SUB_A] [11:58:07] STATS ticks=274563 symbols=120 pos=no daily_pnl=+0 drops=0
[MOVE_SUB_A] [11:58:28] new symbol AADX — detector + movement_strike instantiated
[MOVE_SUB_A] [11:59:07] STATS ticks=275019 symbols=121 pos=no daily_pnl=+0 drops=0
[MOVE_SUB_A] [12:00:07] STATS ticks=275368 symbols=121 pos=no daily_pnl=+0 drops=0
[MOVE_SUB_A] [12:01:08] STATS ticks=275645 symbols=121 pos=no daily_pnl=+0 drops=0
[MOVE_SUB_A] [12:02:08] STATS ticks=275999 symbols=121 pos=no daily_pnl=+0 drops=0
[MOVE_SUB_A] [12:03:08] STATS ticks=276213 symbols=121 pos=no daily_pnl=+0 drops=0
[MOVE_SUB_A] [12:04:09] STATS ticks=276437 symbols=121 pos=no daily_pnl=+0 drops=0
[MOVE_SUB_A] [12:05:09] STATS ticks=276808 symbols=121 pos=no daily_pnl=+0 drops=0
[MOVE_SUB_A] [12:06:09] STATS ticks=277137 symbols=121 pos=no daily_pnl=+0 drops=0
[MOVE_SUB_A] [12:07:09] STATS ticks=277447 symbols=121 pos=no daily_pnl=+0 drops=0
[MOVE_SUB_A] [12:08:09] STATS ticks=277697 symbols=121 pos=no daily_pnl=+0 drops=0
[MOVE_SUB_A] [12:09:09] STATS ticks=277979 symbols=121 pos=no daily_pnl=+0 drops=0
[MOVE_SUB_A] [12:10:09] STATS ticks=278266 symbols=121 pos=no daily_pnl=+0 drops=0
[MOVE_SUB_A] [12:11:09] STATS ticks=278585 symbols=121 pos=no daily_pnl=+0 drops=0
[MOVE_SUB_A] [12:12:10] STATS ticks=278911 symbols=121 pos=no daily_pnl=+0 drops=0
[MOVE_SUB_A] [12:13:10] STATS ticks=279183 symbols=121 pos=no daily_pnl=+0 drops=0
[MOVE_SUB_A] [12:13:35] new symbol UMAC — detector + movement_strike instantiated
[MOVE_SUB_A] [12:14:10] STATS ticks=280025 symbols=122 pos=no daily_pnl=+0 drops=0
[MOVE_SUB_A] [12:15:10] STATS ticks=280539 symbols=122 pos=no daily_pnl=+0 drops=0
[MOVE_SUB_A] [12:16:11] STATS ticks=280947 symbols=122 pos=no daily_pnl=+0 drops=0
[MOVE_SUB_A] [12:16:40] new symbol CLIR — detector + movement_strike instantiated
[MOVE_SUB_A] [12:17:11] STATS ticks=281321 symbols=123 pos=no daily_pnl=+0 drops=0
[MOVE_SUB_A] [12:18:11] STATS ticks=281739 symbols=123 pos=no daily_pnl=+0 drops=0
[MOVE_SUB_A] [12:19:12] STATS ticks=282036 symbols=123 pos=no daily_pnl=+0 drops=0
[MOVE_SUB_A] [12:20:12] STATS ticks=282356 symbols=123 pos=no daily_pnl=+0 drops=0
[MOVE_SUB_A] [12:21:12] STATS ticks=282686 symbols=123 pos=no daily_pnl=+0 drops=0
[MOVE_SUB_A] [12:22:12] STATS ticks=283100 symbols=123 pos=no daily_pnl=+0 drops=0
[MOVE_SUB_A] [12:23:13] STATS ticks=283415 symbols=123 pos=no daily_pnl=+0 drops=0
[MOVE_SUB_A] [12:24:13] STATS ticks=283788 symbols=123 pos=no daily_pnl=+0 drops=0
[MOVE_SUB_A] [12:25:14] STATS ticks=284019 symbols=123 pos=no daily_pnl=+0 drops=0
[MOVE_SUB_A] [12:26:14] STATS ticks=284537 symbols=123 pos=no daily_pnl=+0 drops=0
  QUALITY_GATE symbol=UMAL gate=no_reentry result=PASS losses=0/1 trades=0/2
[MOVE_SUB_A] [12:26:33] UMAL ARMED entry=13.0300 stop=12.9200 R=0.1100 score=5.5 — movement_strike history reset
[MOVE_SUB_A] [12:26:33] UMAL FLOAT_GATE_BLOCK float=NoneM cap=5.0M
[MOVE_SUB_A] [12:27:14] STATS ticks=285088 symbols=123 pos=no daily_pnl=+0 drops=0
[MOVE_SUB_A] [12:28:14] STATS ticks=285835 symbols=123 pos=no daily_pnl=+0 drops=0
[MOVE_SUB_A] [12:29:14] STATS ticks=286200 symbols=123 pos=no daily_pnl=+0 drops=0
[MOVE_SUB_A] [12:30:15] STATS ticks=286480 symbols=123 pos=no daily_pnl=+0 drops=0
[MOVE_SUB_A] [12:31:15] STATS ticks=286880 symbols=123 pos=no daily_pnl=+0 drops=0
[MOVE_SUB_A] [12:32:16] STATS ticks=287206 symbols=123 pos=no daily_pnl=+0 drops=0
[MOVE_SUB_A] [12:33:17] STATS ticks=287444 symbols=123 pos=no daily_pnl=+0 drops=0
[MOVE_SUB_A] [12:34:17] STATS ticks=287756 symbols=123 pos=no daily_pnl=+0 drops=0
[MOVE_SUB_A] [12:35:17] STATS ticks=288417 symbols=123 pos=no daily_pnl=+0 drops=0
[MOVE_SUB_A] [12:36:17] STATS ticks=289116 symbols=123 pos=no daily_pnl=+0 drops=0
[MOVE_SUB_A] [12:37:18] STATS ticks=289624 symbols=123 pos=no daily_pnl=+0 drops=0
[MOVE_SUB_A] [12:38:19] STATS ticks=290156 symbols=123 pos=no daily_pnl=+0 drops=0
[MOVE_SUB_A] [12:39:19] STATS ticks=290529 symbols=123 pos=no daily_pnl=+0 drops=0
[MOVE_SUB_A] [12:40:19] STATS ticks=291063 symbols=123 pos=no daily_pnl=+0 drops=0
[MOVE_SUB_A] [12:41:20] STATS ticks=291597 symbols=123 pos=no daily_pnl=+0 drops=0
[MOVE_SUB_A] [12:42:20] STATS ticks=292045 symbols=123 pos=no daily_pnl=+0 drops=0
[MOVE_SUB_A] [12:43:20] STATS ticks=292444 symbols=123 pos=no daily_pnl=+0 drops=0
[MOVE_SUB_A] [12:44:20] STATS ticks=292921 symbols=123 pos=no daily_pnl=+0 drops=0
[MOVE_SUB_A] [12:45:21] STATS ticks=293419 symbols=123 pos=no daily_pnl=+0 drops=0
[MOVE_SUB_A] [12:46:22] STATS ticks=293817 symbols=123 pos=no daily_pnl=+0 drops=0
[MOVE_SUB_A] [12:47:23] STATS ticks=294077 symbols=123 pos=no daily_pnl=+0 drops=0
[MOVE_SUB_A] [12:48:23] STATS ticks=294359 symbols=123 pos=no daily_pnl=+0 drops=0
[MOVE_SUB_A] [12:49:23] STATS ticks=294680 symbols=123 pos=no daily_pnl=+0 drops=0
[MOVE_SUB_A] [12:50:23] STATS ticks=295283 symbols=123 pos=no daily_pnl=+0 drops=0
[MOVE_SUB_A] [12:51:24] STATS ticks=296359 symbols=123 pos=no daily_pnl=+0 drops=0
[MOVE_SUB_A] [12:51:55] new symbol XBP — detector + movement_strike instantiated
[MOVE_SUB_A] [12:52:24] STATS ticks=297016 symbols=124 pos=no daily_pnl=+0 drops=0
[MOVE_SUB_A] [12:53:24] STATS ticks=297655 symbols=124 pos=no daily_pnl=+0 drops=0
[MOVE_SUB_A] [12:54:24] STATS ticks=298403 symbols=124 pos=no daily_pnl=+0 drops=0
[MOVE_SUB_A] [12:55:24] STATS ticks=298831 symbols=124 pos=no daily_pnl=+0 drops=0
[MOVE_SUB_A] [12:56:25] STATS ticks=299733 symbols=124 pos=no daily_pnl=+0 drops=0
[MOVE_SUB_A] [12:57:25] STATS ticks=300921 symbols=124 pos=no daily_pnl=+0 drops=0
[MOVE_SUB_A] [12:58:25] STATS ticks=302185 symbols=124 pos=no daily_pnl=+0 drops=0
[MOVE_SUB_A] [12:59:26] STATS ticks=302968 symbols=124 pos=no daily_pnl=+0 drops=0
[MOVE_SUB_A] [13:00:26] STATS ticks=303407 symbols=124 pos=no daily_pnl=+0 drops=0
  QUALITY_GATE symbol=SKYQ gate=no_reentry result=PASS losses=0/1 trades=0/2
[MOVE_SUB_A] [13:01:27] STATS ticks=304210 symbols=124 pos=no daily_pnl=+0 drops=0
[MOVE_SUB_A] [13:02:27] STATS ticks=305256 symbols=124 pos=no daily_pnl=+0 drops=0
[MOVE_SUB_A] [13:03:27] STATS ticks=306331 symbols=124 pos=no daily_pnl=+0 drops=0
[MOVE_SUB_A] [13:04:27] STATS ticks=307157 symbols=124 pos=no daily_pnl=+0 drops=0
[MOVE_SUB_A] [13:05:28] STATS ticks=307807 symbols=124 pos=no daily_pnl=+0 drops=0
[MOVE_SUB_A] [13:06:28] STATS ticks=308282 symbols=124 pos=no daily_pnl=+0 drops=0
[MOVE_SUB_A] [13:07:29] STATS ticks=308751 symbols=124 pos=no daily_pnl=+0 drops=0
[MOVE_SUB_A] [13:08:29] STATS ticks=310021 symbols=124 pos=no daily_pnl=+0 drops=0
[MOVE_SUB_A] [13:09:29] STATS ticks=311216 symbols=124 pos=no daily_pnl=+0 drops=0
[MOVE_SUB_A] [13:10:29] STATS ticks=312002 symbols=124 pos=no daily_pnl=+0 drops=0
[MOVE_SUB_A] [13:11:30] STATS ticks=312657 symbols=124 pos=no daily_pnl=+0 drops=0
[MOVE_SUB_A] [13:12:30] STATS ticks=313306 symbols=124 pos=no daily_pnl=+0 drops=0
[MOVE_SUB_A] [13:13:18] new symbol ENHA — detector + movement_strike instantiated
[MOVE_SUB_A] [13:13:30] STATS ticks=314354 symbols=125 pos=no daily_pnl=+0 drops=0
[MOVE_SUB_A] [13:13:41] new symbol AGEN — detector + movement_strike instantiated
[MOVE_SUB_A] [13:14:30] STATS ticks=315017 symbols=126 pos=no daily_pnl=+0 drops=0
[MOVE_SUB_A] [13:15:31] STATS ticks=316083 symbols=126 pos=no daily_pnl=+0 drops=0
[MOVE_SUB_A] [13:16:31] STATS ticks=317478 symbols=126 pos=no daily_pnl=+0 drops=0
[MOVE_SUB_A] [13:17:31] STATS ticks=318629 symbols=126 pos=no daily_pnl=+0 drops=0
[MOVE_SUB_A] [13:18:32] STATS ticks=319387 symbols=126 pos=no daily_pnl=+0 drops=0
[MOVE_SUB_A] [13:19:32] STATS ticks=320552 symbols=126 pos=no daily_pnl=+0 drops=0
[MOVE_SUB_A] [13:20:32] STATS ticks=321918 symbols=126 pos=no daily_pnl=+0 drops=0
[MOVE_SUB_A] [13:21:32] STATS ticks=322951 symbols=126 pos=no daily_pnl=+0 drops=0
[MOVE_SUB_A] [13:22:34] STATS ticks=323532 symbols=126 pos=no daily_pnl=+0 drops=0
[MOVE_SUB_A] [13:23:34] STATS ticks=324016 symbols=126 pos=no daily_pnl=+0 drops=0
[MOVE_SUB_A] [13:24:34] STATS ticks=324496 symbols=126 pos=no daily_pnl=+0 drops=0
[MOVE_SUB_A] [13:25:34] STATS ticks=324954 symbols=126 pos=no daily_pnl=+0 drops=0
[MOVE_SUB_A] [13:26:35] STATS ticks=325716 symbols=126 pos=no daily_pnl=+0 drops=0
[MOVE_SUB_A] [13:27:35] STATS ticks=326157 symbols=126 pos=no daily_pnl=+0 drops=0
[MOVE_SUB_A] [13:28:35] STATS ticks=326756 symbols=126 pos=no daily_pnl=+0 drops=0
[MOVE_SUB_A] [13:29:35] STATS ticks=327211 symbols=126 pos=no daily_pnl=+0 drops=0
[MOVE_SUB_A] [13:30:35] STATS ticks=327649 symbols=126 pos=no daily_pnl=+0 drops=0
[MOVE_SUB_A] [13:31:35] STATS ticks=328074 symbols=126 pos=no daily_pnl=+0 drops=0
[MOVE_SUB_A] [13:32:36] STATS ticks=328594 symbols=126 pos=no daily_pnl=+0 drops=0
[MOVE_SUB_A] [13:33:36] STATS ticks=329006 symbols=126 pos=no daily_pnl=+0 drops=0
[MOVE_SUB_A] [13:34:37] STATS ticks=330014 symbols=126 pos=no daily_pnl=+0 drops=0
[MOVE_SUB_A] [13:35:37] STATS ticks=330838 symbols=126 pos=no daily_pnl=+0 drops=0
[MOVE_SUB_A] [13:36:37] STATS ticks=331544 symbols=126 pos=no daily_pnl=+0 drops=0
[MOVE_SUB_A] [13:36:45] new symbol CBRX — detector + movement_strike instantiated
[MOVE_SUB_A] [13:37:37] STATS ticks=332125 symbols=127 pos=no daily_pnl=+0 drops=0
[MOVE_SUB_A] [13:38:38] STATS ticks=332657 symbols=127 pos=no daily_pnl=+0 drops=0
[MOVE_SUB_A] [13:39:39] STATS ticks=333496 symbols=127 pos=no daily_pnl=+0 drops=0
[MOVE_SUB_A] [13:40:39] STATS ticks=335929 symbols=127 pos=no daily_pnl=+0 drops=0
[MOVE_SUB_A] [13:41:16] new symbol SPRC — detector + movement_strike instantiated
[MOVE_SUB_A] [13:41:39] STATS ticks=337751 symbols=128 pos=no daily_pnl=+0 drops=0
[MOVE_SUB_A] [13:42:39] STATS ticks=338784 symbols=128 pos=no daily_pnl=+0 drops=0
[MOVE_SUB_A] [13:43:39] STATS ticks=340250 symbols=128 pos=no daily_pnl=+0 drops=0
[MOVE_SUB_A] [13:44:39] STATS ticks=340943 symbols=128 pos=no daily_pnl=+0 drops=0
[MOVE_SUB_A] [13:45:39] STATS ticks=342253 symbols=128 pos=no daily_pnl=+0 drops=0
[MOVE_SUB_A] [13:46:39] STATS ticks=344097 symbols=128 pos=no daily_pnl=+0 drops=0
[MOVE_SUB_A] [13:47:40] STATS ticks=344832 symbols=128 pos=no daily_pnl=+0 drops=0
[MOVE_SUB_A] [13:48:40] STATS ticks=345606 symbols=128 pos=no daily_pnl=+0 drops=0
[MOVE_SUB_A] [13:49:40] STATS ticks=346173 symbols=128 pos=no daily_pnl=+0 drops=0
[MOVE_SUB_A] [13:50:41] STATS ticks=347117 symbols=128 pos=no daily_pnl=+0 drops=0
[MOVE_SUB_A] [13:51:41] STATS ticks=347961 symbols=128 pos=no daily_pnl=+0 drops=0
  QUALITY_GATE symbol=ENHA gate=no_reentry result=PASS losses=0/1 trades=0/2
[MOVE_SUB_A] [13:51:58] ENHA ARMED entry=3.5300 stop=3.4900 R=0.0400 score=4.5 — movement_strike history reset
[MOVE_SUB_A] [13:52:42] STATS ticks=348427 symbols=128 pos=no daily_pnl=+0 drops=0
[MOVE_SUB_A] [13:53:42] STATS ticks=348780 symbols=128 pos=no daily_pnl=+0 drops=0
[MOVE_SUB_A] [13:54:42] STATS ticks=350137 symbols=128 pos=no daily_pnl=+0 drops=0
[MOVE_SUB_A] [13:55:43] STATS ticks=350482 symbols=128 pos=no daily_pnl=+0 drops=0
[MOVE_SUB_A] [13:56:43] STATS ticks=351125 symbols=128 pos=no daily_pnl=+0 drops=0
[MOVE_SUB_A] [13:57:43] STATS ticks=353482 symbols=128 pos=no daily_pnl=+0 drops=0
[MOVE_SUB_A] [13:58:43] STATS ticks=354775 symbols=128 pos=no daily_pnl=+0 drops=0
[MOVE_SUB_A] [13:59:43] STATS ticks=355656 symbols=128 pos=no daily_pnl=+0 drops=0
[MOVE_SUB_A] [14:00:43] STATS ticks=356396 symbols=128 pos=no daily_pnl=+0 drops=0
[MOVE_SUB_A] [14:01:44] STATS ticks=357091 symbols=128 pos=no daily_pnl=+0 drops=0
[MOVE_SUB_A] [14:02:44] STATS ticks=357753 symbols=128 pos=no daily_pnl=+0 drops=0
[MOVE_SUB_A] [14:03:45] STATS ticks=358416 symbols=128 pos=no daily_pnl=+0 drops=0
[MOVE_SUB_A] [14:04:45] STATS ticks=358897 symbols=128 pos=no daily_pnl=+0 drops=0
[MOVE_SUB_A] [14:05:45] STATS ticks=359566 symbols=128 pos=no daily_pnl=+0 drops=0
[MOVE_SUB_A] [14:06:46] STATS ticks=360243 symbols=128 pos=no daily_pnl=+0 drops=0
[MOVE_SUB_A] [14:07:46] STATS ticks=360697 symbols=128 pos=no daily_pnl=+0 drops=0
[MOVE_SUB_A] [14:08:47] STATS ticks=361117 symbols=128 pos=no daily_pnl=+0 drops=0
[MOVE_SUB_A] [14:09:47] STATS ticks=361596 symbols=128 pos=no daily_pnl=+0 drops=0
[MOVE_SUB_A] [14:10:47] STATS ticks=361958 symbols=128 pos=no daily_pnl=+0 drops=0
[MOVE_SUB_A] [14:11:47] STATS ticks=363191 symbols=128 pos=no daily_pnl=+0 drops=0
[MOVE_SUB_A] [14:12:48] STATS ticks=363634 symbols=128 pos=no daily_pnl=+0 drops=0
[MOVE_SUB_A] [14:13:49] STATS ticks=364118 symbols=128 pos=no daily_pnl=+0 drops=0
[MOVE_SUB_A] [14:14:50] STATS ticks=364356 symbols=128 pos=no daily_pnl=+0 drops=0
[MOVE_SUB_A] [14:15:51] STATS ticks=364572 symbols=128 pos=no daily_pnl=+0 drops=0
[MOVE_SUB_A] [14:16:52] STATS ticks=365076 symbols=128 pos=no daily_pnl=+0 drops=0
[MOVE_SUB_A] [14:17:52] STATS ticks=365396 symbols=128 pos=no daily_pnl=+0 drops=0
[MOVE_SUB_A] [14:18:53] STATS ticks=365929 symbols=128 pos=no daily_pnl=+0 drops=0
[MOVE_SUB_A] [14:19:53] STATS ticks=366278 symbols=128 pos=no daily_pnl=+0 drops=0
[MOVE_SUB_A] [14:20:53] STATS ticks=366525 symbols=128 pos=no daily_pnl=+0 drops=0
[MOVE_SUB_A] [14:21:53] STATS ticks=367552 symbols=128 pos=no daily_pnl=+0 drops=0
[MOVE_SUB_A] [14:22:53] STATS ticks=369845 symbols=128 pos=no daily_pnl=+0 drops=0
[MOVE_SUB_A] [14:23:54] STATS ticks=370972 symbols=128 pos=no daily_pnl=+0 drops=0
[MOVE_SUB_A] [14:24:54] STATS ticks=371962 symbols=128 pos=no daily_pnl=+0 drops=0
[MOVE_SUB_A] [14:25:54] STATS ticks=372707 symbols=128 pos=no daily_pnl=+0 drops=0
[MOVE_SUB_A] [14:26:54] STATS ticks=374027 symbols=128 pos=no daily_pnl=+0 drops=0
[MOVE_SUB_A] [14:27:01] new symbol PCSA — detector + movement_strike instantiated
[MOVE_SUB_A] [14:27:54] STATS ticks=375004 symbols=129 pos=no daily_pnl=+0 drops=0
[MOVE_SUB_A] [14:28:54] STATS ticks=376256 symbols=129 pos=no daily_pnl=+0 drops=0
[MOVE_SUB_A] [14:29:55] STATS ticks=377358 symbols=129 pos=no daily_pnl=+0 drops=0
[MOVE_SUB_A] [14:30:55] STATS ticks=378048 symbols=129 pos=no daily_pnl=+0 drops=0
[MOVE_SUB_A] [14:31:55] STATS ticks=378736 symbols=129 pos=no daily_pnl=+0 drops=0
[MOVE_SUB_A] [14:32:56] STATS ticks=380021 symbols=129 pos=no daily_pnl=+0 drops=0
[MOVE_SUB_A] [14:33:56] STATS ticks=380807 symbols=129 pos=no daily_pnl=+0 drops=0
[MOVE_SUB_A] [14:34:56] STATS ticks=381737 symbols=129 pos=no daily_pnl=+0 drops=0
[MOVE_SUB_A] [14:35:56] STATS ticks=382515 symbols=129 pos=no daily_pnl=+0 drops=0
[MOVE_SUB_A] [14:36:56] STATS ticks=383305 symbols=129 pos=no daily_pnl=+0 drops=0
[MOVE_SUB_A] [14:37:56] STATS ticks=383869 symbols=129 pos=no daily_pnl=+0 drops=0
[MOVE_SUB_A] [14:38:57] STATS ticks=386021 symbols=129 pos=no daily_pnl=+0 drops=0
[MOVE_SUB_A] [14:39:57] STATS ticks=387514 symbols=129 pos=no daily_pnl=+0 drops=0
[MOVE_SUB_A] [14:40:58] STATS ticks=388258 symbols=129 pos=no daily_pnl=+0 drops=0
[MOVE_SUB_A] [14:41:58] STATS ticks=388878 symbols=129 pos=no daily_pnl=+0 drops=0
[MOVE_SUB_A] [14:42:58] STATS ticks=389501 symbols=129 pos=no daily_pnl=+0 drops=0
[MOVE_SUB_A] [14:43:58] STATS ticks=390083 symbols=129 pos=no daily_pnl=+0 drops=0
[MOVE_SUB_A] [14:44:58] STATS ticks=390381 symbols=129 pos=no daily_pnl=+0 drops=0
[MOVE_SUB_A] [14:45:58] STATS ticks=391551 symbols=129 pos=no daily_pnl=+0 drops=0
[MOVE_SUB_A] [14:46:56] new symbol DSC — detector + movement_strike instantiated
[MOVE_SUB_A] [14:46:58] STATS ticks=392225 symbols=130 pos=no daily_pnl=+0 drops=0
[MOVE_SUB_A] [14:47:58] STATS ticks=392644 symbols=130 pos=no daily_pnl=+0 drops=0
[MOVE_SUB_A] [14:48:58] STATS ticks=393032 symbols=130 pos=no daily_pnl=+0 drops=0
[MOVE_SUB_A] [14:49:59] STATS ticks=393360 symbols=130 pos=no daily_pnl=+0 drops=0
[MOVE_SUB_A] [14:50:59] STATS ticks=393682 symbols=130 pos=no daily_pnl=+0 drops=0
[MOVE_SUB_A] [14:51:59] STATS ticks=394179 symbols=130 pos=no daily_pnl=+0 drops=0
[MOVE_SUB_A] [14:53:00] STATS ticks=394513 symbols=130 pos=no daily_pnl=+0 drops=0
[MOVE_SUB_A] [14:54:01] STATS ticks=394814 symbols=130 pos=no daily_pnl=+0 drops=0
[MOVE_SUB_A] [14:55:01] STATS ticks=395207 symbols=130 pos=no daily_pnl=+0 drops=0
[MOVE_SUB_A] [14:56:01] STATS ticks=395477 symbols=130 pos=no daily_pnl=+0 drops=0
[MOVE_SUB_A] [14:56:51] new symbol EGG — detector + movement_strike instantiated
[MOVE_SUB_A] [14:57:02] STATS ticks=395832 symbols=131 pos=no daily_pnl=+0 drops=0
[MOVE_SUB_A] [14:58:02] STATS ticks=396268 symbols=131 pos=no daily_pnl=+0 drops=0
[MOVE_SUB_A] [14:58:41] new symbol PYXS — detector + movement_strike instantiated
[MOVE_SUB_A] [14:59:03] STATS ticks=396816 symbols=132 pos=no daily_pnl=+0 drops=0
[MOVE_SUB_A] [15:00:04] STATS ticks=397126 symbols=132 pos=no daily_pnl=+0 drops=0
[MOVE_SUB_A] [15:01:04] STATS ticks=397442 symbols=132 pos=no daily_pnl=+0 drops=0
[MOVE_SUB_A] [15:02:04] STATS ticks=397717 symbols=132 pos=no daily_pnl=+0 drops=0
[MOVE_SUB_A] [15:03:04] STATS ticks=398160 symbols=132 pos=no daily_pnl=+0 drops=0
[MOVE_SUB_A] [15:04:04] STATS ticks=398580 symbols=132 pos=no daily_pnl=+0 drops=0
[MOVE_SUB_A] [15:05:05] STATS ticks=399177 symbols=132 pos=no daily_pnl=+0 drops=0
[MOVE_SUB_A] [15:06:05] STATS ticks=399427 symbols=132 pos=no daily_pnl=+0 drops=0
[MOVE_SUB_A] [15:07:05] STATS ticks=399704 symbols=132 pos=no daily_pnl=+0 drops=0
[MOVE_SUB_A] [15:08:06] STATS ticks=400044 symbols=132 pos=no daily_pnl=+0 drops=0
[MOVE_SUB_A] [15:09:06] STATS ticks=400398 symbols=132 pos=no daily_pnl=+0 drops=0
[MOVE_SUB_A] [15:10:06] STATS ticks=400910 symbols=132 pos=no daily_pnl=+0 drops=0
[MOVE_SUB_A] [15:11:07] STATS ticks=401572 symbols=132 pos=no daily_pnl=+0 drops=0
[MOVE_SUB_A] [15:12:07] STATS ticks=401996 symbols=132 pos=no daily_pnl=+0 drops=0
[MOVE_SUB_A] [15:13:07] STATS ticks=402375 symbols=132 pos=no daily_pnl=+0 drops=0
[MOVE_SUB_A] [15:13:44] new symbol HAWK — detector + movement_strike instantiated
[MOVE_SUB_A] [15:13:46] new symbol PEPG — detector + movement_strike instantiated
[MOVE_SUB_A] [15:14:07] STATS ticks=402809 symbols=134 pos=no daily_pnl=+0 drops=0
[MOVE_SUB_A] [15:15:07] STATS ticks=403102 symbols=134 pos=no daily_pnl=+0 drops=0
[MOVE_SUB_A] [15:16:07] STATS ticks=403439 symbols=134 pos=no daily_pnl=+0 drops=0
[MOVE_SUB_A] [15:17:09] STATS ticks=404216 symbols=134 pos=no daily_pnl=+0 drops=0
[MOVE_SUB_A] [15:18:09] STATS ticks=404760 symbols=134 pos=no daily_pnl=+0 drops=0
[MOVE_SUB_A] [15:19:09] STATS ticks=405030 symbols=134 pos=no daily_pnl=+0 drops=0
[MOVE_SUB_A] [15:20:10] STATS ticks=405343 symbols=134 pos=no daily_pnl=+0 drops=0
[MOVE_SUB_A] [15:21:11] STATS ticks=405928 symbols=134 pos=no daily_pnl=+0 drops=0
[MOVE_SUB_A] [15:22:12] STATS ticks=406458 symbols=134 pos=no daily_pnl=+0 drops=0
[MOVE_SUB_A] [15:23:12] STATS ticks=406778 symbols=134 pos=no daily_pnl=+0 drops=0
[MOVE_SUB_A] [15:24:12] STATS ticks=407109 symbols=134 pos=no daily_pnl=+0 drops=0
[MOVE_SUB_A] [15:25:13] STATS ticks=407309 symbols=134 pos=no daily_pnl=+0 drops=0
[MOVE_SUB_A] [15:26:14] STATS ticks=407589 symbols=134 pos=no daily_pnl=+0 drops=0
[MOVE_SUB_A] [15:27:14] STATS ticks=407928 symbols=134 pos=no daily_pnl=+0 drops=0
[MOVE_SUB_A] [15:28:14] STATS ticks=408175 symbols=134 pos=no daily_pnl=+0 drops=0
[MOVE_SUB_A] [15:29:15] STATS ticks=408414 symbols=134 pos=no daily_pnl=+0 drops=0
[MOVE_SUB_A] [15:30:15] STATS ticks=408787 symbols=134 pos=no daily_pnl=+0 drops=0
[MOVE_SUB_A] [15:31:15] STATS ticks=409571 symbols=134 pos=no daily_pnl=+0 drops=0
[MOVE_SUB_A] [15:32:15] STATS ticks=410209 symbols=134 pos=no daily_pnl=+0 drops=0
[MOVE_SUB_A] [15:33:15] STATS ticks=410819 symbols=134 pos=no daily_pnl=+0 drops=0
[MOVE_SUB_A] [15:34:16] STATS ticks=411298 symbols=134 pos=no daily_pnl=+0 drops=0
[MOVE_SUB_A] [15:35:16] STATS ticks=411697 symbols=134 pos=no daily_pnl=+0 drops=0
[MOVE_SUB_A] [15:36:17] STATS ticks=411994 symbols=134 pos=no daily_pnl=+0 drops=0
[MOVE_SUB_A] [15:37:17] STATS ticks=412447 symbols=134 pos=no daily_pnl=+0 drops=0
[MOVE_SUB_A] [15:38:17] STATS ticks=413036 symbols=134 pos=no daily_pnl=+0 drops=0
[MOVE_SUB_A] [15:39:19] STATS ticks=413591 symbols=134 pos=no daily_pnl=+0 drops=0
[MOVE_SUB_A] [15:40:19] STATS ticks=413952 symbols=134 pos=no daily_pnl=+0 drops=0
[MOVE_SUB_A] [15:41:19] STATS ticks=414495 symbols=134 pos=no daily_pnl=+0 drops=0
[MOVE_SUB_A] [15:42:20] STATS ticks=415186 symbols=134 pos=no daily_pnl=+0 drops=0
[MOVE_SUB_A] [15:43:20] STATS ticks=415692 symbols=134 pos=no daily_pnl=+0 drops=0
[MOVE_SUB_A] [15:44:20] STATS ticks=416308 symbols=134 pos=no daily_pnl=+0 drops=0
[MOVE_SUB_A] [15:45:21] STATS ticks=417080 symbols=134 pos=no daily_pnl=+0 drops=0
[MOVE_SUB_A] [15:46:21] STATS ticks=417763 symbols=134 pos=no daily_pnl=+0 drops=0
[MOVE_SUB_A] [15:47:21] STATS ticks=418342 symbols=134 pos=no daily_pnl=+0 drops=0
[MOVE_SUB_A] [15:48:23] STATS ticks=418910 symbols=134 pos=no daily_pnl=+0 drops=0
[MOVE_SUB_A] [15:49:23] STATS ticks=419379 symbols=134 pos=no daily_pnl=+0 drops=0
[MOVE_SUB_A] [15:50:23] STATS ticks=419862 symbols=134 pos=no daily_pnl=+0 drops=0
[MOVE_SUB_A] [15:51:23] STATS ticks=420180 symbols=134 pos=no daily_pnl=+0 drops=0
[MOVE_SUB_A] [15:52:23] STATS ticks=420624 symbols=134 pos=no daily_pnl=+0 drops=0
[MOVE_SUB_A] [15:53:24] STATS ticks=421083 symbols=134 pos=no daily_pnl=+0 drops=0
[MOVE_SUB_A] [15:54:24] STATS ticks=421433 symbols=134 pos=no daily_pnl=+0 drops=0
[MOVE_SUB_A] [15:55:24] STATS ticks=421947 symbols=134 pos=no daily_pnl=+0 drops=0
[MOVE_SUB_A] [15:56:24] STATS ticks=422510 symbols=134 pos=no daily_pnl=+0 drops=0
[MOVE_SUB_A] [15:57:25] STATS ticks=423210 symbols=134 pos=no daily_pnl=+0 drops=0
[MOVE_SUB_A] [15:58:26] STATS ticks=424544 symbols=134 pos=no daily_pnl=+0 drops=0
[MOVE_SUB_A] [15:59:26] STATS ticks=425633 symbols=134 pos=no daily_pnl=+0 drops=0
[MOVE_SUB_A] [16:00:26] STATS ticks=426653 symbols=134 pos=no daily_pnl=+0 drops=0
[MOVE_SUB_A] [16:01:26] STATS ticks=427390 symbols=134 pos=no daily_pnl=+0 drops=0
[MOVE_SUB_A] [16:02:27] STATS ticks=427773 symbols=134 pos=no daily_pnl=+0 drops=0
[MOVE_SUB_A] [16:03:27] STATS ticks=428196 symbols=134 pos=no daily_pnl=+0 drops=0
[MOVE_SUB_A] [16:04:27] STATS ticks=428571 symbols=134 pos=no daily_pnl=+0 drops=0
[MOVE_SUB_A] [16:05:28] STATS ticks=428871 symbols=134 pos=no daily_pnl=+0 drops=0
[MOVE_SUB_A] [16:06:28] STATS ticks=429198 symbols=134 pos=no daily_pnl=+0 drops=0
[MOVE_SUB_A] [16:07:29] STATS ticks=429468 symbols=134 pos=no daily_pnl=+0 drops=0
[MOVE_SUB_A] [16:08:29] STATS ticks=429643 symbols=134 pos=no daily_pnl=+0 drops=0
[MOVE_SUB_A] [16:09:31] STATS ticks=429821 symbols=134 pos=no daily_pnl=+0 drops=0
[MOVE_SUB_A] [16:10:32] STATS ticks=429973 symbols=134 pos=no daily_pnl=+0 drops=0
[MOVE_SUB_A] [16:11:33] STATS ticks=430161 symbols=134 pos=no daily_pnl=+0 drops=0
[MOVE_SUB_A] [16:12:33] STATS ticks=430339 symbols=134 pos=no daily_pnl=+0 drops=0
[MOVE_SUB_A] [16:13:33] STATS ticks=430472 symbols=134 pos=no daily_pnl=+0 drops=0
[MOVE_SUB_A] [16:14:34] STATS ticks=430656 symbols=134 pos=no daily_pnl=+0 drops=0
[MOVE_SUB_A] [16:15:36] STATS ticks=430865 symbols=134 pos=no daily_pnl=+0 drops=0
[MOVE_SUB_A] [16:16:37] STATS ticks=431010 symbols=134 pos=no daily_pnl=+0 drops=0
[MOVE_SUB_A] [16:17:37] STATS ticks=431165 symbols=134 pos=no daily_pnl=+0 drops=0
[MOVE_SUB_A] [16:18:37] STATS ticks=431271 symbols=134 pos=no daily_pnl=+0 drops=0
[MOVE_SUB_A] [16:19:39] STATS ticks=431397 symbols=134 pos=no daily_pnl=+0 drops=0
[MOVE_SUB_A] [16:20:39] STATS ticks=431493 symbols=134 pos=no daily_pnl=+0 drops=0
[MOVE_SUB_A] [16:21:39] STATS ticks=431586 symbols=134 pos=no daily_pnl=+0 drops=0
[MOVE_SUB_A] [16:22:41] STATS ticks=431723 symbols=134 pos=no daily_pnl=+0 drops=0
[MOVE_SUB_A] [16:23:42] STATS ticks=431860 symbols=134 pos=no daily_pnl=+0 drops=0
[MOVE_SUB_A] [16:24:43] STATS ticks=431956 symbols=134 pos=no daily_pnl=+0 drops=0
[MOVE_SUB_A] [16:25:44] STATS ticks=432035 symbols=134 pos=no daily_pnl=+0 drops=0
[MOVE_SUB_A] [16:26:44] STATS ticks=432094 symbols=134 pos=no daily_pnl=+0 drops=0
[MOVE_SUB_A] [16:27:44] STATS ticks=432280 symbols=134 pos=no daily_pnl=+0 drops=0
[MOVE_SUB_A] [16:28:45] STATS ticks=432468 symbols=134 pos=no daily_pnl=+0 drops=0
[MOVE_SUB_A] [16:29:45] STATS ticks=432623 symbols=134 pos=no daily_pnl=+0 drops=0
[MOVE_SUB_A] [16:30:45] STATS ticks=432746 symbols=134 pos=no daily_pnl=+0 drops=0
[MOVE_SUB_A] [16:31:45] STATS ticks=432914 symbols=134 pos=no daily_pnl=+0 drops=0
[MOVE_SUB_A] [16:32:45] STATS ticks=433035 symbols=134 pos=no daily_pnl=+0 drops=0
[MOVE_SUB_A] [16:33:46] STATS ticks=433139 symbols=134 pos=no daily_pnl=+0 drops=0
[MOVE_SUB_A] [16:34:46] STATS ticks=433306 symbols=134 pos=no daily_pnl=+0 drops=0
[MOVE_SUB_A] [16:35:47] STATS ticks=433464 symbols=134 pos=no daily_pnl=+0 drops=0
[MOVE_SUB_A] [16:36:48] STATS ticks=433615 symbols=134 pos=no daily_pnl=+0 drops=0
[MOVE_SUB_A] [16:37:50] STATS ticks=433738 symbols=134 pos=no daily_pnl=+0 drops=0
[MOVE_SUB_A] [16:38:51] STATS ticks=433802 symbols=134 pos=no daily_pnl=+0 drops=0
[MOVE_SUB_A] [16:39:54] STATS ticks=433888 symbols=134 pos=no daily_pnl=+0 drops=0
[MOVE_SUB_A] [16:40:55] STATS ticks=433986 symbols=134 pos=no daily_pnl=+0 drops=0
[MOVE_SUB_A] [16:41:56] STATS ticks=434114 symbols=134 pos=no daily_pnl=+0 drops=0
[MOVE_SUB_A] [16:42:57] STATS ticks=434265 symbols=134 pos=no daily_pnl=+0 drops=0
[MOVE_SUB_A] [16:44:01] STATS ticks=434373 symbols=134 pos=no daily_pnl=+0 drops=0
[MOVE_SUB_A] [16:45:03] STATS ticks=434490 symbols=134 pos=no daily_pnl=+0 drops=0
[MOVE_SUB_A] [16:46:04] STATS ticks=434557 symbols=134 pos=no daily_pnl=+0 drops=0
[MOVE_SUB_A] [16:47:05] STATS ticks=434630 symbols=134 pos=no daily_pnl=+0 drops=0
[MOVE_SUB_A] [16:48:06] STATS ticks=434727 symbols=134 pos=no daily_pnl=+0 drops=0
[MOVE_SUB_A] [16:49:06] STATS ticks=434949 symbols=134 pos=no daily_pnl=+0 drops=0
[MOVE_SUB_A] [16:50:06] STATS ticks=435413 symbols=134 pos=no daily_pnl=+0 drops=0
[MOVE_SUB_A] [16:51:07] STATS ticks=435635 symbols=134 pos=no daily_pnl=+0 drops=0
[MOVE_SUB_A] [16:52:07] STATS ticks=435928 symbols=134 pos=no daily_pnl=+0 drops=0
  QUALITY_GATE symbol=SKYQ gate=no_reentry result=PASS losses=0/1 trades=0/2
[MOVE_SUB_A] [16:53:07] STATS ticks=436093 symbols=134 pos=no daily_pnl=+0 drops=0
[MOVE_SUB_A] [16:54:08] STATS ticks=436242 symbols=134 pos=no daily_pnl=+0 drops=0
[MOVE_SUB_A] [16:55:10] STATS ticks=436368 symbols=134 pos=no daily_pnl=+0 drops=0
[MOVE_SUB_A] [16:56:11] STATS ticks=436479 symbols=134 pos=no daily_pnl=+0 drops=0
  QUALITY_GATE symbol=SKYQ gate=no_reentry result=PASS losses=0/1 trades=0/2
[MOVE_SUB_A] [16:57:11] STATS ticks=436670 symbols=134 pos=no daily_pnl=+0 drops=0
[MOVE_SUB_A] [16:58:12] STATS ticks=436974 symbols=134 pos=no daily_pnl=+0 drops=0
[MOVE_SUB_A] [16:59:12] STATS ticks=437398 symbols=134 pos=no daily_pnl=+0 drops=0
[MOVE_SUB_A] [17:00:12] STATS ticks=437656 symbols=134 pos=no daily_pnl=+0 drops=0
[MOVE_SUB_A] [17:01:13] STATS ticks=437860 symbols=134 pos=no daily_pnl=+0 drops=0
  QUALITY_GATE symbol=SKYQ gate=no_reentry result=PASS losses=0/1 trades=0/2
[MOVE_SUB_A] [17:02:14] STATS ticks=438044 symbols=134 pos=no daily_pnl=+0 drops=0
[MOVE_SUB_A] [17:03:15] STATS ticks=438148 symbols=134 pos=no daily_pnl=+0 drops=0
[MOVE_SUB_A] [17:04:15] STATS ticks=438259 symbols=134 pos=no daily_pnl=+0 drops=0
[MOVE_SUB_A] [17:05:16] STATS ticks=438338 symbols=134 pos=no daily_pnl=+0 drops=0
[MOVE_SUB_A] [17:06:16] STATS ticks=438423 symbols=134 pos=no daily_pnl=+0 drops=0
[MOVE_SUB_A] [17:07:17] STATS ticks=438523 symbols=134 pos=no daily_pnl=+0 drops=0
[MOVE_SUB_A] [17:08:17] STATS ticks=438597 symbols=134 pos=no daily_pnl=+0 drops=0
[MOVE_SUB_A] [17:09:18] STATS ticks=438823 symbols=134 pos=no daily_pnl=+0 drops=0
[MOVE_SUB_A] [17:10:18] STATS ticks=439057 symbols=134 pos=no daily_pnl=+0 drops=0
[MOVE_SUB_A] [17:11:19] STATS ticks=439221 symbols=134 pos=no daily_pnl=+0 drops=0
  QUALITY_GATE symbol=JEM gate=no_reentry result=PASS losses=0/1 trades=0/2
[MOVE_SUB_A] [17:12:19] STATS ticks=440205 symbols=134 pos=no daily_pnl=+0 drops=0
[MOVE_SUB_A] [17:13:20] STATS ticks=442277 symbols=134 pos=no daily_pnl=+0 drops=0
[MOVE_SUB_A] [17:14:20] STATS ticks=443917 symbols=134 pos=no daily_pnl=+0 drops=0
[MOVE_SUB_A] [17:15:20] STATS ticks=444884 symbols=134 pos=no daily_pnl=+0 drops=0
[MOVE_SUB_A] [17:16:20] STATS ticks=445609 symbols=134 pos=no daily_pnl=+0 drops=0
[MOVE_SUB_A] [17:17:21] STATS ticks=446384 symbols=134 pos=no daily_pnl=+0 drops=0
[MOVE_SUB_A] [17:18:21] STATS ticks=446892 symbols=134 pos=no daily_pnl=+0 drops=0
[MOVE_SUB_A] [17:19:22] STATS ticks=447555 symbols=134 pos=no daily_pnl=+0 drops=0
[MOVE_SUB_A] [17:20:22] STATS ticks=447898 symbols=134 pos=no daily_pnl=+0 drops=0
  QUALITY_GATE symbol=JEM gate=no_reentry result=PASS losses=0/1 trades=0/2
[MOVE_SUB_A] [17:21:22] STATS ticks=449430 symbols=134 pos=no daily_pnl=+0 drops=0
[MOVE_SUB_A] [17:22:23] STATS ticks=450751 symbols=134 pos=no daily_pnl=+0 drops=0
[MOVE_SUB_A] [17:23:24] STATS ticks=451662 symbols=134 pos=no daily_pnl=+0 drops=0
  QUALITY_GATE symbol=JEM gate=no_reentry result=PASS losses=0/1 trades=0/2
[MOVE_SUB_A] [17:24:24] STATS ticks=453063 symbols=134 pos=no daily_pnl=+0 drops=0
[MOVE_SUB_A] [17:25:24] STATS ticks=453849 symbols=134 pos=no daily_pnl=+0 drops=0
[MOVE_SUB_A] [17:26:24] STATS ticks=454513 symbols=134 pos=no daily_pnl=+0 drops=0
[MOVE_SUB_A] [17:27:24] STATS ticks=455273 symbols=134 pos=no daily_pnl=+0 drops=0
[MOVE_SUB_A] [17:28:24] STATS ticks=455738 symbols=134 pos=no daily_pnl=+0 drops=0
[MOVE_SUB_A] [17:29:24] STATS ticks=456701 symbols=134 pos=no daily_pnl=+0 drops=0
[MOVE_SUB_A] [17:30:25] STATS ticks=457382 symbols=134 pos=no daily_pnl=+0 drops=0
[MOVE_SUB_A] [17:31:26] STATS ticks=458010 symbols=134 pos=no daily_pnl=+0 drops=0
[MOVE_SUB_A] [17:32:26] STATS ticks=458507 symbols=134 pos=no daily_pnl=+0 drops=0
[MOVE_SUB_A] [17:33:27] STATS ticks=459646 symbols=134 pos=no daily_pnl=+0 drops=0
[MOVE_SUB_A] [17:34:27] STATS ticks=460370 symbols=134 pos=no daily_pnl=+0 drops=0
[MOVE_SUB_A] [17:35:28] STATS ticks=460860 symbols=134 pos=no daily_pnl=+0 drops=0
[MOVE_SUB_A] [17:36:28] STATS ticks=461154 symbols=134 pos=no daily_pnl=+0 drops=0
[MOVE_SUB_A] [17:37:28] STATS ticks=462488 symbols=134 pos=no daily_pnl=+0 drops=0
[MOVE_SUB_A] [17:38:29] STATS ticks=463405 symbols=134 pos=no daily_pnl=+0 drops=0
[MOVE_SUB_A] [17:39:29] STATS ticks=463880 symbols=134 pos=no daily_pnl=+0 drops=0
[MOVE_SUB_A] [17:40:30] STATS ticks=464296 symbols=134 pos=no daily_pnl=+0 drops=0
[MOVE_SUB_A] [17:41:30] STATS ticks=464629 symbols=134 pos=no daily_pnl=+0 drops=0
[MOVE_SUB_A] [17:42:30] STATS ticks=464933 symbols=134 pos=no daily_pnl=+0 drops=0
[MOVE_SUB_A] [17:43:30] STATS ticks=465204 symbols=134 pos=no daily_pnl=+0 drops=0
[MOVE_SUB_A] [17:44:31] STATS ticks=465640 symbols=134 pos=no daily_pnl=+0 drops=0
[MOVE_SUB_A] [17:45:31] STATS ticks=466031 symbols=134 pos=no daily_pnl=+0 drops=0
[MOVE_SUB_A] [17:46:32] STATS ticks=466250 symbols=134 pos=no daily_pnl=+0 drops=0
[MOVE_SUB_A] [17:47:32] STATS ticks=466576 symbols=134 pos=no daily_pnl=+0 drops=0
[MOVE_SUB_A] [17:48:33] STATS ticks=466728 symbols=134 pos=no daily_pnl=+0 drops=0
[MOVE_SUB_A] [17:49:33] STATS ticks=466886 symbols=134 pos=no daily_pnl=+0 drops=0
[MOVE_SUB_A] [17:50:33] STATS ticks=467286 symbols=134 pos=no daily_pnl=+0 drops=0
[MOVE_SUB_A] [17:51:34] STATS ticks=467854 symbols=134 pos=no daily_pnl=+0 drops=0
[MOVE_SUB_A] [17:52:36] STATS ticks=468104 symbols=134 pos=no daily_pnl=+0 drops=0
[MOVE_SUB_A] [17:53:37] STATS ticks=468324 symbols=134 pos=no daily_pnl=+0 drops=0
[MOVE_SUB_A] [17:54:38] STATS ticks=468520 symbols=134 pos=no daily_pnl=+0 drops=0
[MOVE_SUB_A] [17:55:38] STATS ticks=468668 symbols=134 pos=no daily_pnl=+0 drops=0
[MOVE_SUB_A] [17:56:41] STATS ticks=468862 symbols=134 pos=no daily_pnl=+0 drops=0
[MOVE_SUB_A] [17:57:42] STATS ticks=469107 symbols=134 pos=no daily_pnl=+0 drops=0
[MOVE_SUB_A] [17:58:42] STATS ticks=469368 symbols=134 pos=no daily_pnl=+0 drops=0
[MOVE_SUB_A] [17:59:42] STATS ticks=469565 symbols=134 pos=no daily_pnl=+0 drops=0
[MOVE_SUB_A] [18:00:43] STATS ticks=469870 symbols=134 pos=no daily_pnl=+0 drops=0
[MOVE_SUB_A] [18:01:43] STATS ticks=469999 symbols=134 pos=no daily_pnl=+0 drops=0
[MOVE_SUB_A] [18:02:45] STATS ticks=470147 symbols=134 pos=no daily_pnl=+0 drops=0
  QUALITY_GATE symbol=SKYQ gate=no_reentry result=PASS losses=0/1 trades=0/2
[MOVE_SUB_A] [18:03:47] STATS ticks=470315 symbols=134 pos=no daily_pnl=+0 drops=0
[MOVE_SUB_A] [18:04:48] STATS ticks=470471 symbols=134 pos=no daily_pnl=+0 drops=0
[MOVE_SUB_A] [18:05:49] STATS ticks=470636 symbols=134 pos=no daily_pnl=+0 drops=0
[MOVE_SUB_A] [18:06:49] STATS ticks=470840 symbols=134 pos=no daily_pnl=+0 drops=0
[MOVE_SUB_A] [18:07:49] STATS ticks=470999 symbols=134 pos=no daily_pnl=+0 drops=0
[MOVE_SUB_A] [18:08:49] STATS ticks=471177 symbols=134 pos=no daily_pnl=+0 drops=0
  QUALITY_GATE symbol=SKYQ gate=no_reentry result=PASS losses=0/1 trades=0/2
[MOVE_SUB_A] [18:09:49] STATS ticks=471483 symbols=134 pos=no daily_pnl=+0 drops=0
[MOVE_SUB_A] [18:10:50] STATS ticks=471757 symbols=134 pos=no daily_pnl=+0 drops=0
[MOVE_SUB_A] [18:11:52] STATS ticks=471976 symbols=134 pos=no daily_pnl=+0 drops=0
[MOVE_SUB_A] [18:12:52] STATS ticks=472163 symbols=134 pos=no daily_pnl=+0 drops=0
[MOVE_SUB_A] [18:13:52] STATS ticks=472388 symbols=134 pos=no daily_pnl=+0 drops=0
[MOVE_SUB_A] [18:14:52] STATS ticks=472547 symbols=134 pos=no daily_pnl=+0 drops=0
[MOVE_SUB_A] [18:15:54] STATS ticks=472693 symbols=134 pos=no daily_pnl=+0 drops=0
[MOVE_SUB_A] [18:16:55] STATS ticks=472888 symbols=134 pos=no daily_pnl=+0 drops=0
[MOVE_SUB_A] [18:17:57] STATS ticks=473059 symbols=134 pos=no daily_pnl=+0 drops=0
[MOVE_SUB_A] [18:18:58] STATS ticks=473201 symbols=134 pos=no daily_pnl=+0 drops=0
[MOVE_SUB_A] [18:19:58] STATS ticks=473333 symbols=134 pos=no daily_pnl=+0 drops=0
[MOVE_SUB_A] [18:20:59] STATS ticks=473453 symbols=134 pos=no daily_pnl=+0 drops=0
[MOVE_SUB_A] [18:21:59] STATS ticks=473615 symbols=134 pos=no daily_pnl=+0 drops=0
[MOVE_SUB_A] [18:22:59] STATS ticks=474018 symbols=134 pos=no daily_pnl=+0 drops=0
[MOVE_SUB_A] [18:24:00] STATS ticks=474192 symbols=134 pos=no daily_pnl=+0 drops=0
[MOVE_SUB_A] [18:25:00] STATS ticks=474428 symbols=134 pos=no daily_pnl=+0 drops=0
[MOVE_SUB_A] [18:26:00] STATS ticks=474600 symbols=134 pos=no daily_pnl=+0 drops=0
[MOVE_SUB_A] [18:27:02] STATS ticks=474807 symbols=134 pos=no daily_pnl=+0 drops=0
[MOVE_SUB_A] [18:28:04] STATS ticks=474922 symbols=134 pos=no daily_pnl=+0 drops=0
[MOVE_SUB_A] [18:29:04] STATS ticks=475047 symbols=134 pos=no daily_pnl=+0 drops=0
[MOVE_SUB_A] [18:30:06] STATS ticks=475153 symbols=134 pos=no daily_pnl=+0 drops=0
[MOVE_SUB_A] [18:31:07] STATS ticks=475258 symbols=134 pos=no daily_pnl=+0 drops=0
[MOVE_SUB_A] [18:32:08] STATS ticks=475418 symbols=134 pos=no daily_pnl=+0 drops=0
[MOVE_SUB_A] [18:33:08] STATS ticks=475581 symbols=134 pos=no daily_pnl=+0 drops=0
[MOVE_SUB_A] [18:34:08] STATS ticks=475689 symbols=134 pos=no daily_pnl=+0 drops=0
[MOVE_SUB_A] [18:35:08] STATS ticks=475756 symbols=134 pos=no daily_pnl=+0 drops=0
[MOVE_SUB_A] [18:36:09] STATS ticks=475929 symbols=134 pos=no daily_pnl=+0 drops=0
[MOVE_SUB_A] [18:37:09] STATS ticks=476252 symbols=134 pos=no daily_pnl=+0 drops=0
[MOVE_SUB_A] [18:38:09] STATS ticks=476826 symbols=134 pos=no daily_pnl=+0 drops=0
[MOVE_SUB_A] [18:39:10] STATS ticks=477401 symbols=134 pos=no daily_pnl=+0 drops=0
[MOVE_SUB_A] [18:40:10] STATS ticks=477831 symbols=134 pos=no daily_pnl=+0 drops=0
[MOVE_SUB_A] [18:41:10] STATS ticks=478107 symbols=134 pos=no daily_pnl=+0 drops=0
[MOVE_SUB_A] [18:42:10] STATS ticks=478570 symbols=134 pos=no daily_pnl=+0 drops=0
[MOVE_SUB_A] [18:43:10] STATS ticks=478782 symbols=134 pos=no daily_pnl=+0 drops=0
[MOVE_SUB_A] [18:44:11] STATS ticks=479009 symbols=134 pos=no daily_pnl=+0 drops=0
[MOVE_SUB_A] [18:45:11] STATS ticks=479251 symbols=134 pos=no daily_pnl=+0 drops=0
[MOVE_SUB_A] [18:46:12] STATS ticks=479537 symbols=134 pos=no daily_pnl=+0 drops=0
[MOVE_SUB_A] [18:47:13] STATS ticks=479703 symbols=134 pos=no daily_pnl=+0 drops=0
  QUALITY_GATE symbol=JEM gate=no_reentry result=PASS losses=0/1 trades=0/2
[MOVE_SUB_A] [18:48:14] STATS ticks=480027 symbols=134 pos=no daily_pnl=+0 drops=0
[MOVE_SUB_A] [18:49:14] STATS ticks=480280 symbols=134 pos=no daily_pnl=+0 drops=0
[MOVE_SUB_A] [18:50:14] STATS ticks=480546 symbols=134 pos=no daily_pnl=+0 drops=0
[MOVE_SUB_A] [18:51:14] STATS ticks=480943 symbols=134 pos=no daily_pnl=+0 drops=0
[MOVE_SUB_A] [18:52:15] STATS ticks=481223 symbols=134 pos=no daily_pnl=+0 drops=0
[MOVE_SUB_A] [18:53:15] STATS ticks=481515 symbols=134 pos=no daily_pnl=+0 drops=0
[MOVE_SUB_A] [18:54:15] STATS ticks=481737 symbols=134 pos=no daily_pnl=+0 drops=0
[MOVE_SUB_A] [18:55:15] STATS ticks=481895 symbols=134 pos=no daily_pnl=+0 drops=0
[MOVE_SUB_A] [18:56:15] STATS ticks=482089 symbols=134 pos=no daily_pnl=+0 drops=0
[MOVE_SUB_A] [18:57:15] STATS ticks=482261 symbols=134 pos=no daily_pnl=+0 drops=0
[MOVE_SUB_A] [18:58:16] STATS ticks=482466 symbols=134 pos=no daily_pnl=+0 drops=0
[MOVE_SUB_A] [18:59:18] STATS ticks=482582 symbols=134 pos=no daily_pnl=+0 drops=0
[MOVE_SUB_A] [19:00:19] STATS ticks=482708 symbols=134 pos=no daily_pnl=+0 drops=0
[MOVE_SUB_A] [19:01:19] STATS ticks=482832 symbols=134 pos=no daily_pnl=+0 drops=0
[MOVE_SUB_A] [19:02:20] STATS ticks=482951 symbols=134 pos=no daily_pnl=+0 drops=0
[MOVE_SUB_A] [19:03:22] STATS ticks=483048 symbols=134 pos=no daily_pnl=+0 drops=0
[MOVE_SUB_A] [19:04:22] STATS ticks=483177 symbols=134 pos=no daily_pnl=+0 drops=0
[MOVE_SUB_A] [19:05:23] STATS ticks=483321 symbols=134 pos=no daily_pnl=+0 drops=0
[MOVE_SUB_A] [19:06:24] STATS ticks=483412 symbols=134 pos=no daily_pnl=+0 drops=0
[MOVE_SUB_A] [19:07:24] STATS ticks=483517 symbols=134 pos=no daily_pnl=+0 drops=0
[MOVE_SUB_A] [19:08:25] STATS ticks=483599 symbols=134 pos=no daily_pnl=+0 drops=0
[MOVE_SUB_A] [19:09:26] STATS ticks=483779 symbols=134 pos=no daily_pnl=+0 drops=0
[MOVE_SUB_A] [19:10:28] STATS ticks=483899 symbols=134 pos=no daily_pnl=+0 drops=0
[MOVE_SUB_A] [19:11:28] STATS ticks=484072 symbols=134 pos=no daily_pnl=+0 drops=0
[MOVE_SUB_A] [19:12:30] STATS ticks=484218 symbols=134 pos=no daily_pnl=+0 drops=0
[MOVE_SUB_A] [19:13:31] STATS ticks=484316 symbols=134 pos=no daily_pnl=+0 drops=0
[MOVE_SUB_A] [19:14:32] STATS ticks=484413 symbols=134 pos=no daily_pnl=+0 drops=0
[MOVE_SUB_A] [19:15:32] STATS ticks=484482 symbols=134 pos=no daily_pnl=+0 drops=0
[MOVE_SUB_A] [19:16:33] STATS ticks=484571 symbols=134 pos=no daily_pnl=+0 drops=0
[MOVE_SUB_A] [19:17:34] STATS ticks=484657 symbols=134 pos=no daily_pnl=+0 drops=0
[MOVE_SUB_A] [19:18:35] STATS ticks=484777 symbols=134 pos=no daily_pnl=+0 drops=0
[MOVE_SUB_A] [19:19:35] STATS ticks=484819 symbols=134 pos=no daily_pnl=+0 drops=0
[MOVE_SUB_A] [19:20:36] STATS ticks=484885 symbols=134 pos=no daily_pnl=+0 drops=0
[MOVE_SUB_A] [19:21:36] STATS ticks=484959 symbols=134 pos=no daily_pnl=+0 drops=0
[MOVE_SUB_A] [19:22:37] STATS ticks=485047 symbols=134 pos=no daily_pnl=+0 drops=0
[MOVE_SUB_A] [19:23:38] STATS ticks=485117 symbols=134 pos=no daily_pnl=+0 drops=0
[MOVE_SUB_A] [19:24:39] STATS ticks=485191 symbols=134 pos=no daily_pnl=+0 drops=0
[MOVE_SUB_A] [19:25:41] STATS ticks=485352 symbols=134 pos=no daily_pnl=+0 drops=0
[MOVE_SUB_A] [19:26:41] STATS ticks=485460 symbols=134 pos=no daily_pnl=+0 drops=0
[MOVE_SUB_A] [19:27:42] STATS ticks=485595 symbols=134 pos=no daily_pnl=+0 drops=0
[MOVE_SUB_A] [19:28:43] STATS ticks=485797 symbols=134 pos=no daily_pnl=+0 drops=0
[MOVE_SUB_A] [19:29:43] STATS ticks=486154 symbols=134 pos=no daily_pnl=+0 drops=0
[MOVE_SUB_A] [19:30:43] STATS ticks=486311 symbols=134 pos=no daily_pnl=+0 drops=0
[MOVE_SUB_A] [19:31:44] STATS ticks=486391 symbols=134 pos=no daily_pnl=+0 drops=0
[MOVE_SUB_A] [19:32:45] STATS ticks=486497 symbols=134 pos=no daily_pnl=+0 drops=0
[MOVE_SUB_A] [19:33:45] STATS ticks=486577 symbols=134 pos=no daily_pnl=+0 drops=0
[MOVE_SUB_A] [19:34:46] STATS ticks=486686 symbols=134 pos=no daily_pnl=+0 drops=0
[MOVE_SUB_A] [19:35:46] STATS ticks=486782 symbols=134 pos=no daily_pnl=+0 drops=0
[MOVE_SUB_A] [19:36:47] STATS ticks=486871 symbols=134 pos=no daily_pnl=+0 drops=0
[MOVE_SUB_A] [19:37:47] STATS ticks=487009 symbols=134 pos=no daily_pnl=+0 drops=0
[MOVE_SUB_A] [19:38:47] STATS ticks=487105 symbols=134 pos=no daily_pnl=+0 drops=0
[MOVE_SUB_A] [19:39:48] STATS ticks=487213 symbols=134 pos=no daily_pnl=+0 drops=0
[MOVE_SUB_A] [19:40:51] STATS ticks=487315 symbols=134 pos=no daily_pnl=+0 drops=0
[MOVE_SUB_A] [19:41:53] STATS ticks=487453 symbols=134 pos=no daily_pnl=+0 drops=0
[MOVE_SUB_A] [19:42:54] STATS ticks=487628 symbols=134 pos=no daily_pnl=+0 drops=0
[MOVE_SUB_A] [19:43:57] STATS ticks=487730 symbols=134 pos=no daily_pnl=+0 drops=0
[MOVE_SUB_A] [19:44:58] STATS ticks=487840 symbols=134 pos=no daily_pnl=+0 drops=0
[MOVE_SUB_A] [19:45:59] STATS ticks=487915 symbols=134 pos=no daily_pnl=+0 drops=0
[MOVE_SUB_A] [19:46:59] STATS ticks=488030 symbols=134 pos=no daily_pnl=+0 drops=0
[MOVE_SUB_A] [19:47:59] STATS ticks=488135 symbols=134 pos=no daily_pnl=+0 drops=0
[MOVE_SUB_A] [19:49:00] STATS ticks=488197 symbols=134 pos=no daily_pnl=+0 drops=0
[MOVE_SUB_A] [19:50:00] STATS ticks=488295 symbols=134 pos=no daily_pnl=+0 drops=0
[MOVE_SUB_A] [19:51:00] STATS ticks=488395 symbols=134 pos=no daily_pnl=+0 drops=0
[MOVE_SUB_A] [19:52:00] STATS ticks=488483 symbols=134 pos=no daily_pnl=+0 drops=0
[MOVE_SUB_A] [19:53:01] STATS ticks=488574 symbols=134 pos=no daily_pnl=+0 drops=0
[MOVE_SUB_A] [19:54:02] STATS ticks=488621 symbols=134 pos=no daily_pnl=+0 drops=0
[MOVE_SUB_A] [19:55:03] STATS ticks=488691 symbols=134 pos=no daily_pnl=+0 drops=0
[MOVE_SUB_A] [19:56:03] STATS ticks=488773 symbols=134 pos=no daily_pnl=+0 drops=0
[MOVE_SUB_A] [19:57:03] STATS ticks=488889 symbols=134 pos=no daily_pnl=+0 drops=0
[MOVE_SUB_A] [19:58:04] STATS ticks=488968 symbols=134 pos=no daily_pnl=+0 drops=0
[MOVE_SUB_A] [19:59:05] STATS ticks=489097 symbols=134 pos=no daily_pnl=+0 drops=0
[MOVE_SUB_A] socket closed by peer — reconnecting
[MOVE_SUB_A] engine socket not ready yet (ConnectionRefusedError(61, 'Connection refused')) — retrying every 2s
[MOVE_SUB_A] [20:02:49] connected to engine (/tmp/warrior_engine.sock) attempt=78
[MOVE_SUB_A] socket closed by peer — reconnecting
[MOVE_SUB_A] engine socket not ready yet (ConnectionRefusedError(61, 'Connection refused')) — retrying every 2s
[MOVE_SUB_A] signal 15 received — stopping
[MOVE_SUB_A] consume loop exited
