Wrote: /Users/duffy/warrior_bot_v2/cowork_reports/2026-07-31_abc_daily_report.md
# A/B/C Daily Report — 2026-07-31

Per `cowork_reports/2026-05-23_live_abc_fade_gate_test_directive.md`.

⚠️ **DATA QUALITY DEGRADED** — one or more symbols had `DIRECT_QUERY_WEDGE` audit events today. Variant comparison below reflects partial data. See Data Quality Audit section.

## Account / log snapshot

| Variant | Label | Equity | Day P&L | Day orders (buy/total) | Log entries | Gate blocks | Regime triggers |
|---|---|---:|---:|---:|---:|---:|---:|
| A | FIRESTORM-gate | +$4,589.68 | -$249.03 | 4 / 8 | 4 | 0 | 0 |
| B | FIRESTORM-gate + Track A | err: {"message": "unautho | err: {"message": "unautho | err: {"message": "unautho | — | — | — |
| C | REENTRY-loss-gate | +$1,817.41 | +$0.00 | 0 / 0 | 0 | 8980 | 0 |

### Variant A — FIRESTORM-gate

- MOVE_STRIKE entries: 4
- REGIME_SHIFT entries: 0
- Exits: 4
- Regime-shift partials fired: 0
- Fade-gate blocks: 0 (0 unique symbols)
- Symbols traded: FCUV, SKDD

### Variant B — FIRESTORM-gate + Track A

- log error: `no_log` (path: `/Users/duffy/warrior_bot_v2/logs/2026-07-31_move_strike_subbot_B.log`)

### Variant C — REENTRY-loss-gate

- MOVE_STRIKE entries: 0
- REGIME_SHIFT entries: 0
- Exits: 0
- Regime-shift partials fired: 0
- Fade-gate blocks: 0 (0 unique symbols)
- FIRESTORM-gate blocks: 8980 (1 unique symbols)

## Data Quality Audit

- Audit lines parsed: 3411
- Symbols flagged HEURISTIC_SUSPECT: 4
- Symbols with DIRECT_QUERY_WEDGE events: 2

| Symbol | OK | Suspect | Wedge | Min obs/truth | Last obs vs truth |
|---|---:|---:|---:|---:|---|
| SKDD | 457 | 7 | 1 | 0.010 | 16013 / 5944 |
| SNXX | 464 | 0 | 1 | 0.031 | 242990 / 241851 |
| MODD | 127 | 51 | 0 | 1.717 | 801 / 300 |
| LFS | 419 | 49 | 0 | 0.176 | 10200 / 4390 |
| AXTX | 462 | 3 | 0 | 0.255 | 28318 / 5566 |

## Running totals (cumulative)

| Variant | Days | Cumulative P&L |
|---|---:|---:|
| A | 49 | +$1,662.94 |
| B | 49 | -$4,183.34 |
| C | 49 | +$331.63 |

