[MOVE_SUB_C] Alpaca PAPER connected — account=PA3EJCP9X2UC equity=$1,817
[MOVE_SUB_C] filters: equity_pct=0.7 block_windows=[(570, 660), (780, 840)] loss_lockout=True
[MOVE_SUB_C] starting consume loop
[MOVE_SUB_C] [04:00:45] connected to engine (/tmp/warrior_engine.sock) attempt=1
[MOVE_SUB_C] [04:01:46] STATS ticks=0 symbols=0 pos=no daily_pnl=+0 drops=0
[MOVE_SUB_C] [04:02:46] STATS ticks=0 symbols=0 pos=no daily_pnl=+0 drops=0
[MOVE_SUB_C] [04:03:47] STATS ticks=0 symbols=0 pos=no daily_pnl=+0 drops=0
[MOVE_SUB_C] [04:04:48] STATS ticks=0 symbols=0 pos=no daily_pnl=+0 drops=0
[MOVE_SUB_C] [04:05:49] STATS ticks=0 symbols=0 pos=no daily_pnl=+0 drops=0
[MOVE_SUB_C] [04:06:50] STATS ticks=0 symbols=0 pos=no daily_pnl=+0 drops=0
[MOVE_SUB_C] [04:07:51] STATS ticks=0 symbols=0 pos=no daily_pnl=+0 drops=0
[MOVE_SUB_C] [04:08:53] STATS ticks=0 symbols=0 pos=no daily_pnl=+0 drops=0
[MOVE_SUB_C] [04:09:54] STATS ticks=0 symbols=0 pos=no daily_pnl=+0 drops=0
[MOVE_SUB_C] [04:10:56] STATS ticks=0 symbols=0 pos=no daily_pnl=+0 drops=0
[MOVE_SUB_C] [04:11:57] STATS ticks=0 symbols=0 pos=no daily_pnl=+0 drops=0
[MOVE_SUB_C] [04:12:58] STATS ticks=0 symbols=0 pos=no daily_pnl=+0 drops=0
[MOVE_SUB_C] [04:13:59] STATS ticks=0 symbols=0 pos=no daily_pnl=+0 drops=0
[MOVE_SUB_C] [04:15:00] STATS ticks=0 symbols=0 pos=no daily_pnl=+0 drops=0
[MOVE_SUB_C] [04:16:01] STATS ticks=0 symbols=0 pos=no daily_pnl=+0 drops=0
[MOVE_SUB_C] [04:17:03] STATS ticks=0 symbols=0 pos=no daily_pnl=+0 drops=0
[MOVE_SUB_C] [04:18:04] STATS ticks=0 symbols=0 pos=no daily_pnl=+0 drops=0
[MOVE_SUB_C] [04:19:05] STATS ticks=0 symbols=0 pos=no daily_pnl=+0 drops=0
[MOVE_SUB_C] [04:20:07] STATS ticks=0 symbols=0 pos=no daily_pnl=+0 drops=0
[MOVE_SUB_C] [04:21:08] STATS ticks=0 symbols=0 pos=no daily_pnl=+0 drops=0
[MOVE_SUB_C] [04:22:09] STATS ticks=0 symbols=0 pos=no daily_pnl=+0 drops=0
[MOVE_SUB_C] [04:23:10] STATS ticks=0 symbols=0 pos=no daily_pnl=+0 drops=0
[MOVE_SUB_C] [04:24:12] STATS ticks=0 symbols=0 pos=no daily_pnl=+0 drops=0
[MOVE_SUB_C] [04:25:13] STATS ticks=0 symbols=0 pos=no daily_pnl=+0 drops=0
[MOVE_SUB_C] [04:26:15] STATS ticks=0 symbols=0 pos=no daily_pnl=+0 drops=0
[MOVE_SUB_C] [04:27:16] STATS ticks=0 symbols=0 pos=no daily_pnl=+0 drops=0
[MOVE_SUB_C] [04:28:17] STATS ticks=0 symbols=0 pos=no daily_pnl=+0 drops=0
[MOVE_SUB_C] [04:29:18] STATS ticks=0 symbols=0 pos=no daily_pnl=+0 drops=0
[MOVE_SUB_C] [04:30:19] STATS ticks=0 symbols=0 pos=no daily_pnl=+0 drops=0
[MOVE_SUB_C] [04:31:20] STATS ticks=0 symbols=0 pos=no daily_pnl=+0 drops=0
[MOVE_SUB_C] [04:32:22] STATS ticks=0 symbols=0 pos=no daily_pnl=+0 drops=0
[MOVE_SUB_C] [04:33:23] STATS ticks=0 symbols=0 pos=no daily_pnl=+0 drops=0
[MOVE_SUB_C] [04:34:24] STATS ticks=0 symbols=0 pos=no daily_pnl=+0 drops=0
[MOVE_SUB_C] [04:35:25] STATS ticks=0 symbols=0 pos=no daily_pnl=+0 drops=0
[MOVE_SUB_C] [04:36:27] STATS ticks=0 symbols=0 pos=no daily_pnl=+0 drops=0
[MOVE_SUB_C] [04:37:28] STATS ticks=0 symbols=0 pos=no daily_pnl=+0 drops=0
[MOVE_SUB_C] [04:38:30] STATS ticks=0 symbols=0 pos=no daily_pnl=+0 drops=0
[MOVE_SUB_C] [04:39:31] STATS ticks=0 symbols=0 pos=no daily_pnl=+0 drops=0
[MOVE_SUB_C] [04:40:32] STATS ticks=0 symbols=0 pos=no daily_pnl=+0 drops=0
[MOVE_SUB_C] [04:41:34] STATS ticks=0 symbols=0 pos=no daily_pnl=+0 drops=0
[MOVE_SUB_C] [04:42:35] STATS ticks=0 symbols=0 pos=no daily_pnl=+0 drops=0
[MOVE_SUB_C] [04:43:36] STATS ticks=0 symbols=0 pos=no daily_pnl=+0 drops=0
[MOVE_SUB_C] [04:44:38] STATS ticks=0 symbols=0 pos=no daily_pnl=+0 drops=0
[MOVE_SUB_C] [04:45:39] STATS ticks=0 symbols=0 pos=no daily_pnl=+0 drops=0
[MOVE_SUB_C] [04:46:41] STATS ticks=0 symbols=0 pos=no daily_pnl=+0 drops=0
[MOVE_SUB_C] [04:47:42] STATS ticks=0 symbols=0 pos=no daily_pnl=+0 drops=0
[MOVE_SUB_C] [04:48:43] STATS ticks=0 symbols=0 pos=no daily_pnl=+0 drops=0
[MOVE_SUB_C] [04:49:45] STATS ticks=0 symbols=0 pos=no daily_pnl=+0 drops=0
[MOVE_SUB_C] [04:50:46] STATS ticks=0 symbols=0 pos=no daily_pnl=+0 drops=0
[MOVE_SUB_C] [04:51:48] STATS ticks=0 symbols=0 pos=no daily_pnl=+0 drops=0
[MOVE_SUB_C] [04:52:49] STATS ticks=0 symbols=0 pos=no daily_pnl=+0 drops=0
[MOVE_SUB_C] [04:53:50] STATS ticks=0 symbols=0 pos=no daily_pnl=+0 drops=0
[MOVE_SUB_C] [04:54:52] STATS ticks=0 symbols=0 pos=no daily_pnl=+0 drops=0
[MOVE_SUB_C] [04:55:53] STATS ticks=0 symbols=0 pos=no daily_pnl=+0 drops=0
[MOVE_SUB_C] [04:56:54] STATS ticks=0 symbols=0 pos=no daily_pnl=+0 drops=0
[MOVE_SUB_C] [04:57:56] STATS ticks=0 symbols=0 pos=no daily_pnl=+0 drops=0
[MOVE_SUB_C] [04:58:57] STATS ticks=0 symbols=0 pos=no daily_pnl=+0 drops=0
[MOVE_SUB_C] [04:59:59] STATS ticks=0 symbols=0 pos=no daily_pnl=+0 drops=0
[MOVE_SUB_C] [05:01:00] STATS ticks=0 symbols=0 pos=no daily_pnl=+0 drops=0
[MOVE_SUB_C] [05:02:01] STATS ticks=0 symbols=0 pos=no daily_pnl=+0 drops=0
[MOVE_SUB_C] [05:03:03] STATS ticks=0 symbols=0 pos=no daily_pnl=+0 drops=0
[MOVE_SUB_C] [05:04:04] STATS ticks=0 symbols=0 pos=no daily_pnl=+0 drops=0
[MOVE_SUB_C] [05:05:05] STATS ticks=0 symbols=0 pos=no daily_pnl=+0 drops=0
[MOVE_SUB_C] [05:06:07] STATS ticks=0 symbols=0 pos=no daily_pnl=+0 drops=0
[MOVE_SUB_C] [05:07:08] STATS ticks=0 symbols=0 pos=no daily_pnl=+0 drops=0
[MOVE_SUB_C] [05:08:10] STATS ticks=0 symbols=0 pos=no daily_pnl=+0 drops=0
[MOVE_SUB_C] [05:09:11] STATS ticks=0 symbols=0 pos=no daily_pnl=+0 drops=0
[MOVE_SUB_C] [05:10:12] STATS ticks=0 symbols=0 pos=no daily_pnl=+0 drops=0
[MOVE_SUB_C] [05:11:13] STATS ticks=0 symbols=0 pos=no daily_pnl=+0 drops=0
[MOVE_SUB_C] [05:12:15] STATS ticks=0 symbols=0 pos=no daily_pnl=+0 drops=0
[MOVE_SUB_C] [05:13:16] STATS ticks=0 symbols=0 pos=no daily_pnl=+0 drops=0
[MOVE_SUB_C] [05:14:17] STATS ticks=0 symbols=0 pos=no daily_pnl=+0 drops=0
[MOVE_SUB_C] [05:15:18] STATS ticks=0 symbols=0 pos=no daily_pnl=+0 drops=0
[MOVE_SUB_C] [05:16:19] STATS ticks=0 symbols=0 pos=no daily_pnl=+0 drops=0
[MOVE_SUB_C] [05:17:21] STATS ticks=0 symbols=0 pos=no daily_pnl=+0 drops=0
[MOVE_SUB_C] socket closed by peer — reconnecting
[MOVE_SUB_C] engine socket not ready yet (ConnectionRefusedError(61, 'Connection refused')) — retrying every 2s
[MOVE_SUB_C] [05:18:11] connected to engine (/tmp/warrior_engine.sock) attempt=13
[MOVE_SUB_C] [05:18:26] STATS ticks=0 symbols=0 pos=no daily_pnl=+0 drops=0
[MOVE_SUB_C] [05:19:27] STATS ticks=0 symbols=0 pos=no daily_pnl=+0 drops=0
[MOVE_SUB_C] socket closed by peer — reconnecting
[MOVE_SUB_C] engine socket not ready yet (ConnectionRefusedError(61, 'Connection refused')) — retrying every 2s
[MOVE_SUB_C] [05:20:26] connected to engine (/tmp/warrior_engine.sock) attempt=8
[MOVE_SUB_C] [05:20:31] STATS ticks=0 symbols=0 pos=no daily_pnl=+0 drops=0
[MOVE_SUB_C] [05:21:32] STATS ticks=0 symbols=0 pos=no daily_pnl=+0 drops=0
[MOVE_SUB_C] [05:22:33] STATS ticks=0 symbols=0 pos=no daily_pnl=+0 drops=0
[MOVE_SUB_C] [05:23:34] STATS ticks=0 symbols=0 pos=no daily_pnl=+0 drops=0
[MOVE_SUB_C] [05:24:36] STATS ticks=0 symbols=0 pos=no daily_pnl=+0 drops=0
[MOVE_SUB_C] [05:25:37] STATS ticks=0 symbols=0 pos=no daily_pnl=+0 drops=0
[MOVE_SUB_C] [05:26:38] STATS ticks=0 symbols=0 pos=no daily_pnl=+0 drops=0
[MOVE_SUB_C] socket closed by peer — reconnecting
[MOVE_SUB_C] engine socket not ready yet (ConnectionRefusedError(61, 'Connection refused')) — retrying every 2s
[MOVE_SUB_C] [05:27:43] connected to engine (/tmp/warrior_engine.sock) attempt=8
[MOVE_SUB_C] [05:27:47] STATS ticks=0 symbols=0 pos=no daily_pnl=+0 drops=0
[MOVE_SUB_C] [05:28:48] STATS ticks=0 symbols=0 pos=no daily_pnl=+0 drops=0
[MOVE_SUB_C] socket closed by peer — reconnecting
[MOVE_SUB_C] engine socket not ready yet (ConnectionRefusedError(61, 'Connection refused')) — retrying every 2s
[MOVE_SUB_C] [05:29:59] connected to engine (/tmp/warrior_engine.sock) attempt=9
[MOVE_SUB_C] [05:30:03] STATS ticks=0 symbols=0 pos=no daily_pnl=+0 drops=0
[MOVE_SUB_C] [05:31:04] STATS ticks=0 symbols=0 pos=no daily_pnl=+0 drops=0
[MOVE_SUB_C] [05:32:05] STATS ticks=0 symbols=0 pos=no daily_pnl=+0 drops=0
[MOVE_SUB_C] [05:33:06] STATS ticks=0 symbols=0 pos=no daily_pnl=+0 drops=0
[MOVE_SUB_C] [05:34:08] STATS ticks=0 symbols=0 pos=no daily_pnl=+0 drops=0
[MOVE_SUB_C] [05:35:09] STATS ticks=0 symbols=0 pos=no daily_pnl=+0 drops=0
[MOVE_SUB_C] [05:36:11] STATS ticks=0 symbols=0 pos=no daily_pnl=+0 drops=0
[MOVE_SUB_C] [05:37:12] STATS ticks=0 symbols=0 pos=no daily_pnl=+0 drops=0
[MOVE_SUB_C] [05:38:14] STATS ticks=0 symbols=0 pos=no daily_pnl=+0 drops=0
[MOVE_SUB_C] [05:39:15] STATS ticks=0 symbols=0 pos=no daily_pnl=+0 drops=0
[MOVE_SUB_C] socket closed by peer — reconnecting
[MOVE_SUB_C] engine socket not ready yet (ConnectionRefusedError(61, 'Connection refused')) — retrying every 2s
[MOVE_SUB_C] [05:40:14] connected to engine (/tmp/warrior_engine.sock) attempt=7
[MOVE_SUB_C] [05:40:19] STATS ticks=0 symbols=0 pos=no daily_pnl=+0 drops=0
[MOVE_SUB_C] [05:41:20] STATS ticks=0 symbols=0 pos=no daily_pnl=+0 drops=0
[MOVE_SUB_C] socket closed by peer — reconnecting
[MOVE_SUB_C] engine socket not ready yet (ConnectionRefusedError(61, 'Connection refused')) — retrying every 2s
[MOVE_SUB_C] [05:42:30] connected to engine (/tmp/warrior_engine.sock) attempt=8
[MOVE_SUB_C] [05:42:34] STATS ticks=0 symbols=0 pos=no daily_pnl=+0 drops=0
[MOVE_SUB_C] [05:43:35] STATS ticks=0 symbols=0 pos=no daily_pnl=+0 drops=0
[MOVE_SUB_C] [05:44:37] STATS ticks=0 symbols=0 pos=no daily_pnl=+0 drops=0
[MOVE_SUB_C] [05:45:39] STATS ticks=0 symbols=0 pos=no daily_pnl=+0 drops=0
[MOVE_SUB_C] [05:46:40] STATS ticks=0 symbols=0 pos=no daily_pnl=+0 drops=0
[MOVE_SUB_C] [05:47:41] STATS ticks=0 symbols=0 pos=no daily_pnl=+0 drops=0
[MOVE_SUB_C] [05:48:42] STATS ticks=0 symbols=0 pos=no daily_pnl=+0 drops=0
[MOVE_SUB_C] [05:49:43] STATS ticks=0 symbols=0 pos=no daily_pnl=+0 drops=0
[MOVE_SUB_C] [05:50:45] STATS ticks=0 symbols=0 pos=no daily_pnl=+0 drops=0
[MOVE_SUB_C] [05:51:46] STATS ticks=0 symbols=0 pos=no daily_pnl=+0 drops=0
[MOVE_SUB_C] [05:52:47] STATS ticks=0 symbols=0 pos=no daily_pnl=+0 drops=0
[MOVE_SUB_C] [05:53:48] STATS ticks=0 symbols=0 pos=no daily_pnl=+0 drops=0
[MOVE_SUB_C] [05:54:49] STATS ticks=0 symbols=0 pos=no daily_pnl=+0 drops=0
[MOVE_SUB_C] [05:55:51] STATS ticks=0 symbols=0 pos=no daily_pnl=+0 drops=0
[MOVE_SUB_C] [05:56:52] STATS ticks=0 symbols=0 pos=no daily_pnl=+0 drops=0
[MOVE_SUB_C] [05:57:54] STATS ticks=0 symbols=0 pos=no daily_pnl=+0 drops=0
[MOVE_SUB_C] [05:58:55] STATS ticks=0 symbols=0 pos=no daily_pnl=+0 drops=0
[MOVE_SUB_C] [05:59:57] STATS ticks=0 symbols=0 pos=no daily_pnl=+0 drops=0
[MOVE_SUB_C] [06:00:58] STATS ticks=0 symbols=0 pos=no daily_pnl=+0 drops=0
[MOVE_SUB_C] [06:02:00] STATS ticks=0 symbols=0 pos=no daily_pnl=+0 drops=0
[MOVE_SUB_C] [06:03:01] STATS ticks=0 symbols=0 pos=no daily_pnl=+0 drops=0
[MOVE_SUB_C] [06:04:02] STATS ticks=0 symbols=0 pos=no daily_pnl=+0 drops=0
[MOVE_SUB_C] [06:05:04] STATS ticks=0 symbols=0 pos=no daily_pnl=+0 drops=0
[MOVE_SUB_C] [06:06:05] STATS ticks=0 symbols=0 pos=no daily_pnl=+0 drops=0
[MOVE_SUB_C] [06:07:07] STATS ticks=0 symbols=0 pos=no daily_pnl=+0 drops=0
[MOVE_SUB_C] [06:08:08] STATS ticks=0 symbols=0 pos=no daily_pnl=+0 drops=0
[MOVE_SUB_C] [06:09:10] STATS ticks=0 symbols=0 pos=no daily_pnl=+0 drops=0
[MOVE_SUB_C] [06:10:11] STATS ticks=0 symbols=0 pos=no daily_pnl=+0 drops=0
[MOVE_SUB_C] [06:11:13] STATS ticks=0 symbols=0 pos=no daily_pnl=+0 drops=0
[MOVE_SUB_C] [06:12:14] STATS ticks=0 symbols=0 pos=no daily_pnl=+0 drops=0
[MOVE_SUB_C] [06:13:16] STATS ticks=0 symbols=0 pos=no daily_pnl=+0 drops=0
[MOVE_SUB_C] [06:14:17] STATS ticks=0 symbols=0 pos=no daily_pnl=+0 drops=0
[MOVE_SUB_C] [06:15:18] STATS ticks=0 symbols=0 pos=no daily_pnl=+0 drops=0
[MOVE_SUB_C] [06:16:19] STATS ticks=0 symbols=0 pos=no daily_pnl=+0 drops=0
[MOVE_SUB_C] [06:17:21] STATS ticks=0 symbols=0 pos=no daily_pnl=+0 drops=0
[MOVE_SUB_C] [06:18:22] STATS ticks=0 symbols=0 pos=no daily_pnl=+0 drops=0
[MOVE_SUB_C] [06:19:24] STATS ticks=0 symbols=0 pos=no daily_pnl=+0 drops=0
[MOVE_SUB_C] [06:20:25] STATS ticks=0 symbols=0 pos=no daily_pnl=+0 drops=0
[MOVE_SUB_C] [06:21:26] STATS ticks=0 symbols=0 pos=no daily_pnl=+0 drops=0
[MOVE_SUB_C] [06:22:27] STATS ticks=0 symbols=0 pos=no daily_pnl=+0 drops=0
[MOVE_SUB_C] [06:23:29] STATS ticks=0 symbols=0 pos=no daily_pnl=+0 drops=0
[MOVE_SUB_C] [06:24:30] STATS ticks=0 symbols=0 pos=no daily_pnl=+0 drops=0
[MOVE_SUB_C] [06:25:32] STATS ticks=0 symbols=0 pos=no daily_pnl=+0 drops=0
[MOVE_SUB_C] [06:26:33] STATS ticks=0 symbols=0 pos=no daily_pnl=+0 drops=0
[MOVE_SUB_C] [06:27:34] STATS ticks=0 symbols=0 pos=no daily_pnl=+0 drops=0
[MOVE_SUB_C] [06:28:35] STATS ticks=0 symbols=0 pos=no daily_pnl=+0 drops=0
[MOVE_SUB_C] [06:29:37] STATS ticks=0 symbols=0 pos=no daily_pnl=+0 drops=0
[MOVE_SUB_C] [06:30:38] STATS ticks=0 symbols=0 pos=no daily_pnl=+0 drops=0
[MOVE_SUB_C] [06:31:39] STATS ticks=0 symbols=0 pos=no daily_pnl=+0 drops=0
[MOVE_SUB_C] [06:32:41] STATS ticks=0 symbols=0 pos=no daily_pnl=+0 drops=0
[MOVE_SUB_C] [06:33:42] STATS ticks=0 symbols=0 pos=no daily_pnl=+0 drops=0
[MOVE_SUB_C] [06:34:44] STATS ticks=0 symbols=0 pos=no daily_pnl=+0 drops=0
[MOVE_SUB_C] [06:35:45] STATS ticks=0 symbols=0 pos=no daily_pnl=+0 drops=0
[MOVE_SUB_C] [06:36:46] STATS ticks=0 symbols=0 pos=no daily_pnl=+0 drops=0
[MOVE_SUB_C] [06:37:47] STATS ticks=0 symbols=0 pos=no daily_pnl=+0 drops=0
[MOVE_SUB_C] [06:38:49] STATS ticks=0 symbols=0 pos=no daily_pnl=+0 drops=0
[MOVE_SUB_C] [06:39:50] STATS ticks=0 symbols=0 pos=no daily_pnl=+0 drops=0
[MOVE_SUB_C] [06:40:52] STATS ticks=0 symbols=0 pos=no daily_pnl=+0 drops=0
[MOVE_SUB_C] [06:41:53] STATS ticks=0 symbols=0 pos=no daily_pnl=+0 drops=0
[MOVE_SUB_C] [06:42:54] STATS ticks=0 symbols=0 pos=no daily_pnl=+0 drops=0
[MOVE_SUB_C] [06:43:55] STATS ticks=0 symbols=0 pos=no daily_pnl=+0 drops=0
[MOVE_SUB_C] [06:44:56] STATS ticks=0 symbols=0 pos=no daily_pnl=+0 drops=0
[MOVE_SUB_C] [06:45:57] STATS ticks=0 symbols=0 pos=no daily_pnl=+0 drops=0
[MOVE_SUB_C] [06:46:58] STATS ticks=0 symbols=0 pos=no daily_pnl=+0 drops=0
[MOVE_SUB_C] [06:48:00] STATS ticks=0 symbols=0 pos=no daily_pnl=+0 drops=0
[MOVE_SUB_C] [06:49:01] STATS ticks=0 symbols=0 pos=no daily_pnl=+0 drops=0
[MOVE_SUB_C] [06:50:03] STATS ticks=0 symbols=0 pos=no daily_pnl=+0 drops=0
[MOVE_SUB_C] [06:51:04] STATS ticks=0 symbols=0 pos=no daily_pnl=+0 drops=0
[MOVE_SUB_C] [06:52:06] STATS ticks=0 symbols=0 pos=no daily_pnl=+0 drops=0
[MOVE_SUB_C] [06:53:07] STATS ticks=0 symbols=0 pos=no daily_pnl=+0 drops=0
[MOVE_SUB_C] [06:54:09] STATS ticks=0 symbols=0 pos=no daily_pnl=+0 drops=0
[MOVE_SUB_C] [06:55:10] STATS ticks=0 symbols=0 pos=no daily_pnl=+0 drops=0
[MOVE_SUB_C] [06:56:11] STATS ticks=0 symbols=0 pos=no daily_pnl=+0 drops=0
[MOVE_SUB_C] [06:57:13] STATS ticks=0 symbols=0 pos=no daily_pnl=+0 drops=0
[MOVE_SUB_C] [06:58:14] STATS ticks=0 symbols=0 pos=no daily_pnl=+0 drops=0
[MOVE_SUB_C] [06:59:16] STATS ticks=0 symbols=0 pos=no daily_pnl=+0 drops=0
[MOVE_SUB_C] [07:00:17] STATS ticks=0 symbols=0 pos=no daily_pnl=+0 drops=0
[MOVE_SUB_C] [07:01:18] STATS ticks=0 symbols=0 pos=no daily_pnl=+0 drops=0
[MOVE_SUB_C] [07:02:20] STATS ticks=0 symbols=0 pos=no daily_pnl=+0 drops=0
[MOVE_SUB_C] [07:03:21] STATS ticks=0 symbols=0 pos=no daily_pnl=+0 drops=0
[MOVE_SUB_C] [07:04:22] STATS ticks=0 symbols=0 pos=no daily_pnl=+0 drops=0
[MOVE_SUB_C] [07:05:24] STATS ticks=0 symbols=0 pos=no daily_pnl=+0 drops=0
[MOVE_SUB_C] [07:06:25] STATS ticks=0 symbols=0 pos=no daily_pnl=+0 drops=0
[MOVE_SUB_C] [07:07:27] STATS ticks=0 symbols=0 pos=no daily_pnl=+0 drops=0
[MOVE_SUB_C] [07:08:28] STATS ticks=0 symbols=0 pos=no daily_pnl=+0 drops=0
[MOVE_SUB_C] [07:09:29] STATS ticks=0 symbols=0 pos=no daily_pnl=+0 drops=0
[MOVE_SUB_C] socket closed by peer — reconnecting
[MOVE_SUB_C] engine socket not ready yet (ConnectionRefusedError(61, 'Connection refused')) — retrying every 2s
[MOVE_SUB_C] [07:09:58] connected to engine (/tmp/warrior_engine.sock) attempt=4
[MOVE_SUB_C] [07:10:32] STATS ticks=0 symbols=0 pos=no daily_pnl=+0 drops=0
[MOVE_SUB_C] [07:11:33] STATS ticks=0 symbols=0 pos=no daily_pnl=+0 drops=0
[MOVE_SUB_C] [07:12:35] STATS ticks=0 symbols=0 pos=no daily_pnl=+0 drops=0
[MOVE_SUB_C] [07:13:36] STATS ticks=0 symbols=0 pos=no daily_pnl=+0 drops=0
[MOVE_SUB_C] [07:14:38] STATS ticks=0 symbols=0 pos=no daily_pnl=+0 drops=0
[MOVE_SUB_C] [07:15:39] STATS ticks=0 symbols=0 pos=no daily_pnl=+0 drops=0
[MOVE_SUB_C] [07:16:40] STATS ticks=0 symbols=0 pos=no daily_pnl=+0 drops=0
[MOVE_SUB_C] [07:17:41] STATS ticks=0 symbols=0 pos=no daily_pnl=+0 drops=0
[MOVE_SUB_C] [07:18:43] STATS ticks=0 symbols=0 pos=no daily_pnl=+0 drops=0
[MOVE_SUB_C] [07:19:44] STATS ticks=0 symbols=0 pos=no daily_pnl=+0 drops=0
[MOVE_SUB_C] [07:20:45] STATS ticks=0 symbols=0 pos=no daily_pnl=+0 drops=0
[MOVE_SUB_C] [07:21:47] STATS ticks=0 symbols=0 pos=no daily_pnl=+0 drops=0
[MOVE_SUB_C] [07:22:48] STATS ticks=0 symbols=0 pos=no daily_pnl=+0 drops=0
[MOVE_SUB_C] [07:23:49] STATS ticks=0 symbols=0 pos=no daily_pnl=+0 drops=0
[MOVE_SUB_C] [07:24:51] STATS ticks=0 symbols=0 pos=no daily_pnl=+0 drops=0
[MOVE_SUB_C] [07:25:52] STATS ticks=0 symbols=0 pos=no daily_pnl=+0 drops=0
[MOVE_SUB_C] [07:26:54] STATS ticks=0 symbols=0 pos=no daily_pnl=+0 drops=0
[MOVE_SUB_C] [07:27:55] STATS ticks=0 symbols=0 pos=no daily_pnl=+0 drops=0
[MOVE_SUB_C] [07:28:56] STATS ticks=0 symbols=0 pos=no daily_pnl=+0 drops=0
[MOVE_SUB_C] [07:29:58] STATS ticks=0 symbols=0 pos=no daily_pnl=+0 drops=0
[MOVE_SUB_C] [07:30:59] STATS ticks=0 symbols=0 pos=no daily_pnl=+0 drops=0
[MOVE_SUB_C] [07:32:01] STATS ticks=0 symbols=0 pos=no daily_pnl=+0 drops=0
[MOVE_SUB_C] [07:33:02] STATS ticks=0 symbols=0 pos=no daily_pnl=+0 drops=0
[MOVE_SUB_C] [07:34:03] STATS ticks=0 symbols=0 pos=no daily_pnl=+0 drops=0
[MOVE_SUB_C] [07:35:05] STATS ticks=0 symbols=0 pos=no daily_pnl=+0 drops=0
[MOVE_SUB_C] [07:36:06] STATS ticks=0 symbols=0 pos=no daily_pnl=+0 drops=0
[MOVE_SUB_C] [07:37:07] STATS ticks=0 symbols=0 pos=no daily_pnl=+0 drops=0
[MOVE_SUB_C] [07:38:09] STATS ticks=0 symbols=0 pos=no daily_pnl=+0 drops=0
[MOVE_SUB_C] [07:39:10] STATS ticks=0 symbols=0 pos=no daily_pnl=+0 drops=0
[MOVE_SUB_C] [07:40:11] STATS ticks=0 symbols=0 pos=no daily_pnl=+0 drops=0
[MOVE_SUB_C] [07:41:13] STATS ticks=0 symbols=0 pos=no daily_pnl=+0 drops=0
[MOVE_SUB_C] [07:42:14] STATS ticks=0 symbols=0 pos=no daily_pnl=+0 drops=0
[MOVE_SUB_C] [07:43:15] STATS ticks=0 symbols=0 pos=no daily_pnl=+0 drops=0
[MOVE_SUB_C] [07:44:16] STATS ticks=0 symbols=0 pos=no daily_pnl=+0 drops=0
[MOVE_SUB_C] [07:45:18] STATS ticks=0 symbols=0 pos=no daily_pnl=+0 drops=0
[MOVE_SUB_C] [07:46:19] STATS ticks=0 symbols=0 pos=no daily_pnl=+0 drops=0
[MOVE_SUB_C] [07:47:20] STATS ticks=0 symbols=0 pos=no daily_pnl=+0 drops=0
[MOVE_SUB_C] socket closed by peer — reconnecting
[MOVE_SUB_C] engine socket not ready yet (ConnectionRefusedError(61, 'Connection refused')) — retrying every 2s
[MOVE_SUB_C] [07:48:19] connected to engine (/tmp/warrior_engine.sock) attempt=4
[MOVE_SUB_C] [07:48:22] STATS ticks=0 symbols=0 pos=no daily_pnl=+0 drops=0
[MOVE_SUB_C] [07:49:23] STATS ticks=0 symbols=0 pos=no daily_pnl=+0 drops=0
[MOVE_SUB_C] [07:50:25] STATS ticks=0 symbols=0 pos=no daily_pnl=+0 drops=0
[MOVE_SUB_C] [07:51:26] STATS ticks=0 symbols=0 pos=no daily_pnl=+0 drops=0
[MOVE_SUB_C] [07:52:27] STATS ticks=0 symbols=0 pos=no daily_pnl=+0 drops=0
[MOVE_SUB_C] [07:53:28] STATS ticks=0 symbols=0 pos=no daily_pnl=+0 drops=0
[MOVE_SUB_C] [07:54:30] STATS ticks=0 symbols=0 pos=no daily_pnl=+0 drops=0
[MOVE_SUB_C] [07:55:31] STATS ticks=0 symbols=0 pos=no daily_pnl=+0 drops=0
[MOVE_SUB_C] [07:56:33] STATS ticks=0 symbols=0 pos=no daily_pnl=+0 drops=0
[MOVE_SUB_C] [07:57:34] STATS ticks=0 symbols=0 pos=no daily_pnl=+0 drops=0
[MOVE_SUB_C] [07:58:35] STATS ticks=0 symbols=0 pos=no daily_pnl=+0 drops=0
[MOVE_SUB_C] [07:59:37] STATS ticks=0 symbols=0 pos=no daily_pnl=+0 drops=0
[MOVE_SUB_C] [08:00:39] STATS ticks=0 symbols=0 pos=no daily_pnl=+0 drops=0
[MOVE_SUB_C] [08:01:40] STATS ticks=0 symbols=0 pos=no daily_pnl=+0 drops=0
[MOVE_SUB_C] [08:02:41] STATS ticks=0 symbols=0 pos=no daily_pnl=+0 drops=0
[MOVE_SUB_C] [08:03:43] STATS ticks=0 symbols=0 pos=no daily_pnl=+0 drops=0
[MOVE_SUB_C] [08:04:44] STATS ticks=0 symbols=0 pos=no daily_pnl=+0 drops=0
[MOVE_SUB_C] [08:05:45] STATS ticks=0 symbols=0 pos=no daily_pnl=+0 drops=0
[MOVE_SUB_C] [08:06:47] STATS ticks=0 symbols=0 pos=no daily_pnl=+0 drops=0
[MOVE_SUB_C] [08:07:48] STATS ticks=0 symbols=0 pos=no daily_pnl=+0 drops=0
[MOVE_SUB_C] [08:08:50] STATS ticks=0 symbols=0 pos=no daily_pnl=+0 drops=0
[MOVE_SUB_C] [08:09:51] STATS ticks=0 symbols=0 pos=no daily_pnl=+0 drops=0
[MOVE_SUB_C] [08:10:52] STATS ticks=0 symbols=0 pos=no daily_pnl=+0 drops=0
[MOVE_SUB_C] [08:11:53] STATS ticks=0 symbols=0 pos=no daily_pnl=+0 drops=0
[MOVE_SUB_C] [08:12:55] STATS ticks=0 symbols=0 pos=no daily_pnl=+0 drops=0
[MOVE_SUB_C] [08:13:56] STATS ticks=0 symbols=0 pos=no daily_pnl=+0 drops=0
[MOVE_SUB_C] [08:14:58] STATS ticks=0 symbols=0 pos=no daily_pnl=+0 drops=0
[MOVE_SUB_C] [08:15:59] STATS ticks=0 symbols=0 pos=no daily_pnl=+0 drops=0
[MOVE_SUB_C] [08:17:00] STATS ticks=0 symbols=0 pos=no daily_pnl=+0 drops=0
[MOVE_SUB_C] [08:18:01] STATS ticks=0 symbols=0 pos=no daily_pnl=+0 drops=0
[MOVE_SUB_C] [08:19:03] STATS ticks=0 symbols=0 pos=no daily_pnl=+0 drops=0
[MOVE_SUB_C] [08:20:04] STATS ticks=0 symbols=0 pos=no daily_pnl=+0 drops=0
[MOVE_SUB_C] [08:21:05] STATS ticks=0 symbols=0 pos=no daily_pnl=+0 drops=0
[MOVE_SUB_C] [08:22:07] STATS ticks=0 symbols=0 pos=no daily_pnl=+0 drops=0
[MOVE_SUB_C] [08:23:08] STATS ticks=0 symbols=0 pos=no daily_pnl=+0 drops=0
[MOVE_SUB_C] [08:24:10] STATS ticks=0 symbols=0 pos=no daily_pnl=+0 drops=0
[MOVE_SUB_C] [08:25:11] STATS ticks=0 symbols=0 pos=no daily_pnl=+0 drops=0
[MOVE_SUB_C] [08:26:13] STATS ticks=0 symbols=0 pos=no daily_pnl=+0 drops=0
[MOVE_SUB_C] [08:27:14] STATS ticks=0 symbols=0 pos=no daily_pnl=+0 drops=0
[MOVE_SUB_C] [08:28:15] STATS ticks=0 symbols=0 pos=no daily_pnl=+0 drops=0
[MOVE_SUB_C] [08:29:17] STATS ticks=0 symbols=0 pos=no daily_pnl=+0 drops=0
[MOVE_SUB_C] [08:30:18] STATS ticks=0 symbols=0 pos=no daily_pnl=+0 drops=0
[MOVE_SUB_C] [08:31:20] STATS ticks=0 symbols=0 pos=no daily_pnl=+0 drops=0
[MOVE_SUB_C] [08:32:21] STATS ticks=0 symbols=0 pos=no daily_pnl=+0 drops=0
[MOVE_SUB_C] [08:33:22] STATS ticks=0 symbols=0 pos=no daily_pnl=+0 drops=0
[MOVE_SUB_C] [08:34:24] STATS ticks=0 symbols=0 pos=no daily_pnl=+0 drops=0
[MOVE_SUB_C] [08:35:25] STATS ticks=0 symbols=0 pos=no daily_pnl=+0 drops=0
[MOVE_SUB_C] [08:36:26] STATS ticks=0 symbols=0 pos=no daily_pnl=+0 drops=0
[MOVE_SUB_C] [08:37:28] STATS ticks=0 symbols=0 pos=no daily_pnl=+0 drops=0
[MOVE_SUB_C] [08:38:29] STATS ticks=0 symbols=0 pos=no daily_pnl=+0 drops=0
[MOVE_SUB_C] [08:39:31] STATS ticks=0 symbols=0 pos=no daily_pnl=+0 drops=0
[MOVE_SUB_C] [08:40:32] STATS ticks=0 symbols=0 pos=no daily_pnl=+0 drops=0
[MOVE_SUB_C] [08:41:34] STATS ticks=0 symbols=0 pos=no daily_pnl=+0 drops=0
[MOVE_SUB_C] [08:42:35] STATS ticks=0 symbols=0 pos=no daily_pnl=+0 drops=0
[MOVE_SUB_C] [08:43:36] STATS ticks=0 symbols=0 pos=no daily_pnl=+0 drops=0
[MOVE_SUB_C] [08:44:38] STATS ticks=0 symbols=0 pos=no daily_pnl=+0 drops=0
[MOVE_SUB_C] [08:45:39] STATS ticks=0 symbols=0 pos=no daily_pnl=+0 drops=0
[MOVE_SUB_C] [08:46:40] STATS ticks=0 symbols=0 pos=no daily_pnl=+0 drops=0
[MOVE_SUB_C] [08:47:41] STATS ticks=0 symbols=0 pos=no daily_pnl=+0 drops=0
[MOVE_SUB_C] [08:48:42] STATS ticks=0 symbols=0 pos=no daily_pnl=+0 drops=0
[MOVE_SUB_C] [08:49:43] STATS ticks=0 symbols=0 pos=no daily_pnl=+0 drops=0
[MOVE_SUB_C] [08:50:45] STATS ticks=0 symbols=0 pos=no daily_pnl=+0 drops=0
[MOVE_SUB_C] [08:51:46] STATS ticks=0 symbols=0 pos=no daily_pnl=+0 drops=0
[MOVE_SUB_C] [08:52:48] STATS ticks=0 symbols=0 pos=no daily_pnl=+0 drops=0
[MOVE_SUB_C] [08:53:49] STATS ticks=0 symbols=0 pos=no daily_pnl=+0 drops=0
[MOVE_SUB_C] [08:54:50] STATS ticks=0 symbols=0 pos=no daily_pnl=+0 drops=0
[MOVE_SUB_C] [08:55:52] STATS ticks=0 symbols=0 pos=no daily_pnl=+0 drops=0
[MOVE_SUB_C] [08:56:53] STATS ticks=0 symbols=0 pos=no daily_pnl=+0 drops=0
[MOVE_SUB_C] [08:57:54] STATS ticks=0 symbols=0 pos=no daily_pnl=+0 drops=0
[MOVE_SUB_C] [08:58:56] STATS ticks=0 symbols=0 pos=no daily_pnl=+0 drops=0
[MOVE_SUB_C] [08:59:57] STATS ticks=0 symbols=0 pos=no daily_pnl=+0 drops=0
[MOVE_SUB_C] [09:00:58] STATS ticks=0 symbols=0 pos=no daily_pnl=+0 drops=0
[MOVE_SUB_C] [09:01:59] STATS ticks=0 symbols=0 pos=no daily_pnl=+0 drops=0
[MOVE_SUB_C] [09:03:01] STATS ticks=0 symbols=0 pos=no daily_pnl=+0 drops=0
[MOVE_SUB_C] [09:04:02] STATS ticks=0 symbols=0 pos=no daily_pnl=+0 drops=0
[MOVE_SUB_C] [09:05:03] STATS ticks=0 symbols=0 pos=no daily_pnl=+0 drops=0
[MOVE_SUB_C] [09:06:05] STATS ticks=0 symbols=0 pos=no daily_pnl=+0 drops=0
[MOVE_SUB_C] [09:07:06] STATS ticks=0 symbols=0 pos=no daily_pnl=+0 drops=0
[MOVE_SUB_C] [09:08:07] STATS ticks=0 symbols=0 pos=no daily_pnl=+0 drops=0
[MOVE_SUB_C] [09:09:08] STATS ticks=0 symbols=0 pos=no daily_pnl=+0 drops=0
[MOVE_SUB_C] [09:10:10] STATS ticks=0 symbols=0 pos=no daily_pnl=+0 drops=0
[MOVE_SUB_C] [09:11:11] STATS ticks=0 symbols=0 pos=no daily_pnl=+0 drops=0
[MOVE_SUB_C] [09:12:13] STATS ticks=0 symbols=0 pos=no daily_pnl=+0 drops=0
[MOVE_SUB_C] [09:13:14] STATS ticks=0 symbols=0 pos=no daily_pnl=+0 drops=0
[MOVE_SUB_C] [09:14:16] STATS ticks=0 symbols=0 pos=no daily_pnl=+0 drops=0
[MOVE_SUB_C] [09:15:17] STATS ticks=0 symbols=0 pos=no daily_pnl=+0 drops=0
[MOVE_SUB_C] [09:16:18] STATS ticks=0 symbols=0 pos=no daily_pnl=+0 drops=0
[MOVE_SUB_C] [09:17:20] STATS ticks=0 symbols=0 pos=no daily_pnl=+0 drops=0
[MOVE_SUB_C] [09:18:21] STATS ticks=0 symbols=0 pos=no daily_pnl=+0 drops=0
[MOVE_SUB_C] [09:19:22] STATS ticks=0 symbols=0 pos=no daily_pnl=+0 drops=0
[MOVE_SUB_C] [09:20:24] STATS ticks=0 symbols=0 pos=no daily_pnl=+0 drops=0
[MOVE_SUB_C] [09:21:25] STATS ticks=0 symbols=0 pos=no daily_pnl=+0 drops=0
[MOVE_SUB_C] [09:22:26] STATS ticks=0 symbols=0 pos=no daily_pnl=+0 drops=0
[MOVE_SUB_C] [09:23:28] STATS ticks=0 symbols=0 pos=no daily_pnl=+0 drops=0
[MOVE_SUB_C] [09:24:29] STATS ticks=0 symbols=0 pos=no daily_pnl=+0 drops=0
[MOVE_SUB_C] [09:25:30] STATS ticks=0 symbols=0 pos=no daily_pnl=+0 drops=0
[MOVE_SUB_C] [09:26:32] STATS ticks=0 symbols=0 pos=no daily_pnl=+0 drops=0
[MOVE_SUB_C] [09:27:33] STATS ticks=0 symbols=0 pos=no daily_pnl=+0 drops=0
[MOVE_SUB_C] [09:28:34] STATS ticks=0 symbols=0 pos=no daily_pnl=+0 drops=0
[MOVE_SUB_C] [09:29:36] STATS ticks=0 symbols=0 pos=no daily_pnl=+0 drops=0
[MOVE_SUB_C] [09:30:37] STATS ticks=0 symbols=0 pos=no daily_pnl=+0 drops=0
[MOVE_SUB_C] [09:31:38] STATS ticks=0 symbols=0 pos=no daily_pnl=+0 drops=0
[MOVE_SUB_C] [09:32:40] STATS ticks=0 symbols=0 pos=no daily_pnl=+0 drops=0
[MOVE_SUB_C] [09:33:41] STATS ticks=0 symbols=0 pos=no daily_pnl=+0 drops=0
[MOVE_SUB_C] [09:34:42] STATS ticks=0 symbols=0 pos=no daily_pnl=+0 drops=0
[MOVE_SUB_C] [09:35:43] STATS ticks=0 symbols=0 pos=no daily_pnl=+0 drops=0
[MOVE_SUB_C] [09:36:44] STATS ticks=0 symbols=0 pos=no daily_pnl=+0 drops=0
[MOVE_SUB_C] [09:37:45] STATS ticks=0 symbols=0 pos=no daily_pnl=+0 drops=0
[MOVE_SUB_C] [09:38:46] STATS ticks=0 symbols=0 pos=no daily_pnl=+0 drops=0
[MOVE_SUB_C] [09:39:48] STATS ticks=0 symbols=0 pos=no daily_pnl=+0 drops=0
[MOVE_SUB_C] [09:40:49] STATS ticks=0 symbols=0 pos=no daily_pnl=+0 drops=0
[MOVE_SUB_C] [09:41:51] STATS ticks=0 symbols=0 pos=no daily_pnl=+0 drops=0
[MOVE_SUB_C] [09:42:52] STATS ticks=0 symbols=0 pos=no daily_pnl=+0 drops=0
[MOVE_SUB_C] [09:43:53] STATS ticks=0 symbols=0 pos=no daily_pnl=+0 drops=0
[MOVE_SUB_C] [09:44:55] STATS ticks=0 symbols=0 pos=no daily_pnl=+0 drops=0
[MOVE_SUB_C] [09:45:56] STATS ticks=0 symbols=0 pos=no daily_pnl=+0 drops=0
[MOVE_SUB_C] [09:46:57] STATS ticks=0 symbols=0 pos=no daily_pnl=+0 drops=0
[MOVE_SUB_C] [09:47:58] STATS ticks=0 symbols=0 pos=no daily_pnl=+0 drops=0
[MOVE_SUB_C] [09:49:00] STATS ticks=0 symbols=0 pos=no daily_pnl=+0 drops=0
[MOVE_SUB_C] [09:50:01] STATS ticks=0 symbols=0 pos=no daily_pnl=+0 drops=0
[MOVE_SUB_C] [09:51:02] STATS ticks=0 symbols=0 pos=no daily_pnl=+0 drops=0
[MOVE_SUB_C] [09:52:04] STATS ticks=0 symbols=0 pos=no daily_pnl=+0 drops=0
[MOVE_SUB_C] [09:53:05] STATS ticks=0 symbols=0 pos=no daily_pnl=+0 drops=0
[MOVE_SUB_C] [09:54:06] STATS ticks=0 symbols=0 pos=no daily_pnl=+0 drops=0
[MOVE_SUB_C] [09:55:07] STATS ticks=0 symbols=0 pos=no daily_pnl=+0 drops=0
[MOVE_SUB_C] [09:56:09] STATS ticks=0 symbols=0 pos=no daily_pnl=+0 drops=0
[MOVE_SUB_C] [09:57:10] STATS ticks=0 symbols=0 pos=no daily_pnl=+0 drops=0
[MOVE_SUB_C] [09:58:11] STATS ticks=0 symbols=0 pos=no daily_pnl=+0 drops=0
[MOVE_SUB_C] [09:59:13] STATS ticks=0 symbols=0 pos=no daily_pnl=+0 drops=0
[MOVE_SUB_C] [10:00:14] STATS ticks=0 symbols=0 pos=no daily_pnl=+0 drops=0
[MOVE_SUB_C] [10:01:16] STATS ticks=0 symbols=0 pos=no daily_pnl=+0 drops=0
[MOVE_SUB_C] [10:02:17] STATS ticks=0 symbols=0 pos=no daily_pnl=+0 drops=0
[MOVE_SUB_C] [10:03:19] STATS ticks=0 symbols=0 pos=no daily_pnl=+0 drops=0
[MOVE_SUB_C] [10:04:20] STATS ticks=0 symbols=0 pos=no daily_pnl=+0 drops=0
[MOVE_SUB_C] [10:05:21] STATS ticks=0 symbols=0 pos=no daily_pnl=+0 drops=0
[MOVE_SUB_C] [10:06:23] STATS ticks=0 symbols=0 pos=no daily_pnl=+0 drops=0
[MOVE_SUB_C] [10:07:24] STATS ticks=0 symbols=0 pos=no daily_pnl=+0 drops=0
[MOVE_SUB_C] [10:08:25] STATS ticks=0 symbols=0 pos=no daily_pnl=+0 drops=0
[MOVE_SUB_C] [10:09:26] STATS ticks=0 symbols=0 pos=no daily_pnl=+0 drops=0
[MOVE_SUB_C] [10:10:28] STATS ticks=0 symbols=0 pos=no daily_pnl=+0 drops=0
[MOVE_SUB_C] [10:11:29] STATS ticks=0 symbols=0 pos=no daily_pnl=+0 drops=0
[MOVE_SUB_C] [10:12:31] STATS ticks=0 symbols=0 pos=no daily_pnl=+0 drops=0
[MOVE_SUB_C] [10:13:32] STATS ticks=0 symbols=0 pos=no daily_pnl=+0 drops=0
[MOVE_SUB_C] [10:14:34] STATS ticks=0 symbols=0 pos=no daily_pnl=+0 drops=0
[MOVE_SUB_C] [10:15:35] STATS ticks=0 symbols=0 pos=no daily_pnl=+0 drops=0
[MOVE_SUB_C] [10:16:36] STATS ticks=0 symbols=0 pos=no daily_pnl=+0 drops=0
[MOVE_SUB_C] [10:17:37] STATS ticks=0 symbols=0 pos=no daily_pnl=+0 drops=0
[MOVE_SUB_C] [10:18:39] STATS ticks=0 symbols=0 pos=no daily_pnl=+0 drops=0
[MOVE_SUB_C] [10:19:40] STATS ticks=0 symbols=0 pos=no daily_pnl=+0 drops=0
[MOVE_SUB_C] signal 15 received — stopping
[MOVE_SUB_C] signal 15 received — stopping
[MOVE_SUB_C] signal 15 received — stopping
