[MOVE_SUB_C] Alpaca PAPER connected — account=PA38Q69FQB6K equity=$30,384
[MOVE_SUB_C] starting consume loop
[MOVE_SUB_C] [04:00:34] connected to engine (/tmp/warrior_engine.sock) attempt=1
[MOVE_SUB_C] [04:01:34] STATS ticks=0 symbols=0 pos=no daily_pnl=+0 drops=0
[MOVE_SUB_C] [04:02:34] STATS ticks=0 symbols=0 pos=no daily_pnl=+0 drops=0
[MOVE_SUB_C] [04:03:35] STATS ticks=0 symbols=0 pos=no daily_pnl=+0 drops=0
[MOVE_SUB_C] [04:04:35] STATS ticks=0 symbols=0 pos=no daily_pnl=+0 drops=0
[MOVE_SUB_C] [04:05:21] new symbol NRIX — detector + movement_strike instantiated
[MOVE_SUB_C] [04:05:24] new symbol ETHU — detector + movement_strike instantiated
[MOVE_SUB_C] [04:05:27] new symbol BITU — detector + movement_strike instantiated
[MOVE_SUB_C] [04:05:30] new symbol BITX — detector + movement_strike instantiated
[MOVE_SUB_C] [04:05:34] new symbol BTQ — detector + movement_strike instantiated
[MOVE_SUB_C] [04:05:36] new symbol MSTX — detector + movement_strike instantiated
[MOVE_SUB_C] [04:05:36] STATS ticks=14 symbols=6 pos=no daily_pnl=+0 drops=0
[MOVE_SUB_C] [04:05:39] new symbol ETHE — detector + movement_strike instantiated
[MOVE_SUB_C] [04:05:42] new symbol ETHA — detector + movement_strike instantiated
[MOVE_SUB_C] [04:05:45] new symbol ETH — detector + movement_strike instantiated
[MOVE_SUB_C] [04:05:48] new symbol MSTU — detector + movement_strike instantiated
[MOVE_SUB_C] [04:05:51] new symbol PURR — detector + movement_strike instantiated
[MOVE_SUB_C] [04:05:54] new symbol CCUP — detector + movement_strike instantiated
[MOVE_SUB_C] [04:05:57] new symbol CRCG — detector + movement_strike instantiated
[MOVE_SUB_C] [04:06:00] new symbol MRLN — detector + movement_strike instantiated
[MOVE_SUB_C] [04:06:03] new symbol BILI — detector + movement_strike instantiated
[MOVE_SUB_C] [04:06:06] new symbol CONL — detector + movement_strike instantiated
[MOVE_SUB_C] [04:06:09] new symbol BITO — detector + movement_strike instantiated
[MOVE_SUB_C] [04:06:12] new symbol VG — detector + movement_strike instantiated
[MOVE_SUB_C] [04:06:15] new symbol SATL — detector + movement_strike instantiated
[MOVE_SUB_C] [04:06:18] new symbol PONY — detector + movement_strike instantiated
[MOVE_SUB_C] [04:06:38] STATS ticks=48 symbols=20 pos=no daily_pnl=+0 drops=0
[MOVE_SUB_C] [04:07:38] STATS ticks=48 symbols=20 pos=no daily_pnl=+0 drops=0
[MOVE_SUB_C] [04:08:38] STATS ticks=48 symbols=20 pos=no daily_pnl=+0 drops=0
[MOVE_SUB_C] [04:09:38] STATS ticks=48 symbols=20 pos=no daily_pnl=+0 drops=0
[MOVE_SUB_C] [04:10:25] new symbol SKYQ — detector + movement_strike instantiated
[MOVE_SUB_C] [04:10:36] new symbol XXRP — detector + movement_strike instantiated
[MOVE_SUB_C] [04:10:39] STATS ticks=62 symbols=22 pos=no daily_pnl=+0 drops=0
[MOVE_SUB_C] [04:10:44] new symbol QBTX — detector + movement_strike instantiated
[MOVE_SUB_C] [04:11:02] new symbol HSAI — detector + movement_strike instantiated
[MOVE_SUB_C] [04:11:41] STATS ticks=91 symbols=24 pos=no daily_pnl=+0 drops=0
[MOVE_SUB_C] [04:12:41] STATS ticks=91 symbols=24 pos=no daily_pnl=+0 drops=0
[MOVE_SUB_C] [04:13:41] STATS ticks=91 symbols=24 pos=no daily_pnl=+0 drops=0
[MOVE_SUB_C] [04:14:41] STATS ticks=91 symbols=24 pos=no daily_pnl=+0 drops=0
[MOVE_SUB_C] [04:15:41] STATS ticks=106 symbols=24 pos=no daily_pnl=+0 drops=0
[MOVE_SUB_C] [04:15:47] new symbol FCEL — detector + movement_strike instantiated
[MOVE_SUB_C] [04:15:50] new symbol INDO — detector + movement_strike instantiated
[MOVE_SUB_C] [04:15:53] new symbol DGXX — detector + movement_strike instantiated
[MOVE_SUB_C] [04:16:45] STATS ticks=132 symbols=27 pos=no daily_pnl=+0 drops=0
[MOVE_SUB_C] [04:17:45] STATS ticks=132 symbols=27 pos=no daily_pnl=+0 drops=0
[MOVE_SUB_C] [04:18:45] STATS ticks=132 symbols=27 pos=no daily_pnl=+0 drops=0
[MOVE_SUB_C] [04:19:46] STATS ticks=132 symbols=27 pos=no daily_pnl=+0 drops=0
[MOVE_SUB_C] [04:20:25] new symbol ETHT — detector + movement_strike instantiated
[MOVE_SUB_C] [04:20:42] new symbol VLN — detector + movement_strike instantiated
[MOVE_SUB_C] [04:20:48] STATS ticks=151 symbols=29 pos=no daily_pnl=+0 drops=0
[MOVE_SUB_C] [04:21:10] new symbol CIEG — detector + movement_strike instantiated
[MOVE_SUB_C] [04:21:50] STATS ticks=172 symbols=30 pos=no daily_pnl=+0 drops=0
[MOVE_SUB_C] [04:22:51] STATS ticks=172 symbols=30 pos=no daily_pnl=+0 drops=0
[MOVE_SUB_C] [04:23:51] STATS ticks=172 symbols=30 pos=no daily_pnl=+0 drops=0
[MOVE_SUB_C] [04:24:51] STATS ticks=172 symbols=30 pos=no daily_pnl=+0 drops=0
[MOVE_SUB_C] [04:25:53] STATS ticks=195 symbols=30 pos=no daily_pnl=+0 drops=0
[MOVE_SUB_C] [04:26:16] new symbol SMU — detector + movement_strike instantiated
[MOVE_SUB_C] [04:26:56] STATS ticks=212 symbols=31 pos=no daily_pnl=+0 drops=0
[MOVE_SUB_C] [04:27:56] STATS ticks=212 symbols=31 pos=no daily_pnl=+0 drops=0
[MOVE_SUB_C] [04:28:56] STATS ticks=212 symbols=31 pos=no daily_pnl=+0 drops=0
[MOVE_SUB_C] [04:29:56] STATS ticks=212 symbols=31 pos=no daily_pnl=+0 drops=0
[MOVE_SUB_C] [04:30:56] STATS ticks=237 symbols=31 pos=no daily_pnl=+0 drops=0
[MOVE_SUB_C] [04:31:16] new symbol ONDG — detector + movement_strike instantiated
[MOVE_SUB_C] [04:32:01] STATS ticks=252 symbols=32 pos=no daily_pnl=+0 drops=0
[MOVE_SUB_C] [04:33:01] STATS ticks=252 symbols=32 pos=no daily_pnl=+0 drops=0
[MOVE_SUB_C] [04:34:01] STATS ticks=252 symbols=32 pos=no daily_pnl=+0 drops=0
[MOVE_SUB_C] [04:35:01] STATS ticks=252 symbols=32 pos=no daily_pnl=+0 drops=0
[MOVE_SUB_C] [04:36:02] STATS ticks=280 symbols=32 pos=no daily_pnl=+0 drops=0
[MOVE_SUB_C] [04:36:07] new symbol ONDL — detector + movement_strike instantiated
[MOVE_SUB_C] [04:37:06] STATS ticks=290 symbols=33 pos=no daily_pnl=+0 drops=0
[MOVE_SUB_C] [04:38:06] STATS ticks=290 symbols=33 pos=no daily_pnl=+0 drops=0
[MOVE_SUB_C] [04:39:06] STATS ticks=290 symbols=33 pos=no daily_pnl=+0 drops=0
[MOVE_SUB_C] [04:40:06] STATS ticks=290 symbols=33 pos=no daily_pnl=+0 drops=0
[MOVE_SUB_C] [04:40:24] new symbol BATL — detector + movement_strike instantiated
[MOVE_SUB_C] [04:41:09] STATS ticks=321 symbols=34 pos=no daily_pnl=+0 drops=0
[MOVE_SUB_C] [04:42:12] STATS ticks=328 symbols=34 pos=no daily_pnl=+0 drops=0
[MOVE_SUB_C] [04:43:12] STATS ticks=328 symbols=34 pos=no daily_pnl=+0 drops=0
[MOVE_SUB_C] [04:44:12] STATS ticks=328 symbols=34 pos=no daily_pnl=+0 drops=0
[MOVE_SUB_C] [04:45:12] STATS ticks=328 symbols=34 pos=no daily_pnl=+0 drops=0
[MOVE_SUB_C] [04:46:14] STATS ticks=365 symbols=34 pos=no daily_pnl=+0 drops=0
[MOVE_SUB_C] [04:47:17] STATS ticks=368 symbols=34 pos=no daily_pnl=+0 drops=0
[MOVE_SUB_C] [04:48:17] STATS ticks=368 symbols=34 pos=no daily_pnl=+0 drops=0
[MOVE_SUB_C] [04:49:17] STATS ticks=368 symbols=34 pos=no daily_pnl=+0 drops=0
[MOVE_SUB_C] [04:50:17] STATS ticks=368 symbols=34 pos=no daily_pnl=+0 drops=0
[MOVE_SUB_C] [04:51:18] STATS ticks=405 symbols=34 pos=no daily_pnl=+0 drops=0
[MOVE_SUB_C] [04:52:18] STATS ticks=406 symbols=34 pos=no daily_pnl=+0 drops=0
[MOVE_SUB_C] [04:53:18] STATS ticks=406 symbols=34 pos=no daily_pnl=+0 drops=0
[MOVE_SUB_C] [04:54:18] STATS ticks=406 symbols=34 pos=no daily_pnl=+0 drops=0
[MOVE_SUB_C] [04:55:18] STATS ticks=406 symbols=34 pos=no daily_pnl=+0 drops=0
[MOVE_SUB_C] [04:55:28] new symbol LIDR — detector + movement_strike instantiated
[MOVE_SUB_C] [04:56:19] STATS ticks=444 symbols=35 pos=no daily_pnl=+0 drops=0
[MOVE_SUB_C] [04:57:19] STATS ticks=445 symbols=35 pos=no daily_pnl=+0 drops=0
[MOVE_SUB_C] [04:58:19] STATS ticks=445 symbols=35 pos=no daily_pnl=+0 drops=0
[MOVE_SUB_C] [04:59:19] STATS ticks=445 symbols=35 pos=no daily_pnl=+0 drops=0
[MOVE_SUB_C] [05:00:19] STATS ticks=445 symbols=35 pos=no daily_pnl=+0 drops=0
[MOVE_SUB_C] [05:01:19] STATS ticks=483 symbols=35 pos=no daily_pnl=+0 drops=0
[MOVE_SUB_C] [05:02:19] STATS ticks=483 symbols=35 pos=no daily_pnl=+0 drops=0
[MOVE_SUB_C] [05:03:20] STATS ticks=483 symbols=35 pos=no daily_pnl=+0 drops=0
[MOVE_SUB_C] [05:04:20] STATS ticks=483 symbols=35 pos=no daily_pnl=+0 drops=0
[MOVE_SUB_C] [05:05:20] STATS ticks=483 symbols=35 pos=no daily_pnl=+0 drops=0
[MOVE_SUB_C] [05:06:25] STATS ticks=523 symbols=35 pos=no daily_pnl=+0 drops=0
[MOVE_SUB_C] [05:07:25] STATS ticks=523 symbols=35 pos=no daily_pnl=+0 drops=0
[MOVE_SUB_C] [05:08:25] STATS ticks=523 symbols=35 pos=no daily_pnl=+0 drops=0
[MOVE_SUB_C] [05:09:25] STATS ticks=523 symbols=35 pos=no daily_pnl=+0 drops=0
[MOVE_SUB_C] [05:10:25] STATS ticks=523 symbols=35 pos=no daily_pnl=+0 drops=0
[MOVE_SUB_C] [05:10:53] new symbol CBRG — detector + movement_strike instantiated
[MOVE_SUB_C] [05:11:25] STATS ticks=563 symbols=36 pos=no daily_pnl=+0 drops=0
[MOVE_SUB_C] [05:12:25] STATS ticks=563 symbols=36 pos=no daily_pnl=+0 drops=0
[MOVE_SUB_C] [05:13:26] STATS ticks=563 symbols=36 pos=no daily_pnl=+0 drops=0
[MOVE_SUB_C] [05:14:26] STATS ticks=563 symbols=36 pos=no daily_pnl=+0 drops=0
[MOVE_SUB_C] [05:15:26] STATS ticks=563 symbols=36 pos=no daily_pnl=+0 drops=0
[MOVE_SUB_C] [05:16:21] new symbol BMNR — detector + movement_strike instantiated
[MOVE_SUB_C] [05:16:31] STATS ticks=601 symbols=37 pos=no daily_pnl=+0 drops=0
[MOVE_SUB_C] [05:17:31] STATS ticks=601 symbols=37 pos=no daily_pnl=+0 drops=0
[MOVE_SUB_C] [05:18:31] STATS ticks=601 symbols=37 pos=no daily_pnl=+0 drops=0
[MOVE_SUB_C] [05:19:31] STATS ticks=601 symbols=37 pos=no daily_pnl=+0 drops=0
[MOVE_SUB_C] [05:20:31] STATS ticks=604 symbols=37 pos=no daily_pnl=+0 drops=0
[MOVE_SUB_C] [05:21:36] STATS ticks=640 symbols=37 pos=no daily_pnl=+0 drops=0
[MOVE_SUB_C] [05:22:36] STATS ticks=640 symbols=37 pos=no daily_pnl=+0 drops=0
[MOVE_SUB_C] [05:23:36] STATS ticks=640 symbols=37 pos=no daily_pnl=+0 drops=0
[MOVE_SUB_C] [05:24:37] STATS ticks=640 symbols=37 pos=no daily_pnl=+0 drops=0
[MOVE_SUB_C] [05:25:38] STATS ticks=647 symbols=37 pos=no daily_pnl=+0 drops=0
[MOVE_SUB_C] [05:26:19] new symbol COIG — detector + movement_strike instantiated
[MOVE_SUB_C] [05:26:42] STATS ticks=679 symbols=38 pos=no daily_pnl=+0 drops=0
[MOVE_SUB_C] [05:27:42] STATS ticks=679 symbols=38 pos=no daily_pnl=+0 drops=0
[MOVE_SUB_C] [05:28:42] STATS ticks=679 symbols=38 pos=no daily_pnl=+0 drops=0
[MOVE_SUB_C] [05:29:42] STATS ticks=679 symbols=38 pos=no daily_pnl=+0 drops=0
[MOVE_SUB_C] [05:30:30] new symbol IPWR — detector + movement_strike instantiated
[MOVE_SUB_C] [05:30:44] STATS ticks=689 symbols=39 pos=no daily_pnl=+0 drops=0
[MOVE_SUB_C] [05:31:48] STATS ticks=718 symbols=39 pos=no daily_pnl=+0 drops=0
[MOVE_SUB_C] [05:32:48] STATS ticks=718 symbols=39 pos=no daily_pnl=+0 drops=0
[MOVE_SUB_C] [05:33:48] STATS ticks=718 symbols=39 pos=no daily_pnl=+0 drops=0
[MOVE_SUB_C] [05:34:48] STATS ticks=718 symbols=39 pos=no daily_pnl=+0 drops=0
[MOVE_SUB_C] [05:35:50] STATS ticks=733 symbols=39 pos=no daily_pnl=+0 drops=0
[MOVE_SUB_C] [05:36:53] STATS ticks=756 symbols=39 pos=no daily_pnl=+0 drops=0
[MOVE_SUB_C] [05:37:54] STATS ticks=756 symbols=39 pos=no daily_pnl=+0 drops=0
[MOVE_SUB_C] [05:38:54] STATS ticks=756 symbols=39 pos=no daily_pnl=+0 drops=0
[MOVE_SUB_C] [05:39:54] STATS ticks=756 symbols=39 pos=no daily_pnl=+0 drops=0
[MOVE_SUB_C] [05:40:56] STATS ticks=774 symbols=39 pos=no daily_pnl=+0 drops=0
[MOVE_SUB_C] [05:41:16] new symbol BTGO — detector + movement_strike instantiated
[MOVE_SUB_C] [05:41:59] STATS ticks=793 symbols=40 pos=no daily_pnl=+0 drops=0
[MOVE_SUB_C] [05:42:59] STATS ticks=793 symbols=40 pos=no daily_pnl=+0 drops=0
[MOVE_SUB_C] [05:43:59] STATS ticks=793 symbols=40 pos=no daily_pnl=+0 drops=0
[MOVE_SUB_C] [05:44:59] STATS ticks=793 symbols=40 pos=no daily_pnl=+0 drops=0
[MOVE_SUB_C] [05:46:00] STATS ticks=814 symbols=40 pos=no daily_pnl=+0 drops=0
[MOVE_SUB_C] [05:47:05] STATS ticks=833 symbols=40 pos=no daily_pnl=+0 drops=0
[MOVE_SUB_C] [05:48:05] STATS ticks=833 symbols=40 pos=no daily_pnl=+0 drops=0
[MOVE_SUB_C] [05:49:05] STATS ticks=833 symbols=40 pos=no daily_pnl=+0 drops=0
[MOVE_SUB_C] [05:50:05] STATS ticks=833 symbols=40 pos=no daily_pnl=+0 drops=0
[MOVE_SUB_C] [05:50:38] new symbol DLTH — detector + movement_strike instantiated
[MOVE_SUB_C] [05:51:06] STATS ticks=857 symbols=41 pos=no daily_pnl=+0 drops=0
[MOVE_SUB_C] [05:52:10] STATS ticks=872 symbols=41 pos=no daily_pnl=+0 drops=0
[MOVE_SUB_C] [05:53:10] STATS ticks=872 symbols=41 pos=no daily_pnl=+0 drops=0
[MOVE_SUB_C] [05:54:10] STATS ticks=872 symbols=41 pos=no daily_pnl=+0 drops=0
[MOVE_SUB_C] [05:55:11] STATS ticks=872 symbols=41 pos=no daily_pnl=+0 drops=0
[MOVE_SUB_C] [05:55:33] new symbol ABAT — detector + movement_strike instantiated
[MOVE_SUB_C] [05:56:12] STATS ticks=898 symbols=42 pos=no daily_pnl=+0 drops=0
[MOVE_SUB_C] [05:57:16] STATS ticks=908 symbols=42 pos=no daily_pnl=+0 drops=0
[MOVE_SUB_C] [05:58:16] STATS ticks=908 symbols=42 pos=no daily_pnl=+0 drops=0
[MOVE_SUB_C] [05:59:16] STATS ticks=908 symbols=42 pos=no daily_pnl=+0 drops=0
[MOVE_SUB_C] [06:00:16] STATS ticks=908 symbols=42 pos=no daily_pnl=+0 drops=0
[MOVE_SUB_C] [06:01:18] STATS ticks=940 symbols=42 pos=no daily_pnl=+0 drops=0
[MOVE_SUB_C] [06:02:21] STATS ticks=946 symbols=42 pos=no daily_pnl=+0 drops=0
[MOVE_SUB_C] [06:03:22] STATS ticks=946 symbols=42 pos=no daily_pnl=+0 drops=0
[MOVE_SUB_C] [06:04:22] STATS ticks=946 symbols=42 pos=no daily_pnl=+0 drops=0
[MOVE_SUB_C] [06:05:23] STATS ticks=946 symbols=42 pos=no daily_pnl=+0 drops=0
[MOVE_SUB_C] [06:06:24] STATS ticks=980 symbols=42 pos=no daily_pnl=+0 drops=0
[MOVE_SUB_C] [06:07:27] STATS ticks=983 symbols=42 pos=no daily_pnl=+0 drops=0
[MOVE_SUB_C] [06:08:27] STATS ticks=983 symbols=42 pos=no daily_pnl=+0 drops=0
[MOVE_SUB_C] [06:09:27] STATS ticks=983 symbols=42 pos=no daily_pnl=+0 drops=0
[MOVE_SUB_C] [06:10:27] STATS ticks=983 symbols=42 pos=no daily_pnl=+0 drops=0
[MOVE_SUB_C] [06:11:27] STATS ticks=1020 symbols=42 pos=no daily_pnl=+0 drops=0
[MOVE_SUB_C] [06:12:28] STATS ticks=1021 symbols=42 pos=no daily_pnl=+0 drops=0
[MOVE_SUB_C] [06:13:28] STATS ticks=1021 symbols=42 pos=no daily_pnl=+0 drops=0
[MOVE_SUB_C] [06:14:28] STATS ticks=1021 symbols=42 pos=no daily_pnl=+0 drops=0
[MOVE_SUB_C] [06:15:28] STATS ticks=1021 symbols=42 pos=no daily_pnl=+0 drops=0
[MOVE_SUB_C] [06:16:28] STATS ticks=1058 symbols=42 pos=no daily_pnl=+0 drops=0
[MOVE_SUB_C] [06:17:28] STATS ticks=1059 symbols=42 pos=no daily_pnl=+0 drops=0
[MOVE_SUB_C] [06:18:28] STATS ticks=1059 symbols=42 pos=no daily_pnl=+0 drops=0
[MOVE_SUB_C] [06:19:28] STATS ticks=1059 symbols=42 pos=no daily_pnl=+0 drops=0
[MOVE_SUB_C] [06:20:28] STATS ticks=1059 symbols=42 pos=no daily_pnl=+0 drops=0
[MOVE_SUB_C] [06:20:36] new symbol LXEH — detector + movement_strike instantiated
[MOVE_SUB_C] [06:21:28] STATS ticks=1097 symbols=43 pos=no daily_pnl=+0 drops=0
[MOVE_SUB_C] [06:22:29] STATS ticks=1098 symbols=43 pos=no daily_pnl=+0 drops=0
[MOVE_SUB_C] [06:23:29] STATS ticks=1098 symbols=43 pos=no daily_pnl=+0 drops=0
[MOVE_SUB_C] [06:24:29] STATS ticks=1098 symbols=43 pos=no daily_pnl=+0 drops=0
[MOVE_SUB_C] [06:25:29] STATS ticks=1098 symbols=43 pos=no daily_pnl=+0 drops=0
[MOVE_SUB_C] [06:26:29] STATS ticks=1135 symbols=43 pos=no daily_pnl=+0 drops=0
[MOVE_SUB_C] [06:27:29] STATS ticks=1136 symbols=43 pos=no daily_pnl=+0 drops=0
[MOVE_SUB_C] [06:28:29] STATS ticks=1136 symbols=43 pos=no daily_pnl=+0 drops=0
[MOVE_SUB_C] [06:29:29] STATS ticks=1136 symbols=43 pos=no daily_pnl=+0 drops=0
[MOVE_SUB_C] [06:30:29] STATS ticks=1136 symbols=43 pos=no daily_pnl=+0 drops=0
[MOVE_SUB_C] [06:31:34] STATS ticks=1173 symbols=43 pos=no daily_pnl=+0 drops=0
[MOVE_SUB_C] [06:32:34] STATS ticks=1173 symbols=43 pos=no daily_pnl=+0 drops=0
[MOVE_SUB_C] [06:33:35] STATS ticks=1173 symbols=43 pos=no daily_pnl=+0 drops=0
[MOVE_SUB_C] [06:34:35] STATS ticks=1173 symbols=43 pos=no daily_pnl=+0 drops=0
[MOVE_SUB_C] [06:35:35] STATS ticks=1173 symbols=43 pos=no daily_pnl=+0 drops=0
[MOVE_SUB_C] [06:36:35] STATS ticks=1211 symbols=43 pos=no daily_pnl=+0 drops=0
[MOVE_SUB_C] [06:37:35] STATS ticks=1211 symbols=43 pos=no daily_pnl=+0 drops=0
[MOVE_SUB_C] [06:38:35] STATS ticks=1211 symbols=43 pos=no daily_pnl=+0 drops=0
[MOVE_SUB_C] [06:39:35] STATS ticks=1211 symbols=43 pos=no daily_pnl=+0 drops=0
[MOVE_SUB_C] [06:40:35] STATS ticks=1211 symbols=43 pos=no daily_pnl=+0 drops=0
[MOVE_SUB_C] [06:40:41] new symbol STTK — detector + movement_strike instantiated
[MOVE_SUB_C] [06:41:37] STATS ticks=1242 symbols=44 pos=no daily_pnl=+0 drops=0
[MOVE_SUB_C] [06:42:40] STATS ticks=1249 symbols=44 pos=no daily_pnl=+0 drops=0
[MOVE_SUB_C] [06:43:41] STATS ticks=1249 symbols=44 pos=no daily_pnl=+0 drops=0
[MOVE_SUB_C] [06:44:41] STATS ticks=1249 symbols=44 pos=no daily_pnl=+0 drops=0
[MOVE_SUB_C] [06:45:41] STATS ticks=1252 symbols=44 pos=no daily_pnl=+0 drops=0
[MOVE_SUB_C] [06:46:46] STATS ticks=1285 symbols=44 pos=no daily_pnl=+0 drops=0
[MOVE_SUB_C] [06:47:46] STATS ticks=1285 symbols=44 pos=no daily_pnl=+0 drops=0
[MOVE_SUB_C] [06:48:46] STATS ticks=1285 symbols=44 pos=no daily_pnl=+0 drops=0
[MOVE_SUB_C] [06:49:46] STATS ticks=1285 symbols=44 pos=no daily_pnl=+0 drops=0
[MOVE_SUB_C] [06:50:47] STATS ticks=1290 symbols=44 pos=no daily_pnl=+0 drops=0
[MOVE_SUB_C] [06:51:51] STATS ticks=1319 symbols=44 pos=no daily_pnl=+0 drops=0
[MOVE_SUB_C] [06:52:51] STATS ticks=1319 symbols=44 pos=no daily_pnl=+0 drops=0
[MOVE_SUB_C] [06:53:51] STATS ticks=1319 symbols=44 pos=no daily_pnl=+0 drops=0
[MOVE_SUB_C] [06:54:52] STATS ticks=1319 symbols=44 pos=no daily_pnl=+0 drops=0
[MOVE_SUB_C] [06:55:39] new symbol SUNE — detector + movement_strike instantiated
[MOVE_SUB_C] [06:55:53] STATS ticks=1329 symbols=45 pos=no daily_pnl=+0 drops=0
[MOVE_SUB_C] [06:56:57] STATS ticks=1353 symbols=45 pos=no daily_pnl=+0 drops=0
[MOVE_SUB_C] [06:57:57] STATS ticks=1353 symbols=45 pos=no daily_pnl=+0 drops=0
[MOVE_SUB_C] [06:58:57] STATS ticks=1353 symbols=45 pos=no daily_pnl=+0 drops=0
[MOVE_SUB_C] [06:59:57] STATS ticks=1353 symbols=45 pos=no daily_pnl=+0 drops=0
[MOVE_SUB_C] [07:00:03] new symbol GMHS — detector + movement_strike instantiated
[MOVE_SUB_C] [07:00:58] STATS ticks=1692 symbols=46 pos=no daily_pnl=+0 drops=0
[MOVE_SUB_C] [07:01:58] STATS ticks=2194 symbols=46 pos=no daily_pnl=+0 drops=0
[MOVE_SUB_C] [07:02:15] new symbol QUCY — detector + movement_strike instantiated
[MOVE_SUB_C] [07:02:18] new symbol WTI — detector + movement_strike instantiated
[MOVE_SUB_C] [07:02:27] new symbol PDYN — detector + movement_strike instantiated
[MOVE_SUB_C] [07:02:59] STATS ticks=2811 symbols=49 pos=no daily_pnl=+0 drops=0
[MOVE_SUB_C] [07:03:59] STATS ticks=3490 symbols=49 pos=no daily_pnl=+0 drops=0
[MOVE_SUB_C] [07:04:59] STATS ticks=3865 symbols=49 pos=no daily_pnl=+0 drops=0
[MOVE_SUB_C] [07:05:59] STATS ticks=4212 symbols=49 pos=no daily_pnl=+0 drops=0
[MOVE_SUB_C] [07:06:54] new symbol IPFX — detector + movement_strike instantiated
[MOVE_SUB_C] [07:06:59] STATS ticks=4448 symbols=50 pos=no daily_pnl=+0 drops=0
[MOVE_SUB_C] [07:07:24] new symbol SNDG — detector + movement_strike instantiated
[MOVE_SUB_C] [07:08:00] STATS ticks=4642 symbols=51 pos=no daily_pnl=+0 drops=0
[MOVE_SUB_C] [07:09:00] STATS ticks=4744 symbols=51 pos=no daily_pnl=+0 drops=0
[MOVE_SUB_C] [07:10:02] STATS ticks=4813 symbols=51 pos=no daily_pnl=+0 drops=0
[MOVE_SUB_C] [07:11:02] STATS ticks=5007 symbols=51 pos=no daily_pnl=+0 drops=0
[MOVE_SUB_C] [07:12:04] STATS ticks=5119 symbols=51 pos=no daily_pnl=+0 drops=0
[MOVE_SUB_C] [07:13:04] STATS ticks=5313 symbols=51 pos=no daily_pnl=+0 drops=0
[MOVE_SUB_C] [07:14:05] STATS ticks=5760 symbols=51 pos=no daily_pnl=+0 drops=0
[MOVE_SUB_C] [07:15:05] STATS ticks=6340 symbols=51 pos=no daily_pnl=+0 drops=0
[MOVE_SUB_C] [07:16:06] STATS ticks=6853 symbols=51 pos=no daily_pnl=+0 drops=0
[MOVE_SUB_C] [07:16:55] new symbol BVC — detector + movement_strike instantiated
[MOVE_SUB_C] [07:17:06] STATS ticks=7095 symbols=52 pos=no daily_pnl=+0 drops=0
[MOVE_SUB_C] [07:18:06] STATS ticks=7398 symbols=52 pos=no daily_pnl=+0 drops=0
[MOVE_SUB_C] [07:19:07] STATS ticks=7659 symbols=52 pos=no daily_pnl=+0 drops=0
[MOVE_SUB_C] [07:20:07] STATS ticks=7764 symbols=52 pos=no daily_pnl=+0 drops=0
[MOVE_SUB_C] [07:21:08] STATS ticks=7839 symbols=52 pos=no daily_pnl=+0 drops=0
[MOVE_SUB_C] [07:22:08] STATS ticks=8145 symbols=52 pos=no daily_pnl=+0 drops=0
[MOVE_SUB_C] [07:22:14] new symbol LFVN — detector + movement_strike instantiated
[MOVE_SUB_C] [07:23:09] STATS ticks=8334 symbols=53 pos=no daily_pnl=+0 drops=0
[MOVE_SUB_C] [07:24:09] STATS ticks=8655 symbols=53 pos=no daily_pnl=+0 drops=0
[MOVE_SUB_C] [07:25:10] STATS ticks=8969 symbols=53 pos=no daily_pnl=+0 drops=0
[MOVE_SUB_C] [07:26:10] STATS ticks=9118 symbols=53 pos=no daily_pnl=+0 drops=0
[MOVE_SUB_C] [07:27:11] STATS ticks=9267 symbols=53 pos=no daily_pnl=+0 drops=0
[MOVE_SUB_C] [07:27:45] new symbol BMNG — detector + movement_strike instantiated
[MOVE_SUB_C] [07:28:11] STATS ticks=9713 symbols=54 pos=no daily_pnl=+0 drops=0
[MOVE_SUB_C] [07:29:11] STATS ticks=11850 symbols=54 pos=no daily_pnl=+0 drops=0
[MOVE_SUB_C] [07:30:11] STATS ticks=20565 symbols=54 pos=no daily_pnl=+0 drops=0
[MOVE_SUB_C] [07:31:12] STATS ticks=29536 symbols=54 pos=no daily_pnl=+0 drops=0
[MOVE_SUB_C] [07:31:58] new symbol CLIK — detector + movement_strike instantiated
[MOVE_SUB_C] [07:32:12] STATS ticks=33654 symbols=55 pos=no daily_pnl=+0 drops=0
[MOVE_SUB_C] [07:33:12] STATS ticks=36756 symbols=55 pos=no daily_pnl=+0 drops=0
[MOVE_SUB_C] [07:34:12] STATS ticks=41950 symbols=55 pos=no daily_pnl=+0 drops=0
[MOVE_SUB_C] [07:35:13] STATS ticks=46548 symbols=55 pos=no daily_pnl=+0 drops=0
[MOVE_SUB_C] [07:36:13] STATS ticks=51696 symbols=55 pos=no daily_pnl=+0 drops=0
[MOVE_SUB_C] [07:37:13] STATS ticks=56508 symbols=55 pos=no daily_pnl=+0 drops=0
[MOVE_SUB_C] [07:38:13] STATS ticks=59377 symbols=55 pos=no daily_pnl=+0 drops=0
[MOVE_SUB_C] [07:39:14] STATS ticks=65005 symbols=55 pos=no daily_pnl=+0 drops=0
[MOVE_SUB_C] [07:40:14] STATS ticks=80788 symbols=55 pos=no daily_pnl=+0 drops=0
[MOVE_SUB_C] [07:41:00] SUNE ARMED entry=3.0200 stop=2.9000 R=0.1200 score=10.0 — movement_strike history reset
[MOVE_SUB_C] [07:41:00] REGIME_SHIFT_TRIGGER SUNE bar_body=$0.5000 baseline=$0.1000 ratio=5.00
[MOVE_SUB_C] [07:41:00] 🚀 ENTRY REGIME_SHIFT SUNE qty=1561 limit=$3.05 (anomaly@$2.98) stop=$2.66 R=$0.3203 body=$0.5000 ratio=5.00
[MOVE_SUB_C] [07:41:02] SUNE regime_shift entry FILLED @ $2.9920 qty=1561 (limit was $3.05)
[MOVE_SUB_C] [07:41:14] STATS ticks=99173 symbols=55 pos=YES daily_pnl=+0 drops=0
[MOVE_SUB_C] [07:42:14] STATS ticks=107966 symbols=55 pos=YES daily_pnl=+0 drops=0
[MOVE_SUB_C] [07:42:40] new symbol ASTI — detector + movement_strike instantiated
[MOVE_SUB_C] [07:43:15] STATS ticks=116624 symbols=56 pos=YES daily_pnl=+0 drops=0
[MOVE_SUB_C] [07:44:15] STATS ticks=126865 symbols=56 pos=YES daily_pnl=+0 drops=0
[MOVE_SUB_C] [07:45:04] new symbol FEBO — detector + movement_strike instantiated
[MOVE_SUB_C] [07:45:15] STATS ticks=133192 symbols=57 pos=YES daily_pnl=+0 drops=0
[MOVE_SUB_C] [07:46:15] STATS ticks=138255 symbols=57 pos=YES daily_pnl=+0 drops=0
[MOVE_SUB_C] [07:47:15] STATS ticks=144488 symbols=57 pos=YES daily_pnl=+0 drops=0
[MOVE_SUB_C] [07:48:15] STATS ticks=150588 symbols=57 pos=YES daily_pnl=+0 drops=0
[MOVE_SUB_C] [07:49:16] STATS ticks=159491 symbols=57 pos=YES daily_pnl=+0 drops=0
[MOVE_SUB_C] [07:50:16] STATS ticks=164520 symbols=57 pos=YES daily_pnl=+0 drops=0
[MOVE_SUB_C] [07:51:16] STATS ticks=172427 symbols=57 pos=YES daily_pnl=+0 drops=0
[MOVE_SUB_C] [07:52:16] STATS ticks=186952 symbols=57 pos=YES daily_pnl=+0 drops=0
[MOVE_SUB_C] [07:52:25] 🎯 PARTIAL REGIME_SHIFT SUNE qty=1405 limit=$3.38 (target=1.5R=3.46, runner=156)
[MOVE_SUB_C] [07:52:45] SUNE regime_shift partial NOT FILLED — will retry on next target-cross tick
[MOVE_SUB_C] [07:52:46] 🎯 PARTIAL REGIME_SHIFT SUNE qty=1405 limit=$3.30 (target=1.5R=3.46, runner=156)
[MOVE_SUB_C] [07:52:47] SUNE partial FILLED @ $3.3200 qty=1405 pnl=$+460.78
[MOVE_SUB_C] [07:52:49] 🟥 EXIT REGIME_SHIFT SUNE qty=156 limit=$3.29 (ref=$3.34) reason=move_hwm_exit(peak=3.47,dd=25%,hh=1)
[MOVE_SUB_C] real P&L=+51 daily=+512 (trade #1) entry=$2.9920 exit=$3.3200 qty=156
[MOVE_SUB_C] [07:52:50] SUNE REENTRY WATCH set: high=3.350 stop=2.810 expires_in=30min
[MOVE_SUB_C] [07:52:51] new symbol EH — detector + movement_strike instantiated
[MOVE_SUB_C] [07:52:51] new symbol CNTN — detector + movement_strike instantiated
[MOVE_SUB_C] [07:53:16] STATS ticks=199612 symbols=59 pos=no daily_pnl=+512 drops=0
[MOVE_SUB_C] [07:54:16] STATS ticks=207499 symbols=59 pos=no daily_pnl=+512 drops=0
[MOVE_SUB_C] [07:55:00] REENTRY_LOSS_GATE_BLOCK SUNE reason=move_hwm_exit(peak=3.47,dd=25%,hh=1) window_age_min=3
[MOVE_SUB_C] [07:55:17] STATS ticks=212165 symbols=59 pos=no daily_pnl=+512 drops=0
[MOVE_SUB_C] [07:56:17] STATS ticks=220761 symbols=59 pos=no daily_pnl=+512 drops=0
[MOVE_SUB_C] [07:57:17] STATS ticks=226237 symbols=59 pos=no daily_pnl=+512 drops=0
[MOVE_SUB_C] [07:57:41] new symbol ASST — detector + movement_strike instantiated
[MOVE_SUB_C] [07:58:18] STATS ticks=233743 symbols=60 pos=no daily_pnl=+512 drops=0
[MOVE_SUB_C] [07:59:18] STATS ticks=238887 symbols=60 pos=no daily_pnl=+512 drops=0
[MOVE_SUB_C] [08:00:18] STATS ticks=242837 symbols=60 pos=no daily_pnl=+512 drops=0
[MOVE_SUB_C] [08:01:18] STATS ticks=247325 symbols=60 pos=no daily_pnl=+512 drops=0
[MOVE_SUB_C] [08:02:00] new symbol SDOT — detector + movement_strike instantiated
[MOVE_SUB_C] [08:02:19] STATS ticks=250174 symbols=61 pos=no daily_pnl=+512 drops=0
[MOVE_SUB_C] [08:02:36] new symbol ELDN — detector + movement_strike instantiated
[MOVE_SUB_C] [08:02:48] new symbol DFDV — detector + movement_strike instantiated
[MOVE_SUB_C] [08:03:19] STATS ticks=253993 symbols=63 pos=no daily_pnl=+512 drops=0
[MOVE_SUB_C] [08:04:19] STATS ticks=257090 symbols=63 pos=no daily_pnl=+512 drops=0
[MOVE_SUB_C] [08:05:19] STATS ticks=260603 symbols=63 pos=no daily_pnl=+512 drops=0
[MOVE_SUB_C] [08:06:19] STATS ticks=263908 symbols=63 pos=no daily_pnl=+512 drops=0
[MOVE_SUB_C] [08:07:19] STATS ticks=266610 symbols=63 pos=no daily_pnl=+512 drops=0
[MOVE_SUB_C] [08:08:20] STATS ticks=268308 symbols=63 pos=no daily_pnl=+512 drops=0
[MOVE_SUB_C] [08:09:20] STATS ticks=270954 symbols=63 pos=no daily_pnl=+512 drops=0
[MOVE_SUB_C] [08:09:56] 🟩 ENTRY SUNE qty=2631 limit=$3.10 (anomaly@$3.03) stop=$2.84 R=$0.1900 score=10.0
[MOVE_SUB_C] [08:09:58] SUNE entry FILLED @ $3.0285 qty=2631 (limit was $3.10)
[MOVE_SUB_C] [08:10:12] 🟥 EXIT MOVE_STRIKE SUNE qty=2631 limit=$3.03 (ref=$3.08) reason=move_hwm_exit(peak=3.10,dd=25%,hh=1)
[MOVE_SUB_C] real P&L=+162 daily=+674 (trade #2) entry=$3.0285 exit=$3.0900 qty=2631
[MOVE_SUB_C] [08:10:13] SUNE REENTRY WATCH set: high=3.070 stop=2.840 expires_in=30min
[MOVE_SUB_C] [08:10:20] STATS ticks=275607 symbols=63 pos=no daily_pnl=+674 drops=0
[MOVE_SUB_C] [08:11:00] REENTRY_LOSS_GATE_BLOCK SUNE reason=move_hwm_exit(peak=3.10,dd=25%,hh=1) window_age_min=1
[MOVE_SUB_C] [08:11:21] STATS ticks=280128 symbols=63 pos=no daily_pnl=+674 drops=0
[MOVE_SUB_C] [08:12:09] new symbol OCC — detector + movement_strike instantiated
[MOVE_SUB_C] [08:12:21] STATS ticks=285707 symbols=64 pos=no daily_pnl=+674 drops=0
[MOVE_SUB_C] [08:13:21] STATS ticks=288315 symbols=64 pos=no daily_pnl=+674 drops=0
[MOVE_SUB_C] [08:14:22] STATS ticks=290379 symbols=64 pos=no daily_pnl=+674 drops=0
[MOVE_SUB_C] [08:15:22] STATS ticks=291917 symbols=64 pos=no daily_pnl=+674 drops=0
[MOVE_SUB_C] [08:16:22] STATS ticks=297480 symbols=64 pos=no daily_pnl=+674 drops=0
[MOVE_SUB_C] [08:17:23] STATS ticks=299843 symbols=64 pos=no daily_pnl=+674 drops=0
[MOVE_SUB_C] [08:17:33] new symbol AAOG — detector + movement_strike instantiated
[MOVE_SUB_C] [08:17:44] new symbol MNTS — detector + movement_strike instantiated
[MOVE_SUB_C] [08:18:23] STATS ticks=304410 symbols=66 pos=no daily_pnl=+674 drops=0
[MOVE_SUB_C] [08:19:23] STATS ticks=306117 symbols=66 pos=no daily_pnl=+674 drops=0
[MOVE_SUB_C] [08:20:24] STATS ticks=308006 symbols=66 pos=no daily_pnl=+674 drops=0
[MOVE_SUB_C] [08:21:24] STATS ticks=309112 symbols=66 pos=no daily_pnl=+674 drops=0
[MOVE_SUB_C] [08:22:00] new symbol MPAA — detector + movement_strike instantiated
[MOVE_SUB_C] [08:22:24] STATS ticks=310421 symbols=67 pos=no daily_pnl=+674 drops=0
[MOVE_SUB_C] [08:23:24] STATS ticks=311876 symbols=67 pos=no daily_pnl=+674 drops=0
[MOVE_SUB_C] [08:24:25] STATS ticks=313152 symbols=67 pos=no daily_pnl=+674 drops=0
[MOVE_SUB_C] [08:25:25] STATS ticks=314386 symbols=67 pos=no daily_pnl=+674 drops=0
[MOVE_SUB_C] [08:26:25] STATS ticks=316089 symbols=67 pos=no daily_pnl=+674 drops=0
[MOVE_SUB_C] [08:27:25] STATS ticks=317445 symbols=67 pos=no daily_pnl=+674 drops=0
[MOVE_SUB_C] [08:27:48] new symbol LASE — detector + movement_strike instantiated
[MOVE_SUB_C] [08:28:26] STATS ticks=320254 symbols=68 pos=no daily_pnl=+674 drops=0
[MOVE_SUB_C] [08:29:26] STATS ticks=321852 symbols=68 pos=no daily_pnl=+674 drops=0
[MOVE_SUB_C] [08:30:26] STATS ticks=323136 symbols=68 pos=no daily_pnl=+674 drops=0
[MOVE_SUB_C] [08:31:26] STATS ticks=324372 symbols=68 pos=no daily_pnl=+674 drops=0
[MOVE_SUB_C] [08:32:27] STATS ticks=325645 symbols=68 pos=no daily_pnl=+674 drops=0
[MOVE_SUB_C] [08:32:32] new symbol SHMD — detector + movement_strike instantiated
[MOVE_SUB_C] [08:32:43] new symbol IPFXU — detector + movement_strike instantiated
[MOVE_SUB_C] [08:32:49] new symbol OPTH — detector + movement_strike instantiated
[MOVE_SUB_C] [08:33:27] STATS ticks=326733 symbols=71 pos=no daily_pnl=+674 drops=0
[MOVE_SUB_C] [08:34:27] STATS ticks=328048 symbols=71 pos=no daily_pnl=+674 drops=0
[MOVE_SUB_C] [08:35:27] STATS ticks=330200 symbols=71 pos=no daily_pnl=+674 drops=0
[MOVE_SUB_C] [08:36:27] STATS ticks=331758 symbols=71 pos=no daily_pnl=+674 drops=0
[MOVE_SUB_C] [08:37:01] new symbol FRSX — detector + movement_strike instantiated
[MOVE_SUB_C] [08:37:28] STATS ticks=334373 symbols=72 pos=no daily_pnl=+674 drops=0
[MOVE_SUB_C] [08:38:28] STATS ticks=335324 symbols=72 pos=no daily_pnl=+674 drops=0
[MOVE_SUB_C] [08:39:28] STATS ticks=336169 symbols=72 pos=no daily_pnl=+674 drops=0
[MOVE_SUB_C] [08:40:29] STATS ticks=337168 symbols=72 pos=no daily_pnl=+674 drops=0
[MOVE_SUB_C] [08:41:29] STATS ticks=337950 symbols=72 pos=no daily_pnl=+674 drops=0
[MOVE_SUB_C] [08:42:29] STATS ticks=339345 symbols=72 pos=no daily_pnl=+674 drops=0
[MOVE_SUB_C] [08:43:29] STATS ticks=342925 symbols=72 pos=no daily_pnl=+674 drops=0
[MOVE_SUB_C] [08:44:29] STATS ticks=344747 symbols=72 pos=no daily_pnl=+674 drops=0
[MOVE_SUB_C] [08:45:30] STATS ticks=346660 symbols=72 pos=no daily_pnl=+674 drops=0
[MOVE_SUB_C] [08:46:30] STATS ticks=347832 symbols=72 pos=no daily_pnl=+674 drops=0
[MOVE_SUB_C] [08:47:30] STATS ticks=351321 symbols=72 pos=no daily_pnl=+674 drops=0
[MOVE_SUB_C] [08:48:30] STATS ticks=354921 symbols=72 pos=no daily_pnl=+674 drops=0
[MOVE_SUB_C] [08:49:30] STATS ticks=358787 symbols=72 pos=no daily_pnl=+674 drops=0
[MOVE_SUB_C] [08:50:31] STATS ticks=362113 symbols=72 pos=no daily_pnl=+674 drops=0
[MOVE_SUB_C] [08:51:31] STATS ticks=366262 symbols=72 pos=no daily_pnl=+674 drops=0
[MOVE_SUB_C] [08:52:31] STATS ticks=368848 symbols=72 pos=no daily_pnl=+674 drops=0
[MOVE_SUB_C] [08:53:31] STATS ticks=374742 symbols=72 pos=no daily_pnl=+674 drops=0
[MOVE_SUB_C] [08:54:31] STATS ticks=378910 symbols=72 pos=no daily_pnl=+674 drops=0
[MOVE_SUB_C] [08:55:32] STATS ticks=382344 symbols=72 pos=no daily_pnl=+674 drops=0
[MOVE_SUB_C] [08:56:32] STATS ticks=387914 symbols=72 pos=no daily_pnl=+674 drops=0
[MOVE_SUB_C] [08:57:32] STATS ticks=393326 symbols=72 pos=no daily_pnl=+674 drops=0
[MOVE_SUB_C] [08:58:32] STATS ticks=399771 symbols=72 pos=no daily_pnl=+674 drops=0
[MOVE_SUB_C] [08:59:32] STATS ticks=407182 symbols=72 pos=no daily_pnl=+674 drops=0
[MOVE_SUB_C] [09:00:32] STATS ticks=421681 symbols=72 pos=no daily_pnl=+674 drops=0
[MOVE_SUB_C] [09:01:33] STATS ticks=428875 symbols=72 pos=no daily_pnl=+674 drops=0
[MOVE_SUB_C] [09:02:33] STATS ticks=434173 symbols=72 pos=no daily_pnl=+674 drops=0
[MOVE_SUB_C] [09:02:55] new symbol AXTU — detector + movement_strike instantiated
[MOVE_SUB_C] [09:03:33] STATS ticks=438776 symbols=73 pos=no daily_pnl=+674 drops=0
[MOVE_SUB_C] [09:04:33] STATS ticks=445726 symbols=73 pos=no daily_pnl=+674 drops=0
[MOVE_SUB_C] [09:05:34] STATS ticks=450911 symbols=73 pos=no daily_pnl=+674 drops=0
[MOVE_SUB_C] [09:06:34] STATS ticks=454196 symbols=73 pos=no daily_pnl=+674 drops=0
[MOVE_SUB_C] [09:07:34] STATS ticks=459064 symbols=73 pos=no daily_pnl=+674 drops=0
[MOVE_SUB_C] [09:08:34] STATS ticks=461821 symbols=73 pos=no daily_pnl=+674 drops=0
[MOVE_SUB_C] [09:09:35] STATS ticks=463610 symbols=73 pos=no daily_pnl=+674 drops=0
[MOVE_SUB_C] [09:10:35] STATS ticks=465641 symbols=73 pos=no daily_pnl=+674 drops=0
[MOVE_SUB_C] [09:11:35] STATS ticks=468399 symbols=73 pos=no daily_pnl=+674 drops=0
[MOVE_SUB_C] [09:12:35] STATS ticks=471984 symbols=73 pos=no daily_pnl=+674 drops=0
[MOVE_SUB_C] [09:12:53] new symbol USGG — detector + movement_strike instantiated
[MOVE_SUB_C] [09:13:36] STATS ticks=475010 symbols=74 pos=no daily_pnl=+674 drops=0
[MOVE_SUB_C] [09:14:36] STATS ticks=480905 symbols=74 pos=no daily_pnl=+674 drops=0
[MOVE_SUB_C] [09:15:36] STATS ticks=484805 symbols=74 pos=no daily_pnl=+674 drops=0
[MOVE_SUB_C] [09:16:36] STATS ticks=488705 symbols=74 pos=no daily_pnl=+674 drops=0
[MOVE_SUB_C] [09:17:36] STATS ticks=491778 symbols=74 pos=no daily_pnl=+674 drops=0
[MOVE_SUB_C] [09:18:36] STATS ticks=494611 symbols=74 pos=no daily_pnl=+674 drops=0
[MOVE_SUB_C] [09:19:37] STATS ticks=497013 symbols=74 pos=no daily_pnl=+674 drops=0
[MOVE_SUB_C] [09:20:37] STATS ticks=498969 symbols=74 pos=no daily_pnl=+674 drops=0
[MOVE_SUB_C] [09:21:37] STATS ticks=500832 symbols=74 pos=no daily_pnl=+674 drops=0
[MOVE_SUB_C] [09:22:19] new symbol FOFO — detector + movement_strike instantiated
[MOVE_SUB_C] [09:22:37] STATS ticks=502594 symbols=75 pos=no daily_pnl=+674 drops=0
[MOVE_SUB_C] [09:23:38] STATS ticks=503740 symbols=75 pos=no daily_pnl=+674 drops=0
[MOVE_SUB_C] [09:24:38] STATS ticks=505102 symbols=75 pos=no daily_pnl=+674 drops=0
[MOVE_SUB_C] [09:25:39] STATS ticks=507644 symbols=75 pos=no daily_pnl=+674 drops=0
[MOVE_SUB_C] [09:26:39] STATS ticks=509621 symbols=75 pos=no daily_pnl=+674 drops=0
[MOVE_SUB_C] [09:27:39] STATS ticks=513292 symbols=75 pos=no daily_pnl=+674 drops=0
[MOVE_SUB_C] [09:28:39] STATS ticks=516335 symbols=75 pos=no daily_pnl=+674 drops=0
[MOVE_SUB_C] [09:29:39] STATS ticks=518776 symbols=75 pos=no daily_pnl=+674 drops=0
[MOVE_SUB_C] [09:30:40] STATS ticks=530912 symbols=75 pos=no daily_pnl=+674 drops=0
[MOVE_SUB_C] [09:31:40] STATS ticks=539291 symbols=75 pos=no daily_pnl=+674 drops=0
[MOVE_SUB_C] [09:32:26] new symbol ETU — detector + movement_strike instantiated
[MOVE_SUB_C] [09:32:40] STATS ticks=548850 symbols=76 pos=no daily_pnl=+674 drops=0
[MOVE_SUB_C] [09:33:40] STATS ticks=556609 symbols=76 pos=no daily_pnl=+674 drops=0
[MOVE_SUB_C] [09:34:40] STATS ticks=573404 symbols=76 pos=no daily_pnl=+674 drops=0
[MOVE_SUB_C] [09:35:40] STATS ticks=589673 symbols=76 pos=no daily_pnl=+674 drops=0
[MOVE_SUB_C] [09:36:40] STATS ticks=601438 symbols=76 pos=no daily_pnl=+674 drops=0
[MOVE_SUB_C] [09:37:30] new symbol SUIL — detector + movement_strike instantiated
[MOVE_SUB_C] [09:37:40] STATS ticks=613199 symbols=77 pos=no daily_pnl=+674 drops=0
[MOVE_SUB_C] [09:37:55] new symbol TLYS — detector + movement_strike instantiated
[MOVE_SUB_C] [09:38:40] STATS ticks=622037 symbols=78 pos=no daily_pnl=+674 drops=0
[MOVE_SUB_C] [09:39:40] STATS ticks=627045 symbols=78 pos=no daily_pnl=+674 drops=0
[MOVE_SUB_C] [09:40:40] STATS ticks=633537 symbols=78 pos=no daily_pnl=+674 drops=0
[MOVE_SUB_C] [09:41:41] STATS ticks=641475 symbols=78 pos=no daily_pnl=+674 drops=0
[MOVE_SUB_C] [09:42:33] new symbol SBTU — detector + movement_strike instantiated
[MOVE_SUB_C] [09:42:39] new symbol ENHA — detector + movement_strike instantiated
[MOVE_SUB_C] [09:42:41] STATS ticks=649216 symbols=80 pos=no daily_pnl=+674 drops=0
[MOVE_SUB_C] [09:43:41] STATS ticks=656697 symbols=80 pos=no daily_pnl=+674 drops=0
[MOVE_SUB_C] [09:44:41] STATS ticks=662983 symbols=80 pos=no daily_pnl=+674 drops=0
[MOVE_SUB_C] [09:45:42] STATS ticks=667791 symbols=80 pos=no daily_pnl=+674 drops=0
[MOVE_SUB_C] [09:46:42] STATS ticks=674328 symbols=80 pos=no daily_pnl=+674 drops=0
[MOVE_SUB_C] [09:46:55] new symbol INHD — detector + movement_strike instantiated
[MOVE_SUB_C] [09:47:04] new symbol TNGX — detector + movement_strike instantiated
[MOVE_SUB_C] [09:47:18] new symbol GLWG — detector + movement_strike instantiated
[MOVE_SUB_C] [09:47:28] new symbol SNXX — detector + movement_strike instantiated
[MOVE_SUB_C] [09:47:30] new symbol SRAD — detector + movement_strike instantiated
[MOVE_SUB_C] [09:47:33] new symbol NTCL — detector + movement_strike instantiated
[MOVE_SUB_C] [09:47:37] new symbol RGTX — detector + movement_strike instantiated
[MOVE_SUB_C] [09:47:38] new symbol GLXY — detector + movement_strike instantiated
[MOVE_SUB_C] [09:47:41] new symbol SBET — detector + movement_strike instantiated
[MOVE_SUB_C] [09:47:42] STATS ticks=690535 symbols=89 pos=no daily_pnl=+674 drops=0
[MOVE_SUB_C] [09:47:45] new symbol ALTO — detector + movement_strike instantiated
[MOVE_SUB_C] [09:47:49] new symbol SMCX — detector + movement_strike instantiated
[MOVE_SUB_C] [09:47:51] new symbol FSLY — detector + movement_strike instantiated
[MOVE_SUB_C] [09:48:15] new symbol TXXS — detector + movement_strike instantiated
[MOVE_SUB_C] [09:48:37] new symbol MI — detector + movement_strike instantiated
[MOVE_SUB_C] [09:48:40] new symbol GLXU — detector + movement_strike instantiated
[MOVE_SUB_C] [09:48:42] STATS ticks=697119 symbols=95 pos=no daily_pnl=+674 drops=0
[MOVE_SUB_C] [09:49:43] STATS ticks=704609 symbols=95 pos=no daily_pnl=+674 drops=0
[MOVE_SUB_C] [09:50:43] STATS ticks=714336 symbols=95 pos=no daily_pnl=+674 drops=0
[MOVE_SUB_C] [09:51:43] STATS ticks=724181 symbols=95 pos=no daily_pnl=+674 drops=0
[MOVE_SUB_C] [09:52:43] STATS ticks=733557 symbols=95 pos=no daily_pnl=+674 drops=0
[MOVE_SUB_C] [09:53:34] new symbol CBRX — detector + movement_strike instantiated
[MOVE_SUB_C] [09:53:40] new symbol IMDX — detector + movement_strike instantiated
[MOVE_SUB_C] [09:53:43] STATS ticks=742822 symbols=97 pos=no daily_pnl=+674 drops=0
[MOVE_SUB_C] [09:53:43] new symbol ALVO — detector + movement_strike instantiated
[MOVE_SUB_C] [09:53:46] new symbol HTCO — detector + movement_strike instantiated
[MOVE_SUB_C] [09:54:43] STATS ticks=748479 symbols=99 pos=no daily_pnl=+674 drops=0
[MOVE_SUB_C] [09:55:44] STATS ticks=757203 symbols=99 pos=no daily_pnl=+674 drops=0
[MOVE_SUB_C] [09:56:44] STATS ticks=767860 symbols=99 pos=no daily_pnl=+674 drops=0
[MOVE_SUB_C] [09:57:44] STATS ticks=773346 symbols=99 pos=no daily_pnl=+674 drops=0
[MOVE_SUB_C] [09:58:44] STATS ticks=778108 symbols=99 pos=no daily_pnl=+674 drops=0
[MOVE_SUB_C] [09:59:44] STATS ticks=782085 symbols=99 pos=no daily_pnl=+674 drops=0
[MOVE_SUB_C] [10:00:45] STATS ticks=786714 symbols=99 pos=no daily_pnl=+674 drops=0
[MOVE_SUB_C] [10:01:45] STATS ticks=791283 symbols=99 pos=no daily_pnl=+674 drops=0
[MOVE_SUB_C] [10:02:18] new symbol HYLN — detector + movement_strike instantiated
[MOVE_SUB_C] [10:02:29] new symbol TOI — detector + movement_strike instantiated
[MOVE_SUB_C] [10:02:33] new symbol SOC — detector + movement_strike instantiated
[MOVE_SUB_C] [10:02:43] new symbol GENI — detector + movement_strike instantiated
[MOVE_SUB_C] [10:02:45] STATS ticks=795807 symbols=103 pos=no daily_pnl=+674 drops=0
[MOVE_SUB_C] [10:02:45] new symbol AXTX — detector + movement_strike instantiated
[MOVE_SUB_C] [10:02:49] new symbol OSCR — detector + movement_strike instantiated
[MOVE_SUB_C] [10:03:45] STATS ticks=798166 symbols=105 pos=no daily_pnl=+674 drops=0
[MOVE_SUB_C] [10:04:45] STATS ticks=800400 symbols=105 pos=no daily_pnl=+674 drops=0
[MOVE_SUB_C] [10:05:46] STATS ticks=805553 symbols=105 pos=no daily_pnl=+674 drops=0
[MOVE_SUB_C] [10:06:46] STATS ticks=810131 symbols=105 pos=no daily_pnl=+674 drops=0
[MOVE_SUB_C] [10:07:46] STATS ticks=814635 symbols=105 pos=no daily_pnl=+674 drops=0
[MOVE_SUB_C] [10:08:46] STATS ticks=818769 symbols=105 pos=no daily_pnl=+674 drops=0
[MOVE_SUB_C] [10:09:46] STATS ticks=821333 symbols=105 pos=no daily_pnl=+674 drops=0
[MOVE_SUB_C] [10:10:47] STATS ticks=823377 symbols=105 pos=no daily_pnl=+674 drops=0
[MOVE_SUB_C] [10:11:47] STATS ticks=825187 symbols=105 pos=no daily_pnl=+674 drops=0
[MOVE_SUB_C] [10:12:47] STATS ticks=826878 symbols=105 pos=no daily_pnl=+674 drops=0
[MOVE_SUB_C] [10:13:48] STATS ticks=830894 symbols=105 pos=no daily_pnl=+674 drops=0
[MOVE_SUB_C] [10:14:48] STATS ticks=833777 symbols=105 pos=no daily_pnl=+674 drops=0
[MOVE_SUB_C] [10:15:48] STATS ticks=835894 symbols=105 pos=no daily_pnl=+674 drops=0
[MOVE_SUB_C] [10:16:49] STATS ticks=838816 symbols=105 pos=no daily_pnl=+674 drops=0
[MOVE_SUB_C] [10:17:41] new symbol ALOY — detector + movement_strike instantiated
[MOVE_SUB_C] [10:17:49] STATS ticks=842479 symbols=106 pos=no daily_pnl=+674 drops=0
[MOVE_SUB_C] [10:17:54] new symbol EVH — detector + movement_strike instantiated
[MOVE_SUB_C] [10:18:49] STATS ticks=845278 symbols=107 pos=no daily_pnl=+674 drops=0
[MOVE_SUB_C] [10:19:49] STATS ticks=847457 symbols=107 pos=no daily_pnl=+674 drops=0
[MOVE_SUB_C] [10:20:50] STATS ticks=848919 symbols=107 pos=no daily_pnl=+674 drops=0
[MOVE_SUB_C] [10:21:50] STATS ticks=850322 symbols=107 pos=no daily_pnl=+674 drops=0
[MOVE_SUB_C] [10:22:50] STATS ticks=851739 symbols=107 pos=no daily_pnl=+674 drops=0
[MOVE_SUB_C] [10:23:50] STATS ticks=853316 symbols=107 pos=no daily_pnl=+674 drops=0
[MOVE_SUB_C] [10:24:51] STATS ticks=858475 symbols=107 pos=no daily_pnl=+674 drops=0
[MOVE_SUB_C] [10:25:51] STATS ticks=860543 symbols=107 pos=no daily_pnl=+674 drops=0
[MOVE_SUB_C] [10:26:51] STATS ticks=861955 symbols=107 pos=no daily_pnl=+674 drops=0
[MOVE_SUB_C] [10:27:52] STATS ticks=864341 symbols=107 pos=no daily_pnl=+674 drops=0
[MOVE_SUB_C] [10:28:48] new symbol EGG — detector + movement_strike instantiated
[MOVE_SUB_C] [10:28:52] STATS ticks=866436 symbols=108 pos=no daily_pnl=+674 drops=0
[MOVE_SUB_C] [10:29:52] STATS ticks=868171 symbols=108 pos=no daily_pnl=+674 drops=0
[MOVE_SUB_C] [10:30:52] STATS ticks=869507 symbols=108 pos=no daily_pnl=+674 drops=0
[MOVE_SUB_C] [10:31:53] STATS ticks=871499 symbols=108 pos=no daily_pnl=+674 drops=0
[MOVE_SUB_C] [10:32:40] new symbol MOBX — detector + movement_strike instantiated
[MOVE_SUB_C] [10:32:53] STATS ticks=874397 symbols=109 pos=no daily_pnl=+674 drops=0
[MOVE_SUB_C] [10:33:15] new symbol GLGG — detector + movement_strike instantiated
[MOVE_SUB_C] [10:33:54] STATS ticks=877250 symbols=110 pos=no daily_pnl=+674 drops=0
[MOVE_SUB_C] [10:34:54] STATS ticks=878953 symbols=110 pos=no daily_pnl=+674 drops=0
[MOVE_SUB_C] [10:35:54] STATS ticks=880129 symbols=110 pos=no daily_pnl=+674 drops=0
[MOVE_SUB_C] [10:36:54] STATS ticks=881038 symbols=110 pos=no daily_pnl=+674 drops=0
[MOVE_SUB_C] [10:37:55] STATS ticks=883466 symbols=110 pos=no daily_pnl=+674 drops=0
[MOVE_SUB_C] [10:38:55] STATS ticks=884617 symbols=110 pos=no daily_pnl=+674 drops=0
[MOVE_SUB_C] [10:39:55] STATS ticks=888585 symbols=110 pos=no daily_pnl=+674 drops=0
[MOVE_SUB_C] [10:40:55] STATS ticks=892752 symbols=110 pos=no daily_pnl=+674 drops=0
[MOVE_SUB_C] [10:41:55] STATS ticks=895346 symbols=110 pos=no daily_pnl=+674 drops=0
[MOVE_SUB_C] [10:42:56] STATS ticks=898506 symbols=110 pos=no daily_pnl=+674 drops=0
[MOVE_SUB_C] [10:43:56] STATS ticks=900973 symbols=110 pos=no daily_pnl=+674 drops=0
[MOVE_SUB_C] [10:44:57] STATS ticks=901876 symbols=110 pos=no daily_pnl=+674 drops=0
[MOVE_SUB_C] [10:45:57] STATS ticks=904708 symbols=110 pos=no daily_pnl=+674 drops=0
[MOVE_SUB_C] [10:46:57] STATS ticks=906172 symbols=110 pos=no daily_pnl=+674 drops=0
[MOVE_SUB_C] [10:47:39] new symbol OCTV — detector + movement_strike instantiated
[MOVE_SUB_C] [10:47:43] new symbol IRE — detector + movement_strike instantiated
[MOVE_SUB_C] [10:47:58] STATS ticks=907784 symbols=112 pos=no daily_pnl=+674 drops=0
[MOVE_SUB_C] [10:48:47] new symbol KALA — detector + movement_strike instantiated
[MOVE_SUB_C] [10:48:58] STATS ticks=910357 symbols=113 pos=no daily_pnl=+674 drops=0
[MOVE_SUB_C] [10:49:58] STATS ticks=911586 symbols=113 pos=no daily_pnl=+674 drops=0
[MOVE_SUB_C] [10:50:58] STATS ticks=912492 symbols=113 pos=no daily_pnl=+674 drops=0
[MOVE_SUB_C] [10:51:58] STATS ticks=913004 symbols=113 pos=no daily_pnl=+674 drops=0
[MOVE_SUB_C] [10:52:59] STATS ticks=913942 symbols=113 pos=no daily_pnl=+674 drops=0
[MOVE_SUB_C] [10:53:10] new symbol NPT — detector + movement_strike instantiated
[MOVE_SUB_C] [10:53:59] STATS ticks=914856 symbols=114 pos=no daily_pnl=+674 drops=0
[MOVE_SUB_C] [10:55:00] STATS ticks=915550 symbols=114 pos=no daily_pnl=+674 drops=0
[MOVE_SUB_C] [10:56:00] STATS ticks=916642 symbols=114 pos=no daily_pnl=+674 drops=0
[MOVE_SUB_C] [10:57:00] STATS ticks=917872 symbols=114 pos=no daily_pnl=+674 drops=0
[MOVE_SUB_C] [10:58:01] STATS ticks=918706 symbols=114 pos=no daily_pnl=+674 drops=0
[MOVE_SUB_C] [10:58:39] new symbol SVRE — detector + movement_strike instantiated
[MOVE_SUB_C] [10:59:02] STATS ticks=919576 symbols=115 pos=no daily_pnl=+674 drops=0
[MOVE_SUB_C] [11:00:02] STATS ticks=920200 symbols=115 pos=no daily_pnl=+674 drops=0
[MOVE_SUB_C] [11:01:02] STATS ticks=921213 symbols=115 pos=no daily_pnl=+674 drops=0
[MOVE_SUB_C] [11:02:02] STATS ticks=922070 symbols=115 pos=no daily_pnl=+674 drops=0
[MOVE_SUB_C] [11:03:03] STATS ticks=922948 symbols=115 pos=no daily_pnl=+674 drops=0
[MOVE_SUB_C] [11:03:45] new symbol FAC — detector + movement_strike instantiated
[MOVE_SUB_C] [11:03:48] new symbol ATPC — detector + movement_strike instantiated
[MOVE_SUB_C] [11:04:03] STATS ticks=923872 symbols=117 pos=no daily_pnl=+674 drops=0
[MOVE_SUB_C] [11:05:03] STATS ticks=924650 symbols=117 pos=no daily_pnl=+674 drops=0
[MOVE_SUB_C] [11:06:03] STATS ticks=927211 symbols=117 pos=no daily_pnl=+674 drops=0
[MOVE_SUB_C] [11:07:05] STATS ticks=928618 symbols=117 pos=no daily_pnl=+674 drops=0
[MOVE_SUB_C] [11:08:05] STATS ticks=929913 symbols=117 pos=no daily_pnl=+674 drops=0
[MOVE_SUB_C] [11:08:54] new symbol IXHL — detector + movement_strike instantiated
[MOVE_SUB_C] [11:09:05] STATS ticks=930767 symbols=118 pos=no daily_pnl=+674 drops=0
[MOVE_SUB_C] [11:10:05] STATS ticks=931626 symbols=118 pos=no daily_pnl=+674 drops=0
[MOVE_SUB_C] [11:11:06] STATS ticks=933425 symbols=118 pos=no daily_pnl=+674 drops=0
[MOVE_SUB_C] [11:12:06] STATS ticks=934394 symbols=118 pos=no daily_pnl=+674 drops=0
[MOVE_SUB_C] [11:13:06] STATS ticks=935335 symbols=118 pos=no daily_pnl=+674 drops=0
[MOVE_SUB_C] [11:13:43] new symbol PN — detector + movement_strike instantiated
[MOVE_SUB_C] [11:14:07] STATS ticks=935948 symbols=119 pos=no daily_pnl=+674 drops=0
[MOVE_SUB_C] [11:15:07] STATS ticks=942575 symbols=119 pos=no daily_pnl=+674 drops=0
[MOVE_SUB_C] [11:16:07] STATS ticks=945102 symbols=119 pos=no daily_pnl=+674 drops=0
[MOVE_SUB_C] [11:17:07] STATS ticks=947644 symbols=119 pos=no daily_pnl=+674 drops=0
[MOVE_SUB_C] [11:18:08] STATS ticks=949405 symbols=119 pos=no daily_pnl=+674 drops=0
[MOVE_SUB_C] [11:19:08] STATS ticks=950344 symbols=119 pos=no daily_pnl=+674 drops=0
[MOVE_SUB_C] [11:20:08] STATS ticks=951343 symbols=119 pos=no daily_pnl=+674 drops=0
[MOVE_SUB_C] [11:21:09] STATS ticks=952492 symbols=119 pos=no daily_pnl=+674 drops=0
[MOVE_SUB_C] [11:22:10] STATS ticks=953747 symbols=119 pos=no daily_pnl=+674 drops=0
[MOVE_SUB_C] [11:23:10] STATS ticks=955021 symbols=119 pos=no daily_pnl=+674 drops=0
[MOVE_SUB_C] [11:23:58] new symbol AMAU — detector + movement_strike instantiated
[MOVE_SUB_C] [11:24:10] STATS ticks=956700 symbols=120 pos=no daily_pnl=+674 drops=0
[MOVE_SUB_C] [11:25:10] STATS ticks=958340 symbols=120 pos=no daily_pnl=+674 drops=0
[MOVE_SUB_C] [11:26:10] STATS ticks=959888 symbols=120 pos=no daily_pnl=+674 drops=0
[MOVE_SUB_C] [11:27:11] STATS ticks=960901 symbols=120 pos=no daily_pnl=+674 drops=0
[MOVE_SUB_C] [11:28:11] STATS ticks=962177 symbols=120 pos=no daily_pnl=+674 drops=0
[MOVE_SUB_C] [11:29:11] STATS ticks=964631 symbols=120 pos=no daily_pnl=+674 drops=0
[MOVE_SUB_C] [11:30:11] STATS ticks=966153 symbols=120 pos=no daily_pnl=+674 drops=0
[MOVE_SUB_C] [11:31:12] STATS ticks=968281 symbols=120 pos=no daily_pnl=+674 drops=0
[MOVE_SUB_C] [11:32:12] STATS ticks=969255 symbols=120 pos=no daily_pnl=+674 drops=0
[MOVE_SUB_C] [11:32:46] new symbol FWDI — detector + movement_strike instantiated
[MOVE_SUB_C] [11:32:56] new symbol CLYM — detector + movement_strike instantiated
[MOVE_SUB_C] [11:33:12] STATS ticks=971193 symbols=122 pos=no daily_pnl=+674 drops=0
[MOVE_SUB_C] [11:34:12] STATS ticks=972242 symbols=122 pos=no daily_pnl=+674 drops=0
[MOVE_SUB_C] [11:35:12] STATS ticks=973449 symbols=122 pos=no daily_pnl=+674 drops=0
[MOVE_SUB_C] [11:36:12] STATS ticks=974196 symbols=122 pos=no daily_pnl=+674 drops=0
[MOVE_SUB_C] [11:37:13] STATS ticks=977177 symbols=122 pos=no daily_pnl=+674 drops=0
[MOVE_SUB_C] [11:38:13] STATS ticks=978927 symbols=122 pos=no daily_pnl=+674 drops=0
[MOVE_SUB_C] [11:39:13] STATS ticks=980582 symbols=122 pos=no daily_pnl=+674 drops=0
[MOVE_SUB_C] [11:40:14] STATS ticks=981324 symbols=122 pos=no daily_pnl=+674 drops=0
[MOVE_SUB_C] [11:41:14] STATS ticks=981878 symbols=122 pos=no daily_pnl=+674 drops=0
[MOVE_SUB_C] [11:42:14] STATS ticks=982798 symbols=122 pos=no daily_pnl=+674 drops=0
[MOVE_SUB_C] [11:43:14] STATS ticks=983874 symbols=122 pos=no daily_pnl=+674 drops=0
[MOVE_SUB_C] [11:44:03] new symbol DTIL — detector + movement_strike instantiated
[MOVE_SUB_C] [11:44:15] STATS ticks=984279 symbols=123 pos=no daily_pnl=+674 drops=0
[MOVE_SUB_C] [11:45:15] STATS ticks=985247 symbols=123 pos=no daily_pnl=+674 drops=0
[MOVE_SUB_C] [11:46:16] STATS ticks=986312 symbols=123 pos=no daily_pnl=+674 drops=0
[MOVE_SUB_C] [11:47:16] STATS ticks=986935 symbols=123 pos=no daily_pnl=+674 drops=0
[MOVE_SUB_C] [11:48:16] STATS ticks=987582 symbols=123 pos=no daily_pnl=+674 drops=0
[MOVE_SUB_C] [11:49:16] STATS ticks=988221 symbols=123 pos=no daily_pnl=+674 drops=0
[MOVE_SUB_C] [11:50:17] STATS ticks=988769 symbols=123 pos=no daily_pnl=+674 drops=0
[MOVE_SUB_C] [11:51:17] STATS ticks=989507 symbols=123 pos=no daily_pnl=+674 drops=0
[MOVE_SUB_C] [11:52:17] STATS ticks=990174 symbols=123 pos=no daily_pnl=+674 drops=0
[MOVE_SUB_C] [11:53:18] STATS ticks=990672 symbols=123 pos=no daily_pnl=+674 drops=0
[MOVE_SUB_C] [11:54:18] STATS ticks=991350 symbols=123 pos=no daily_pnl=+674 drops=0
[MOVE_SUB_C] [11:55:18] STATS ticks=992023 symbols=123 pos=no daily_pnl=+674 drops=0
[MOVE_SUB_C] [11:56:18] STATS ticks=992493 symbols=123 pos=no daily_pnl=+674 drops=0
[MOVE_SUB_C] [11:57:18] STATS ticks=993050 symbols=123 pos=no daily_pnl=+674 drops=0
[MOVE_SUB_C] [11:58:19] STATS ticks=993660 symbols=123 pos=no daily_pnl=+674 drops=0
[MOVE_SUB_C] [11:58:47] new symbol CDTG — detector + movement_strike instantiated
[MOVE_SUB_C] [11:59:19] STATS ticks=995422 symbols=124 pos=no daily_pnl=+674 drops=0
[MOVE_SUB_C] [12:00:19] STATS ticks=998390 symbols=124 pos=no daily_pnl=+674 drops=0
[MOVE_SUB_C] [12:01:19] STATS ticks=1000216 symbols=124 pos=no daily_pnl=+674 drops=0
[MOVE_SUB_C] [12:02:19] STATS ticks=1001437 symbols=124 pos=no daily_pnl=+674 drops=0
[MOVE_SUB_C] [12:03:20] STATS ticks=1002262 symbols=124 pos=no daily_pnl=+674 drops=0
[MOVE_SUB_C] [12:04:20] STATS ticks=1002870 symbols=124 pos=no daily_pnl=+674 drops=0
[MOVE_SUB_C] [12:05:21] STATS ticks=1003387 symbols=124 pos=no daily_pnl=+674 drops=0
[MOVE_SUB_C] [12:06:21] STATS ticks=1003980 symbols=124 pos=no daily_pnl=+674 drops=0
[MOVE_SUB_C] [12:07:21] STATS ticks=1004415 symbols=124 pos=no daily_pnl=+674 drops=0
[MOVE_SUB_C] [12:08:21] STATS ticks=1005203 symbols=124 pos=no daily_pnl=+674 drops=0
[MOVE_SUB_C] [12:09:22] STATS ticks=1006160 symbols=124 pos=no daily_pnl=+674 drops=0
[MOVE_SUB_C] [12:10:23] STATS ticks=1007277 symbols=124 pos=no daily_pnl=+674 drops=0
[MOVE_SUB_C] [12:11:23] STATS ticks=1007727 symbols=124 pos=no daily_pnl=+674 drops=0
[MOVE_SUB_C] [12:12:24] STATS ticks=1008152 symbols=124 pos=no daily_pnl=+674 drops=0
[MOVE_SUB_C] [12:13:24] STATS ticks=1008721 symbols=124 pos=no daily_pnl=+674 drops=0
[MOVE_SUB_C] [12:14:25] STATS ticks=1008999 symbols=124 pos=no daily_pnl=+674 drops=0
[MOVE_SUB_C] [12:15:25] STATS ticks=1009414 symbols=124 pos=no daily_pnl=+674 drops=0
[MOVE_SUB_C] [12:16:25] STATS ticks=1010079 symbols=124 pos=no daily_pnl=+674 drops=0
[MOVE_SUB_C] [12:17:26] STATS ticks=1012794 symbols=124 pos=no daily_pnl=+674 drops=0
[MOVE_SUB_C] [12:17:48] new symbol AMPG — detector + movement_strike instantiated
[MOVE_SUB_C] [12:17:54] new symbol NWL — detector + movement_strike instantiated
[MOVE_SUB_C] [12:18:26] STATS ticks=1013942 symbols=126 pos=no daily_pnl=+674 drops=0
[MOVE_SUB_C] [12:19:26] STATS ticks=1014933 symbols=126 pos=no daily_pnl=+674 drops=0
[MOVE_SUB_C] [12:20:27] STATS ticks=1015833 symbols=126 pos=no daily_pnl=+674 drops=0
[MOVE_SUB_C] [12:21:27] STATS ticks=1016721 symbols=126 pos=no daily_pnl=+674 drops=0
[MOVE_SUB_C] [12:22:27] STATS ticks=1017071 symbols=126 pos=no daily_pnl=+674 drops=0
[MOVE_SUB_C] [12:23:27] STATS ticks=1017896 symbols=126 pos=no daily_pnl=+674 drops=0
[MOVE_SUB_C] [12:23:57] new symbol WNW — detector + movement_strike instantiated
[MOVE_SUB_C] [12:24:28] STATS ticks=1019311 symbols=127 pos=no daily_pnl=+674 drops=0
[MOVE_SUB_C] [12:25:28] STATS ticks=1019791 symbols=127 pos=no daily_pnl=+674 drops=0
[MOVE_SUB_C] [12:26:29] STATS ticks=1020314 symbols=127 pos=no daily_pnl=+674 drops=0
[MOVE_SUB_C] [12:27:29] STATS ticks=1020828 symbols=127 pos=no daily_pnl=+674 drops=0
[MOVE_SUB_C] [12:28:30] STATS ticks=1022054 symbols=127 pos=no daily_pnl=+674 drops=0
[MOVE_SUB_C] [12:29:30] STATS ticks=1022897 symbols=127 pos=no daily_pnl=+674 drops=0
[MOVE_SUB_C] [12:30:31] STATS ticks=1023883 symbols=127 pos=no daily_pnl=+674 drops=0
[MOVE_SUB_C] [12:31:31] STATS ticks=1024610 symbols=127 pos=no daily_pnl=+674 drops=0
[MOVE_SUB_C] [12:32:31] STATS ticks=1025402 symbols=127 pos=no daily_pnl=+674 drops=0
[MOVE_SUB_C] [12:33:32] STATS ticks=1026484 symbols=127 pos=no daily_pnl=+674 drops=0
[MOVE_SUB_C] [12:34:32] STATS ticks=1027435 symbols=127 pos=no daily_pnl=+674 drops=0
[MOVE_SUB_C] [12:35:32] STATS ticks=1027866 symbols=127 pos=no daily_pnl=+674 drops=0
[MOVE_SUB_C] [12:36:32] STATS ticks=1028200 symbols=127 pos=no daily_pnl=+674 drops=0
[MOVE_SUB_C] [12:37:34] STATS ticks=1028665 symbols=127 pos=no daily_pnl=+674 drops=0
[MOVE_SUB_C] [12:38:34] STATS ticks=1028903 symbols=127 pos=no daily_pnl=+674 drops=0
[MOVE_SUB_C] [12:39:35] STATS ticks=1029391 symbols=127 pos=no daily_pnl=+674 drops=0
[MOVE_SUB_C] [12:40:35] STATS ticks=1030078 symbols=127 pos=no daily_pnl=+674 drops=0
[MOVE_SUB_C] [12:41:36] STATS ticks=1030725 symbols=127 pos=no daily_pnl=+674 drops=0
[MOVE_SUB_C] [12:42:37] STATS ticks=1031078 symbols=127 pos=no daily_pnl=+674 drops=0
[MOVE_SUB_C] [12:43:37] STATS ticks=1031382 symbols=127 pos=no daily_pnl=+674 drops=0
[MOVE_SUB_C] [12:44:37] STATS ticks=1031587 symbols=127 pos=no daily_pnl=+674 drops=0
[MOVE_SUB_C] [12:45:38] STATS ticks=1032777 symbols=127 pos=no daily_pnl=+674 drops=0
[MOVE_SUB_C] [12:46:39] STATS ticks=1033507 symbols=127 pos=no daily_pnl=+674 drops=0
[MOVE_SUB_C] [12:47:39] STATS ticks=1034101 symbols=127 pos=no daily_pnl=+674 drops=0
[MOVE_SUB_C] [12:48:39] STATS ticks=1035168 symbols=127 pos=no daily_pnl=+674 drops=0
[MOVE_SUB_C] [12:49:40] STATS ticks=1035669 symbols=127 pos=no daily_pnl=+674 drops=0
[MOVE_SUB_C] [12:50:41] STATS ticks=1036265 symbols=127 pos=no daily_pnl=+674 drops=0
[MOVE_SUB_C] [12:51:41] STATS ticks=1036739 symbols=127 pos=no daily_pnl=+674 drops=0
[MOVE_SUB_C] [12:52:42] STATS ticks=1037032 symbols=127 pos=no daily_pnl=+674 drops=0
[MOVE_SUB_C] [12:53:42] STATS ticks=1037349 symbols=127 pos=no daily_pnl=+674 drops=0
[MOVE_SUB_C] [12:54:43] STATS ticks=1037525 symbols=127 pos=no daily_pnl=+674 drops=0
[MOVE_SUB_C] [12:55:44] STATS ticks=1037782 symbols=127 pos=no daily_pnl=+674 drops=0
[MOVE_SUB_C] [12:56:44] STATS ticks=1038378 symbols=127 pos=no daily_pnl=+674 drops=0
[MOVE_SUB_C] [12:57:44] STATS ticks=1038935 symbols=127 pos=no daily_pnl=+674 drops=0
[MOVE_SUB_C] [12:58:45] STATS ticks=1040033 symbols=127 pos=no daily_pnl=+674 drops=0
[MOVE_SUB_C] [12:59:45] STATS ticks=1041087 symbols=127 pos=no daily_pnl=+674 drops=0
[MOVE_SUB_C] [13:00:46] STATS ticks=1042861 symbols=127 pos=no daily_pnl=+674 drops=0
[MOVE_SUB_C] [13:01:47] STATS ticks=1044778 symbols=127 pos=no daily_pnl=+674 drops=0
[MOVE_SUB_C] [13:02:47] STATS ticks=1046200 symbols=127 pos=no daily_pnl=+674 drops=0
[MOVE_SUB_C] [13:02:53] new symbol ZVRA — detector + movement_strike instantiated
[MOVE_SUB_C] [13:03:48] STATS ticks=1047431 symbols=128 pos=no daily_pnl=+674 drops=0
[MOVE_SUB_C] [13:04:48] STATS ticks=1047841 symbols=128 pos=no daily_pnl=+674 drops=0
[MOVE_SUB_C] [13:05:48] STATS ticks=1050390 symbols=128 pos=no daily_pnl=+674 drops=0
[MOVE_SUB_C] [13:06:49] STATS ticks=1051498 symbols=128 pos=no daily_pnl=+674 drops=0
[MOVE_SUB_C] [13:07:49] STATS ticks=1053044 symbols=128 pos=no daily_pnl=+674 drops=0
[MOVE_SUB_C] [13:08:49] STATS ticks=1053725 symbols=128 pos=no daily_pnl=+674 drops=0
[MOVE_SUB_C] [13:09:50] STATS ticks=1054916 symbols=128 pos=no daily_pnl=+674 drops=0
[MOVE_SUB_C] [13:10:50] STATS ticks=1055807 symbols=128 pos=no daily_pnl=+674 drops=0
[MOVE_SUB_C] [13:11:51] STATS ticks=1056398 symbols=128 pos=no daily_pnl=+674 drops=0
[MOVE_SUB_C] [13:12:51] STATS ticks=1056845 symbols=128 pos=no daily_pnl=+674 drops=0
[MOVE_SUB_C] [13:13:51] STATS ticks=1057315 symbols=128 pos=no daily_pnl=+674 drops=0
[MOVE_SUB_C] [13:14:52] STATS ticks=1058395 symbols=128 pos=no daily_pnl=+674 drops=0
[MOVE_SUB_C] [13:15:52] STATS ticks=1059929 symbols=128 pos=no daily_pnl=+674 drops=0
[MOVE_SUB_C] [13:16:53] STATS ticks=1060345 symbols=128 pos=no daily_pnl=+674 drops=0
[MOVE_SUB_C] [13:17:53] STATS ticks=1061046 symbols=128 pos=no daily_pnl=+674 drops=0
[MOVE_SUB_C] [13:18:53] STATS ticks=1061641 symbols=128 pos=no daily_pnl=+674 drops=0
[MOVE_SUB_C] [13:19:54] STATS ticks=1062588 symbols=128 pos=no daily_pnl=+674 drops=0
[MOVE_SUB_C] [13:20:54] STATS ticks=1063239 symbols=128 pos=no daily_pnl=+674 drops=0
[MOVE_SUB_C] [13:21:54] STATS ticks=1064173 symbols=128 pos=no daily_pnl=+674 drops=0
[MOVE_SUB_C] [13:22:54] STATS ticks=1065030 symbols=128 pos=no daily_pnl=+674 drops=0
[MOVE_SUB_C] [13:23:41] new symbol BYAH — detector + movement_strike instantiated
[MOVE_SUB_C] [13:23:55] STATS ticks=1066017 symbols=129 pos=no daily_pnl=+674 drops=0
[MOVE_SUB_C] [13:24:55] STATS ticks=1066545 symbols=129 pos=no daily_pnl=+674 drops=0
[MOVE_SUB_C] [13:25:56] STATS ticks=1067004 symbols=129 pos=no daily_pnl=+674 drops=0
[MOVE_SUB_C] [13:26:57] STATS ticks=1067365 symbols=129 pos=no daily_pnl=+674 drops=0
[MOVE_SUB_C] [13:27:57] STATS ticks=1067675 symbols=129 pos=no daily_pnl=+674 drops=0
[MOVE_SUB_C] [13:28:57] STATS ticks=1068171 symbols=129 pos=no daily_pnl=+674 drops=0
[MOVE_SUB_C] [13:29:58] STATS ticks=1068662 symbols=129 pos=no daily_pnl=+674 drops=0
[MOVE_SUB_C] [13:30:58] STATS ticks=1069163 symbols=129 pos=no daily_pnl=+674 drops=0
[MOVE_SUB_C] [13:31:58] STATS ticks=1069583 symbols=129 pos=no daily_pnl=+674 drops=0
[MOVE_SUB_C] [13:32:58] STATS ticks=1070025 symbols=129 pos=no daily_pnl=+674 drops=0
[MOVE_SUB_C] [13:33:59] STATS ticks=1070258 symbols=129 pos=no daily_pnl=+674 drops=0
[MOVE_SUB_C] [13:34:59] STATS ticks=1070577 symbols=129 pos=no daily_pnl=+674 drops=0
[MOVE_SUB_C] [13:35:59] STATS ticks=1070834 symbols=129 pos=no daily_pnl=+674 drops=0
[MOVE_SUB_C] [13:37:01] STATS ticks=1071055 symbols=129 pos=no daily_pnl=+674 drops=0
[MOVE_SUB_C] [13:38:01] STATS ticks=1071444 symbols=129 pos=no daily_pnl=+674 drops=0
[MOVE_SUB_C] [13:39:01] STATS ticks=1071639 symbols=129 pos=no daily_pnl=+674 drops=0
[MOVE_SUB_C] [13:40:01] STATS ticks=1072292 symbols=129 pos=no daily_pnl=+674 drops=0
[MOVE_SUB_C] [13:41:02] STATS ticks=1072593 symbols=129 pos=no daily_pnl=+674 drops=0
[MOVE_SUB_C] [13:42:03] STATS ticks=1073594 symbols=129 pos=no daily_pnl=+674 drops=0
[MOVE_SUB_C] [13:43:04] STATS ticks=1074123 symbols=129 pos=no daily_pnl=+674 drops=0
[MOVE_SUB_C] [13:44:04] STATS ticks=1074587 symbols=129 pos=no daily_pnl=+674 drops=0
[MOVE_SUB_C] [13:45:05] STATS ticks=1075124 symbols=129 pos=no daily_pnl=+674 drops=0
[MOVE_SUB_C] [13:46:06] STATS ticks=1075561 symbols=129 pos=no daily_pnl=+674 drops=0
[MOVE_SUB_C] [13:47:06] STATS ticks=1076187 symbols=129 pos=no daily_pnl=+674 drops=0
[MOVE_SUB_C] [13:48:06] STATS ticks=1076526 symbols=129 pos=no daily_pnl=+674 drops=0
[MOVE_SUB_C] [13:49:06] STATS ticks=1076803 symbols=129 pos=no daily_pnl=+674 drops=0
[MOVE_SUB_C] [13:49:21] new symbol RTB — detector + movement_strike instantiated
[MOVE_SUB_C] [13:50:06] STATS ticks=1077359 symbols=130 pos=no daily_pnl=+674 drops=0
[MOVE_SUB_C] [13:51:07] STATS ticks=1077719 symbols=130 pos=no daily_pnl=+674 drops=0
[MOVE_SUB_C] [13:52:07] STATS ticks=1078070 symbols=130 pos=no daily_pnl=+674 drops=0
[MOVE_SUB_C] [13:53:07] STATS ticks=1078546 symbols=130 pos=no daily_pnl=+674 drops=0
[MOVE_SUB_C] [13:53:43] new symbol MTEN — detector + movement_strike instantiated
[MOVE_SUB_C] [13:54:08] STATS ticks=1078770 symbols=131 pos=no daily_pnl=+674 drops=0
[MOVE_SUB_C] [13:55:08] STATS ticks=1079057 symbols=131 pos=no daily_pnl=+674 drops=0
[MOVE_SUB_C] [13:56:08] STATS ticks=1079400 symbols=131 pos=no daily_pnl=+674 drops=0
[MOVE_SUB_C] [13:57:08] STATS ticks=1079851 symbols=131 pos=no daily_pnl=+674 drops=0
[MOVE_SUB_C] [13:58:08] STATS ticks=1081596 symbols=131 pos=no daily_pnl=+674 drops=0
[MOVE_SUB_C] [13:59:09] STATS ticks=1082517 symbols=131 pos=no daily_pnl=+674 drops=0
[MOVE_SUB_C] [14:00:09] STATS ticks=1083387 symbols=131 pos=no daily_pnl=+674 drops=0
[MOVE_SUB_C] [14:01:10] STATS ticks=1084099 symbols=131 pos=no daily_pnl=+674 drops=0
[MOVE_SUB_C] [14:02:10] STATS ticks=1085088 symbols=131 pos=no daily_pnl=+674 drops=0
[MOVE_SUB_C] [14:02:11] new symbol HAO — detector + movement_strike instantiated
[MOVE_SUB_C] [14:03:10] STATS ticks=1088050 symbols=132 pos=no daily_pnl=+674 drops=0
[MOVE_SUB_C] [14:03:47] new symbol PAVS — detector + movement_strike instantiated
[MOVE_SUB_C] [14:04:10] STATS ticks=1090809 symbols=133 pos=no daily_pnl=+674 drops=0
[MOVE_SUB_C] [14:05:11] STATS ticks=1096905 symbols=133 pos=no daily_pnl=+674 drops=0
[MOVE_SUB_C] [14:05:50] 🟩 ENTRY SUNE qty=657 limit=$3.22 (anomaly@$3.15) stop=$2.39 R=$0.7600 score=50.0
[MOVE_SUB_C] [14:05:50] SUNE entry FILLED @ $3.1700 qty=657 (limit was $3.22)
[MOVE_SUB_C] [14:06:04] 🟥 EXIT MOVE_STRIKE SUNE qty=657 limit=$3.12 (ref=$3.17) reason=move_hwm_exit(peak=3.26,dd=50%,hh=4)
[MOVE_SUB_C] real P&L=+71 daily=+745 (trade #3) entry=$3.1700 exit=$3.2784 qty=657
[MOVE_SUB_C] [14:06:07] SUNE REENTRY WATCH set: high=3.170 stop=2.400 expires_in=30min
[MOVE_SUB_C] [14:06:11] STATS ticks=1109840 symbols=133 pos=no daily_pnl=+745 drops=0
[MOVE_SUB_C] [14:07:13] STATS ticks=1118701 symbols=133 pos=no daily_pnl=+745 drops=0
[MOVE_SUB_C] [14:07:18] REENTRY_LOSS_GATE_BLOCK SUNE reason=move_hwm_exit(peak=3.26,dd=50%,hh=4) window_age_min=1
[MOVE_SUB_C] [14:08:13] STATS ticks=1122467 symbols=133 pos=no daily_pnl=+745 drops=0
[MOVE_SUB_C] [14:09:14] STATS ticks=1122806 symbols=133 pos=no daily_pnl=+745 drops=0
[MOVE_SUB_C] [14:10:14] STATS ticks=1123252 symbols=133 pos=no daily_pnl=+745 drops=0
[MOVE_SUB_C] [14:11:14] STATS ticks=1123415 symbols=133 pos=no daily_pnl=+745 drops=0
[MOVE_SUB_C] [14:12:14] STATS ticks=1123548 symbols=133 pos=no daily_pnl=+745 drops=0
[MOVE_SUB_C] [14:13:14] STATS ticks=1141919 symbols=133 pos=no daily_pnl=+745 drops=0
[MOVE_SUB_C] [14:13:57] new symbol GRAN — detector + movement_strike instantiated
[MOVE_SUB_C] [14:14:14] STATS ticks=1153315 symbols=134 pos=no daily_pnl=+745 drops=0
[MOVE_SUB_C] [14:15:15] STATS ticks=1161245 symbols=134 pos=no daily_pnl=+745 drops=0
[MOVE_SUB_C] [14:16:15] STATS ticks=1166240 symbols=134 pos=no daily_pnl=+745 drops=0
[MOVE_SUB_C] [14:17:15] STATS ticks=1170987 symbols=134 pos=no daily_pnl=+745 drops=0
[MOVE_SUB_C] [14:18:15] STATS ticks=1178215 symbols=134 pos=no daily_pnl=+745 drops=0
[MOVE_SUB_C] [14:18:53] new symbol RDGT — detector + movement_strike instantiated
[MOVE_SUB_C] [14:19:15] STATS ticks=1184717 symbols=135 pos=no daily_pnl=+745 drops=0
[MOVE_SUB_C] [14:20:15] STATS ticks=1190264 symbols=135 pos=no daily_pnl=+745 drops=0
[MOVE_SUB_C] [14:21:15] STATS ticks=1193606 symbols=135 pos=no daily_pnl=+745 drops=0
[MOVE_SUB_C] [14:22:15] STATS ticks=1195823 symbols=135 pos=no daily_pnl=+745 drops=0
[MOVE_SUB_C] [14:23:16] STATS ticks=1200111 symbols=135 pos=no daily_pnl=+745 drops=0
[MOVE_SUB_C] [14:24:16] STATS ticks=1202106 symbols=135 pos=no daily_pnl=+745 drops=0
[MOVE_SUB_C] [14:25:16] STATS ticks=1204998 symbols=135 pos=no daily_pnl=+745 drops=0
[MOVE_SUB_C] [14:25:48] 🟩 ENTRY SUNE qty=781 limit=$4.70 (anomaly@$4.59) stop=$3.95 R=$0.6400 score=50.0
[MOVE_SUB_C] [14:25:49] SUNE entry FILLED @ $4.6500 qty=781 (limit was $4.70)
[MOVE_SUB_C] [14:25:49] 🟥 EXIT MOVE_STRIKE SUNE qty=781 limit=$4.60 (ref=$4.65) reason=move_hwm_exit(peak=4.69,dd=25%,hh=1)
[MOVE_SUB_C] real P&L=+39 daily=+784 (trade #4) entry=$4.6500 exit=$4.7000 qty=781
[MOVE_SUB_C] [14:25:50] SUNE REENTRY WATCH set: high=4.570 stop=3.950 expires_in=30min
[MOVE_SUB_C] [14:26:00] REENTRY_LOSS_GATE_BLOCK SUNE reason=move_hwm_exit(peak=4.69,dd=25%,hh=1) window_age_min=1
[MOVE_SUB_C] [14:26:16] STATS ticks=1216957 symbols=135 pos=no daily_pnl=+784 drops=0
[MOVE_SUB_C] [14:27:16] STATS ticks=1231330 symbols=135 pos=no daily_pnl=+784 drops=0
[MOVE_SUB_C] [14:28:17] STATS ticks=1239476 symbols=135 pos=no daily_pnl=+784 drops=0
[MOVE_SUB_C] [14:29:19] STATS ticks=1245698 symbols=135 pos=no daily_pnl=+784 drops=0
[MOVE_SUB_C] [14:30:20] STATS ticks=1261867 symbols=135 pos=no daily_pnl=+784 drops=0
[MOVE_SUB_C] [14:31:20] STATS ticks=1270462 symbols=135 pos=no daily_pnl=+784 drops=0
[MOVE_SUB_C] [14:32:20] STATS ticks=1280184 symbols=135 pos=no daily_pnl=+784 drops=0
[MOVE_SUB_C] [14:33:21] STATS ticks=1289737 symbols=135 pos=no daily_pnl=+784 drops=0
[MOVE_SUB_C] [14:34:21] STATS ticks=1294534 symbols=135 pos=no daily_pnl=+784 drops=0
[MOVE_SUB_C] [14:35:21] STATS ticks=1298327 symbols=135 pos=no daily_pnl=+784 drops=0
[MOVE_SUB_C] [14:36:21] STATS ticks=1302460 symbols=135 pos=no daily_pnl=+784 drops=0
[MOVE_SUB_C] [14:37:21] STATS ticks=1306128 symbols=135 pos=no daily_pnl=+784 drops=0
[MOVE_SUB_C] [14:38:21] STATS ticks=1309698 symbols=135 pos=no daily_pnl=+784 drops=0
[MOVE_SUB_C] [14:39:21] STATS ticks=1318565 symbols=135 pos=no daily_pnl=+784 drops=0
[MOVE_SUB_C] [14:40:22] STATS ticks=1324269 symbols=135 pos=no daily_pnl=+784 drops=0
[MOVE_SUB_C] [14:40:53] 🟩 ENTRY SUNE qty=632 limit=$5.54 (anomaly@$5.47) stop=$4.68 R=$0.7900 score=50.0
[MOVE_SUB_C] [14:40:54] SUNE entry FILLED @ $5.4917 qty=632 (limit was $5.54)
[MOVE_SUB_C] [14:40:55] 🟥 EXIT MOVE_STRIKE SUNE qty=632 limit=$5.45 (ref=$5.50) reason=move_hwm_exit(peak=5.88,dd=50%,hh=3)
[MOVE_SUB_C] real P&L=+94 daily=+878 (trade #5) entry=$5.4917 exit=$5.6400 qty=632
[MOVE_SUB_C] [14:40:56] SUNE REENTRY WATCH set: high=5.730 stop=4.680 expires_in=30min
[MOVE_SUB_C] [14:41:00] REENTRY_LOSS_GATE_BLOCK SUNE reason=move_hwm_exit(peak=5.88,dd=50%,hh=3) window_age_min=1
[MOVE_SUB_C] [14:41:22] STATS ticks=1339435 symbols=135 pos=no daily_pnl=+878 drops=0
[MOVE_SUB_C] [14:42:22] STATS ticks=1352540 symbols=135 pos=no daily_pnl=+878 drops=0
[MOVE_SUB_C] [14:43:22] STATS ticks=1361647 symbols=135 pos=no daily_pnl=+878 drops=0
[MOVE_SUB_C] [14:44:22] STATS ticks=1373101 symbols=135 pos=no daily_pnl=+878 drops=0
[MOVE_SUB_C] [14:45:23] STATS ticks=1380136 symbols=135 pos=no daily_pnl=+878 drops=0
[MOVE_SUB_C] [14:46:23] STATS ticks=1386534 symbols=135 pos=no daily_pnl=+878 drops=0
[MOVE_SUB_C] [14:47:24] STATS ticks=1391317 symbols=135 pos=no daily_pnl=+878 drops=0
[MOVE_SUB_C] [14:47:55] new symbol CPSH — detector + movement_strike instantiated
[MOVE_SUB_C] [14:48:24] STATS ticks=1399300 symbols=136 pos=no daily_pnl=+878 drops=0
[MOVE_SUB_C] [14:49:24] STATS ticks=1411095 symbols=136 pos=no daily_pnl=+878 drops=0
[MOVE_SUB_C] [14:50:25] STATS ticks=1423623 symbols=136 pos=no daily_pnl=+878 drops=0
[MOVE_SUB_C] [14:51:25] STATS ticks=1438085 symbols=136 pos=no daily_pnl=+878 drops=0
[MOVE_SUB_C] [14:52:25] STATS ticks=1451836 symbols=136 pos=no daily_pnl=+878 drops=0
[MOVE_SUB_C] [14:53:25] STATS ticks=1463286 symbols=136 pos=no daily_pnl=+878 drops=0
[MOVE_SUB_C] [14:54:25] STATS ticks=1471125 symbols=136 pos=no daily_pnl=+878 drops=0
[MOVE_SUB_C] [14:55:19] 🟩 ENTRY SUNE qty=153 limit=$9.45 (anomaly@$9.36) stop=$6.10 R=$3.2600 score=50.0
[MOVE_SUB_C] [14:55:22] SUNE entry FILLED @ $9.2071 qty=153 (limit was $9.45)
[MOVE_SUB_C] [14:55:25] STATS ticks=1485235 symbols=136 pos=YES daily_pnl=+878 drops=0
[MOVE_SUB_C] [14:56:25] STATS ticks=1499251 symbols=136 pos=YES daily_pnl=+878 drops=0
[MOVE_SUB_C] [14:57:25] STATS ticks=1512304 symbols=136 pos=YES daily_pnl=+878 drops=0
[MOVE_SUB_C] [14:58:25] STATS ticks=1522585 symbols=136 pos=YES daily_pnl=+878 drops=0
[MOVE_SUB_C] [14:59:25] STATS ticks=1528175 symbols=136 pos=YES daily_pnl=+878 drops=0
[MOVE_SUB_C] [15:00:26] STATS ticks=1534865 symbols=136 pos=YES daily_pnl=+878 drops=0
[MOVE_SUB_C] [15:01:26] STATS ticks=1539687 symbols=136 pos=YES daily_pnl=+878 drops=0
[MOVE_SUB_C] [15:02:26] STATS ticks=1545624 symbols=136 pos=YES daily_pnl=+878 drops=0
[MOVE_SUB_C] [15:03:27] STATS ticks=1549620 symbols=136 pos=YES daily_pnl=+878 drops=0
[MOVE_SUB_C] [15:04:27] STATS ticks=1553686 symbols=136 pos=YES daily_pnl=+878 drops=0
[MOVE_SUB_C] [15:05:27] STATS ticks=1556352 symbols=136 pos=YES daily_pnl=+878 drops=0
[MOVE_SUB_C] [15:06:28] STATS ticks=1562845 symbols=136 pos=YES daily_pnl=+878 drops=0
[MOVE_SUB_C] [15:07:28] STATS ticks=1567393 symbols=136 pos=YES daily_pnl=+878 drops=0
[MOVE_SUB_C] [15:08:28] STATS ticks=1570451 symbols=136 pos=YES daily_pnl=+878 drops=0
[MOVE_SUB_C] [15:09:28] STATS ticks=1574052 symbols=136 pos=YES daily_pnl=+878 drops=0
[MOVE_SUB_C] [15:10:29] STATS ticks=1576638 symbols=136 pos=YES daily_pnl=+878 drops=0
[MOVE_SUB_C] [15:11:29] STATS ticks=1579980 symbols=136 pos=YES daily_pnl=+878 drops=0
[MOVE_SUB_C] [15:12:29] STATS ticks=1586457 symbols=136 pos=YES daily_pnl=+878 drops=0
[MOVE_SUB_C] [15:13:29] STATS ticks=1593062 symbols=136 pos=YES daily_pnl=+878 drops=0
[MOVE_SUB_C] [15:14:30] STATS ticks=1598264 symbols=136 pos=YES daily_pnl=+878 drops=0
[MOVE_SUB_C] [15:15:30] STATS ticks=1603424 symbols=136 pos=YES daily_pnl=+878 drops=0
[MOVE_SUB_C] [15:16:31] STATS ticks=1608292 symbols=136 pos=YES daily_pnl=+878 drops=0
[MOVE_SUB_C] [15:17:31] STATS ticks=1611693 symbols=136 pos=YES daily_pnl=+878 drops=0
[MOVE_SUB_C] [15:17:59] 🟥 EXIT MOVE_STRIKE SUNE qty=153 limit=$6.86 (ref=$6.91) reason=move_stop_prox_bail(low=6.91,stop=6.10,buf=0.810)
[MOVE_SUB_C] real P&L=-359 daily=+519 (trade #6) entry=$9.2071 exit=$6.8600 qty=153
[MOVE_SUB_C] [15:18:04] SUNE REENTRY WATCH set: high=8.390 stop=7.110 expires_in=30min
[MOVE_SUB_C] [15:18:31] STATS ticks=1617773 symbols=136 pos=no daily_pnl=+519 drops=0
[MOVE_SUB_C] [15:19:00] REENTRY_LOSS_GATE_BLOCK SUNE reason=move_stop_prox_bail(low=6.91,stop=6.10,buf=0.810) window_age_min=1
[MOVE_SUB_C] [15:19:31] STATS ticks=1621039 symbols=136 pos=no daily_pnl=+519 drops=0
[MOVE_SUB_C] [15:19:44] new symbol ASBP — detector + movement_strike instantiated
[MOVE_SUB_C] [15:20:32] STATS ticks=1623278 symbols=137 pos=no daily_pnl=+519 drops=0
[MOVE_SUB_C] [15:21:32] STATS ticks=1626968 symbols=137 pos=no daily_pnl=+519 drops=0
[MOVE_SUB_C] [15:22:32] STATS ticks=1628447 symbols=137 pos=no daily_pnl=+519 drops=0
[MOVE_SUB_C] [15:23:32] STATS ticks=1629919 symbols=137 pos=no daily_pnl=+519 drops=0
[MOVE_SUB_C] [15:24:32] STATS ticks=1631512 symbols=137 pos=no daily_pnl=+519 drops=0
[MOVE_SUB_C] [15:25:32] STATS ticks=1642288 symbols=137 pos=no daily_pnl=+519 drops=0
[MOVE_SUB_C] [15:26:32] STATS ticks=1646565 symbols=137 pos=no daily_pnl=+519 drops=0
[MOVE_SUB_C] [15:27:32] STATS ticks=1649712 symbols=137 pos=no daily_pnl=+519 drops=0
[MOVE_SUB_C] [15:28:33] STATS ticks=1651997 symbols=137 pos=no daily_pnl=+519 drops=0
[MOVE_SUB_C] [15:29:33] STATS ticks=1654049 symbols=137 pos=no daily_pnl=+519 drops=0
[MOVE_SUB_C] [15:30:33] STATS ticks=1656055 symbols=137 pos=no daily_pnl=+519 drops=0
[MOVE_SUB_C] [15:31:34] STATS ticks=1660754 symbols=137 pos=no daily_pnl=+519 drops=0
[MOVE_SUB_C] [15:32:34] STATS ticks=1662993 symbols=137 pos=no daily_pnl=+519 drops=0
[MOVE_SUB_C] [15:33:34] STATS ticks=1664816 symbols=137 pos=no daily_pnl=+519 drops=0
[MOVE_SUB_C] [15:34:34] STATS ticks=1667377 symbols=137 pos=no daily_pnl=+519 drops=0
[MOVE_SUB_C] [15:34:46] new symbol SMX — detector + movement_strike instantiated
[MOVE_SUB_C] [15:35:35] STATS ticks=1669393 symbols=138 pos=no daily_pnl=+519 drops=0
[MOVE_SUB_C] [15:36:35] STATS ticks=1672031 symbols=138 pos=no daily_pnl=+519 drops=0
[MOVE_SUB_C] [15:37:35] STATS ticks=1675657 symbols=138 pos=no daily_pnl=+519 drops=0
[MOVE_SUB_C] [15:38:35] STATS ticks=1677406 symbols=138 pos=no daily_pnl=+519 drops=0
[MOVE_SUB_C] [15:39:35] STATS ticks=1681651 symbols=138 pos=no daily_pnl=+519 drops=0
[MOVE_SUB_C] [15:40:36] STATS ticks=1683998 symbols=138 pos=no daily_pnl=+519 drops=0
[MOVE_SUB_C] [15:41:36] STATS ticks=1685977 symbols=138 pos=no daily_pnl=+519 drops=0
[MOVE_SUB_C] [15:42:36] STATS ticks=1689549 symbols=138 pos=no daily_pnl=+519 drops=0
[MOVE_SUB_C] [15:43:36] STATS ticks=1693103 symbols=138 pos=no daily_pnl=+519 drops=0
[MOVE_SUB_C] [15:44:37] STATS ticks=1695328 symbols=138 pos=no daily_pnl=+519 drops=0
[MOVE_SUB_C] [15:45:37] STATS ticks=1697081 symbols=138 pos=no daily_pnl=+519 drops=0
[MOVE_SUB_C] [15:46:37] STATS ticks=1700320 symbols=138 pos=no daily_pnl=+519 drops=0
[MOVE_SUB_C] [15:47:37] STATS ticks=1702196 symbols=138 pos=no daily_pnl=+519 drops=0
[MOVE_SUB_C] [15:48:37] STATS ticks=1703467 symbols=138 pos=no daily_pnl=+519 drops=0
[MOVE_SUB_C] [15:49:37] STATS ticks=1704852 symbols=138 pos=no daily_pnl=+519 drops=0
[MOVE_SUB_C] [15:50:37] STATS ticks=1707373 symbols=138 pos=no daily_pnl=+519 drops=0
[MOVE_SUB_C] [15:51:38] STATS ticks=1709800 symbols=138 pos=no daily_pnl=+519 drops=0
[MOVE_SUB_C] [15:52:38] STATS ticks=1715090 symbols=138 pos=no daily_pnl=+519 drops=0
[MOVE_SUB_C] [15:53:38] STATS ticks=1721498 symbols=138 pos=no daily_pnl=+519 drops=0
[MOVE_SUB_C] [15:54:38] STATS ticks=1729326 symbols=138 pos=no daily_pnl=+519 drops=0
[MOVE_SUB_C] [15:55:39] STATS ticks=1735474 symbols=138 pos=no daily_pnl=+519 drops=0
[MOVE_SUB_C] [15:56:39] STATS ticks=1738457 symbols=138 pos=no daily_pnl=+519 drops=0
[MOVE_SUB_C] [15:57:39] STATS ticks=1740712 symbols=138 pos=no daily_pnl=+519 drops=0
[MOVE_SUB_C] [15:58:39] STATS ticks=1742871 symbols=138 pos=no daily_pnl=+519 drops=0
[MOVE_SUB_C] [15:59:40] STATS ticks=1745744 symbols=138 pos=no daily_pnl=+519 drops=0
[MOVE_SUB_C] [16:00:40] STATS ticks=1747154 symbols=138 pos=no daily_pnl=+519 drops=0
[MOVE_SUB_C] [16:01:40] STATS ticks=1750286 symbols=138 pos=no daily_pnl=+519 drops=0
[MOVE_SUB_C] [16:02:40] STATS ticks=1754759 symbols=138 pos=no daily_pnl=+519 drops=0
[MOVE_SUB_C] [16:03:40] STATS ticks=1756431 symbols=138 pos=no daily_pnl=+519 drops=0
[MOVE_SUB_C] [16:04:41] STATS ticks=1758269 symbols=138 pos=no daily_pnl=+519 drops=0
[MOVE_SUB_C] [16:05:41] STATS ticks=1759682 symbols=138 pos=no daily_pnl=+519 drops=0
[MOVE_SUB_C] [16:06:41] STATS ticks=1760794 symbols=138 pos=no daily_pnl=+519 drops=0
[MOVE_SUB_C] [16:07:41] STATS ticks=1762187 symbols=138 pos=no daily_pnl=+519 drops=0
[MOVE_SUB_C] [16:08:42] STATS ticks=1764684 symbols=138 pos=no daily_pnl=+519 drops=0
[MOVE_SUB_C] [16:09:42] STATS ticks=1766532 symbols=138 pos=no daily_pnl=+519 drops=0
[MOVE_SUB_C] [16:10:43] STATS ticks=1768335 symbols=138 pos=no daily_pnl=+519 drops=0
[MOVE_SUB_C] [16:11:43] STATS ticks=1769611 symbols=138 pos=no daily_pnl=+519 drops=0
[MOVE_SUB_C] [16:12:43] STATS ticks=1770309 symbols=138 pos=no daily_pnl=+519 drops=0
[MOVE_SUB_C] [16:13:44] STATS ticks=1771099 symbols=138 pos=no daily_pnl=+519 drops=0
[MOVE_SUB_C] [16:14:44] STATS ticks=1772329 symbols=138 pos=no daily_pnl=+519 drops=0
[MOVE_SUB_C] [16:15:45] STATS ticks=1772885 symbols=138 pos=no daily_pnl=+519 drops=0
[MOVE_SUB_C] [16:16:46] STATS ticks=1773571 symbols=138 pos=no daily_pnl=+519 drops=0
[MOVE_SUB_C] [16:17:46] STATS ticks=1774275 symbols=138 pos=no daily_pnl=+519 drops=0
[MOVE_SUB_C] [16:18:47] STATS ticks=1774662 symbols=138 pos=no daily_pnl=+519 drops=0
[MOVE_SUB_C] [16:19:47] STATS ticks=1775157 symbols=138 pos=no daily_pnl=+519 drops=0
[MOVE_SUB_C] [16:20:48] STATS ticks=1775654 symbols=138 pos=no daily_pnl=+519 drops=0
[MOVE_SUB_C] [16:21:49] STATS ticks=1776292 symbols=138 pos=no daily_pnl=+519 drops=0
[MOVE_SUB_C] [16:22:49] STATS ticks=1778906 symbols=138 pos=no daily_pnl=+519 drops=0
[MOVE_SUB_C] [16:23:49] STATS ticks=1781594 symbols=138 pos=no daily_pnl=+519 drops=0
[MOVE_SUB_C] [16:24:49] STATS ticks=1783356 symbols=138 pos=no daily_pnl=+519 drops=0
[MOVE_SUB_C] [16:25:49] STATS ticks=1784768 symbols=138 pos=no daily_pnl=+519 drops=0
[MOVE_SUB_C] [16:26:50] STATS ticks=1786160 symbols=138 pos=no daily_pnl=+519 drops=0
[MOVE_SUB_C] [16:27:50] STATS ticks=1787352 symbols=138 pos=no daily_pnl=+519 drops=0
[MOVE_SUB_C] [16:28:50] STATS ticks=1788021 symbols=138 pos=no daily_pnl=+519 drops=0
[MOVE_SUB_C] [16:29:51] STATS ticks=1788881 symbols=138 pos=no daily_pnl=+519 drops=0
[MOVE_SUB_C] [16:30:52] STATS ticks=1790229 symbols=138 pos=no daily_pnl=+519 drops=0
[MOVE_SUB_C] [16:31:52] STATS ticks=1791317 symbols=138 pos=no daily_pnl=+519 drops=0
[MOVE_SUB_C] [16:32:53] STATS ticks=1792255 symbols=138 pos=no daily_pnl=+519 drops=0
[MOVE_SUB_C] [16:33:53] STATS ticks=1793178 symbols=138 pos=no daily_pnl=+519 drops=0
[MOVE_SUB_C] [16:34:54] STATS ticks=1793927 symbols=138 pos=no daily_pnl=+519 drops=0
[MOVE_SUB_C] [16:35:55] STATS ticks=1794408 symbols=138 pos=no daily_pnl=+519 drops=0
[MOVE_SUB_C] [16:36:55] STATS ticks=1794976 symbols=138 pos=no daily_pnl=+519 drops=0
[MOVE_SUB_C] [16:37:56] STATS ticks=1795937 symbols=138 pos=no daily_pnl=+519 drops=0
[MOVE_SUB_C] ALPACA_QUOTE_DIVERGENT SUNE: alpaca_ref=5.6900 signal=7.5679 >5% gap, using base
[MOVE_SUB_C] [16:38:16] 🟩 ENTRY SUNE qty=254 limit=$7.64 (anomaly@$7.57) stop=$5.60 R=$1.9679 score=50.0
[MOVE_SUB_C] [16:38:16] SUNE entry FILLED @ $5.6900 qty=254 (limit was $7.64)
[MOVE_SUB_C] ALPACA_QUOTE_DIVERGENT SUNE: alpaca_ref=5.6500 signal=2.8000 >5% gap, using base
[MOVE_SUB_C] [16:38:17] 🟥 EXIT MOVE_STRIKE SUNE qty=254 limit=$2.75 (ref=$2.80) reason=move_strike_hard_stop
[MOVE_SUB_C] real P&L=-10 daily=+508 (trade #7) entry=$5.6900 exit=$5.6500 qty=254
[MOVE_SUB_C] [16:38:17] SUNE REENTRY WATCH set: high=6.300 stop=5.600 expires_in=30min
[MOVE_SUB_C] [16:38:56] STATS ticks=1796715 symbols=138 pos=no daily_pnl=+508 drops=0
[MOVE_SUB_C] [16:39:56] STATS ticks=1797232 symbols=138 pos=no daily_pnl=+508 drops=0
[MOVE_SUB_C] [16:40:00] 🟩 ENTRY REENTRY(GREEN) SUNE qty=8881 limit=$5.70 (anomaly@$5.63) stop=$5.60 R=$0.0294 score=99.0
[MOVE_SUB_C] [16:40:01] SUNE entry FILLED @ $5.6500 qty=8881 (limit was $5.70)
[MOVE_SUB_C] [16:40:16] 🟥 EXIT MOVE_STRIKE SUNE qty=8881 limit=$5.68 (ref=$5.73) reason=move_hwm_exit(peak=5.78,dd=25%,hh=0)
[MOVE_SUB_C] real P&L=+710 daily=+1,219 (trade #8) entry=$5.6500 exit=$5.7300 qty=8881
[MOVE_SUB_C] [16:40:57] STATS ticks=1797761 symbols=138 pos=no daily_pnl=+1,219 drops=0
[MOVE_SUB_C] [16:41:58] STATS ticks=1798151 symbols=138 pos=no daily_pnl=+1,219 drops=0
[MOVE_SUB_C] [16:42:59] STATS ticks=1798624 symbols=138 pos=no daily_pnl=+1,219 drops=0
[MOVE_SUB_C] [16:43:59] STATS ticks=1799140 symbols=138 pos=no daily_pnl=+1,219 drops=0
[MOVE_SUB_C] [16:45:00] STATS ticks=1800042 symbols=138 pos=no daily_pnl=+1,219 drops=0
[MOVE_SUB_C] [16:46:00] STATS ticks=1800761 symbols=138 pos=no daily_pnl=+1,219 drops=0
[MOVE_SUB_C] [16:47:01] STATS ticks=1802056 symbols=138 pos=no daily_pnl=+1,219 drops=0
[MOVE_SUB_C] [16:48:01] STATS ticks=1803047 symbols=138 pos=no daily_pnl=+1,219 drops=0
[MOVE_SUB_C] [16:49:01] STATS ticks=1803847 symbols=138 pos=no daily_pnl=+1,219 drops=0
[MOVE_SUB_C] [16:50:02] STATS ticks=1805097 symbols=138 pos=no daily_pnl=+1,219 drops=0
[MOVE_SUB_C] [16:51:02] STATS ticks=1805738 symbols=138 pos=no daily_pnl=+1,219 drops=0
[MOVE_SUB_C] [16:52:03] STATS ticks=1806746 symbols=138 pos=no daily_pnl=+1,219 drops=0
[MOVE_SUB_C] [16:53:03] STATS ticks=1807216 symbols=138 pos=no daily_pnl=+1,219 drops=0
[MOVE_SUB_C] [16:54:06] STATS ticks=1807522 symbols=138 pos=no daily_pnl=+1,219 drops=0
[MOVE_SUB_C] [16:55:07] STATS ticks=1807787 symbols=138 pos=no daily_pnl=+1,219 drops=0
[MOVE_SUB_C] [16:56:07] STATS ticks=1808138 symbols=138 pos=no daily_pnl=+1,219 drops=0
[MOVE_SUB_C] [16:57:08] STATS ticks=1808987 symbols=138 pos=no daily_pnl=+1,219 drops=0
[MOVE_SUB_C] [16:58:09] STATS ticks=1809521 symbols=138 pos=no daily_pnl=+1,219 drops=0
[MOVE_SUB_C] [16:59:09] STATS ticks=1809858 symbols=138 pos=no daily_pnl=+1,219 drops=0
[MOVE_SUB_C] [17:00:09] STATS ticks=1810318 symbols=138 pos=no daily_pnl=+1,219 drops=0
[MOVE_SUB_C] [17:01:10] STATS ticks=1810772 symbols=138 pos=no daily_pnl=+1,219 drops=0
[MOVE_SUB_C] [17:02:10] STATS ticks=1811445 symbols=138 pos=no daily_pnl=+1,219 drops=0
[MOVE_SUB_C] [17:03:11] STATS ticks=1811760 symbols=138 pos=no daily_pnl=+1,219 drops=0
[MOVE_SUB_C] [17:04:13] STATS ticks=1812049 symbols=138 pos=no daily_pnl=+1,219 drops=0
[MOVE_SUB_C] [17:05:13] STATS ticks=1812602 symbols=138 pos=no daily_pnl=+1,219 drops=0
[MOVE_SUB_C] [17:06:13] STATS ticks=1812895 symbols=138 pos=no daily_pnl=+1,219 drops=0
[MOVE_SUB_C] [17:07:14] STATS ticks=1813009 symbols=138 pos=no daily_pnl=+1,219 drops=0
[MOVE_SUB_C] [17:08:15] STATS ticks=1813451 symbols=138 pos=no daily_pnl=+1,219 drops=0
[MOVE_SUB_C] [17:09:15] STATS ticks=1813656 symbols=138 pos=no daily_pnl=+1,219 drops=0
[MOVE_SUB_C] [17:10:15] STATS ticks=1813970 symbols=138 pos=no daily_pnl=+1,219 drops=0
[MOVE_SUB_C] [17:11:16] STATS ticks=1814178 symbols=138 pos=no daily_pnl=+1,219 drops=0
[MOVE_SUB_C] [17:12:18] STATS ticks=1814514 symbols=138 pos=no daily_pnl=+1,219 drops=0
[MOVE_SUB_C] [17:13:18] STATS ticks=1814646 symbols=138 pos=no daily_pnl=+1,219 drops=0
[MOVE_SUB_C] [17:14:18] STATS ticks=1814874 symbols=138 pos=no daily_pnl=+1,219 drops=0
[MOVE_SUB_C] [17:15:18] STATS ticks=1815034 symbols=138 pos=no daily_pnl=+1,219 drops=0
[MOVE_SUB_C] [17:16:19] STATS ticks=1815687 symbols=138 pos=no daily_pnl=+1,219 drops=0
[MOVE_SUB_C] [17:17:19] STATS ticks=1816098 symbols=138 pos=no daily_pnl=+1,219 drops=0
[MOVE_SUB_C] [17:18:19] STATS ticks=1816550 symbols=138 pos=no daily_pnl=+1,219 drops=0
[MOVE_SUB_C] [17:19:19] STATS ticks=1816744 symbols=138 pos=no daily_pnl=+1,219 drops=0
[MOVE_SUB_C] [17:20:19] STATS ticks=1817077 symbols=138 pos=no daily_pnl=+1,219 drops=0
[MOVE_SUB_C] [17:21:20] STATS ticks=1817409 symbols=138 pos=no daily_pnl=+1,219 drops=0
[MOVE_SUB_C] [17:22:20] STATS ticks=1817644 symbols=138 pos=no daily_pnl=+1,219 drops=0
[MOVE_SUB_C] [17:23:23] STATS ticks=1817807 symbols=138 pos=no daily_pnl=+1,219 drops=0
[MOVE_SUB_C] [17:24:24] STATS ticks=1817962 symbols=138 pos=no daily_pnl=+1,219 drops=0
[MOVE_SUB_C] [17:25:24] STATS ticks=1818151 symbols=138 pos=no daily_pnl=+1,219 drops=0
[MOVE_SUB_C] [17:26:25] STATS ticks=1818514 symbols=138 pos=no daily_pnl=+1,219 drops=0
[MOVE_SUB_C] [17:27:25] STATS ticks=1819360 symbols=138 pos=no daily_pnl=+1,219 drops=0
[MOVE_SUB_C] [17:28:26] STATS ticks=1820017 symbols=138 pos=no daily_pnl=+1,219 drops=0
[MOVE_SUB_C] [17:29:26] STATS ticks=1820771 symbols=138 pos=no daily_pnl=+1,219 drops=0
[MOVE_SUB_C] [17:30:26] STATS ticks=1821266 symbols=138 pos=no daily_pnl=+1,219 drops=0
[MOVE_SUB_C] [17:31:27] STATS ticks=1821582 symbols=138 pos=no daily_pnl=+1,219 drops=0
[MOVE_SUB_C] [17:32:28] STATS ticks=1821956 symbols=138 pos=no daily_pnl=+1,219 drops=0
[MOVE_SUB_C] [17:33:28] STATS ticks=1822197 symbols=138 pos=no daily_pnl=+1,219 drops=0
[MOVE_SUB_C] [17:34:30] STATS ticks=1822366 symbols=138 pos=no daily_pnl=+1,219 drops=0
[MOVE_SUB_C] [17:35:30] STATS ticks=1822535 symbols=138 pos=no daily_pnl=+1,219 drops=0
[MOVE_SUB_C] [17:36:31] STATS ticks=1822642 symbols=138 pos=no daily_pnl=+1,219 drops=0
[MOVE_SUB_C] [17:37:31] STATS ticks=1822752 symbols=138 pos=no daily_pnl=+1,219 drops=0
[MOVE_SUB_C] [17:38:32] STATS ticks=1822878 symbols=138 pos=no daily_pnl=+1,219 drops=0
[MOVE_SUB_C] [17:39:20] new symbol AMPG.RT.A — detector + movement_strike instantiated
[MOVE_SUB_C] [17:39:32] STATS ticks=1822987 symbols=139 pos=no daily_pnl=+1,219 drops=0
[MOVE_SUB_C] [17:40:32] STATS ticks=1823201 symbols=139 pos=no daily_pnl=+1,219 drops=0
[MOVE_SUB_C] [17:41:33] STATS ticks=1823487 symbols=139 pos=no daily_pnl=+1,219 drops=0
[MOVE_SUB_C] [17:42:35] STATS ticks=1823644 symbols=139 pos=no daily_pnl=+1,219 drops=0
[MOVE_SUB_C] [17:43:36] STATS ticks=1823766 symbols=139 pos=no daily_pnl=+1,219 drops=0
[MOVE_SUB_C] [17:44:36] STATS ticks=1823963 symbols=139 pos=no daily_pnl=+1,219 drops=0
[MOVE_SUB_C] [17:45:37] STATS ticks=1824279 symbols=139 pos=no daily_pnl=+1,219 drops=0
[MOVE_SUB_C] [17:46:37] STATS ticks=1824460 symbols=139 pos=no daily_pnl=+1,219 drops=0
[MOVE_SUB_C] [17:47:38] STATS ticks=1824687 symbols=139 pos=no daily_pnl=+1,219 drops=0
[MOVE_SUB_C] [17:48:38] STATS ticks=1825048 symbols=139 pos=no daily_pnl=+1,219 drops=0
[MOVE_SUB_C] [17:49:38] STATS ticks=1825359 symbols=139 pos=no daily_pnl=+1,219 drops=0
[MOVE_SUB_C] [17:50:41] STATS ticks=1825536 symbols=139 pos=no daily_pnl=+1,219 drops=0
[MOVE_SUB_C] [17:51:42] STATS ticks=1825730 symbols=139 pos=no daily_pnl=+1,219 drops=0
[MOVE_SUB_C] [17:52:43] STATS ticks=1825876 symbols=139 pos=no daily_pnl=+1,219 drops=0
[MOVE_SUB_C] [17:53:43] STATS ticks=1825996 symbols=139 pos=no daily_pnl=+1,219 drops=0
[MOVE_SUB_C] [17:54:43] STATS ticks=1826167 symbols=139 pos=no daily_pnl=+1,219 drops=0
[MOVE_SUB_C] [17:55:44] STATS ticks=1826263 symbols=139 pos=no daily_pnl=+1,219 drops=0
[MOVE_SUB_C] [17:56:46] STATS ticks=1826356 symbols=139 pos=no daily_pnl=+1,219 drops=0
[MOVE_SUB_C] [17:57:47] STATS ticks=1826491 symbols=139 pos=no daily_pnl=+1,219 drops=0
[MOVE_SUB_C] [17:58:47] STATS ticks=1826626 symbols=139 pos=no daily_pnl=+1,219 drops=0
[MOVE_SUB_C] [17:59:48] STATS ticks=1826699 symbols=139 pos=no daily_pnl=+1,219 drops=0
[MOVE_SUB_C] [18:00:48] STATS ticks=1826828 symbols=139 pos=no daily_pnl=+1,219 drops=0
[MOVE_SUB_C] [18:01:49] STATS ticks=1827023 symbols=139 pos=no daily_pnl=+1,219 drops=0
[MOVE_SUB_C] [18:02:50] STATS ticks=1827202 symbols=139 pos=no daily_pnl=+1,219 drops=0
[MOVE_SUB_C] [18:03:51] STATS ticks=1827357 symbols=139 pos=no daily_pnl=+1,219 drops=0
[MOVE_SUB_C] [18:04:53] STATS ticks=1827470 symbols=139 pos=no daily_pnl=+1,219 drops=0
[MOVE_SUB_C] [18:05:56] STATS ticks=1827559 symbols=139 pos=no daily_pnl=+1,219 drops=0
[MOVE_SUB_C] [18:06:57] STATS ticks=1827669 symbols=139 pos=no daily_pnl=+1,219 drops=0
[MOVE_SUB_C] [18:07:57] STATS ticks=1828190 symbols=139 pos=no daily_pnl=+1,219 drops=0
[MOVE_SUB_C] [18:08:57] STATS ticks=1829548 symbols=139 pos=no daily_pnl=+1,219 drops=0
[MOVE_SUB_C] [18:09:57] STATS ticks=1831053 symbols=139 pos=no daily_pnl=+1,219 drops=0
[MOVE_SUB_C] [18:10:57] STATS ticks=1832001 symbols=139 pos=no daily_pnl=+1,219 drops=0
[MOVE_SUB_C] [18:11:59] STATS ticks=1832331 symbols=139 pos=no daily_pnl=+1,219 drops=0
[MOVE_SUB_C] [18:12:59] STATS ticks=1832591 symbols=139 pos=no daily_pnl=+1,219 drops=0
[MOVE_SUB_C] [18:13:59] STATS ticks=1832891 symbols=139 pos=no daily_pnl=+1,219 drops=0
[MOVE_SUB_C] [18:15:00] STATS ticks=1833135 symbols=139 pos=no daily_pnl=+1,219 drops=0
[MOVE_SUB_C] [18:16:01] STATS ticks=1833492 symbols=139 pos=no daily_pnl=+1,219 drops=0
[MOVE_SUB_C] [18:17:02] STATS ticks=1833715 symbols=139 pos=no daily_pnl=+1,219 drops=0
[MOVE_SUB_C] [18:18:03] STATS ticks=1833968 symbols=139 pos=no daily_pnl=+1,219 drops=0
[MOVE_SUB_C] [18:19:03] STATS ticks=1834173 symbols=139 pos=no daily_pnl=+1,219 drops=0
[MOVE_SUB_C] [18:20:03] STATS ticks=1834318 symbols=139 pos=no daily_pnl=+1,219 drops=0
[MOVE_SUB_C] [18:21:04] STATS ticks=1834588 symbols=139 pos=no daily_pnl=+1,219 drops=0
[MOVE_SUB_C] [18:22:04] STATS ticks=1834728 symbols=139 pos=no daily_pnl=+1,219 drops=0
[MOVE_SUB_C] [18:23:05] STATS ticks=1835023 symbols=139 pos=no daily_pnl=+1,219 drops=0
[MOVE_SUB_C] [18:24:06] STATS ticks=1835156 symbols=139 pos=no daily_pnl=+1,219 drops=0
[MOVE_SUB_C] [18:25:06] STATS ticks=1835287 symbols=139 pos=no daily_pnl=+1,219 drops=0
[MOVE_SUB_C] [18:26:06] STATS ticks=1835425 symbols=139 pos=no daily_pnl=+1,219 drops=0
[MOVE_SUB_C] [18:27:07] STATS ticks=1835544 symbols=139 pos=no daily_pnl=+1,219 drops=0
[MOVE_SUB_C] [18:28:07] STATS ticks=1835700 symbols=139 pos=no daily_pnl=+1,219 drops=0
[MOVE_SUB_C] [18:29:11] STATS ticks=1835767 symbols=139 pos=no daily_pnl=+1,219 drops=0
[MOVE_SUB_C] [18:30:11] STATS ticks=1835892 symbols=139 pos=no daily_pnl=+1,219 drops=0
[MOVE_SUB_C] [18:31:13] STATS ticks=1836013 symbols=139 pos=no daily_pnl=+1,219 drops=0
[MOVE_SUB_C] [18:32:13] STATS ticks=1836112 symbols=139 pos=no daily_pnl=+1,219 drops=0
[MOVE_SUB_C] [18:33:13] STATS ticks=1836227 symbols=139 pos=no daily_pnl=+1,219 drops=0
[MOVE_SUB_C] [18:34:13] STATS ticks=1836363 symbols=139 pos=no daily_pnl=+1,219 drops=0
[MOVE_SUB_C] [18:35:13] STATS ticks=1836541 symbols=139 pos=no daily_pnl=+1,219 drops=0
[MOVE_SUB_C] [18:36:14] STATS ticks=1836669 symbols=139 pos=no daily_pnl=+1,219 drops=0
[MOVE_SUB_C] [18:37:14] STATS ticks=1836919 symbols=139 pos=no daily_pnl=+1,219 drops=0
[MOVE_SUB_C] [18:38:14] STATS ticks=1837061 symbols=139 pos=no daily_pnl=+1,219 drops=0
[MOVE_SUB_C] [18:39:17] STATS ticks=1837154 symbols=139 pos=no daily_pnl=+1,219 drops=0
[MOVE_SUB_C] [18:40:17] STATS ticks=1837292 symbols=139 pos=no daily_pnl=+1,219 drops=0
[MOVE_SUB_C] [18:41:18] STATS ticks=1837465 symbols=139 pos=no daily_pnl=+1,219 drops=0
[MOVE_SUB_C] [18:42:19] STATS ticks=1837681 symbols=139 pos=no daily_pnl=+1,219 drops=0
[MOVE_SUB_C] [18:43:20] STATS ticks=1837884 symbols=139 pos=no daily_pnl=+1,219 drops=0
[MOVE_SUB_C] [18:44:22] STATS ticks=1838070 symbols=139 pos=no daily_pnl=+1,219 drops=0
[MOVE_SUB_C] [18:45:22] STATS ticks=1838273 symbols=139 pos=no daily_pnl=+1,219 drops=0
[MOVE_SUB_C] [18:46:25] STATS ticks=1838335 symbols=139 pos=no daily_pnl=+1,219 drops=0
[MOVE_SUB_C] [18:47:26] STATS ticks=1838430 symbols=139 pos=no daily_pnl=+1,219 drops=0
[MOVE_SUB_C] [18:48:26] STATS ticks=1838518 symbols=139 pos=no daily_pnl=+1,219 drops=0
[MOVE_SUB_C] [18:49:27] STATS ticks=1838642 symbols=139 pos=no daily_pnl=+1,219 drops=0
[MOVE_SUB_C] [18:50:28] STATS ticks=1838742 symbols=139 pos=no daily_pnl=+1,219 drops=0
[MOVE_SUB_C] [18:51:29] STATS ticks=1838951 symbols=139 pos=no daily_pnl=+1,219 drops=0
[MOVE_SUB_C] [18:52:29] STATS ticks=1839278 symbols=139 pos=no daily_pnl=+1,219 drops=0
[MOVE_SUB_C] [18:53:29] STATS ticks=1840163 symbols=139 pos=no daily_pnl=+1,219 drops=0
[MOVE_SUB_C] [18:54:29] STATS ticks=1841614 symbols=139 pos=no daily_pnl=+1,219 drops=0
[MOVE_SUB_C] [18:55:29] STATS ticks=1842947 symbols=139 pos=no daily_pnl=+1,219 drops=0
[MOVE_SUB_C] [18:56:30] STATS ticks=1843396 symbols=139 pos=no daily_pnl=+1,219 drops=0
[MOVE_SUB_C] [18:57:30] STATS ticks=1843944 symbols=139 pos=no daily_pnl=+1,219 drops=0
[MOVE_SUB_C] [18:58:31] STATS ticks=1845128 symbols=139 pos=no daily_pnl=+1,219 drops=0
[MOVE_SUB_C] [18:59:31] STATS ticks=1847349 symbols=139 pos=no daily_pnl=+1,219 drops=0
[MOVE_SUB_C] [19:00:32] STATS ticks=1848188 symbols=139 pos=no daily_pnl=+1,219 drops=0
[MOVE_SUB_C] [19:01:32] STATS ticks=1849146 symbols=139 pos=no daily_pnl=+1,219 drops=0
[MOVE_SUB_C] [19:02:32] STATS ticks=1849800 symbols=139 pos=no daily_pnl=+1,219 drops=0
[MOVE_SUB_C] [19:03:33] STATS ticks=1850966 symbols=139 pos=no daily_pnl=+1,219 drops=0
[MOVE_SUB_C] [19:04:33] STATS ticks=1851729 symbols=139 pos=no daily_pnl=+1,219 drops=0
[MOVE_SUB_C] [19:05:33] STATS ticks=1852485 symbols=139 pos=no daily_pnl=+1,219 drops=0
[MOVE_SUB_C] [19:06:33] STATS ticks=1854303 symbols=139 pos=no daily_pnl=+1,219 drops=0
[MOVE_SUB_C] [19:07:33] STATS ticks=1855192 symbols=139 pos=no daily_pnl=+1,219 drops=0
[MOVE_SUB_C] [19:08:33] STATS ticks=1855751 symbols=139 pos=no daily_pnl=+1,219 drops=0
[MOVE_SUB_C] [19:09:34] STATS ticks=1856284 symbols=139 pos=no daily_pnl=+1,219 drops=0
[MOVE_SUB_C] [19:10:34] STATS ticks=1856944 symbols=139 pos=no daily_pnl=+1,219 drops=0
[MOVE_SUB_C] [19:11:35] STATS ticks=1857236 symbols=139 pos=no daily_pnl=+1,219 drops=0
[MOVE_SUB_C] [19:12:35] STATS ticks=1857648 symbols=139 pos=no daily_pnl=+1,219 drops=0
[MOVE_SUB_C] [19:13:35] STATS ticks=1858026 symbols=139 pos=no daily_pnl=+1,219 drops=0
[MOVE_SUB_C] [19:14:36] STATS ticks=1858394 symbols=139 pos=no daily_pnl=+1,219 drops=0
[MOVE_SUB_C] [19:15:36] STATS ticks=1858784 symbols=139 pos=no daily_pnl=+1,219 drops=0
[MOVE_SUB_C] [19:16:37] STATS ticks=1859350 symbols=139 pos=no daily_pnl=+1,219 drops=0
[MOVE_SUB_C] [19:17:37] STATS ticks=1859703 symbols=139 pos=no daily_pnl=+1,219 drops=0
[MOVE_SUB_C] [19:18:38] STATS ticks=1859958 symbols=139 pos=no daily_pnl=+1,219 drops=0
[MOVE_SUB_C] [19:19:38] STATS ticks=1860164 symbols=139 pos=no daily_pnl=+1,219 drops=0
[MOVE_SUB_C] [19:20:38] STATS ticks=1860417 symbols=139 pos=no daily_pnl=+1,219 drops=0
[MOVE_SUB_C] [19:21:40] STATS ticks=1860564 symbols=139 pos=no daily_pnl=+1,219 drops=0
[MOVE_SUB_C] [19:22:41] STATS ticks=1860697 symbols=139 pos=no daily_pnl=+1,219 drops=0
[MOVE_SUB_C] [19:23:41] STATS ticks=1860760 symbols=139 pos=no daily_pnl=+1,219 drops=0
[MOVE_SUB_C] [19:24:42] STATS ticks=1861009 symbols=139 pos=no daily_pnl=+1,219 drops=0
[MOVE_SUB_C] [19:25:42] STATS ticks=1861290 symbols=139 pos=no daily_pnl=+1,219 drops=0
[MOVE_SUB_C] [19:26:42] STATS ticks=1861581 symbols=139 pos=no daily_pnl=+1,219 drops=0
[MOVE_SUB_C] [19:27:43] STATS ticks=1862012 symbols=139 pos=no daily_pnl=+1,219 drops=0
[MOVE_SUB_C] [19:28:11] 🟩 ENTRY SUNE qty=806 limit=$6.04 (anomaly@$5.97) stop=$5.35 R=$0.6200 score=50.0
[MOVE_SUB_C] [19:28:12] SUNE entry FILLED @ $5.9400 qty=806 (limit was $6.04)
[MOVE_SUB_C] [19:28:44] STATS ticks=1862645 symbols=139 pos=YES daily_pnl=+1,219 drops=0
[MOVE_SUB_C] [19:29:44] STATS ticks=1863000 symbols=139 pos=YES daily_pnl=+1,219 drops=0
[MOVE_SUB_C] [19:30:01] 🟥 EXIT MOVE_STRIKE SUNE qty=806 limit=$5.78 (ref=$5.83) reason=eod_force_flatten
[MOVE_SUB_C] real P&L=-97 daily=+1,122 (trade #9) entry=$5.9400 exit=$5.8200 qty=806
[MOVE_SUB_C] [19:30:02] SUNE REENTRY WATCH set: high=5.980 stop=5.390 expires_in=30min
[MOVE_SUB_C] [19:30:45] STATS ticks=1863217 symbols=139 pos=no daily_pnl=+1,122 drops=0
[MOVE_SUB_C] [19:31:45] STATS ticks=1863430 symbols=139 pos=no daily_pnl=+1,122 drops=0
[MOVE_SUB_C] [19:32:00] 🟩 ENTRY REENTRY(GREEN) SUNE qty=1136 limit=$5.92 (anomaly@$5.83) stop=$5.39 R=$0.4400 score=99.0
[MOVE_SUB_C] [19:32:01] SUNE entry FILLED @ $5.8900 qty=1136 (limit was $5.92)
[MOVE_SUB_C] [19:32:01] 🟥 EXIT MOVE_STRIKE SUNE qty=1136 limit=$5.79 (ref=$5.90) reason=eod_force_flatten
[MOVE_SUB_C] real P&L=-80 daily=+1,043 (trade #10) entry=$5.8900 exit=$5.8200 qty=1136
[MOVE_SUB_C] [19:32:45] STATS ticks=1863625 symbols=139 pos=no daily_pnl=+1,043 drops=0
[MOVE_SUB_C] [19:33:46] STATS ticks=1863695 symbols=139 pos=no daily_pnl=+1,043 drops=0
[MOVE_SUB_C] [19:34:46] STATS ticks=1863797 symbols=139 pos=no daily_pnl=+1,043 drops=0
[MOVE_SUB_C] [19:35:47] STATS ticks=1863906 symbols=139 pos=no daily_pnl=+1,043 drops=0
[MOVE_SUB_C] [19:36:47] STATS ticks=1864011 symbols=139 pos=no daily_pnl=+1,043 drops=0
[MOVE_SUB_C] [19:37:47] STATS ticks=1864270 symbols=139 pos=no daily_pnl=+1,043 drops=0
[MOVE_SUB_C] [19:38:47] STATS ticks=1865863 symbols=139 pos=no daily_pnl=+1,043 drops=0
[MOVE_SUB_C] [19:39:47] STATS ticks=1867408 symbols=139 pos=no daily_pnl=+1,043 drops=0
[MOVE_SUB_C] [19:40:48] STATS ticks=1868926 symbols=139 pos=no daily_pnl=+1,043 drops=0
[MOVE_SUB_C] [19:41:48] STATS ticks=1869749 symbols=139 pos=no daily_pnl=+1,043 drops=0
[MOVE_SUB_C] [19:42:49] STATS ticks=1870114 symbols=139 pos=no daily_pnl=+1,043 drops=0
[MOVE_SUB_C] [19:43:49] STATS ticks=1870492 symbols=139 pos=no daily_pnl=+1,043 drops=0
[MOVE_SUB_C] [19:44:50] STATS ticks=1870846 symbols=139 pos=no daily_pnl=+1,043 drops=0
[MOVE_SUB_C] [19:45:51] STATS ticks=1871652 symbols=139 pos=no daily_pnl=+1,043 drops=0
[MOVE_SUB_C] [19:46:52] STATS ticks=1871976 symbols=139 pos=no daily_pnl=+1,043 drops=0
[MOVE_SUB_C] [19:47:52] STATS ticks=1872221 symbols=139 pos=no daily_pnl=+1,043 drops=0
[MOVE_SUB_C] [19:48:52] STATS ticks=1872658 symbols=139 pos=no daily_pnl=+1,043 drops=0
[MOVE_SUB_C] [19:49:53] STATS ticks=1873525 symbols=139 pos=no daily_pnl=+1,043 drops=0
[MOVE_SUB_C] [19:50:54] STATS ticks=1873741 symbols=139 pos=no daily_pnl=+1,043 drops=0
[MOVE_SUB_C] [19:51:54] STATS ticks=1873929 symbols=139 pos=no daily_pnl=+1,043 drops=0
[MOVE_SUB_C] [19:52:55] STATS ticks=1874187 symbols=139 pos=no daily_pnl=+1,043 drops=0
[MOVE_SUB_C] [19:53:55] STATS ticks=1874303 symbols=139 pos=no daily_pnl=+1,043 drops=0
[MOVE_SUB_C] [19:54:56] STATS ticks=1874587 symbols=139 pos=no daily_pnl=+1,043 drops=0
[MOVE_SUB_C] [19:55:59] STATS ticks=1874664 symbols=139 pos=no daily_pnl=+1,043 drops=0
[MOVE_SUB_C] [19:57:00] STATS ticks=1874786 symbols=139 pos=no daily_pnl=+1,043 drops=0
[MOVE_SUB_C] [19:58:01] STATS ticks=1874999 symbols=139 pos=no daily_pnl=+1,043 drops=0
[MOVE_SUB_C] [19:59:02] STATS ticks=1875198 symbols=139 pos=no daily_pnl=+1,043 drops=0
[MOVE_SUB_C] [20:00:04] STATS ticks=1875517 symbols=139 pos=no daily_pnl=+1,043 drops=0
[MOVE_SUB_C] socket closed by peer — reconnecting
[MOVE_SUB_C] engine socket not ready yet (ConnectionRefusedError(61, 'Connection refused')) — retrying every 2s
[MOVE_SUB_C] [20:01:47] connected to engine (/tmp/warrior_engine.sock) attempt=29
[MOVE_SUB_C] [20:01:48] STATS ticks=1875550 symbols=139 pos=no daily_pnl=+1,043 drops=0
[MOVE_SUB_C] socket closed by peer — reconnecting
[MOVE_SUB_C] engine socket not ready yet (ConnectionRefusedError(61, 'Connection refused')) — retrying every 2s
[MOVE_SUB_C] [20:03:02] connected to engine (/tmp/warrior_engine.sock) attempt=14
[MOVE_SUB_C] [20:03:04] STATS ticks=1875557 symbols=139 pos=no daily_pnl=+1,043 drops=0
[MOVE_SUB_C] socket closed by peer — reconnecting
[MOVE_SUB_C] engine socket not ready yet (ConnectionRefusedError(61, 'Connection refused')) — retrying every 2s
[MOVE_SUB_C] [20:04:18] connected to engine (/tmp/warrior_engine.sock) attempt=13
[MOVE_SUB_C] [20:04:19] STATS ticks=1875562 symbols=139 pos=no daily_pnl=+1,043 drops=0
[MOVE_SUB_C] RECONCILE FAIL: ConnectionError(ProtocolError('Connection aborted.', RemoteDisconnected('Remote end closed connection without response')))
[MOVE_SUB_C] socket closed by peer — reconnecting
[MOVE_SUB_C] engine socket not ready yet (ConnectionRefusedError(61, 'Connection refused')) — retrying every 2s
[MOVE_SUB_C] signal 15 received — stopping
[MOVE_SUB_C] consume loop exited
