[ENGINE_PUB] TCP listener on 100.79.224.76:9710 (tailnet fan-out — newline-JSON, same stream as the Unix socket)
[ENGINE_PUB] listening on /tmp/warrior_engine.sock (queue_max=10000)
[WL_PUB] publishing watchlist.txt every 15s (ATH=on). IBKR-free degraded mode.
[WL_PUB] published 0 symbols: []
[ENGINE_PUB] STATS published=0 dropped=0 clients=0
[ENGINE_PUB] STATS published=0 dropped=0 clients=0
[ENGINE_PUB] STATS published=0 dropped=0 clients=0
[ENGINE_PUB] STATS published=0 dropped=0 clients=0
[ENGINE_PUB] STATS published=0 dropped=0 clients=0
[ENGINE_PUB] STATS published=0 dropped=0 clients=0
[ENGINE_PUB] STATS published=0 dropped=0 clients=0
[ENGINE_PUB] STATS published=0 dropped=0 clients=0
[ENGINE_PUB] STATS published=0 dropped=0 clients=0
[ENGINE_PUB] STATS published=0 dropped=0 clients=0
[ENGINE_PUB] STATS published=0 dropped=0 clients=0
[ENGINE_PUB] STATS published=0 dropped=0 clients=0
  [float_cache] Cleared 1 stale None entries — will re-attempt lookups
[ENGINE_PUB] STATS published=0 dropped=0 clients=0
[ENGINE_PUB] STATS published=0 dropped=0 clients=0
[ENGINE_PUB] STATS published=0 dropped=0 clients=0
[ENGINE_PUB] STATS published=0 dropped=0 clients=0
[ENGINE_PUB] STATS published=0 dropped=0 clients=0
[ENGINE_PUB] STATS published=0 dropped=0 clients=0
  [float_cache] Cleared 2 stale None entries — will re-attempt lookups
[ENGINE_PUB] STATS published=0 dropped=0 clients=0
  [float_cache] Cleared 3 stale None entries — will re-attempt lookups
[ENGINE_PUB] STATS published=0 dropped=0 clients=0
  [float_cache] Cleared 4 stale None entries — will re-attempt lookups
  [float_cache] Cleared 4 stale None entries — will re-attempt lookups
[ENGINE_PUB] STATS published=0 dropped=0 clients=0
[ENGINE_PUB] STATS published=0 dropped=0 clients=0
  [float_cache] Cleared 5 stale None entries — will re-attempt lookups
[ENGINE_PUB] STATS published=0 dropped=0 clients=0
[ENGINE_PUB] STATS published=0 dropped=0 clients=0
[ENGINE_PUB] STATS published=0 dropped=0 clients=0
[ENGINE_PUB] STATS published=0 dropped=0 clients=0
[ENGINE_PUB] STATS published=0 dropped=0 clients=0
[ENGINE_PUB] STATS published=0 dropped=0 clients=0
  [float_cache] Cleared 6 stale None entries — will re-attempt lookups
[ENGINE_PUB] STATS published=0 dropped=0 clients=0
[ENGINE_PUB] STATS published=0 dropped=0 clients=0
[ENGINE_PUB] STATS published=0 dropped=0 clients=0
  [float_cache] Cleared 6 stale None entries — will re-attempt lookups
[ENGINE_PUB] STATS published=0 dropped=0 clients=0
[ENGINE_PUB] STATS published=0 dropped=0 clients=0
  [float_cache] Cleared 6 stale None entries — will re-attempt lookups
  [float_cache] Cleared 7 stale None entries — will re-attempt lookups
[ENGINE_PUB] STATS published=0 dropped=0 clients=0
  [float_cache] Cleared 8 stale None entries — will re-attempt lookups
[ENGINE_PUB] STATS published=0 dropped=0 clients=0
  [float_cache] Cleared 9 stale None entries — will re-attempt lookups
[ENGINE_PUB] STATS published=0 dropped=0 clients=0
[ENGINE_PUB] STATS published=0 dropped=0 clients=0
[ENGINE_PUB] STATS published=0 dropped=0 clients=0
[ENGINE_PUB] STATS published=0 dropped=0 clients=0
  [float_cache] Cleared 10 stale None entries — will re-attempt lookups
[ENGINE_PUB] STATS published=0 dropped=0 clients=0
[ENGINE_PUB] STATS published=0 dropped=0 clients=0
[ENGINE_PUB] STATS published=0 dropped=0 clients=0
[ENGINE_PUB] STATS published=0 dropped=0 clients=0
[ENGINE_PUB] STATS published=0 dropped=0 clients=0
  [float_cache] Cleared 11 stale None entries — will re-attempt lookups
  [float_cache] Cleared 12 stale None entries — will re-attempt lookups
[ENGINE_PUB] STATS published=0 dropped=0 clients=0
[ENGINE_PUB] STATS published=0 dropped=0 clients=0
[ENGINE_PUB] STATS published=0 dropped=0 clients=0
[ENGINE_PUB] STATS published=0 dropped=0 clients=0
[ENGINE_PUB] STATS published=0 dropped=0 clients=0
[ENGINE_PUB] STATS published=0 dropped=0 clients=0
[ENGINE_PUB] STATS published=0 dropped=0 clients=0
[ENGINE_PUB] STATS published=0 dropped=0 clients=0
[ENGINE_PUB] STATS published=0 dropped=0 clients=0
[ENGINE_PUB] STATS published=0 dropped=0 clients=0
[ENGINE_PUB] STATS published=0 dropped=0 clients=0
  [float_cache] Cleared 12 stale None entries — will re-attempt lookups
[ENGINE_PUB] STATS published=0 dropped=0 clients=0
[ENGINE_PUB] STATS published=0 dropped=0 clients=0
  [float_cache] Cleared 13 stale None entries — will re-attempt lookups
[ENGINE_PUB] STATS published=0 dropped=0 clients=0
[ENGINE_PUB] STATS published=0 dropped=0 clients=0
[ENGINE_PUB] STATS published=0 dropped=0 clients=0
  [float_cache] Cleared 13 stale None entries — will re-attempt lookups
[ENGINE_PUB] STATS published=0 dropped=0 clients=0
[ENGINE_PUB] STATS published=0 dropped=0 clients=0
[ENGINE_PUB] STATS published=0 dropped=0 clients=0
[ENGINE_PUB] STATS published=0 dropped=0 clients=0
[ENGINE_PUB] STATS published=0 dropped=0 clients=0
[ENGINE_PUB] STATS published=0 dropped=0 clients=0
[ENGINE_PUB] STATS published=0 dropped=0 clients=0
[ENGINE_PUB] STATS published=0 dropped=0 clients=0
[ENGINE_PUB] STATS published=0 dropped=0 clients=0
  [float_cache] Cleared 13 stale None entries — will re-attempt lookups
[ENGINE_PUB] STATS published=0 dropped=0 clients=0
[ENGINE_PUB] STATS published=0 dropped=0 clients=0
[ENGINE_PUB] STATS published=0 dropped=0 clients=0
[ENGINE_PUB] STATS published=0 dropped=0 clients=0
[ENGINE_PUB] STATS published=0 dropped=0 clients=0
[ENGINE_PUB] STATS published=0 dropped=0 clients=0
[ENGINE_PUB] STATS published=0 dropped=0 clients=0
[ENGINE_PUB] STATS published=0 dropped=0 clients=0
[ENGINE_PUB] STATS published=0 dropped=0 clients=0
[ENGINE_PUB] STATS published=0 dropped=0 clients=0
[ENGINE_PUB] STATS published=0 dropped=0 clients=0
[ENGINE_PUB] STATS published=0 dropped=0 clients=0
[ENGINE_PUB] STATS published=0 dropped=0 clients=0
[ENGINE_PUB] STATS published=0 dropped=0 clients=0
[ENGINE_PUB] STATS published=0 dropped=0 clients=0
[ENGINE_PUB] STATS published=0 dropped=0 clients=0
[ENGINE_PUB] STATS published=0 dropped=0 clients=0
[ENGINE_PUB] STATS published=0 dropped=0 clients=0
  [float_cache] Cleared 14 stale None entries — will re-attempt lookups
[ENGINE_PUB] STATS published=0 dropped=0 clients=0
[ENGINE_PUB] STATS published=0 dropped=0 clients=0
[ENGINE_PUB] STATS published=0 dropped=0 clients=0
[ENGINE_PUB] STATS published=0 dropped=0 clients=0
[ENGINE_PUB] STATS published=0 dropped=0 clients=0
[ENGINE_PUB] STATS published=0 dropped=0 clients=0
[ENGINE_PUB] STATS published=0 dropped=0 clients=0
[ENGINE_PUB] STATS published=0 dropped=0 clients=0
[ENGINE_PUB] STATS published=0 dropped=0 clients=0
[ENGINE_PUB] STATS published=0 dropped=0 clients=0
  [float_cache] Cleared 15 stale None entries — will re-attempt lookups
[ENGINE_PUB] STATS published=0 dropped=0 clients=0
[ENGINE_PUB] STATS published=0 dropped=0 clients=0
[ENGINE_PUB] STATS published=0 dropped=0 clients=0
[ENGINE_PUB] STATS published=0 dropped=0 clients=0
[ENGINE_PUB] STATS published=0 dropped=0 clients=0
  [float_cache] Cleared 16 stale None entries — will re-attempt lookups
[ENGINE_PUB] STATS published=0 dropped=0 clients=0
  [float_cache] Cleared 17 stale None entries — will re-attempt lookups
[ENGINE_PUB] STATS published=0 dropped=0 clients=0
[ENGINE_PUB] STATS published=0 dropped=0 clients=0
[ENGINE_PUB] STATS published=0 dropped=0 clients=0
[ENGINE_PUB] STATS published=0 dropped=0 clients=0
[ENGINE_PUB] STATS published=0 dropped=0 clients=0
[ENGINE_PUB] STATS published=0 dropped=0 clients=0
[ENGINE_PUB] STATS published=0 dropped=0 clients=0
  [float_cache] Cleared 18 stale None entries — will re-attempt lookups
[ENGINE_PUB] STATS published=0 dropped=0 clients=0
[ENGINE_PUB] STATS published=0 dropped=0 clients=0
[ENGINE_PUB] STATS published=0 dropped=0 clients=0
[ENGINE_PUB] STATS published=0 dropped=0 clients=0
[ENGINE_PUB] STATS published=0 dropped=0 clients=0
  [float_cache] Cleared 19 stale None entries — will re-attempt lookups
[ENGINE_PUB] STATS published=0 dropped=0 clients=0
[ENGINE_PUB] STATS published=0 dropped=0 clients=0
[ENGINE_PUB] STATS published=0 dropped=0 clients=0
  [float_cache] Cleared 19 stale None entries — will re-attempt lookups
[ENGINE_PUB] STATS published=0 dropped=0 clients=0
[ENGINE_PUB] STATS published=0 dropped=0 clients=0
[ENGINE_PUB] STATS published=0 dropped=0 clients=0
[ENGINE_PUB] STATS published=0 dropped=0 clients=0
[ENGINE_PUB] STATS published=0 dropped=0 clients=0
[ENGINE_PUB] STATS published=0 dropped=0 clients=0
[ENGINE_PUB] STATS published=0 dropped=0 clients=0
[ENGINE_PUB] STATS published=0 dropped=0 clients=0
[ENGINE_PUB] STATS published=0 dropped=0 clients=0
[ENGINE_PUB] STATS published=0 dropped=0 clients=0
[ENGINE_PUB] STATS published=0 dropped=0 clients=0
[ENGINE_PUB] STATS published=0 dropped=0 clients=0
[ENGINE_PUB] STATS published=0 dropped=0 clients=0
[ENGINE_PUB] STATS published=0 dropped=0 clients=0
[ENGINE_PUB] STATS published=0 dropped=0 clients=0
[ENGINE_PUB] STATS published=0 dropped=0 clients=0
[ENGINE_PUB] STATS published=0 dropped=0 clients=0
[ENGINE_PUB] STATS published=0 dropped=0 clients=0
[ENGINE_PUB] STATS published=0 dropped=0 clients=0
[ENGINE_PUB] STATS published=0 dropped=0 clients=0
[ENGINE_PUB] STATS published=0 dropped=0 clients=0
[ENGINE_PUB] STATS published=0 dropped=0 clients=0
[ENGINE_PUB] STATS published=0 dropped=0 clients=0
[ENGINE_PUB] STATS published=0 dropped=0 clients=0
[ENGINE_PUB] STATS published=0 dropped=0 clients=0
[ENGINE_PUB] STATS published=0 dropped=0 clients=0
[ENGINE_PUB] STATS published=0 dropped=0 clients=0
  [float_cache] Cleared 19 stale None entries — will re-attempt lookups
[ENGINE_PUB] STATS published=0 dropped=0 clients=0
[ENGINE_PUB] STATS published=0 dropped=0 clients=0
  [float_cache] Cleared 19 stale None entries — will re-attempt lookups
[ENGINE_PUB] STATS published=0 dropped=0 clients=0
[ENGINE_PUB] STATS published=0 dropped=0 clients=0
[ENGINE_PUB] STATS published=0 dropped=0 clients=0
[ENGINE_PUB] STATS published=0 dropped=0 clients=0
[ENGINE_PUB] STATS published=0 dropped=0 clients=0
[ENGINE_PUB] STATS published=0 dropped=0 clients=0
[ENGINE_PUB] STATS published=0 dropped=0 clients=0
[ENGINE_PUB] STATS published=0 dropped=0 clients=0
[ENGINE_PUB] STATS published=0 dropped=0 clients=0
[ENGINE_PUB] STATS published=0 dropped=0 clients=0
[ENGINE_PUB] STATS published=0 dropped=0 clients=0
[ENGINE_PUB] STATS published=0 dropped=0 clients=0
  [float_cache] Cleared 20 stale None entries — will re-attempt lookups
[ENGINE_PUB] STATS published=0 dropped=0 clients=0
[ENGINE_PUB] STATS published=0 dropped=0 clients=0
  [float_cache] Cleared 21 stale None entries — will re-attempt lookups
[ENGINE_PUB] STATS published=0 dropped=0 clients=0
[ENGINE_PUB] STATS published=0 dropped=0 clients=0
[ENGINE_PUB] STATS published=0 dropped=0 clients=0
[ENGINE_PUB] STATS published=0 dropped=0 clients=0
  [float_cache] Cleared 21 stale None entries — will re-attempt lookups
[ENGINE_PUB] STATS published=0 dropped=0 clients=0
[ENGINE_PUB] STATS published=0 dropped=0 clients=0
[ENGINE_PUB] STATS published=0 dropped=0 clients=0
[ENGINE_PUB] STATS published=0 dropped=0 clients=0
[ENGINE_PUB] STATS published=0 dropped=0 clients=0
[ENGINE_PUB] STATS published=0 dropped=0 clients=0
[ENGINE_PUB] STATS published=0 dropped=0 clients=0
[ENGINE_PUB] STATS published=0 dropped=0 clients=0
[ENGINE_PUB] STATS published=0 dropped=0 clients=0
[ENGINE_PUB] STATS published=0 dropped=0 clients=0
[ENGINE_PUB] STATS published=0 dropped=0 clients=0
[ENGINE_PUB] STATS published=0 dropped=0 clients=0
[ENGINE_PUB] STATS published=0 dropped=0 clients=0
  [float_cache] Cleared 22 stale None entries — will re-attempt lookups
[ENGINE_PUB] STATS published=0 dropped=0 clients=0
[ENGINE_PUB] STATS published=0 dropped=0 clients=0
[ENGINE_PUB] STATS published=0 dropped=0 clients=0
[ENGINE_PUB] STATS published=0 dropped=0 clients=0
[ENGINE_PUB] STATS published=0 dropped=0 clients=0
[ENGINE_PUB] STATS published=0 dropped=0 clients=0
  [float_cache] Cleared 23 stale None entries — will re-attempt lookups
[ENGINE_PUB] TCP client connected from ('100.82.8.86', 51781) (total clients: 1)
[ENGINE_PUB] client connected (total clients: 2)
[ENGINE_PUB] dropped 1 disconnected client(s)
[ENGINE_PUB] STATS published=0 dropped=0 clients=1
[ENGINE_PUB] STATS published=0 dropped=0 clients=1
[ENGINE_PUB] STATS published=0 dropped=0 clients=1
[ENGINE_PUB] STATS published=0 dropped=0 clients=1
[ENGINE_PUB] STATS published=0 dropped=0 clients=1
[ENGINE_PUB] STATS published=0 dropped=0 clients=1
  [float_cache] Cleared 24 stale None entries — will re-attempt lookups
[ENGINE_PUB] STATS published=0 dropped=0 clients=1
[ENGINE_PUB] STATS published=0 dropped=0 clients=1
[ENGINE_PUB] STATS published=0 dropped=0 clients=1
[ENGINE_PUB] STATS published=0 dropped=0 clients=1
[ENGINE_PUB] STATS published=0 dropped=0 clients=1
[ENGINE_PUB] STATS published=0 dropped=0 clients=1
[ENGINE_PUB] STATS published=0 dropped=0 clients=1
[ENGINE_PUB] STATS published=0 dropped=0 clients=1
[WL_PUB] published 7 symbols: ['AVXX', 'CRCD', 'CUPR', 'FGRU', 'GVH', 'JEM', 'SLBT']
  [ath_cache] AVXX: ATH $23.2300 (max daily high since 2023-03-28)
  [ath_cache] CRCD: ATH $71.7200 (max daily high since 2023-03-28)
  [ath_cache] CUPR: ATH $30.4700 (max daily high since 2023-03-28)
[ENGINE_PUB] client connected (total clients: 2)
  [ath_cache] FGRU: ATH $23.4100 (max daily high since 2023-03-28)
[ENGINE_PUB] dropped 1 disconnected client(s)
[ENGINE_PUB] STATS published=0 dropped=0 clients=1
  [ath_cache] GVH: ATH $12.0700 (max daily high since 2023-03-28)
  [ath_cache] JEM: ATH $12.5300 (max daily high since 2023-03-28)
  [ath_cache] SLBT: ATH $22.1900 (max daily high since 2023-03-28)
  [ath_cache] JEM: ATH $12.5300 (max daily high since 2023-03-28)
[ENGINE_PUB] STATS published=0 dropped=0 clients=1
[ENGINE_PUB] STATS published=0 dropped=0 clients=1
[ENGINE_PUB] STATS published=0 dropped=0 clients=1
[ENGINE_PUB] STATS published=0 dropped=0 clients=1
[ENGINE_PUB] STATS published=0 dropped=0 clients=1
[ENGINE_PUB] STATS published=0 dropped=0 clients=1
[ENGINE_PUB] STATS published=0 dropped=0 clients=1
[ENGINE_PUB] TCP listener on 100.79.224.76:9710 (tailnet fan-out — newline-JSON, same stream as the Unix socket)
[ENGINE_PUB] listening on /tmp/warrior_engine.sock (queue_max=10000)
[WL_PUB] subs every 15s, Alpaca prices every 3s (ATH=on, prices=on). IBKR-free degraded mode.
[ENGINE_PUB] TCP client connected from ('100.82.8.86', 57078) (total clients: 1)
[WL_PUB] published 7 symbols: ['AVXX', 'CRCD', 'CUPR', 'FGRU', 'GVH', 'JEM', 'SLBT']
[ENGINE_PUB] client connected (total clients: 2)
[ENGINE_PUB] TCP listener failed to start (100.79.224.76:9710): OSError(48, 'Address already in use') — Unix socket unaffected
[ENGINE_PUB] listening on /tmp/warrior_engine.sock (queue_max=10000)
[WL_PUB] subs every 15s, Alpaca prices every 3s (ATH=on, prices=on). IBKR-free degraded mode.
[WL_PUB] published 7 symbols: ['AVXX', 'CRCD', 'CUPR', 'FGRU', 'GVH', 'JEM', 'SLBT']
[ENGINE_PUB] dropped 1 disconnected client(s)
[ENGINE_PUB] STATS published=133 dropped=0 clients=1
[ENGINE_PUB] STATS published=133 dropped=0 clients=0
[ENGINE_PUB] TCP listener on 100.79.224.76:9710 (tailnet fan-out — newline-JSON, same stream as the Unix socket)
[ENGINE_PUB] listening on /tmp/warrior_engine.sock (queue_max=10000)
[WL_PUB] subs every 15s, Alpaca prices every 3s (ATH=on, prices=on). IBKR-free degraded mode.
[WL_PUB] published 7 symbols: ['AVXX', 'CRCD', 'CUPR', 'FGRU', 'GVH', 'JEM', 'SLBT']
[ENGINE_PUB] TCP client connected from ('100.82.8.86', 57536) (total clients: 1)
[ENGINE_PUB] STATS published=133 dropped=0 clients=1
[ENGINE_PUB] STATS published=259 dropped=0 clients=1
[ENGINE_PUB] TCP listener on 100.79.224.76:9710 (tailnet fan-out — newline-JSON, same stream as the Unix socket)
[ENGINE_PUB] listening on /tmp/warrior_engine.sock (queue_max=10000)
[WL_PUB] subs every 15s, Alpaca prices every 3s (ATH=on, prices=on). IBKR-free degraded mode.
[ENGINE_PUB] TCP client connected from ('100.82.8.86', 58545) (total clients: 1)
[WL_PUB] published 7 symbols: ['AVXX', 'CRCD', 'CUPR', 'FGRU', 'GVH', 'JEM', 'SLBT']
[ENGINE_PUB] client connected (total clients: 2)
[ENGINE_PUB] dropped 1 disconnected client(s)
[ENGINE_PUB] STATS published=0 dropped=0 clients=1
[ENGINE_PUB] STATS published=0 dropped=0 clients=1
[ENGINE_PUB] STATS published=0 dropped=0 clients=1
[ENGINE_PUB] STATS published=0 dropped=0 clients=1
[ENGINE_PUB] STATS published=0 dropped=0 clients=1
[ENGINE_PUB] TCP listener on 100.79.224.76:9710 (tailnet fan-out — newline-JSON, same stream as the Unix socket)
[ENGINE_PUB] listening on /tmp/warrior_engine.sock (queue_max=10000)
[WL_PUB] subs every 15s, Alpaca prices every 3s (ATH=on, prices=on). IBKR-free degraded mode.
[WL_PUB] published 0 symbols: []
[ENGINE_PUB] TCP client connected from ('100.82.8.86', 60090) (total clients: 1)
[ENGINE_PUB] client connected (total clients: 2)
[ENGINE_PUB] dropped 1 disconnected client(s)
[ENGINE_PUB] STATS published=0 dropped=0 clients=1
[WL_PUB] published 8 symbols: ['AVXX', 'CRCD', 'CUPR', 'FGRU', 'GVH', 'JEM', 'SLBT', 'UMAL']
  [ath_cache] UMAL: ATH $16.2200 (max daily high since 2023-03-28)
[ENGINE_PUB] STATS published=18 dropped=0 clients=1
[ENGINE_PUB] TCP listener on 100.79.224.76:9710 (tailnet fan-out — newline-JSON, same stream as the Unix socket)
[ENGINE_PUB] listening on /tmp/warrior_engine.sock (queue_max=10000)
[WL_PUB] subs every 15s, Alpaca prices every 3s (ATH=on, prices=on). IBKR-free degraded mode.
[WL_PUB] published 8 symbols: ['AVXX', 'CRCD', 'CUPR', 'FGRU', 'GVH', 'JEM', 'SLBT', 'UMAL']
[ENGINE_PUB] TCP client connected from ('100.82.8.86', 60369) (total clients: 1)
[ENGINE_PUB] client connected (total clients: 2)
[ENGINE_PUB] dropped 1 disconnected client(s)
[ENGINE_PUB] STATS published=108 dropped=0 clients=1
[ENGINE_PUB] STATS published=216 dropped=0 clients=1
[ENGINE_PUB] STATS published=324 dropped=0 clients=1
[ENGINE_PUB] STATS published=438 dropped=0 clients=1
[ENGINE_PUB] STATS published=539 dropped=0 clients=1
[ENGINE_PUB] STATS published=634 dropped=0 clients=1
[ENGINE_PUB] STATS published=724 dropped=0 clients=1
[ENGINE_PUB] STATS published=819 dropped=0 clients=1
[ENGINE_PUB] STATS published=909 dropped=0 clients=1
[ENGINE_PUB] STATS published=1,004 dropped=0 clients=1
[ENGINE_PUB] STATS published=1,094 dropped=0 clients=1
[ENGINE_PUB] STATS published=1,179 dropped=0 clients=1
[ENGINE_PUB] STATS published=1,274 dropped=0 clients=1
[ENGINE_PUB] STATS published=1,364 dropped=0 clients=1
[ENGINE_PUB] STATS published=1,459 dropped=0 clients=1
[ENGINE_PUB] STATS published=1,549 dropped=0 clients=1
[ENGINE_PUB] STATS published=1,644 dropped=0 clients=1
[ENGINE_PUB] dropped 1 disconnected client(s)
[ENGINE_PUB] STATS published=1,734 dropped=0 clients=0
[ENGINE_PUB] STATS published=1,824 dropped=0 clients=0
[ENGINE_PUB] STATS published=1,914 dropped=0 clients=0
[ENGINE_PUB] STATS published=2,019 dropped=0 clients=0
[ENGINE_PUB] STATS published=2,127 dropped=0 clients=0
[ENGINE_PUB] STATS published=2,241 dropped=0 clients=0
[ENGINE_PUB] STATS published=2,349 dropped=0 clients=0
[ENGINE_PUB] STATS published=2,457 dropped=0 clients=0
[ENGINE_PUB] STATS published=2,571 dropped=0 clients=0
[ENGINE_PUB] STATS published=2,679 dropped=0 clients=0
[ENGINE_PUB] STATS published=2,787 dropped=0 clients=0
[ENGINE_PUB] STATS published=2,895 dropped=0 clients=0
[ENGINE_PUB] STATS published=3,003 dropped=0 clients=0
[ENGINE_PUB] STATS published=3,093 dropped=0 clients=0
[ENGINE_PUB] STATS published=3,183 dropped=0 clients=0
[ENGINE_PUB] STATS published=3,273 dropped=0 clients=0
[ENGINE_PUB] STATS published=3,363 dropped=0 clients=0
[ENGINE_PUB] STATS published=3,458 dropped=0 clients=0
[ENGINE_PUB] STATS published=3,548 dropped=0 clients=0
[ENGINE_PUB] STATS published=3,638 dropped=0 clients=0
[ENGINE_PUB] STATS published=3,728 dropped=0 clients=0
[ENGINE_PUB] STATS published=3,823 dropped=0 clients=0
[ENGINE_PUB] STATS published=3,913 dropped=0 clients=0
[ENGINE_PUB] STATS published=4,003 dropped=0 clients=0
[ENGINE_PUB] STATS published=4,093 dropped=0 clients=0
[ENGINE_PUB] STATS published=4,188 dropped=0 clients=0
[ENGINE_PUB] STATS published=4,278 dropped=0 clients=0
[ENGINE_PUB] STATS published=4,368 dropped=0 clients=0
[ENGINE_PUB] STATS published=4,463 dropped=0 clients=0
[ENGINE_PUB] STATS published=4,553 dropped=0 clients=0
[ENGINE_PUB] STATS published=4,643 dropped=0 clients=0
[ENGINE_PUB] STATS published=4,739 dropped=0 clients=0
[ENGINE_PUB] STATS published=4,847 dropped=0 clients=0
[ENGINE_PUB] STATS published=4,955 dropped=0 clients=0
[ENGINE_PUB] STATS published=5,069 dropped=0 clients=0
[ENGINE_PUB] STATS published=5,177 dropped=0 clients=0
[ENGINE_PUB] STATS published=5,290 dropped=0 clients=0
[ENGINE_PUB] STATS published=5,416 dropped=0 clients=0
[ENGINE_PUB] STATS published=5,542 dropped=0 clients=0
[ENGINE_PUB] STATS published=5,668 dropped=0 clients=0
[ENGINE_PUB] STATS published=5,801 dropped=0 clients=0
[ENGINE_PUB] STATS published=5,927 dropped=0 clients=0
[ENGINE_PUB] STATS published=6,053 dropped=0 clients=0
[ENGINE_PUB] STATS published=6,186 dropped=0 clients=0
[ENGINE_PUB] STATS published=6,312 dropped=0 clients=0
[ENGINE_PUB] STATS published=6,438 dropped=0 clients=0
[ENGINE_PUB] STATS published=6,558 dropped=0 clients=0
[ENGINE_PUB] STATS published=6,660 dropped=0 clients=0
[ENGINE_PUB] STATS published=6,754 dropped=0 clients=0
[ENGINE_PUB] STATS published=6,862 dropped=0 clients=0
[ENGINE_PUB] STATS published=6,970 dropped=0 clients=0
[ENGINE_PUB] STATS published=7,078 dropped=0 clients=0
[ENGINE_PUB] STATS published=7,192 dropped=0 clients=0
[ENGINE_PUB] STATS published=7,300 dropped=0 clients=0
[ENGINE_PUB] STATS published=7,420 dropped=0 clients=0
[ENGINE_PUB] STATS published=7,553 dropped=0 clients=0
[ENGINE_PUB] STATS published=7,679 dropped=0 clients=0
[ENGINE_PUB] STATS published=7,805 dropped=0 clients=0
[ENGINE_PUB] STATS published=7,938 dropped=0 clients=0
[ENGINE_PUB] STATS published=8,064 dropped=0 clients=0
[ENGINE_PUB] STATS published=8,190 dropped=0 clients=0
[ENGINE_PUB] STATS published=8,316 dropped=0 clients=0
[ENGINE_PUB] STATS published=8,442 dropped=0 clients=0
[ENGINE_PUB] STATS published=8,568 dropped=0 clients=0
[ENGINE_PUB] STATS published=8,687 dropped=0 clients=0
[ENGINE_PUB] STATS published=8,795 dropped=0 clients=0
[ENGINE_PUB] STATS published=8,903 dropped=0 clients=0
[ENGINE_PUB] STATS published=9,011 dropped=0 clients=0
[ENGINE_PUB] STATS published=9,119 dropped=0 clients=0
[ENGINE_PUB] STATS published=9,233 dropped=0 clients=0
[ENGINE_PUB] STATS published=9,341 dropped=0 clients=0
[ENGINE_PUB] STATS published=9,436 dropped=0 clients=0
[ENGINE_PUB] STATS published=9,531 dropped=0 clients=0
[ENGINE_PUB] STATS published=9,622 dropped=0 clients=0
[ENGINE_PUB] STATS published=9,730 dropped=0 clients=0
[ENGINE_PUB] STATS published=9,844 dropped=0 clients=0
[ENGINE_PUB] STATS published=9,961 dropped=0 clients=0
[ENGINE_PUB] STATS published=10,087 dropped=0 clients=0
[ENGINE_PUB] STATS published=10,213 dropped=0 clients=0
[ENGINE_PUB] STATS published=10,346 dropped=0 clients=0
[ENGINE_PUB] STATS published=10,472 dropped=0 clients=0
[ENGINE_PUB] STATS published=10,598 dropped=0 clients=0
[ENGINE_PUB] STATS published=10,710 dropped=0 clients=0
[ENGINE_PUB] STATS published=10,820 dropped=0 clients=0
[ENGINE_PUB] STATS published=10,928 dropped=0 clients=0
[ENGINE_PUB] STATS published=11,042 dropped=0 clients=0
[ENGINE_PUB] STATS published=11,139 dropped=0 clients=0
[ENGINE_PUB] STATS published=11,229 dropped=0 clients=0
[ENGINE_PUB] STATS published=11,331 dropped=0 clients=0
[ENGINE_PUB] STATS published=11,475 dropped=0 clients=0
[WL_PUB] published 12 symbols: ['AVXX', 'CANF', 'CRCD', 'CUPR', 'EDZ', 'FGRU', 'GVH', 'JEM', 'RAAQ', 'SLBT', 'SMU', 'UMAL']
  [ath_cache] CANF: ATH $13.4100 (max daily high since 2023-03-28)
  [ath_cache] EDZ: ATH $43.4300 (max daily high since 2023-03-28)
  [ath_cache] RAAQ: ATH $12.0500 (max daily high since 2023-03-28)
  [ath_cache] SMU: ATH $51.7300 (max daily high since 2023-03-28)
  [ath_cache] RAAQ: ATH $12.0500 (max daily high since 2023-03-28)
[ENGINE_PUB] STATS published=11,671 dropped=0 clients=0
[WL_PUB] published 21 symbols: ['AVXX', 'CANF', 'CEPO', 'CORD', 'CRCD', 'CUPR', 'EDZ', 'EHGO', 'FGRU', 'GVH', 'IREZ', 'JEM', 'MUZ', 'NBIZ', 'RAAQ', 'SLBT', 'SMCZ', 'SMU', 'SNDQ', 'UMAL', 'YDES']
  [ath_cache] CEPO: ATH $15.7500 (max daily high since 2023-03-28)
  [ath_cache] CORD: ATH $67.5300 (max daily high since 2023-03-28)
  [ath_cache] EHGO: ATH $6.7300 (max daily high since 2023-03-28)
  [ath_cache] IREZ: ATH $53.3700 (max daily high since 2023-03-28)
  [ath_cache] MUZ: ATH $23.6500 (max daily high since 2023-03-28)
  [ath_cache] NBIZ: ATH $39.9900 (max daily high since 2023-03-28)
  [ath_cache] SMCZ: ATH $66.0600 (max daily high since 2023-03-28)
  [ath_cache] SNDQ: ATH $27.4400 (max daily high since 2023-03-28)
  [ath_cache] YDES: ATH $25.0000 (max daily high since 2023-03-28)
[WL_PUB] published 23 symbols: ['AVXX', 'CANF', 'CEPO', 'CORD', 'CRCD', 'CUPR', 'EDZ', 'EHGO', 'FGRU', 'GVH', 'IREZ', 'JEM', 'LITZ', 'MUZ', 'NBIZ', 'NOWL', 'RAAQ', 'SLBT', 'SMCZ', 'SMU', 'SNDQ', 'UMAL', 'YDES']
[ENGINE_PUB] STATS published=12,033 dropped=0 clients=0
  [ath_cache] LITZ: ATH $29.7200 (max daily high since 2023-03-28)
  [ath_cache] NOWL: ATH $29.7900 (max daily high since 2023-03-28)
  [ath_cache] YDES: ATH $25.0000 (max daily high since 2023-03-28)
[WL_PUB] published 26 symbols: ['AMCI', 'AVXX', 'CANF', 'CEPO', 'CODX', 'CORD', 'CRCD', 'CTW', 'CUPR', 'EDZ', 'EHGO', 'FGRU', 'GVH', 'IREZ', 'JEM', 'LITZ', 'MUZ', 'NBIZ', 'NOWL', 'RAAQ', 'SLBT', 'SMCZ', 'SMU', 'SNDQ', 'UMAL', 'YDES']
  [ath_cache] AMCI: ATH $15.0800 (max daily high since 2023-03-28)
  [ath_cache] CODX: ATH $13.5100 (max daily high since 2023-03-28)
  [ath_cache] CTW: ATH $4.8500 (max daily high since 2023-03-28)
[ENGINE_PUB] STATS published=12,485 dropped=0 clients=0
  [ath_cache] CTW: ATH $4.8500 (max daily high since 2023-03-28)
[ENGINE_PUB] STATS published=12,953 dropped=0 clients=0
[WL_PUB] published 27 symbols: ['AMCI', 'AVXX', 'CANF', 'CEPO', 'CODX', 'CORD', 'CRCD', 'CTW', 'CUPR', 'EDZ', 'EHGO', 'FGRU', 'GVH', 'IREZ', 'JEM', 'LITZ', 'MUZ', 'NBIZ', 'NOWL', 'RAAQ', 'SLBT', 'SMCZ', 'SMU', 'SNDQ', 'UMAL', 'WZRD', 'YDES']
  [ath_cache] WZRD: ATH $27.3800 (max daily high since 2023-03-28)
  [ath_cache] WZRD: ATH $27.3800 (max daily high since 2023-03-28)
[ENGINE_PUB] STATS published=13,437 dropped=0 clients=0
[ENGINE_PUB] STATS published=13,923 dropped=0 clients=0
[WL_PUB] published 28 symbols: ['AMCI', 'AVXX', 'CANF', 'CEPO', 'CODX', 'CORD', 'CRCD', 'CSTE', 'CTW', 'CUPR', 'EDZ', 'EHGO', 'FGRU', 'GVH', 'IREZ', 'JEM', 'LITZ', 'MUZ', 'NBIZ', 'NOWL', 'RAAQ', 'SLBT', 'SMCZ', 'SMU', 'SNDQ', 'UMAL', 'WZRD', 'YDES']
  [ath_cache] CSTE: ATH $6.8100 (max daily high since 2023-03-28)
[ENGINE_PUB] STATS published=14,416 dropped=0 clients=0
  [ath_cache] CSTE: ATH $6.8100 (max daily high since 2023-03-28)
[WL_PUB] published 29 symbols: ['AMCI', 'AVXX', 'CANF', 'CEPO', 'CODX', 'CORD', 'CRCD', 'CSTE', 'CTW', 'CUPR', 'EDZ', 'EHGO', 'FGRU', 'GVH', 'IREZ', 'JEM', 'LITZ', 'MUZ', 'NBIZ', 'NOWL', 'PLTG', 'RAAQ', 'SLBT', 'SMCZ', 'SMU', 'SNDQ', 'UMAL', 'WZRD', 'YDES']
  [ath_cache] PLTG: ATH $44.8350 (max daily high since 2023-03-28)
[ENGINE_PUB] STATS published=14,930 dropped=0 clients=0
[WL_PUB] published 30 symbols: ['AMCI', 'AVXX', 'CANF', 'CEPO', 'CODX', 'CORD', 'CRCD', 'CSTE', 'CTW', 'CUPR', 'EDZ', 'EHGO', 'FGRU', 'GVH', 'IREZ', 'JEM', 'LITZ', 'MUZ', 'NBIZ', 'NOWL', 'PLTG', 'RAAQ', 'SLBT', 'SMCZ', 'SMU', 'SNDQ', 'UMAL', 'WZRD', 'YDES', 'ZSTK']
  [ath_cache] ZSTK: ATH $17.8700 (max daily high since 2023-03-28)
  [ath_cache] ZSTK: ATH $17.8700 (max daily high since 2023-03-28)
[ENGINE_PUB] STATS published=15,465 dropped=0 clients=0
[WL_PUB] published 32 symbols: ['AMCI', 'AVXX', 'CANF', 'CEPO', 'CODX', 'CORD', 'CRCD', 'CSTE', 'CTW', 'CUPR', 'EDZ', 'EHGO', 'ELTX', 'FGRU', 'GVH', 'IREZ', 'JEM', 'LITZ', 'MUZ', 'NBIZ', 'NOWL', 'PLTG', 'RAAQ', 'SKIL', 'SLBT', 'SMCZ', 'SMU', 'SNDQ', 'UMAL', 'WZRD', 'YDES', 'ZSTK']
  [ath_cache] ELTX: ATH $22.1900 (max daily high since 2023-03-28)
  [ath_cache] SKIL: ATH $34.8300 (max daily high since 2023-03-28)
[ENGINE_PUB] STATS published=16,049 dropped=0 clients=0
[ENGINE_PUB] STATS published=16,625 dropped=0 clients=0
[WL_PUB] published 33 symbols: ['AMCI', 'AVXX', 'CANF', 'CEPO', 'CODX', 'CORD', 'CRCD', 'CSTE', 'CTW', 'CUPR', 'EDZ', 'EHGO', 'ELTX', 'FGRU', 'FIGG', 'GVH', 'IREZ', 'JEM', 'LITZ', 'MUZ', 'NBIZ', 'NOWL', 'PLTG', 'RAAQ', 'SKIL', 'SLBT', 'SMCZ', 'SMU', 'SNDQ', 'UMAL', 'WZRD', 'YDES', 'ZSTK']
  [ath_cache] FIGG: ATH $35.3800 (max daily high since 2023-03-28)
[ENGINE_PUB] STATS published=17,181 dropped=0 clients=0
[WL_PUB] published 34 symbols: ['AMCI', 'AVXX', 'CANF', 'CEPO', 'CODX', 'CORD', 'CRCD', 'CSTE', 'CTW', 'CUPR', 'EDZ', 'EHGO', 'ELTX', 'FGRU', 'FIGG', 'GVH', 'IREZ', 'JEM', 'LITZ', 'MUZ', 'NBIZ', 'NOWL', 'PLTA', 'PLTG', 'RAAQ', 'SKIL', 'SLBT', 'SMCZ', 'SMU', 'SNDQ', 'UMAL', 'WZRD', 'YDES', 'ZSTK']
  [ath_cache] PLTA: ATH $41.9600 (max daily high since 2023-03-28)
  [ath_cache] PLTA: ATH $41.9600 (max daily high since 2023-03-28)
[ENGINE_PUB] STATS published=17,790 dropped=0 clients=0
[ENGINE_PUB] STATS published=18,397 dropped=0 clients=0
[WL_PUB] published 35 symbols: ['AMCI', 'AVXX', 'CANF', 'CEPO', 'CODX', 'CORD', 'CRCD', 'CSTE', 'CTW', 'CUPR', 'EDZ', 'EHGO', 'ELTX', 'FGRU', 'FIGG', 'GVH', 'IREZ', 'JEM', 'LITZ', 'MUZ', 'NBIZ', 'NOWL', 'PCLA', 'PLTA', 'PLTG', 'RAAQ', 'SKIL', 'SLBT', 'SMCZ', 'SMU', 'SNDQ', 'UMAL', 'WZRD', 'YDES', 'ZSTK']
  [ath_cache] PCLA: ATH $13.8000 (max daily high since 2023-03-28)
  [ath_cache] PCLA: ATH $13.8000 (max daily high since 2023-03-28)
[ENGINE_PUB] STATS published=18,997 dropped=0 clients=0
[WL_PUB] published 36 symbols: ['AMCI', 'AVXX', 'CANF', 'CEPO', 'CODX', 'CORD', 'CRCD', 'CSTE', 'CTW', 'CUPR', 'EDZ', 'EHGO', 'ELTX', 'FGRU', 'FIGG', 'GVH', 'IREZ', 'JEM', 'LITZ', 'MSTP', 'MUZ', 'NBIZ', 'NOWL', 'PCLA', 'PLTA', 'PLTG', 'RAAQ', 'SKIL', 'SLBT', 'SMCZ', 'SMU', 'SNDQ', 'UMAL', 'WZRD', 'YDES', 'ZSTK']
  [ath_cache] MSTP: ATH $65.0500 (max daily high since 2023-03-28)
[ENGINE_PUB] STATS published=19,658 dropped=0 clients=0
[WL_PUB] published 37 symbols: ['AMCI', 'AVXX', 'CANF', 'CEPO', 'CODX', 'CORD', 'CRCD', 'CSTE', 'CTW', 'CUPR', 'EDZ', 'EHGO', 'ELTX', 'FGRU', 'FIGG', 'GVH', 'IREZ', 'JEM', 'LITZ', 'MSTP', 'MUZ', 'NBIZ', 'NOWL', 'PCLA', 'PLTA', 'PLTG', 'RAAQ', 'SKIL', 'SLBT', 'SMCZ', 'SMU', 'SNDQ', 'SSPC', 'UMAL', 'WZRD', 'YDES', 'ZSTK']
  [ath_cache] SSPC: ATH $14.0050 (max daily high since 2023-03-28)
[ENGINE_PUB] STATS published=20,270 dropped=0 clients=0
[ENGINE_PUB] STATS published=20,918 dropped=0 clients=0
[WL_PUB] published 38 symbols: ['AMCI', 'ASTC', 'AVXX', 'CANF', 'CEPO', 'CODX', 'CORD', 'CRCD', 'CSTE', 'CTW', 'CUPR', 'EDZ', 'EHGO', 'ELTX', 'FGRU', 'FIGG', 'GVH', 'IREZ', 'JEM', 'LITZ', 'MSTP', 'MUZ', 'NBIZ', 'NOWL', 'PCLA', 'PLTA', 'PLTG', 'RAAQ', 'SKIL', 'SLBT', 'SMCZ', 'SMU', 'SNDQ', 'SSPC', 'UMAL', 'WZRD', 'YDES', 'ZSTK']
[ENGINE_PUB] STATS published=21,579 dropped=0 clients=0
  [ath_cache] ASTC: ATH $68.8500 (max daily high since 2023-03-28)
[ENGINE_PUB] STATS published=22,262 dropped=0 clients=0
[ENGINE_PUB] STATS published=22,946 dropped=0 clients=0
[ENGINE_PUB] STATS published=23,630 dropped=0 clients=0
[ENGINE_PUB] STATS published=24,307 dropped=0 clients=0
[ENGINE_PUB] STATS published=25,014 dropped=0 clients=0
[ENGINE_PUB] STATS published=25,660 dropped=0 clients=0
[ENGINE_PUB] STATS published=26,344 dropped=0 clients=0
[ENGINE_PUB] STATS published=27,028 dropped=0 clients=0
[ENGINE_PUB] STATS published=27,712 dropped=0 clients=0
[ENGINE_PUB] STATS published=28,390 dropped=0 clients=0
[ENGINE_PUB] STATS published=29,039 dropped=0 clients=0
[ENGINE_PUB] STATS published=29,687 dropped=0 clients=0
[ENGINE_PUB] STATS published=30,368 dropped=0 clients=0
[ENGINE_PUB] STATS published=30,980 dropped=0 clients=0
[ENGINE_PUB] STATS published=31,664 dropped=0 clients=0
[ENGINE_PUB] STATS published=32,276 dropped=0 clients=0
[ENGINE_PUB] STATS published=32,924 dropped=0 clients=0
[ENGINE_PUB] STATS published=33,572 dropped=0 clients=0
[ENGINE_PUB] STATS published=34,220 dropped=0 clients=0
[ENGINE_PUB] STATS published=34,868 dropped=0 clients=0
[ENGINE_PUB] STATS published=35,516 dropped=0 clients=0
[ENGINE_PUB] STATS published=36,164 dropped=0 clients=0
[ENGINE_PUB] STATS published=36,818 dropped=0 clients=0
[ENGINE_PUB] STATS published=37,373 dropped=0 clients=0
[ENGINE_PUB] STATS published=38,076 dropped=0 clients=0
[WL_PUB] published 39 symbols: ['AMCI', 'ASTC', 'AVXX', 'CANF', 'CEPO', 'CODX', 'CORD', 'CRCD', 'CSTE', 'CTW', 'CUPR', 'EDZ', 'EHGO', 'ELTX', 'FGRU', 'FIGG', 'GVH', 'IREZ', 'JEM', 'LITZ', 'MST', 'MSTP', 'MUZ', 'NBIZ', 'NOWL', 'PCLA', 'PLTA', 'PLTG', 'RAAQ', 'SKIL', 'SLBT', 'SMCZ', 'SMU', 'SNDQ', 'SSPC', 'UMAL', 'WZRD', 'YDES', 'ZSTK']
  [ath_cache] MST: ATH $39.3700 (max daily high since 2023-03-28)
[ENGINE_PUB] STATS published=38,715 dropped=0 clients=0
[ENGINE_PUB] STATS published=39,399 dropped=0 clients=0
[ENGINE_PUB] STATS published=40,083 dropped=0 clients=0
[ENGINE_PUB] STATS published=40,767 dropped=0 clients=0
[ENGINE_PUB] STATS published=41,451 dropped=0 clients=0
[ENGINE_PUB] STATS published=42,135 dropped=0 clients=0
[WL_PUB] published 41 symbols: ['AMCI', 'ASTC', 'AVXX', 'CANF', 'CEPO', 'CODX', 'CORD', 'CRCD', 'CRDX', 'CSTE', 'CTW', 'CUPR', 'EDZ', 'EHGO', 'ELTX', 'FGRU', 'FIGG', 'GVH', 'IREZ', 'JEM', 'KTUP', 'LITZ', 'MST', 'MSTP', 'MUZ', 'NBIZ', 'NOWL', 'PCLA', 'PLTA', 'PLTG', 'RAAQ', 'SKIL', 'SLBT', 'SMCZ', 'SMU', 'SNDQ', 'SSPC', 'UMAL', 'WZRD', 'YDES', 'ZSTK']
  [ath_cache] CRDX: ATH $25.7800 (max daily high since 2023-03-28)
  [ath_cache] KTUP: ATH $67.7100 (max daily high since 2023-03-28)
[ENGINE_PUB] STATS published=42,815 dropped=0 clients=0
[ENGINE_PUB] STATS published=43,488 dropped=0 clients=0
[ENGINE_PUB] STATS published=44,151 dropped=0 clients=0
[ENGINE_PUB] STATS published=44,775 dropped=0 clients=0
[ENGINE_PUB] STATS published=45,438 dropped=0 clients=0
[ENGINE_PUB] STATS published=46,101 dropped=0 clients=0
[ENGINE_PUB] STATS published=46,760 dropped=0 clients=0
[ENGINE_PUB] STATS published=47,406 dropped=0 clients=0
[ENGINE_PUB] STATS published=48,036 dropped=0 clients=0
[ENGINE_PUB] STATS published=48,670 dropped=0 clients=0
[ENGINE_PUB] STATS published=49,316 dropped=0 clients=0
[WL_PUB] published 42 symbols: ['AHMA', 'AMCI', 'ASTC', 'AVXX', 'CANF', 'CEPO', 'CODX', 'CORD', 'CRCD', 'CRDX', 'CSTE', 'CTW', 'CUPR', 'EDZ', 'EHGO', 'ELTX', 'FGRU', 'FIGG', 'GVH', 'IREZ', 'JEM', 'KTUP', 'LITZ', 'MST', 'MSTP', 'MUZ', 'NBIZ', 'NOWL', 'PCLA', 'PLTA', 'PLTG', 'RAAQ', 'SKIL', 'SLBT', 'SMCZ', 'SMU', 'SNDQ', 'SSPC', 'UMAL', 'WZRD', 'YDES', 'ZSTK']
[ENGINE_PUB] STATS published=49,926 dropped=0 clients=0
  [ath_cache] AHMA: ATH $39.3850 (max daily high since 2023-03-28)
[ENGINE_PUB] STATS published=50,589 dropped=0 clients=0
[ENGINE_PUB] STATS published=51,250 dropped=0 clients=0
[ENGINE_PUB] STATS published=51,890 dropped=0 clients=0
[ENGINE_PUB] STATS published=52,532 dropped=0 clients=0
[ENGINE_PUB] STATS published=53,178 dropped=0 clients=0
[ENGINE_PUB] STATS published=53,856 dropped=0 clients=0
[WL_PUB] published 43 symbols: ['AHMA', 'AMCI', 'ASTC', 'AVXX', 'CANF', 'CEPO', 'CODX', 'CORD', 'CRCD', 'CRDX', 'CSTE', 'CTW', 'CUPR', 'EDZ', 'EHGO', 'ELTX', 'FGRU', 'FIGG', 'GVH', 'IREZ', 'JEM', 'KTUP', 'LITZ', 'MST', 'MSTP', 'MUZ', 'NBIZ', 'NOWL', 'PCLA', 'PLTA', 'PLTG', 'RAAQ', 'SKIL', 'SLBT', 'SMCZ', 'SMU', 'SNDQ', 'SSPC', 'UMAL', 'WFCF', 'WZRD', 'YDES', 'ZSTK']
  [ath_cache] WFCF: ATH $21.1750 (max daily high since 2023-03-28)
[WL_PUB] published 44 symbols: ['AHMA', 'AMCI', 'ASTC', 'AVXX', 'CANF', 'CEPO', 'CODX', 'CORD', 'CRCD', 'CRDX', 'CSTE', 'CTW', 'CUPR', 'EDZ', 'EHGO', 'ELTX', 'FGRU', 'FIGG', 'GVH', 'ICU', 'IREZ', 'JEM', 'KTUP', 'LITZ', 'MST', 'MSTP', 'MUZ', 'NBIZ', 'NOWL', 'PCLA', 'PLTA', 'PLTG', 'RAAQ', 'SKIL', 'SLBT', 'SMCZ', 'SMU', 'SNDQ', 'SSPC', 'UMAL', 'WFCF', 'WZRD', 'YDES', 'ZSTK']
[ENGINE_PUB] STATS published=54,553 dropped=0 clients=0
  [ath_cache] ICU: ATH $13.6900 (max daily high since 2023-03-28)
[ENGINE_PUB] STATS published=55,267 dropped=0 clients=0
[ENGINE_PUB] STATS published=55,981 dropped=0 clients=0
[WL_PUB] published 45 symbols: ['AHMA', 'AMCI', 'ASTC', 'AVXX', 'CANF', 'CEPO', 'CODX', 'CORD', 'CRCD', 'CRDX', 'CRVO', 'CSTE', 'CTW', 'CUPR', 'EDZ', 'EHGO', 'ELTX', 'FGRU', 'FIGG', 'GVH', 'ICU', 'IREZ', 'JEM', 'KTUP', 'LITZ', 'MST', 'MSTP', 'MUZ', 'NBIZ', 'NOWL', 'PCLA', 'PLTA', 'PLTG', 'RAAQ', 'SKIL', 'SLBT', 'SMCZ', 'SMU', 'SNDQ', 'SSPC', 'UMAL', 'WFCF', 'WZRD', 'YDES', 'ZSTK']
  [ath_cache] CRVO: ATH $26.3100 (max daily high since 2023-03-28)
[ENGINE_PUB] STATS published=56,697 dropped=0 clients=0
  [ath_cache] CRVO: ATH $26.3100 (max daily high since 2023-03-28)
[ENGINE_PUB] STATS published=57,428 dropped=0 clients=0
[ENGINE_PUB] STATS published=58,159 dropped=0 clients=0
[ENGINE_PUB] STATS published=58,905 dropped=0 clients=0
[ENGINE_PUB] STATS published=59,644 dropped=0 clients=0
[ENGINE_PUB] STATS published=60,375 dropped=0 clients=0
[ENGINE_PUB] STATS published=61,098 dropped=0 clients=0
[ENGINE_PUB] STATS published=61,812 dropped=0 clients=0
[ENGINE_PUB] STATS published=62,539 dropped=0 clients=0
[WL_PUB] published 44 symbols: ['AMCI', 'ASTC', 'AVXX', 'CANF', 'CEPO', 'CODX', 'CORD', 'CRCD', 'CRDX', 'CRVO', 'CSTE', 'CTW', 'CUPR', 'EDZ', 'EHGO', 'ELTX', 'FGRU', 'FIGG', 'GVH', 'ICU', 'IREZ', 'JEM', 'KTUP', 'LITZ', 'MST', 'MSTP', 'MUZ', 'NBIZ', 'NOWL', 'PCLA', 'PLTA', 'PLTG', 'RAAQ', 'SKIL', 'SLBT', 'SMCZ', 'SMU', 'SNDQ', 'SSPC', 'UMAL', 'WFCF', 'WZRD', 'YDES', 'ZSTK']
[ENGINE_PUB] STATS published=63,193 dropped=0 clients=0
[ENGINE_PUB] STATS published=63,889 dropped=0 clients=0
[WL_PUB] published 46 symbols: ['AHMA', 'AMCI', 'ASTC', 'AVXX', 'CANF', 'CEPO', 'CODX', 'CORD', 'CRCD', 'CRDX', 'CRVO', 'CSTE', 'CTW', 'CUPR', 'EDZ', 'EHGO', 'ELTX', 'FGRU', 'FIGG', 'GVH', 'ICU', 'IREZ', 'JEM', 'KTUP', 'LITZ', 'MST', 'MSTP', 'MUZ', 'NBIZ', 'NOWL', 'PCLA', 'PLTA', 'PLTG', 'RAAQ', 'RYOJ', 'SKIL', 'SLBT', 'SMCZ', 'SMU', 'SNDQ', 'SSPC', 'UMAL', 'WFCF', 'WZRD', 'YDES', 'ZSTK']
  [ath_cache] RYOJ: ATH $11.3400 (max daily high since 2023-03-28)
  [ath_cache] RYOJ: ATH $11.3400 (max daily high since 2023-03-28)
[ENGINE_PUB] STATS published=64,629 dropped=0 clients=0
[ENGINE_PUB] STATS published=65,377 dropped=0 clients=0
[ENGINE_PUB] STATS published=66,109 dropped=0 clients=0
[ENGINE_PUB] STATS published=66,840 dropped=0 clients=0
[ENGINE_PUB] STATS published=67,581 dropped=0 clients=0
[ENGINE_PUB] STATS published=68,329 dropped=0 clients=0
[ENGINE_PUB] STATS published=69,063 dropped=0 clients=0
[ENGINE_PUB] STATS published=69,799 dropped=0 clients=0
[ENGINE_PUB] STATS published=70,546 dropped=0 clients=0
[ENGINE_PUB] STATS published=71,277 dropped=0 clients=0
[ENGINE_PUB] STATS published=72,015 dropped=0 clients=0
[ENGINE_PUB] STATS published=72,763 dropped=0 clients=0
[ENGINE_PUB] STATS published=73,489 dropped=0 clients=0
[ENGINE_PUB] STATS published=74,217 dropped=0 clients=0
[WL_PUB] published 47 symbols: ['AHMA', 'AMCI', 'ASTC', 'AVXX', 'CANF', 'CEPO', 'CODX', 'CONX', 'CORD', 'CRCD', 'CRDX', 'CRVO', 'CSTE', 'CTW', 'CUPR', 'EDZ', 'EHGO', 'ELTX', 'FGRU', 'FIGG', 'GVH', 'ICU', 'IREZ', 'JEM', 'KTUP', 'LITZ', 'MST', 'MSTP', 'MUZ', 'NBIZ', 'NOWL', 'PCLA', 'PLTA', 'PLTG', 'RAAQ', 'RYOJ', 'SKIL', 'SLBT', 'SMCZ', 'SMU', 'SNDQ', 'SSPC', 'UMAL', 'WFCF', 'WZRD', 'YDES', 'ZSTK']
  [ath_cache] CONX: ATH $27.4050 (max daily high since 2023-03-28)
[ENGINE_PUB] STATS published=74,954 dropped=0 clients=0
[ENGINE_PUB] STATS published=75,660 dropped=0 clients=0
[ENGINE_PUB] STATS published=76,470 dropped=0 clients=0
[ENGINE_PUB] STATS published=77,184 dropped=0 clients=0
[ENGINE_PUB] STATS published=77,976 dropped=0 clients=0
[ENGINE_PUB] STATS published=78,680 dropped=0 clients=0
[ENGINE_PUB] STATS published=79,428 dropped=0 clients=0
[ENGINE_PUB] STATS published=80,194 dropped=0 clients=0
[ENGINE_PUB] STATS published=80,976 dropped=0 clients=0
[ENGINE_PUB] STATS published=81,758 dropped=0 clients=0
[ENGINE_PUB] STATS published=82,540 dropped=0 clients=0
[ENGINE_PUB] STATS published=83,311 dropped=0 clients=0
[ENGINE_PUB] STATS published=84,031 dropped=0 clients=0
[ENGINE_PUB] STATS published=84,796 dropped=0 clients=0
[ENGINE_PUB] STATS published=85,546 dropped=0 clients=0
[ENGINE_PUB] STATS published=86,281 dropped=0 clients=0
[WL_PUB] published 48 symbols: ['AHMA', 'AMCI', 'ASTC', 'AVXX', 'CANF', 'CEPO', 'CODX', 'COIA', 'CONX', 'CORD', 'CRCD', 'CRDX', 'CRVO', 'CSTE', 'CTW', 'CUPR', 'EDZ', 'EHGO', 'ELTX', 'FGRU', 'FIGG', 'GVH', 'ICU', 'IREZ', 'JEM', 'KTUP', 'LITZ', 'MST', 'MSTP', 'MUZ', 'NBIZ', 'NOWL', 'PCLA', 'PLTA', 'PLTG', 'RAAQ', 'RYOJ', 'SKIL', 'SLBT', 'SMCZ', 'SMU', 'SNDQ', 'SSPC', 'UMAL', 'WFCF', 'WZRD', 'YDES', 'ZSTK']
  [ath_cache] COIA: ATH $40.0800 (max daily high since 2023-03-28)
  [ath_cache] COIA: ATH $40.0800 (max daily high since 2023-03-28)
[ENGINE_PUB] STATS published=87,027 dropped=0 clients=0
[ENGINE_PUB] STATS published=87,739 dropped=0 clients=0
[ENGINE_PUB] STATS published=88,487 dropped=0 clients=0
[WL_PUB] published 49 symbols: ['AHMA', 'AMCI', 'ASTC', 'AVXX', 'CANF', 'CEPO', 'CODX', 'COIA', 'COIG', 'CONX', 'CORD', 'CRCD', 'CRDX', 'CRVO', 'CSTE', 'CTW', 'CUPR', 'EDZ', 'EHGO', 'ELTX', 'FGRU', 'FIGG', 'GVH', 'ICU', 'IREZ', 'JEM', 'KTUP', 'LITZ', 'MST', 'MSTP', 'MUZ', 'NBIZ', 'NOWL', 'PCLA', 'PLTA', 'PLTG', 'RAAQ', 'RYOJ', 'SKIL', 'SLBT', 'SMCZ', 'SMU', 'SNDQ', 'SSPC', 'UMAL', 'WFCF', 'WZRD', 'YDES', 'ZSTK']
  [ath_cache] COIG: ATH $71.9200 (max daily high since 2023-03-28)
[ENGINE_PUB] STATS published=89,239 dropped=0 clients=0
[ENGINE_PUB] STATS published=89,987 dropped=0 clients=0
[ENGINE_PUB] STATS published=90,735 dropped=0 clients=0
[ENGINE_PUB] STATS published=91,489 dropped=0 clients=0
[ENGINE_PUB] STATS published=92,261 dropped=0 clients=0
[ENGINE_PUB] STATS published=93,043 dropped=0 clients=0
[ENGINE_PUB] STATS published=93,779 dropped=0 clients=0
[ENGINE_PUB] STATS published=94,561 dropped=0 clients=0
[ENGINE_PUB] STATS published=95,343 dropped=0 clients=0
[ENGINE_PUB] STATS published=96,109 dropped=0 clients=0
[ENGINE_PUB] STATS published=96,874 dropped=0 clients=0
[ENGINE_PUB] STATS published=97,639 dropped=0 clients=0
[ENGINE_PUB] STATS published=98,404 dropped=0 clients=0
[ENGINE_PUB] STATS published=99,156 dropped=0 clients=0
[ENGINE_PUB] STATS published=99,903 dropped=0 clients=0
[ENGINE_PUB] STATS published=100,651 dropped=0 clients=0
[ENGINE_PUB] STATS published=101,413 dropped=0 clients=0
[ENGINE_PUB] STATS published=102,191 dropped=0 clients=0
[ENGINE_PUB] STATS published=102,967 dropped=0 clients=0
[ENGINE_PUB] STATS published=103,735 dropped=0 clients=0
[ENGINE_PUB] STATS published=104,494 dropped=0 clients=0
[ENGINE_PUB] STATS published=105,242 dropped=0 clients=0
[ENGINE_PUB] STATS published=105,999 dropped=0 clients=0
[ENGINE_PUB] STATS published=106,764 dropped=0 clients=0
[ENGINE_PUB] STATS published=107,484 dropped=0 clients=0
[ENGINE_PUB] STATS published=108,249 dropped=0 clients=0
[ENGINE_PUB] STATS published=109,007 dropped=0 clients=0
[ENGINE_PUB] STATS published=109,711 dropped=0 clients=0
[ENGINE_PUB] STATS published=110,461 dropped=0 clients=0
[ENGINE_PUB] STATS published=111,206 dropped=0 clients=0
[ENGINE_PUB] STATS published=111,939 dropped=0 clients=0
[ENGINE_PUB] STATS published=112,687 dropped=0 clients=0
[ENGINE_PUB] STATS published=113,391 dropped=0 clients=0
[ENGINE_PUB] STATS published=114,136 dropped=0 clients=0
[ENGINE_PUB] STATS published=114,858 dropped=0 clients=0
[ENGINE_PUB] STATS published=115,572 dropped=0 clients=0
[ENGINE_PUB] STATS published=116,303 dropped=0 clients=0
[ENGINE_PUB] STATS published=117,034 dropped=0 clients=0
[ENGINE_PUB] STATS published=117,732 dropped=0 clients=0
[ENGINE_PUB] STATS published=118,463 dropped=0 clients=0
[ENGINE_PUB] STATS published=119,191 dropped=0 clients=0
[ENGINE_PUB] STATS published=119,889 dropped=0 clients=0
[ENGINE_PUB] STATS published=120,587 dropped=0 clients=0
[ENGINE_PUB] STATS published=121,301 dropped=0 clients=0
[ENGINE_PUB] STATS published=122,017 dropped=0 clients=0
[ENGINE_PUB] STATS published=122,732 dropped=0 clients=0
[ENGINE_PUB] STATS published=123,377 dropped=0 clients=0
[ENGINE_PUB] STATS published=124,065 dropped=0 clients=0
[ENGINE_PUB] STATS published=124,814 dropped=0 clients=0
[ENGINE_PUB] STATS published=125,579 dropped=0 clients=0
[ENGINE_PUB] STATS published=126,299 dropped=0 clients=0
[ENGINE_PUB] STATS published=126,976 dropped=0 clients=0
[ENGINE_PUB] STATS published=127,744 dropped=0 clients=0
[ENGINE_PUB] STATS published=128,492 dropped=0 clients=0
[ENGINE_PUB] STATS published=129,239 dropped=0 clients=0
[ENGINE_PUB] STATS published=129,985 dropped=0 clients=0
[ENGINE_PUB] STATS published=130,714 dropped=0 clients=0
[ENGINE_PUB] STATS published=131,462 dropped=0 clients=0
[ENGINE_PUB] STATS published=132,218 dropped=0 clients=0
[ENGINE_PUB] STATS published=132,974 dropped=0 clients=0
[ENGINE_PUB] STATS published=133,722 dropped=0 clients=0
[ENGINE_PUB] STATS published=134,470 dropped=0 clients=0
[ENGINE_PUB] STATS published=135,218 dropped=0 clients=0
[ENGINE_PUB] STATS published=135,966 dropped=0 clients=0
[ENGINE_PUB] STATS published=136,682 dropped=0 clients=0
[ENGINE_PUB] STATS published=137,425 dropped=0 clients=0
[ENGINE_PUB] STATS published=138,161 dropped=0 clients=0
[ENGINE_PUB] STATS published=138,875 dropped=0 clients=0
[ENGINE_PUB] STATS published=139,597 dropped=0 clients=0
[ENGINE_PUB] STATS published=140,311 dropped=0 clients=0
[ENGINE_PUB] STATS published=141,025 dropped=0 clients=0
[WL_PUB] published 48 symbols: ['AMCI', 'ASTC', 'AVXX', 'CANF', 'CEPO', 'CODX', 'COIA', 'COIG', 'CONX', 'CORD', 'CRCD', 'CRDX', 'CRVO', 'CSTE', 'CTW', 'CUPR', 'EDZ', 'EHGO', 'ELTX', 'FGRU', 'FIGG', 'GVH', 'ICU', 'IREZ', 'JEM', 'KTUP', 'LITZ', 'MST', 'MSTP', 'MUZ', 'NBIZ', 'NOWL', 'PCLA', 'PLTA', 'PLTG', 'RAAQ', 'RYOJ', 'SKIL', 'SLBT', 'SMCZ', 'SMU', 'SNDQ', 'SSPC', 'UMAL', 'WFCF', 'WZRD', 'YDES', 'ZSTK']
[ENGINE_PUB] STATS published=141,687 dropped=0 clients=0
[ENGINE_PUB] STATS published=142,387 dropped=0 clients=0
[ENGINE_PUB] STATS published=143,101 dropped=0 clients=0
[ENGINE_PUB] STATS published=143,799 dropped=0 clients=0
[ENGINE_PUB] STATS published=144,502 dropped=0 clients=0
[ENGINE_PUB] STATS published=145,240 dropped=0 clients=0
[ENGINE_PUB] STATS published=145,937 dropped=0 clients=0
[ENGINE_PUB] STATS published=146,598 dropped=0 clients=0
[ENGINE_PUB] STATS published=147,343 dropped=0 clients=0
[ENGINE_PUB] STATS published=148,108 dropped=0 clients=0
[ENGINE_PUB] STATS published=148,870 dropped=0 clients=0
[ENGINE_PUB] STATS published=149,618 dropped=0 clients=0
[ENGINE_PUB] STATS published=150,364 dropped=0 clients=0
[ENGINE_PUB] STATS published=151,081 dropped=0 clients=0
[ENGINE_PUB] STATS published=151,810 dropped=0 clients=0
[ENGINE_PUB] STATS published=152,541 dropped=0 clients=0
[ENGINE_PUB] STATS published=153,300 dropped=0 clients=0
[ENGINE_PUB] STATS published=154,057 dropped=0 clients=0
[ENGINE_PUB] STATS published=154,771 dropped=0 clients=0
[WL_PUB] published 49 symbols: ['AMCI', 'ASTC', 'AVXX', 'CANF', 'CEPO', 'CODX', 'COIA', 'COIG', 'CONX', 'CORD', 'CRCD', 'CRDX', 'CRVO', 'CSTE', 'CTW', 'CUPR', 'EDZ', 'EHGO', 'ELTX', 'FGRU', 'FIGG', 'GVH', 'ICU', 'IREZ', 'JEM', 'KTUP', 'LITZ', 'MST', 'MSTP', 'MUZ', 'NBIZ', 'NOWL', 'PCLA', 'PLTA', 'PLTG', 'RAAQ', 'RGNT', 'RYOJ', 'SKIL', 'SLBT', 'SMCZ', 'SMU', 'SNDQ', 'SSPC', 'UMAL', 'WFCF', 'WZRD', 'YDES', 'ZSTK']
  [ath_cache] RGNT: ATH $15.5000 (max daily high since 2023-03-28)
[ENGINE_PUB] STATS published=155,446 dropped=0 clients=0
  [ath_cache] RGNT: ATH $15.5000 (max daily high since 2023-03-28)
[ENGINE_PUB] STATS published=156,177 dropped=0 clients=0
[ENGINE_PUB] STATS published=156,924 dropped=0 clients=0
[ENGINE_PUB] STATS published=157,662 dropped=0 clients=0
[ENGINE_PUB] STATS published=158,410 dropped=0 clients=0
[ENGINE_PUB] STATS published=159,114 dropped=0 clients=0
[ENGINE_PUB] STATS published=159,863 dropped=0 clients=0
[ENGINE_PUB] STATS published=160,612 dropped=0 clients=0
[ENGINE_PUB] STATS published=161,359 dropped=0 clients=0
[ENGINE_PUB] STATS published=162,073 dropped=0 clients=0
[ENGINE_PUB] STATS published=162,787 dropped=0 clients=0
[WL_PUB] published 50 symbols: ['AHMA', 'AMCI', 'ASTC', 'AVXX', 'CANF', 'CEPO', 'CODX', 'COIA', 'COIG', 'CONX', 'CORD', 'CRCD', 'CRDX', 'CRVO', 'CSTE', 'CTW', 'CUPR', 'EDZ', 'EHGO', 'ELTX', 'FGRU', 'FIGG', 'GVH', 'ICU', 'IREZ', 'JEM', 'KTUP', 'LITZ', 'MST', 'MSTP', 'MUZ', 'NBIZ', 'NOWL', 'PCLA', 'PLTA', 'PLTG', 'RAAQ', 'RGNT', 'RYOJ', 'SKIL', 'SLBT', 'SMCZ', 'SMU', 'SNDQ', 'SSPC', 'UMAL', 'WFCF', 'WZRD', 'YDES', 'ZSTK']
[ENGINE_PUB] STATS published=163,522 dropped=0 clients=0
[ENGINE_PUB] STATS published=164,270 dropped=0 clients=0
[WL_PUB] published 51 symbols: ['AHMA', 'AIOS', 'AMCI', 'ASTC', 'AVXX', 'CANF', 'CEPO', 'CODX', 'COIA', 'COIG', 'CONX', 'CORD', 'CRCD', 'CRDX', 'CRVO', 'CSTE', 'CTW', 'CUPR', 'EDZ', 'EHGO', 'ELTX', 'FGRU', 'FIGG', 'GVH', 'ICU', 'IREZ', 'JEM', 'KTUP', 'LITZ', 'MST', 'MSTP', 'MUZ', 'NBIZ', 'NOWL', 'PCLA', 'PLTA', 'PLTG', 'RAAQ', 'RGNT', 'RYOJ', 'SKIL', 'SLBT', 'SMCZ', 'SMU', 'SNDQ', 'SSPC', 'UMAL', 'WFCF', 'WZRD', 'YDES', 'ZSTK']
  [ath_cache] AIOS: ATH $33.2200 (max daily high since 2023-03-28)
  [ath_cache] AIOS: ATH $33.2200 (max daily high since 2023-03-28)
[ENGINE_PUB] STATS published=165,008 dropped=0 clients=0
[ENGINE_PUB] STATS published=165,756 dropped=0 clients=0
[ENGINE_PUB] STATS published=166,505 dropped=0 clients=0
[ENGINE_PUB] STATS published=167,270 dropped=0 clients=0
[ENGINE_PUB] STATS published=167,990 dropped=0 clients=0
[ENGINE_PUB] STATS published=168,739 dropped=0 clients=0
[ENGINE_PUB] STATS published=169,498 dropped=0 clients=0
[ENGINE_PUB] STATS published=170,259 dropped=0 clients=0
[ENGINE_PUB] STATS published=171,007 dropped=0 clients=0
[ENGINE_PUB] STATS published=171,755 dropped=0 clients=0
[ENGINE_PUB] STATS published=172,459 dropped=0 clients=0
[ENGINE_PUB] STATS published=173,112 dropped=0 clients=0
[ENGINE_PUB] STATS published=173,860 dropped=0 clients=0
[ENGINE_PUB] STATS published=174,608 dropped=0 clients=0
[ENGINE_PUB] STATS published=175,345 dropped=0 clients=0
[ENGINE_PUB] STATS published=176,088 dropped=0 clients=0
[ENGINE_PUB] STATS published=176,831 dropped=0 clients=0
[ENGINE_PUB] STATS published=177,579 dropped=0 clients=0
[ENGINE_PUB] STATS published=178,283 dropped=0 clients=0
[ENGINE_PUB] STATS published=179,028 dropped=0 clients=0
[ENGINE_PUB] STATS published=179,759 dropped=0 clients=0
[ENGINE_PUB] STATS published=180,487 dropped=0 clients=0
[ENGINE_PUB] STATS published=181,216 dropped=0 clients=0
[ENGINE_PUB] STATS published=181,964 dropped=0 clients=0
[ENGINE_PUB] STATS published=182,716 dropped=0 clients=0
[ENGINE_PUB] STATS published=183,481 dropped=0 clients=0
[ENGINE_PUB] STATS published=184,232 dropped=0 clients=0
[ENGINE_PUB] STATS published=184,980 dropped=0 clients=0
[ENGINE_PUB] STATS published=185,728 dropped=0 clients=0
[ENGINE_PUB] STATS published=186,476 dropped=0 clients=0
[ENGINE_PUB] STATS published=187,224 dropped=0 clients=0
[ENGINE_PUB] STATS published=187,967 dropped=0 clients=0
[ENGINE_PUB] STATS published=188,679 dropped=0 clients=0
[ENGINE_PUB] STATS published=189,379 dropped=0 clients=0
[ENGINE_PUB] STATS published=190,101 dropped=0 clients=0
[ENGINE_PUB] STATS published=190,829 dropped=0 clients=0
[ENGINE_PUB] STATS published=191,517 dropped=0 clients=0
[ENGINE_PUB] STATS published=192,250 dropped=0 clients=0
[ENGINE_PUB] STATS published=193,002 dropped=0 clients=0
[ENGINE_PUB] STATS published=193,767 dropped=0 clients=0
[ENGINE_PUB] STATS published=194,532 dropped=0 clients=0
[ENGINE_PUB] STATS published=195,308 dropped=0 clients=0
[ENGINE_PUB] STATS published=196,105 dropped=0 clients=0
[ENGINE_PUB] STATS published=196,837 dropped=0 clients=0
[ENGINE_PUB] STATS published=197,647 dropped=0 clients=0
[ENGINE_PUB] STATS published=198,370 dropped=0 clients=0
[ENGINE_PUB] STATS published=199,152 dropped=0 clients=0
[ENGINE_PUB] STATS published=199,912 dropped=0 clients=0
[ENGINE_PUB] STATS published=200,646 dropped=0 clients=0
[ENGINE_PUB] STATS published=201,370 dropped=0 clients=0
[ENGINE_PUB] STATS published=202,108 dropped=0 clients=0
[ENGINE_PUB] STATS published=202,849 dropped=0 clients=0
[ENGINE_PUB] STATS published=203,601 dropped=0 clients=0
[ENGINE_PUB] STATS published=204,366 dropped=0 clients=0
[ENGINE_PUB] STATS published=205,125 dropped=0 clients=0
[ENGINE_PUB] STATS published=205,890 dropped=0 clients=0
[ENGINE_PUB] STATS published=206,630 dropped=0 clients=0
[ENGINE_PUB] STATS published=207,361 dropped=0 clients=0
[ENGINE_PUB] STATS published=208,092 dropped=0 clients=0
[ENGINE_PUB] STATS published=208,814 dropped=0 clients=0
[ENGINE_PUB] STATS published=209,515 dropped=0 clients=0
[ENGINE_PUB] STATS published=210,177 dropped=0 clients=0
[ENGINE_PUB] STATS published=210,817 dropped=0 clients=0
[ENGINE_PUB] STATS published=211,394 dropped=0 clients=0
[ENGINE_PUB] STATS published=212,059 dropped=0 clients=0
[ENGINE_PUB] STATS published=212,739 dropped=0 clients=0
[ENGINE_PUB] STATS published=213,457 dropped=0 clients=0
[ENGINE_PUB] STATS published=214,188 dropped=0 clients=0
[ENGINE_PUB] STATS published=214,936 dropped=0 clients=0
[ENGINE_PUB] STATS published=215,700 dropped=0 clients=0
[ENGINE_PUB] STATS published=216,465 dropped=0 clients=0
[ENGINE_PUB] STATS published=217,224 dropped=0 clients=0
[ENGINE_PUB] STATS published=217,928 dropped=0 clients=0
[ENGINE_PUB] STATS published=218,661 dropped=0 clients=0
[ENGINE_PUB] STATS published=219,341 dropped=0 clients=0
[ENGINE_PUB] STATS published=220,030 dropped=0 clients=0
[ENGINE_PUB] STATS published=220,727 dropped=0 clients=0
[ENGINE_PUB] STATS published=221,424 dropped=0 clients=0
[ENGINE_PUB] STATS published=222,121 dropped=0 clients=0
[ENGINE_PUB] STATS published=222,777 dropped=0 clients=0
[ENGINE_PUB] STATS published=223,490 dropped=0 clients=0
[ENGINE_PUB] STATS published=224,231 dropped=0 clients=0
[ENGINE_PUB] STATS published=224,957 dropped=0 clients=0
[ENGINE_PUB] STATS published=225,671 dropped=0 clients=0
[ENGINE_PUB] STATS published=226,385 dropped=0 clients=0
[ENGINE_PUB] STATS published=227,113 dropped=0 clients=0
[ENGINE_PUB] STATS published=227,844 dropped=0 clients=0
[ENGINE_PUB] STATS published=228,575 dropped=0 clients=0
[ENGINE_PUB] STATS published=229,306 dropped=0 clients=0
[ENGINE_PUB] STATS published=230,027 dropped=0 clients=0
[ENGINE_PUB] STATS published=230,741 dropped=0 clients=0
[ENGINE_PUB] STATS published=231,454 dropped=0 clients=0
[ENGINE_PUB] STATS published=232,109 dropped=0 clients=0
[ENGINE_PUB] STATS published=232,820 dropped=0 clients=0
[ENGINE_PUB] STATS published=233,521 dropped=0 clients=0
[ENGINE_PUB] STATS published=234,185 dropped=0 clients=0
[ENGINE_PUB] STATS published=234,857 dropped=0 clients=0
[ENGINE_PUB] STATS published=235,520 dropped=0 clients=0
[ENGINE_PUB] STATS published=236,186 dropped=0 clients=0
[ENGINE_PUB] STATS published=236,874 dropped=0 clients=0
[ENGINE_PUB] STATS published=237,554 dropped=0 clients=0
[ENGINE_PUB] STATS published=238,251 dropped=0 clients=0
[ENGINE_PUB] STATS published=238,949 dropped=0 clients=0
[ENGINE_PUB] STATS published=239,718 dropped=0 clients=0
[ENGINE_PUB] STATS published=240,384 dropped=0 clients=0
[ENGINE_PUB] STATS published=241,129 dropped=0 clients=0
[ENGINE_PUB] STATS published=241,867 dropped=0 clients=0
[ENGINE_PUB] STATS published=242,615 dropped=0 clients=0
[ENGINE_PUB] STATS published=243,360 dropped=0 clients=0
[ENGINE_PUB] STATS published=244,102 dropped=0 clients=0
[ENGINE_PUB] STATS published=244,850 dropped=0 clients=0
[ENGINE_PUB] STATS published=245,638 dropped=0 clients=0
[ENGINE_PUB] STATS published=246,326 dropped=0 clients=0
[ENGINE_PUB] STATS published=247,057 dropped=0 clients=0
[WL_PUB] published 52 symbols: ['AHMA', 'AIOS', 'AMCI', 'ASTC', 'AVXX', 'CANF', 'CEPO', 'CODX', 'COIA', 'COIG', 'CONX', 'CORD', 'CRCD', 'CRDX', 'CRVO', 'CSTE', 'CTW', 'CUPR', 'EDZ', 'EHGO', 'ELTX', 'FGRU', 'FIGG', 'GVH', 'ICU', 'IREZ', 'JEM', 'KTUP', 'LITZ', 'MST', 'MSTP', 'MUZ', 'NBIZ', 'NOWL', 'PCLA', 'PLTA', 'PLTG', 'RAAQ', 'RGNT', 'RYOJ', 'SKIL', 'SLBT', 'SMCZ', 'SMU', 'SNDQ', 'SSPC', 'UMAL', 'WFCF', 'WTO', 'WZRD', 'YDES', 'ZSTK']
  [ath_cache] WTO: ATH $7.2100 (max daily high since 2023-03-28)
  [ath_cache] WTO: ATH $7.2100 (max daily high since 2023-03-28)
[ENGINE_PUB] STATS published=247,816 dropped=0 clients=0
[ENGINE_PUB] STATS published=248,536 dropped=0 clients=0
[ENGINE_PUB] STATS published=249,260 dropped=0 clients=0
[ENGINE_PUB] STATS published=250,004 dropped=0 clients=0
[ENGINE_PUB] STATS published=250,756 dropped=0 clients=0
[ENGINE_PUB] STATS published=251,508 dropped=0 clients=0
[ENGINE_PUB] STATS published=252,298 dropped=0 clients=0
[ENGINE_PUB] STATS published=253,097 dropped=0 clients=0
[ENGINE_PUB] STATS published=253,849 dropped=0 clients=0
[ENGINE_PUB] STATS published=254,680 dropped=0 clients=0
[ENGINE_PUB] STATS published=255,465 dropped=0 clients=0
[ENGINE_PUB] STATS published=256,264 dropped=0 clients=0
[ENGINE_PUB] STATS published=257,046 dropped=0 clients=0
[ENGINE_PUB] STATS published=257,821 dropped=0 clients=0
[ENGINE_PUB] STATS published=258,572 dropped=0 clients=0
[ENGINE_PUB] STATS published=259,276 dropped=0 clients=0
[ENGINE_PUB] STATS published=260,006 dropped=0 clients=0
[ENGINE_PUB] STATS published=260,710 dropped=0 clients=0
[WL_PUB] published 53 symbols: ['AHMA', 'AIOS', 'AMCI', 'ASTC', 'AVXX', 'CANF', 'CEPO', 'CODX', 'COIA', 'COIG', 'CONX', 'CORD', 'CRCD', 'CRDX', 'CRVO', 'CSTE', 'CTW', 'CUPR', 'EDZ', 'EHGO', 'ELTX', 'FGRU', 'FIGG', 'GVH', 'ICU', 'IREZ', 'JEM', 'KTUP', 'LITZ', 'MST', 'MSTP', 'MUZ', 'NBIZ', 'NOWL', 'PCLA', 'PLTA', 'PLTG', 'RAAQ', 'RGNT', 'RNAZ', 'RYOJ', 'SKIL', 'SLBT', 'SMCZ', 'SMU', 'SNDQ', 'SSPC', 'UMAL', 'WFCF', 'WTO', 'WZRD', 'YDES', 'ZSTK']
  [ath_cache] RNAZ: ATH $31.9700 (max daily high since 2023-03-28)
  [ath_cache] RNAZ: ATH $31.9700 (max daily high since 2023-03-28)
[ENGINE_PUB] STATS published=261,442 dropped=0 clients=0
[ENGINE_PUB] STATS published=262,147 dropped=0 clients=0
[ENGINE_PUB] STATS published=262,909 dropped=0 clients=0
[ENGINE_PUB] STATS published=263,657 dropped=0 clients=0
[ENGINE_PUB] STATS published=264,409 dropped=0 clients=0
[ENGINE_PUB] STATS published=265,142 dropped=0 clients=0
[ENGINE_PUB] STATS published=265,924 dropped=0 clients=0
[ENGINE_PUB] STATS published=266,706 dropped=0 clients=0
[ENGINE_PUB] STATS published=267,499 dropped=0 clients=0
[ENGINE_PUB] STATS published=268,267 dropped=0 clients=0
[ENGINE_PUB] STATS published=269,072 dropped=0 clients=0
[ENGINE_PUB] STATS published=269,871 dropped=0 clients=0
[ENGINE_PUB] STATS published=270,670 dropped=0 clients=0
[ENGINE_PUB] STATS published=271,468 dropped=0 clients=0
[ENGINE_PUB] STATS published=272,222 dropped=0 clients=0
[ENGINE_PUB] STATS published=273,053 dropped=0 clients=0
[ENGINE_PUB] STATS published=273,869 dropped=0 clients=0
[WL_PUB] published 54 symbols: ['AHMA', 'AIOS', 'AMCI', 'ASTC', 'AVXX', 'CANF', 'CEPO', 'CODX', 'COIA', 'COIG', 'CONX', 'CORD', 'CRCD', 'CRDX', 'CRVO', 'CSTE', 'CTW', 'CUPR', 'EDZ', 'EHGO', 'ELTX', 'FGRU', 'FIGG', 'GVH', 'ICU', 'IREZ', 'JEM', 'KTUP', 'LHAI', 'LITZ', 'MST', 'MSTP', 'MUZ', 'NBIZ', 'NOWL', 'PCLA', 'PLTA', 'PLTG', 'RAAQ', 'RGNT', 'RNAZ', 'RYOJ', 'SKIL', 'SLBT', 'SMCZ', 'SMU', 'SNDQ', 'SSPC', 'UMAL', 'WFCF', 'WTO', 'WZRD', 'YDES', 'ZSTK']
  [ath_cache] LHAI: ATH $21.9000 (max daily high since 2023-03-28)
  [ath_cache] LHAI: ATH $21.9000 (max daily high since 2023-03-28)
[ENGINE_PUB] STATS published=274,695 dropped=0 clients=0
[ENGINE_PUB] STATS published=275,528 dropped=0 clients=0
[ENGINE_PUB] STATS published=276,344 dropped=0 clients=0
[ENGINE_PUB] STATS published=277,112 dropped=0 clients=0
[ENGINE_PUB] STATS published=277,928 dropped=0 clients=0
[ENGINE_PUB] STATS published=278,744 dropped=0 clients=0
[ENGINE_PUB] STATS published=279,550 dropped=0 clients=0
[WL_PUB] published 55 symbols: ['AHMA', 'AIOS', 'AMCI', 'ASTC', 'AVXX', 'CANF', 'CEPO', 'CODX', 'COIA', 'COIG', 'CONX', 'CORD', 'CRCD', 'CRDX', 'CRVO', 'CSTE', 'CTW', 'CUPR', 'EDZ', 'EHGO', 'ELTX', 'FGRU', 'FIGG', 'GVH', 'ICU', 'IREZ', 'JEM', 'KTUP', 'LHAI', 'LITZ', 'MST', 'MSTP', 'MUZ', 'NBIZ', 'NOWL', 'NXTC', 'PCLA', 'PLTA', 'PLTG', 'RAAQ', 'RGNT', 'RNAZ', 'RYOJ', 'SKIL', 'SLBT', 'SMCZ', 'SMU', 'SNDQ', 'SSPC', 'UMAL', 'WFCF', 'WTO', 'WZRD', 'YDES', 'ZSTK']
  [ath_cache] NXTC: ATH $15.6100 (max daily high since 2023-03-28)
  [ath_cache] NXTC: ATH $15.6100 (max daily high since 2023-03-28)
[ENGINE_PUB] STATS published=280,371 dropped=0 clients=0
[ENGINE_PUB] STATS published=281,196 dropped=0 clients=0
[ENGINE_PUB] STATS published=282,029 dropped=0 clients=0
[ENGINE_PUB] STATS published=282,808 dropped=0 clients=0
[ENGINE_PUB] STATS published=283,663 dropped=0 clients=0
[ENGINE_PUB] STATS published=284,519 dropped=0 clients=0
[ENGINE_PUB] STATS published=285,403 dropped=0 clients=0
[ENGINE_PUB] STATS published=286,251 dropped=0 clients=0
[ENGINE_PUB] STATS published=287,152 dropped=0 clients=0
[WL_PUB] published 54 symbols: ['AHMA', 'AIOS', 'AMCI', 'ASTC', 'AVXX', 'CANF', 'CEPO', 'CODX', 'COIA', 'COIG', 'CONX', 'CORD', 'CRCD', 'CRDX', 'CRVO', 'CSTE', 'CTW', 'CUPR', 'EDZ', 'EHGO', 'ELTX', 'FGRU', 'FIGG', 'GVH', 'ICU', 'IREZ', 'JEM', 'KTUP', 'LHAI', 'LITZ', 'MST', 'MSTP', 'MUZ', 'NBIZ', 'NOWL', 'PCLA', 'PLTA', 'PLTG', 'RAAQ', 'RGNT', 'RNAZ', 'RYOJ', 'SKIL', 'SLBT', 'SMCZ', 'SMU', 'SNDQ', 'SSPC', 'UMAL', 'WFCF', 'WTO', 'WZRD', 'YDES', 'ZSTK']
[ENGINE_PUB] STATS published=288,052 dropped=0 clients=0
[WL_PUB] published 55 symbols: ['AHMA', 'AIOS', 'AMCI', 'ASTC', 'AVXX', 'CANF', 'CEPO', 'CODX', 'COIA', 'COIG', 'CONX', 'CORD', 'CRCD', 'CRDX', 'CRVO', 'CSTE', 'CTW', 'CUPR', 'EDZ', 'EHGO', 'ELTX', 'FGRU', 'FIGG', 'GVH', 'ICU', 'IREZ', 'JEM', 'KTUP', 'LHAI', 'LITZ', 'MST', 'MSTP', 'MUZ', 'NBIZ', 'NOWL', 'NXTC', 'PCLA', 'PLTA', 'PLTG', 'RAAQ', 'RGNT', 'RNAZ', 'RYOJ', 'SKIL', 'SLBT', 'SMCZ', 'SMU', 'SNDQ', 'SSPC', 'UMAL', 'WFCF', 'WTO', 'WZRD', 'YDES', 'ZSTK']
[ENGINE_PUB] STATS published=288,940 dropped=0 clients=0
[ENGINE_PUB] STATS published=289,864 dropped=0 clients=0
[WL_PUB] published 54 symbols: ['AHMA', 'AIOS', 'AMCI', 'ASTC', 'AVXX', 'CANF', 'CEPO', 'CODX', 'COIA', 'COIG', 'CONX', 'CORD', 'CRCD', 'CRDX', 'CRVO', 'CSTE', 'CTW', 'CUPR', 'EDZ', 'EHGO', 'ELTX', 'FGRU', 'FIGG', 'GVH', 'ICU', 'IREZ', 'JEM', 'KTUP', 'LHAI', 'LITZ', 'MST', 'MSTP', 'MUZ', 'NBIZ', 'NOWL', 'PCLA', 'PLTA', 'PLTG', 'RAAQ', 'RGNT', 'RNAZ', 'RYOJ', 'SKIL', 'SLBT', 'SMCZ', 'SMU', 'SNDQ', 'SSPC', 'UMAL', 'WFCF', 'WTO', 'WZRD', 'YDES', 'ZSTK']
[ENGINE_PUB] STATS published=290,733 dropped=0 clients=0
[ENGINE_PUB] STATS published=291,651 dropped=0 clients=0
[ENGINE_PUB] STATS published=292,569 dropped=0 clients=0
[ENGINE_PUB] STATS published=293,487 dropped=0 clients=0
[ENGINE_PUB] STATS published=294,405 dropped=0 clients=0
[ENGINE_PUB] STATS published=295,269 dropped=0 clients=0
[ENGINE_PUB] STATS published=296,187 dropped=0 clients=0
[ENGINE_PUB] STATS published=297,105 dropped=0 clients=0
[ENGINE_PUB] STATS published=298,023 dropped=0 clients=0
[ENGINE_PUB] STATS published=298,874 dropped=0 clients=0
[ENGINE_PUB] STATS published=299,585 dropped=0 clients=0
[ENGINE_PUB] STATS published=300,277 dropped=0 clients=0
[ENGINE_PUB] STATS published=300,970 dropped=0 clients=0
[ENGINE_PUB] STATS published=301,654 dropped=0 clients=0
[ENGINE_PUB] STATS published=302,269 dropped=0 clients=0
[ENGINE_PUB] STATS published=302,967 dropped=0 clients=0
[ENGINE_PUB] STATS published=303,681 dropped=0 clients=0
[ENGINE_PUB] STATS published=304,395 dropped=0 clients=0
[ENGINE_PUB] STATS published=305,051 dropped=0 clients=0
[ENGINE_PUB] STATS published=305,699 dropped=0 clients=0
[ENGINE_PUB] STATS published=306,273 dropped=0 clients=0
[ENGINE_PUB] STATS published=306,848 dropped=0 clients=0
[ENGINE_PUB] STATS published=307,404 dropped=0 clients=0
[ENGINE_PUB] STATS published=307,912 dropped=0 clients=0
[ENGINE_PUB] STATS published=308,430 dropped=0 clients=0
[ENGINE_PUB] STATS published=308,945 dropped=0 clients=0
[ENGINE_PUB] STATS published=309,438 dropped=0 clients=0
[ENGINE_PUB] STATS published=309,931 dropped=0 clients=0
[ENGINE_PUB] STATS published=310,436 dropped=0 clients=0
[ENGINE_PUB] STATS published=310,879 dropped=0 clients=0
[ENGINE_PUB] STATS published=311,306 dropped=0 clients=0
[ENGINE_PUB] STATS published=311,731 dropped=0 clients=0
[ENGINE_PUB] STATS published=312,185 dropped=0 clients=0
[ENGINE_PUB] STATS published=312,653 dropped=0 clients=0
[ENGINE_PUB] STATS published=313,117 dropped=0 clients=0
[ENGINE_PUB] STATS published=313,555 dropped=0 clients=0
[ENGINE_PUB] STATS published=314,021 dropped=0 clients=0
[ENGINE_PUB] STATS published=314,513 dropped=0 clients=0
[ENGINE_PUB] STATS published=315,026 dropped=0 clients=0
[ENGINE_PUB] STATS published=315,545 dropped=0 clients=0
[ENGINE_PUB] STATS published=316,072 dropped=0 clients=0
[ENGINE_PUB] STATS published=316,599 dropped=0 clients=0
[ENGINE_PUB] STATS published=317,132 dropped=0 clients=0
[ENGINE_PUB] STATS published=317,667 dropped=0 clients=0
[ENGINE_PUB] STATS published=318,202 dropped=0 clients=0
[ENGINE_PUB] STATS published=318,707 dropped=0 clients=0
[ENGINE_PUB] STATS published=319,206 dropped=0 clients=0
[ENGINE_PUB] STATS published=319,699 dropped=0 clients=0
[ENGINE_PUB] STATS published=320,147 dropped=0 clients=0
[ENGINE_PUB] STATS published=320,619 dropped=0 clients=0
[ENGINE_PUB] STATS published=321,084 dropped=0 clients=0
[ENGINE_PUB] STATS published=321,547 dropped=0 clients=0
[ENGINE_PUB] STATS published=322,008 dropped=0 clients=0
[ENGINE_PUB] STATS published=322,484 dropped=0 clients=0
[ENGINE_PUB] STATS published=322,950 dropped=0 clients=0
[ENGINE_PUB] STATS published=323,415 dropped=0 clients=0
[ENGINE_PUB] STATS published=323,868 dropped=0 clients=0
[ENGINE_PUB] STATS published=324,325 dropped=0 clients=0
[ENGINE_PUB] STATS published=324,795 dropped=0 clients=0
[ENGINE_PUB] STATS published=325,243 dropped=0 clients=0
[ENGINE_PUB] STATS published=325,719 dropped=0 clients=0
[ENGINE_PUB] STATS published=326,174 dropped=0 clients=0
[ENGINE_PUB] STATS published=326,623 dropped=0 clients=0
[ENGINE_PUB] STATS published=327,076 dropped=0 clients=0
[ENGINE_PUB] STATS published=327,549 dropped=0 clients=0
[ENGINE_PUB] STATS published=328,026 dropped=0 clients=0
[ENGINE_PUB] STATS published=328,491 dropped=0 clients=0
[ENGINE_PUB] STATS published=328,923 dropped=0 clients=0
[ENGINE_PUB] STATS published=329,373 dropped=0 clients=0
[ENGINE_PUB] STATS published=329,829 dropped=0 clients=0
[ENGINE_PUB] STATS published=330,261 dropped=0 clients=0
[ENGINE_PUB] STATS published=330,740 dropped=0 clients=0
[ENGINE_PUB] STATS published=331,222 dropped=0 clients=0
[ENGINE_PUB] STATS published=331,678 dropped=0 clients=0
[ENGINE_PUB] STATS published=332,130 dropped=0 clients=0
[ENGINE_PUB] STATS published=332,558 dropped=0 clients=0
[ENGINE_PUB] STATS published=333,017 dropped=0 clients=0
[ENGINE_PUB] STATS published=333,476 dropped=0 clients=0
[ENGINE_PUB] STATS published=333,940 dropped=0 clients=0
[ENGINE_PUB] STATS published=334,405 dropped=0 clients=0
[ENGINE_PUB] STATS published=334,847 dropped=0 clients=0
[ENGINE_PUB] STATS published=335,281 dropped=0 clients=0
[ENGINE_PUB] STATS published=335,691 dropped=0 clients=0
[ENGINE_PUB] STATS published=336,126 dropped=0 clients=0
[ENGINE_PUB] STATS published=336,553 dropped=0 clients=0
[ENGINE_PUB] STATS published=336,998 dropped=0 clients=0
[ENGINE_PUB] STATS published=337,447 dropped=0 clients=0
[ENGINE_PUB] STATS published=337,921 dropped=0 clients=0
[ENGINE_PUB] STATS published=338,376 dropped=0 clients=0
[ENGINE_PUB] STATS published=338,858 dropped=0 clients=0
[ENGINE_PUB] STATS published=339,314 dropped=0 clients=0
[ENGINE_PUB] STATS published=339,785 dropped=0 clients=0
[ENGINE_PUB] STATS published=340,246 dropped=0 clients=0
[ENGINE_PUB] STATS published=340,719 dropped=0 clients=0
[ENGINE_PUB] STATS published=341,164 dropped=0 clients=0
[ENGINE_PUB] STATS published=341,592 dropped=0 clients=0
[ENGINE_PUB] STATS published=342,017 dropped=0 clients=0
[ENGINE_PUB] STATS published=342,402 dropped=0 clients=0
[ENGINE_PUB] STATS published=342,777 dropped=0 clients=0
[ENGINE_PUB] STATS published=343,151 dropped=0 clients=0
[ENGINE_PUB] STATS published=343,516 dropped=0 clients=0
[ENGINE_PUB] STATS published=343,926 dropped=0 clients=0
[ENGINE_PUB] STATS published=344,369 dropped=0 clients=0
[ENGINE_PUB] STATS published=344,811 dropped=0 clients=0
[ENGINE_PUB] STATS published=345,239 dropped=0 clients=0
[ENGINE_PUB] STATS published=345,638 dropped=0 clients=0
[ENGINE_PUB] STATS published=346,054 dropped=0 clients=0
[ENGINE_PUB] STATS published=346,474 dropped=0 clients=0
[ENGINE_PUB] STATS published=346,888 dropped=0 clients=0
[ENGINE_PUB] STATS published=347,288 dropped=0 clients=0
[ENGINE_PUB] STATS published=347,700 dropped=0 clients=0
[ENGINE_PUB] STATS published=348,096 dropped=0 clients=0
[ENGINE_PUB] STATS published=348,470 dropped=0 clients=0
[ENGINE_PUB] STATS published=348,804 dropped=0 clients=0
[ENGINE_PUB] STATS published=349,128 dropped=0 clients=0
[ENGINE_PUB] STATS published=349,475 dropped=0 clients=0
[ENGINE_PUB] STATS published=349,807 dropped=0 clients=0
[ENGINE_PUB] STATS published=350,136 dropped=0 clients=0
[ENGINE_PUB] STATS published=350,479 dropped=0 clients=0
[ENGINE_PUB] STATS published=350,847 dropped=0 clients=0
[ENGINE_PUB] STATS published=351,253 dropped=0 clients=0
[ENGINE_PUB] STATS published=351,671 dropped=0 clients=0
[ENGINE_PUB] STATS published=352,145 dropped=0 clients=0
[ENGINE_PUB] STATS published=352,627 dropped=0 clients=0
[ENGINE_PUB] STATS published=353,117 dropped=0 clients=0
[ENGINE_PUB] STATS published=353,549 dropped=0 clients=0
[ENGINE_PUB] STATS published=354,018 dropped=0 clients=0
[ENGINE_PUB] STATS published=354,491 dropped=0 clients=0
[ENGINE_PUB] STATS published=354,921 dropped=0 clients=0
[ENGINE_PUB] STATS published=355,390 dropped=0 clients=0
[ENGINE_PUB] STATS published=355,867 dropped=0 clients=0
[ENGINE_PUB] STATS published=356,331 dropped=0 clients=0
[ENGINE_PUB] STATS published=356,789 dropped=0 clients=0
[ENGINE_PUB] STATS published=357,170 dropped=0 clients=0
[ENGINE_PUB] STATS published=357,554 dropped=0 clients=0
[ENGINE_PUB] STATS published=357,972 dropped=0 clients=0
[ENGINE_PUB] STATS published=358,395 dropped=0 clients=0
[ENGINE_PUB] STATS published=358,811 dropped=0 clients=0
[ENGINE_PUB] STATS published=359,225 dropped=0 clients=0
[ENGINE_PUB] STATS published=359,599 dropped=0 clients=0
[ENGINE_PUB] STATS published=360,007 dropped=0 clients=0
[ENGINE_PUB] STATS published=360,409 dropped=0 clients=0
[ENGINE_PUB] STATS published=360,794 dropped=0 clients=0
[ENGINE_PUB] STATS published=361,185 dropped=0 clients=0
[ENGINE_PUB] STATS published=361,562 dropped=0 clients=0
[ENGINE_PUB] STATS published=361,993 dropped=0 clients=0
[ENGINE_PUB] STATS published=362,435 dropped=0 clients=0
[ENGINE_PUB] STATS published=362,873 dropped=0 clients=0
[ENGINE_PUB] STATS published=363,341 dropped=0 clients=0
[ENGINE_PUB] STATS published=363,934 dropped=0 clients=0
[ENGINE_PUB] STATS published=364,485 dropped=0 clients=0
[ENGINE_PUB] STATS published=365,073 dropped=0 clients=0
[ENGINE_PUB] STATS published=365,667 dropped=0 clients=0
[ENGINE_PUB] STATS published=366,259 dropped=0 clients=0
[ENGINE_PUB] STATS published=366,870 dropped=0 clients=0
[ENGINE_PUB] STATS published=367,444 dropped=0 clients=0
[ENGINE_PUB] STATS published=368,056 dropped=0 clients=0
[ENGINE_PUB] STATS published=368,660 dropped=0 clients=0
[ENGINE_PUB] STATS published=369,147 dropped=0 clients=0
[ENGINE_PUB] STATS published=369,548 dropped=0 clients=0
[ENGINE_PUB] STATS published=369,973 dropped=0 clients=0
[ENGINE_PUB] STATS published=370,414 dropped=0 clients=0
[ENGINE_PUB] STATS published=370,816 dropped=0 clients=0
[ENGINE_PUB] STATS published=371,243 dropped=0 clients=0
[ENGINE_PUB] STATS published=371,707 dropped=0 clients=0
[ENGINE_PUB] STATS published=372,146 dropped=0 clients=0
[ENGINE_PUB] STATS published=372,653 dropped=0 clients=0
[ENGINE_PUB] STATS published=373,144 dropped=0 clients=0
[ENGINE_PUB] STATS published=373,576 dropped=0 clients=0
[ENGINE_PUB] STATS published=374,029 dropped=0 clients=0
[ENGINE_PUB] STATS published=374,449 dropped=0 clients=0
[ENGINE_PUB] STATS published=374,891 dropped=0 clients=0
[ENGINE_PUB] STATS published=375,329 dropped=0 clients=0
[ENGINE_PUB] STATS published=375,788 dropped=0 clients=0
[ENGINE_PUB] STATS published=376,249 dropped=0 clients=0
[ENGINE_PUB] STATS published=376,697 dropped=0 clients=0
[ENGINE_PUB] STATS published=377,108 dropped=0 clients=0
[ENGINE_PUB] STATS published=377,595 dropped=0 clients=0
[ENGINE_PUB] STATS published=378,028 dropped=0 clients=0
[ENGINE_PUB] STATS published=378,443 dropped=0 clients=0
[ENGINE_PUB] STATS published=378,920 dropped=0 clients=0
[ENGINE_PUB] STATS published=379,406 dropped=0 clients=0
[ENGINE_PUB] STATS published=379,897 dropped=0 clients=0
[ENGINE_PUB] STATS published=380,394 dropped=0 clients=0
[ENGINE_PUB] STATS published=380,877 dropped=0 clients=0
[ENGINE_PUB] STATS published=381,399 dropped=0 clients=0
[ENGINE_PUB] STATS published=381,887 dropped=0 clients=0
[ENGINE_PUB] STATS published=382,385 dropped=0 clients=0
[ENGINE_PUB] STATS published=382,851 dropped=0 clients=0
[ENGINE_PUB] STATS published=383,293 dropped=0 clients=0
[ENGINE_PUB] STATS published=383,694 dropped=0 clients=0
[ENGINE_PUB] STATS published=384,111 dropped=0 clients=0
[ENGINE_PUB] STATS published=384,478 dropped=0 clients=0
[ENGINE_PUB] STATS published=384,807 dropped=0 clients=0
[ENGINE_PUB] STATS published=385,153 dropped=0 clients=0
[ENGINE_PUB] STATS published=385,495 dropped=0 clients=0
[ENGINE_PUB] STATS published=385,835 dropped=0 clients=0
[ENGINE_PUB] STATS published=386,164 dropped=0 clients=0
[ENGINE_PUB] STATS published=386,557 dropped=0 clients=0
[ENGINE_PUB] STATS published=386,948 dropped=0 clients=0
[ENGINE_PUB] STATS published=387,351 dropped=0 clients=0
[ENGINE_PUB] STATS published=387,735 dropped=0 clients=0
[ENGINE_PUB] STATS published=388,182 dropped=0 clients=0
[ENGINE_PUB] STATS published=388,658 dropped=0 clients=0
[ENGINE_PUB] STATS published=389,093 dropped=0 clients=0
[ENGINE_PUB] STATS published=389,567 dropped=0 clients=0
[ENGINE_PUB] STATS published=390,049 dropped=0 clients=0
[ENGINE_PUB] STATS published=390,516 dropped=0 clients=0
[ENGINE_PUB] STATS published=390,935 dropped=0 clients=0
[ENGINE_PUB] STATS published=391,377 dropped=0 clients=0
[ENGINE_PUB] STATS published=391,816 dropped=0 clients=0
[ENGINE_PUB] STATS published=392,232 dropped=0 clients=0
[ENGINE_PUB] STATS published=392,669 dropped=0 clients=0
[ENGINE_PUB] STATS published=393,086 dropped=0 clients=0
[ENGINE_PUB] STATS published=393,526 dropped=0 clients=0
[ENGINE_PUB] STATS published=393,926 dropped=0 clients=0
[ENGINE_PUB] STATS published=394,334 dropped=0 clients=0
[ENGINE_PUB] STATS published=394,732 dropped=0 clients=0
[ENGINE_PUB] STATS published=395,131 dropped=0 clients=0
[ENGINE_PUB] STATS published=395,556 dropped=0 clients=0
[ENGINE_PUB] STATS published=395,949 dropped=0 clients=0
[ENGINE_PUB] STATS published=396,323 dropped=0 clients=0
[ENGINE_PUB] STATS published=396,688 dropped=0 clients=0
[ENGINE_PUB] STATS published=397,051 dropped=0 clients=0
[ENGINE_PUB] STATS published=397,447 dropped=0 clients=0
[ENGINE_PUB] STATS published=397,832 dropped=0 clients=0
[ENGINE_PUB] STATS published=398,229 dropped=0 clients=0
[ENGINE_PUB] STATS published=398,628 dropped=0 clients=0
[ENGINE_PUB] STATS published=399,019 dropped=0 clients=0
[ENGINE_PUB] STATS published=399,434 dropped=0 clients=0
[ENGINE_PUB] STATS published=399,841 dropped=0 clients=0
[ENGINE_PUB] STATS published=400,297 dropped=0 clients=0
[ENGINE_PUB] STATS published=400,766 dropped=0 clients=0
[ENGINE_PUB] STATS published=401,221 dropped=0 clients=0
[ENGINE_PUB] STATS published=401,619 dropped=0 clients=0
[ENGINE_PUB] STATS published=402,024 dropped=0 clients=0
[ENGINE_PUB] STATS published=402,432 dropped=0 clients=0
[ENGINE_PUB] STATS published=402,811 dropped=0 clients=0
[ENGINE_PUB] STATS published=403,338 dropped=0 clients=0
[ENGINE_PUB] STATS published=403,870 dropped=0 clients=0
[ENGINE_PUB] STATS published=404,397 dropped=0 clients=0
[ENGINE_PUB] STATS published=404,909 dropped=0 clients=0
[ENGINE_PUB] STATS published=405,383 dropped=0 clients=0
