=== Waking screen ===
Display wake (caffeinate -u) sent
Display state: unknown (continuing — caffeinate keeps system awake regardless)
Persistent caffeinate started (PID: 1905)
=== V3 Hybrid daily run started: Mon May 25 02:00:06 MDT 2026 ===
From github.com:mannyluke4/warrior_bot
 * branch            v2-ibkr-migration -> FETCH_HEAD
Already up to date.
Code version: 2be7efe (Main bot: route orders to IBKR paper, re-enable squeeze)
daily_run_v3.sh hash: de1bda854638f6475bffc15bffdb8e3b0099c97c
bot_v3_hybrid.py hash: de4cd54b0dedee08fb86c00a433d34704cd2910d
bot_alpaca_subbot.py hash: 35c2164aba4247ce13052023d9b27ab1e3c05d66
alpaca_feed.py hash: 682a855ab7d4135ad611baa7e19a941a00690a38
sntp: clock_settime: Operation not permitted
+0.032785 +/- 0.064194 time.apple.com 2620:149:a16:4000::31
NTP sync skipped (non-root)
System time: Mon May 25 08:00:07 UTC 2026
Pre-flight: checking Python imports...
V3 Imports OK
Sub-bot Imports OK
Killing stale processes...
Gateway port 4002 down — killing stale java and starting fresh...
All stale processes cleared.
Starting IB Gateway via IBC...
Waiting for IB Gateway on port 4002...
  attempt 1/72: port 4002 not ready yet, waiting 5s...
[1;32m+==============================================================================
+
+ IBC version 3.23.0
+
+ Running GATEWAY 10.37
+
+ Diagnostic information is logged in:
+
+ /Users/duffy/ibc/logs/ibc-3.23.0_GATEWAY-10.37_Monday.txt
+
+[0m
  attempt 2/72: port 4002 not ready yet, waiting 5s...
  attempt 3/72: port 4002 not ready yet, waiting 5s...
  attempt 4/72: port 4002 not ready yet, waiting 5s...
  attempt 5/72: port 4002 not ready yet, waiting 5s...
  attempt 6/72: port 4002 not ready yet, waiting 5s...
  attempt 7/72: port 4002 not ready yet, waiting 5s...
  attempt 8/72: port 4002 not ready yet, waiting 5s...
  attempt 9/72: port 4002 not ready yet, waiting 5s...
  attempt 10/72: port 4002 not ready yet, waiting 5s...
  attempt 11/72: port 4002 not ready yet, waiting 5s...
  attempt 12/72: port 4002 not ready yet, waiting 5s...
  attempt 13/72: port 4002 not ready yet, waiting 5s...
  attempt 14/72: port 4002 not ready yet, waiting 5s...
  attempt 15/72: port 4002 not ready yet, waiting 5s...
  attempt 16/72: port 4002 not ready yet, waiting 5s...
  attempt 17/72: port 4002 not ready yet, waiting 5s...
  attempt 18/72: port 4002 not ready yet, waiting 5s...
  attempt 19/72: port 4002 not ready yet, waiting 5s...
  attempt 20/72: port 4002 not ready yet, waiting 5s...
  attempt 21/72: port 4002 not ready yet, waiting 5s...
  attempt 22/72: port 4002 not ready yet, waiting 5s...
  attempt 23/72: port 4002 not ready yet, waiting 5s...
  attempt 24/72: port 4002 not ready yet, waiting 5s...
  attempt 25/72: port 4002 not ready yet, waiting 5s...
  attempt 26/72: port 4002 not ready yet, waiting 5s...
  attempt 27/72: port 4002 not ready yet, waiting 5s...
  attempt 28/72: port 4002 not ready yet, waiting 5s...
  attempt 29/72: port 4002 not ready yet, waiting 5s...
  attempt 30/72: port 4002 not ready yet, waiting 5s...
  attempt 31/72: port 4002 not ready yet, waiting 5s...
  attempt 32/72: port 4002 not ready yet, waiting 5s...
  attempt 33/72: port 4002 not ready yet, waiting 5s...
  attempt 34/72: port 4002 not ready yet, waiting 5s...
  attempt 35/72: port 4002 not ready yet, waiting 5s...
  attempt 36/72: port 4002 not ready yet, waiting 5s...
  attempt 37/72: port 4002 not ready yet, waiting 5s...
  attempt 38/72: port 4002 not ready yet, waiting 5s...
  attempt 39/72: port 4002 not ready yet, waiting 5s...
  attempt 40/72: port 4002 not ready yet, waiting 5s...
  attempt 41/72: port 4002 not ready yet, waiting 5s...
  attempt 42/72: port 4002 not ready yet, waiting 5s...
  attempt 43/72: port 4002 not ready yet, waiting 5s...
  attempt 44/72: port 4002 not ready yet, waiting 5s...
  attempt 45/72: port 4002 not ready yet, waiting 5s...
  attempt 46/72: port 4002 not ready yet, waiting 5s...
  attempt 47/72: port 4002 not ready yet, waiting 5s...
  attempt 48/72: port 4002 not ready yet, waiting 5s...
  attempt 49/72: port 4002 not ready yet, waiting 5s...
  attempt 50/72: port 4002 not ready yet, waiting 5s...
  attempt 51/72: port 4002 not ready yet, waiting 5s...
  attempt 52/72: port 4002 not ready yet, waiting 5s...
  attempt 53/72: port 4002 not ready yet, waiting 5s...
  attempt 54/72: port 4002 not ready yet, waiting 5s...
  attempt 55/72: port 4002 not ready yet, waiting 5s...
  attempt 56/72: port 4002 not ready yet, waiting 5s...
  attempt 57/72: port 4002 not ready yet, waiting 5s...
  attempt 58/72: port 4002 not ready yet, waiting 5s...
  attempt 59/72: port 4002 not ready yet, waiting 5s...
  attempt 60/72: port 4002 not ready yet, waiting 5s...
  attempt 61/72: port 4002 not ready yet, waiting 5s...
  attempt 62/72: port 4002 not ready yet, waiting 5s...
  attempt 63/72: port 4002 not ready yet, waiting 5s...
  attempt 64/72: port 4002 not ready yet, waiting 5s...
  attempt 65/72: port 4002 not ready yet, waiting 5s...
  attempt 66/72: port 4002 not ready yet, waiting 5s...
  attempt 67/72: port 4002 not ready yet, waiting 5s...
  attempt 68/72: port 4002 not ready yet, waiting 5s...
  attempt 69/72: port 4002 not ready yet, waiting 5s...
  attempt 70/72: port 4002 not ready yet, waiting 5s...
  attempt 71/72: port 4002 not ready yet, waiting 5s...
  attempt 72/72: port 4002 not ready yet, waiting 5s...
FATAL: IB Gateway did not open port 4002 within 360 seconds. Aborting.
=== TRAP: cleanup at Mon May 25 02:06:50 MDT 2026 ===
/Users/duffy/warrior_bot_v2/daily_run_v3.sh: line 21:  1905 Terminated: 15          caffeinate -dims -w $$  (wd: ~)
[v2-ibkr-migration 7fd26ff] auto: v3 daily logs 2026-05-25
 5 files changed, 240 insertions(+)
 create mode 100644 logs/2026-05-25_daily.log
 create mode 100644 logs/cron_2026-05-25.log
=== Cleanup complete: Mon May 25 02:06:53 MDT 2026 ===
/Users/duffy/ibc/scripts/displaybannerandlaunch.sh: line 77:  1961 Terminated: 15          "${IBC_PATH}/scripts/ibcstart.sh" "${TWS_MAJOR_VRSN}" ${gw_flag} "--tws-path=${TWS_PATH}" "--tws-settings-path=${TWS_SETTINGS_PATH}" "--ibc-path=${IBC_PATH}" "--ibc-ini=${IBC_INI}" "--user=${TWSUSERID}" "--pw=${TWSPASSWORD}" "--fix-user=${FIXUSERID}" "--fix-pw=${FIXPASSWORD}" "--java-path=${JAVA_PATH}" "--mode=${TRADING_MODE}" "--on2fatimeout=${TWOFA_TIMEOUT_ACTION}" >> "${log_file}" 2>&1
[1;32m+
+ IBC terminated by SIGTERM
+
[1;32m+ GATEWAY 10.37 has finished
+
+==============================================================================[0m
=== Waking screen ===
Display wake (caffeinate -u) sent
Display state: unknown (continuing — caffeinate keeps system awake regardless)
Persistent caffeinate started (PID: 10887)
=== V3 Hybrid daily run started: Mon May 25 22:18:28 MDT 2026 ===
From github.com:mannyluke4/warrior_bot
 * branch            v2-ibkr-migration -> FETCH_HEAD
Already up to date.
Code version: 7fd26ff (auto: v3 daily logs 2026-05-25)
daily_run_v3.sh hash: 3524e83573a6ee903276aaa4f288e9fb  /Users/duffy/warrior_bot_v2/daily_run_v3.sh
bot_v3_hybrid.py hash: d6b918b668ed6efbacd47a83a9cb2a9d  /Users/duffy/warrior_bot_v2/bot_v3_hybrid.py
bot_alpaca_subbot.py hash: a037c0761d9dd5e1d11f33df333ac1d7  /Users/duffy/warrior_bot_v2/bot_alpaca_subbot.py
alpaca_feed.py hash: 870553116e841aac75c1f8ac28976191  /Users/duffy/warrior_bot_v2/alpaca_feed.py
sntp: Exchange failed: Timeout
sntp: clock_settime: Operation not permitted
sntp_exchange {
        result: 6 (Timeout)
        header: 00 (li:0 vn:0 mode:0)
       stratum: 00 (0)
          poll: 00 (1)
     precision: 00 (1.000000e+00)
         delay: 0000.0000 (0.000000000)
    dispersion: 0000.0000 (0.000000000)
           ref: 00000000 ("    ")
         t_ref: 00000000.00000000 (0.000000000)
            t1: EDBF9D96.6824E592 (3988757910.406812999)
            t2: 00000000.00000000 (0.000000000)
            t3: 00000000.00000000 (0.000000000)
            t4: 00000000.00000000 (0.000000000)
        offset: FFFFFFFF89203134.CBED8D3700000000 (-1994378955.203406572)
         delay: FFFFFFFF12406269.97DB1A6E00000000 (-3988757910.406813145)
          mean: 0000000000000000.0000000000000000 (0.000000000)
         error: 0000000000000000.0000000000000000 (0.000000000)
          addr: 2620:149:a18:3000::31
}
+0.033158 +/- 0.065730 time.apple.com 2620:149:a16:3000::31
NTP sync skipped (non-root)
System time: Tue May 26 04:18:31 UTC 2026
Pre-flight: checking Python imports...
V3 Imports OK
Sub-bot Imports OK
Killing stale processes...
Gateway port 4002 down — killing stale java and starting fresh...
All stale processes cleared.
Starting IB Gateway via IBC...
Waiting for IB Gateway on port 4002...
  attempt 1/72: port 4002 not ready yet, waiting 5s...
[1;32m+==============================================================================
+
+ IBC version 3.23.0
+
+ Running GATEWAY 10.37
+
+ Diagnostic information is logged in:
+
+ /Users/duffy/ibc/logs/ibc-3.23.0_GATEWAY-10.37_Monday.txt
+
+[0m
Gateway is up on port 4002 (after ~10s)
Cleaning up stale connections...
Wiping yesterday's watchlist.txt for a fresh session...
Starting live_scanner.py...
Live scanner started (PID: 10970)
Starting bot_v3_hybrid.py (IBKR paper execution — squeeze re-enabled 2026-05-26)...
Bot started (PID: 10982)
[ENGINE_PUB] listening on /tmp/warrior_engine.sock (queue_max=10000)
BOOT: COLD start (reason=no_marker)
============================================================
  WARRIOR BOT V3 — Hybrid (IBKR data + Alpaca execution)
  Squeeze: ON
  MP: OFF
  MP V2 (Re-Entry): OFF
  Short: OFF
  Max entries/day: unlimited
  Buying power: 50% of 2x margin
  Port: 4002
  Risk: 3.5% per trade
  Starting Equity: $30,000
  Max Daily Loss: $3,000 (2% of equity, scaling)
  Windows: 04:00-20:00
  SQ Target R: 1.5
============================================================

Pre-flight port check:
  Port 4002: IN USE
  Port 7497: free
  Watchdog: armed (kills bot if main thread frozen >120s)
Alpaca connected (PAPER)
Alpaca data client connected (for latency diagnostic / aware-limits)
📦 Tick flush thread started (every 30s)
📊 Risk flush thread started (every 60s)
Connected: True
Account: ['DUQ143444']
Broker: IBKR
  Position sync: No open positions at broker. Clean start.
Account equity: $30,568
EPL initialized: 1 strategies registered

Bot running. Windows: 04:00-20:00 ET. Ctrl+C to stop.

💤 Dead zone (00:19 ET). Sleeping until next window...
Bot health check passed (still running after 15s, PID: 10982)
HEALTH_OK: Bot connected at 2026-05-26 04:19:29 UTC
Starting sub-bot variant A (log: /Users/duffy/warrior_bot_v2/logs/2026-05-25_move_strike_subbot_A.log)...
  variant A PID: 11005
Starting sub-bot variant B (log: /Users/duffy/warrior_bot_v2/logs/2026-05-25_move_strike_subbot_B.log)...
  variant B PID: 11006
Starting sub-bot variant C (log: /Users/duffy/warrior_bot_v2/logs/2026-05-25_move_strike_subbot_C.log)...
  variant C PID: 11007
[ENGINE_PUB] client connected (total clients: 1)
[ENGINE_PUB] client connected (total clients: 2)
[ENGINE_PUB] client connected (total clients: 3)
  variant A health-check OK (PID 11005)
  variant B health-check OK (PID 11006)
  variant C health-check OK (PID 11007)
Gateway watchdog started (PID: 11012)
Watchdog: monitoring bot until 6:05 PM MT / 8:05 PM ET (Mon May 25 18:05:00 MDT 2026)...
  Bot runs: morning 7:00-12:00 ET, sleeps 12:00-16:00, evening 16:00-20:00 ET
All trading windows closed. Proceeding to shutdown.
=== Shutting down at Mon May 25 22:19:44 MDT 2026 ===

🛑 SHUTDOWN SIGNAL RECEIVED
  All positions flat. Clean shutdown.

============================================================
  SESSION SUMMARY
  Momentum Trades: 0
  Momentum P&L: $+0
============================================================
Generating A/B/C daily comparison report...
Pushing logs...
[v2-ibkr-migration e22058b] auto: v3 daily logs 2026-05-25
 9 files changed, 389 insertions(+)
 create mode 100644 cowork_reports/2026-05-25_abc_daily_report.md
 create mode 100644 cowork_reports/abc_running_totals.json
 create mode 100644 logs/2026-05-25_abc_compare.log
 create mode 100644 logs/2026-05-25_move_strike_subbot_A.log
 create mode 100644 logs/2026-05-25_move_strike_subbot_B.log
 create mode 100644 logs/2026-05-25_move_strike_subbot_C.log
 create mode 100644 logs/2026-05-25_scanner.log
=== V3 Hybrid daily run complete: Mon May 25 22:19:53 MDT 2026 ===
=== TRAP: cleanup at Mon May 25 22:19:53 MDT 2026 ===
/Users/duffy/warrior_bot_v2/daily_run_v3.sh: line 21: 10887 Terminated: 15          caffeinate -dims -w $$
/Users/duffy/warrior_bot_v2/daily_run_v3.sh: line 21: 10970 Terminated: 15          python3 live_scanner.py >> "$LOG_DIR/${TODAY}_scanner.log" 2>&1
/Users/duffy/warrior_bot_v2/daily_run_v3.sh: line 21: 11012 Terminated: 15          ( while true; do
    sleep 60; if ! python3 -c "import socket; s=socket.socket(); s.settimeout(2); s.connect(('127.0.0.1',$IBKR_PORT)); s.close()" 2> /dev/null; then
        echo "WARNING: Gateway port $IBKR_PORT dropped at $(date -u '+%Y-%m-%d %H:%M:%S UTC')" >> "$LOG_DIR/gateway_watchdog.log"; echo "WARNING: Gateway port $IBKR_PORT dropped at $(date -u '+%Y-%m-%d %H:%M:%S UTC')";
    fi;
done )
[v2-ibkr-migration e439f8b] auto: v3 daily logs 2026-05-25
 2 files changed, 22 insertions(+)
=== Cleanup complete: Mon May 25 22:19:54 MDT 2026 ===
