[ENGINE_PUB] TCP listener on 100.79.224.76:9710 (tailnet fan-out — newline-JSON, same stream as the Unix socket)
[ENGINE_PUB] listening on /tmp/warrior_engine.sock (queue_max=10000)
[WL_PUB] subs every 15s, Alpaca prices every 3s (ATH=on, prices=on). IBKR-free degraded mode.
[WL_PUB] published 0 symbols: []
[WL_PUB] published 38 symbols: ['AVXX', 'BESS', 'BEZ', 'BMGL', 'CBRZ', 'CLRO', 'CMMB', 'CULP', 'CVKD', 'DRIO', 'DSY', 'ETHT', 'ETU', 'FIGG', 'GYRE', 'IDAI', 'IREZ', 'ISUL', 'LHSW', 'MST', 'MSTP', 'MUZ', 'NBIZ', 'PCSA', 'PLBL', 'RAYA', 'RNAZ', 'SBMT', 'SLBT', 'SNDQ', 'TENX', 'TSDD', 'TSLZ', 'TSXD', 'UPC', 'USDE', 'VRAX', 'WBX']
  [ath_cache] AVXX: ATH $23.2300 (max daily high since 2023-03-28)
  [ath_cache] BESS: ATH $6.3900 (max daily high since 2023-03-28)
  [ath_cache] BEZ: ATH $29.1100 (max daily high since 2023-03-28)
  [ath_cache] BMGL: ATH $10.1200 (max daily high since 2023-03-28)
  [ath_cache] CBRZ: ATH $37.1000 (max daily high since 2023-03-28)
  [ath_cache] CLRO: ATH $17.2300 (max daily high since 2023-03-28)
  [ath_cache] CMMB: ATH $3.6800 (max daily high since 2023-03-28)
[ENGINE_PUB] STATS published=0 dropped=0 clients=0
  [ath_cache] CULP: ATH $6.7650 (max daily high since 2023-03-28)
  [ath_cache] CVKD: ATH $22.2950 (max daily high since 2023-03-28)
  [ath_cache] DRIO: ATH $17.5700 (max daily high since 2023-03-28)
  [ath_cache] DSY: ATH $19.8800 (max daily high since 2023-03-28)
  [ath_cache] ETHT: ATH $131.2400 (max daily high since 2023-03-28)
  [ath_cache] ETU: ATH $60.3200 (max daily high since 2023-03-28)
  [ath_cache] FIGG: ATH $35.3800 (max daily high since 2023-03-28)
  [ath_cache] GYRE: ATH $30.1000 (max daily high since 2023-03-28)
  [ath_cache] IDAI: ATH $8.9600 (max daily high since 2023-03-28)
[ENGINE_PUB] STATS published=0 dropped=0 clients=0
  [ath_cache] IREZ: ATH $53.3700 (max daily high since 2023-03-28)
  [ath_cache] ISUL: ATH $40.1600 (max daily high since 2023-03-28)
  [ath_cache] LHSW: ATH $8.1700 (max daily high since 2023-03-28)
  [ath_cache] MST: ATH $39.3700 (max daily high since 2023-03-28)
[ENGINE_PUB] STATS published=0 dropped=0 clients=0
  [ath_cache] MSTP: ATH $65.0500 (max daily high since 2023-03-28)
  [ath_cache] MUZ: ATH $23.6500 (max daily high since 2023-03-28)
  [ath_cache] NBIZ: ATH $39.9900 (max daily high since 2023-03-28)
[ENGINE_PUB] STATS published=0 dropped=0 clients=0
  [ath_cache] PCSA: ATH $8.7400 (max daily high since 2023-03-28)
  [ath_cache] PLBL: ATH $12.4800 (max daily high since 2023-03-28)
  [ath_cache] RAYA: ATH $7.0700 (max daily high since 2023-03-28)
  [ath_cache] RNAZ: ATH $31.9700 (max daily high since 2023-03-28)
  [ath_cache] SBMT: ATH $11.0500 (max daily high since 2023-03-28)
  [ath_cache] SLBT: ATH $22.1900 (max daily high since 2023-03-28)
  [ath_cache] SNDQ: ATH $27.4400 (max daily high since 2023-03-28)
  [ath_cache] TENX: ATH $23.3600 (max daily high since 2023-03-28)
  [ath_cache] TSDD: ATH $91.2850 (max daily high since 2023-03-28)
  [ath_cache] TSLZ: ATH $60.5300 (max daily high since 2023-03-28)
  [ath_cache] TSXD: ATH $22.9700 (max daily high since 2023-03-28)
[ENGINE_PUB] STATS published=0 dropped=0 clients=0
  [ath_cache] UPC: ATH $17.9400 (max daily high since 2023-03-28)
  [ath_cache] USDE: ATH $7.5100 (max daily high since 2023-03-28)
  [ath_cache] VRAX: ATH $8.8900 (max daily high since 2023-03-28)
  [ath_cache] WBX: ATH $7.6300 (max daily high since 2023-03-28)
  [ath_cache] CVKD: ATH $22.2950 (max daily high since 2023-03-28)
  [ath_cache] FIGG: ATH $35.3800 (max daily high since 2023-03-28)
  [ath_cache] MST: ATH $39.3700 (max daily high since 2023-03-28)
  [ath_cache] NBIZ: ATH $39.9900 (max daily high since 2023-03-28)
  [ath_cache] SLBT: ATH $22.1900 (max daily high since 2023-03-28)
[ENGINE_PUB] STATS published=0 dropped=0 clients=0
[ENGINE_PUB] STATS published=0 dropped=0 clients=0
[ENGINE_PUB] STATS published=0 dropped=0 clients=0
[ENGINE_PUB] STATS published=0 dropped=0 clients=0
[ENGINE_PUB] STATS published=0 dropped=0 clients=0
[ENGINE_PUB] STATS published=0 dropped=0 clients=0
[ENGINE_PUB] STATS published=0 dropped=0 clients=0
[ENGINE_PUB] STATS published=0 dropped=0 clients=0
[ENGINE_PUB] STATS published=0 dropped=0 clients=0
[ENGINE_PUB] STATS published=0 dropped=0 clients=0
[ENGINE_PUB] STATS published=0 dropped=0 clients=0
[ENGINE_PUB] STATS published=0 dropped=0 clients=0
[ENGINE_PUB] STATS published=0 dropped=0 clients=0
[ENGINE_PUB] STATS published=0 dropped=0 clients=0
[ENGINE_PUB] STATS published=0 dropped=0 clients=0
[ENGINE_PUB] STATS published=0 dropped=0 clients=0
[ENGINE_PUB] STATS published=0 dropped=0 clients=0
[ENGINE_PUB] STATS published=0 dropped=0 clients=0
[ENGINE_PUB] STATS published=0 dropped=0 clients=0
[ENGINE_PUB] STATS published=0 dropped=0 clients=0
[ENGINE_PUB] STATS published=0 dropped=0 clients=0
[ENGINE_PUB] STATS published=0 dropped=0 clients=0
[ENGINE_PUB] STATS published=0 dropped=0 clients=0
[ENGINE_PUB] STATS published=0 dropped=0 clients=0
[ENGINE_PUB] STATS published=0 dropped=0 clients=0
[ENGINE_PUB] STATS published=0 dropped=0 clients=0
[ENGINE_PUB] STATS published=0 dropped=0 clients=0
[ENGINE_PUB] STATS published=0 dropped=0 clients=0
[ENGINE_PUB] STATS published=0 dropped=0 clients=0
[ENGINE_PUB] STATS published=0 dropped=0 clients=0
[ENGINE_PUB] STATS published=0 dropped=0 clients=0
[ENGINE_PUB] STATS published=0 dropped=0 clients=0
[ENGINE_PUB] STATS published=0 dropped=0 clients=0
[ENGINE_PUB] STATS published=0 dropped=0 clients=0
[ENGINE_PUB] STATS published=0 dropped=0 clients=0
[ENGINE_PUB] STATS published=0 dropped=0 clients=0
[ENGINE_PUB] STATS published=0 dropped=0 clients=0
[ENGINE_PUB] STATS published=0 dropped=0 clients=0
[ENGINE_PUB] STATS published=0 dropped=0 clients=0
[ENGINE_PUB] STATS published=0 dropped=0 clients=0
[ENGINE_PUB] STATS published=0 dropped=0 clients=0
[ENGINE_PUB] STATS published=0 dropped=0 clients=0
[ENGINE_PUB] STATS published=0 dropped=0 clients=0
[ENGINE_PUB] STATS published=0 dropped=0 clients=0
[ENGINE_PUB] STATS published=0 dropped=0 clients=0
[ENGINE_PUB] STATS published=0 dropped=0 clients=0
[ENGINE_PUB] STATS published=0 dropped=0 clients=0
[ENGINE_PUB] STATS published=0 dropped=0 clients=0
[ENGINE_PUB] STATS published=0 dropped=0 clients=0
[ENGINE_PUB] STATS published=0 dropped=0 clients=0
[ENGINE_PUB] STATS published=0 dropped=0 clients=0
[ENGINE_PUB] STATS published=0 dropped=0 clients=0
[ENGINE_PUB] STATS published=0 dropped=0 clients=0
[ENGINE_PUB] STATS published=0 dropped=0 clients=0
[ENGINE_PUB] STATS published=0 dropped=0 clients=0
[ENGINE_PUB] STATS published=0 dropped=0 clients=0
[ENGINE_PUB] STATS published=0 dropped=0 clients=0
[ENGINE_PUB] STATS published=0 dropped=0 clients=0
[ENGINE_PUB] STATS published=0 dropped=0 clients=0
[ENGINE_PUB] STATS published=0 dropped=0 clients=0
[ENGINE_PUB] STATS published=0 dropped=0 clients=0
[ENGINE_PUB] STATS published=0 dropped=0 clients=0
[ENGINE_PUB] STATS published=0 dropped=0 clients=0
[ENGINE_PUB] STATS published=0 dropped=0 clients=0
[ENGINE_PUB] STATS published=0 dropped=0 clients=0
[ENGINE_PUB] STATS published=0 dropped=0 clients=0
[ENGINE_PUB] STATS published=0 dropped=0 clients=0
[ENGINE_PUB] STATS published=0 dropped=0 clients=0
[ENGINE_PUB] STATS published=0 dropped=0 clients=0
[ENGINE_PUB] STATS published=0 dropped=0 clients=0
[ENGINE_PUB] STATS published=0 dropped=0 clients=0
[ENGINE_PUB] STATS published=0 dropped=0 clients=0
[ENGINE_PUB] STATS published=0 dropped=0 clients=0
[ENGINE_PUB] STATS published=0 dropped=0 clients=0
[ENGINE_PUB] STATS published=0 dropped=0 clients=0
[ENGINE_PUB] STATS published=0 dropped=0 clients=0
[ENGINE_PUB] STATS published=0 dropped=0 clients=0
[ENGINE_PUB] STATS published=0 dropped=0 clients=0
[ENGINE_PUB] STATS published=0 dropped=0 clients=0
[ENGINE_PUB] STATS published=0 dropped=0 clients=0
[ENGINE_PUB] STATS published=0 dropped=0 clients=0
[ENGINE_PUB] STATS published=0 dropped=0 clients=0
[ENGINE_PUB] STATS published=0 dropped=0 clients=0
[ENGINE_PUB] STATS published=0 dropped=0 clients=0
[ENGINE_PUB] STATS published=0 dropped=0 clients=0
[ENGINE_PUB] STATS published=0 dropped=0 clients=0
[ENGINE_PUB] STATS published=0 dropped=0 clients=0
[ENGINE_PUB] STATS published=0 dropped=0 clients=0
[ENGINE_PUB] STATS published=0 dropped=0 clients=0
[ENGINE_PUB] STATS published=0 dropped=0 clients=0
[ENGINE_PUB] STATS published=0 dropped=0 clients=0
[ENGINE_PUB] STATS published=0 dropped=0 clients=0
[ENGINE_PUB] STATS published=0 dropped=0 clients=0
[ENGINE_PUB] STATS published=0 dropped=0 clients=0
[ENGINE_PUB] STATS published=0 dropped=0 clients=0
[ENGINE_PUB] STATS published=0 dropped=0 clients=0
[ENGINE_PUB] STATS published=0 dropped=0 clients=0
[ENGINE_PUB] STATS published=0 dropped=0 clients=0
[ENGINE_PUB] STATS published=0 dropped=0 clients=0
[ENGINE_PUB] STATS published=0 dropped=0 clients=0
[ENGINE_PUB] STATS published=0 dropped=0 clients=0
[ENGINE_PUB] STATS published=0 dropped=0 clients=0
[ENGINE_PUB] STATS published=0 dropped=0 clients=0
[ENGINE_PUB] STATS published=0 dropped=0 clients=0
[ENGINE_PUB] STATS published=0 dropped=0 clients=0
[ENGINE_PUB] STATS published=0 dropped=0 clients=0
[ENGINE_PUB] STATS published=0 dropped=0 clients=0
[ENGINE_PUB] STATS published=0 dropped=0 clients=0
[ENGINE_PUB] STATS published=0 dropped=0 clients=0
[ENGINE_PUB] STATS published=0 dropped=0 clients=0
[ENGINE_PUB] STATS published=0 dropped=0 clients=0
[ENGINE_PUB] STATS published=0 dropped=0 clients=0
[ENGINE_PUB] STATS published=0 dropped=0 clients=0
[ENGINE_PUB] STATS published=0 dropped=0 clients=0
[ENGINE_PUB] STATS published=0 dropped=0 clients=0
[ENGINE_PUB] STATS published=0 dropped=0 clients=0
[ENGINE_PUB] STATS published=0 dropped=0 clients=0
[ENGINE_PUB] STATS published=0 dropped=0 clients=0
[ENGINE_PUB] STATS published=0 dropped=0 clients=0
[ENGINE_PUB] STATS published=0 dropped=0 clients=0
[ENGINE_PUB] STATS published=0 dropped=0 clients=0
[ENGINE_PUB] STATS published=0 dropped=0 clients=0
[ENGINE_PUB] STATS published=0 dropped=0 clients=0
[ENGINE_PUB] STATS published=0 dropped=0 clients=0
[ENGINE_PUB] STATS published=0 dropped=0 clients=0
[ENGINE_PUB] STATS published=0 dropped=0 clients=0
[ENGINE_PUB] STATS published=0 dropped=0 clients=0
[ENGINE_PUB] STATS published=0 dropped=0 clients=0
[ENGINE_PUB] STATS published=0 dropped=0 clients=0
[ENGINE_PUB] STATS published=0 dropped=0 clients=0
[ENGINE_PUB] STATS published=0 dropped=0 clients=0
[ENGINE_PUB] STATS published=0 dropped=0 clients=0
[ENGINE_PUB] STATS published=0 dropped=0 clients=0
[ENGINE_PUB] STATS published=0 dropped=0 clients=0
[ENGINE_PUB] STATS published=0 dropped=0 clients=0
[ENGINE_PUB] STATS published=0 dropped=0 clients=0
[ENGINE_PUB] STATS published=0 dropped=0 clients=0
[ENGINE_PUB] STATS published=0 dropped=0 clients=0
[ENGINE_PUB] STATS published=0 dropped=0 clients=0
[ENGINE_PUB] STATS published=0 dropped=0 clients=0
[ENGINE_PUB] STATS published=0 dropped=0 clients=0
[ENGINE_PUB] STATS published=0 dropped=0 clients=0
[ENGINE_PUB] STATS published=0 dropped=0 clients=0
[ENGINE_PUB] STATS published=0 dropped=0 clients=0
[ENGINE_PUB] STATS published=0 dropped=0 clients=0
[ENGINE_PUB] STATS published=0 dropped=0 clients=0
[ENGINE_PUB] STATS published=0 dropped=0 clients=0
[ENGINE_PUB] STATS published=0 dropped=0 clients=0
[ENGINE_PUB] STATS published=0 dropped=0 clients=0
[ENGINE_PUB] STATS published=0 dropped=0 clients=0
[ENGINE_PUB] STATS published=0 dropped=0 clients=0
[ENGINE_PUB] STATS published=0 dropped=0 clients=0
[ENGINE_PUB] STATS published=0 dropped=0 clients=0
[ENGINE_PUB] STATS published=0 dropped=0 clients=0
[ENGINE_PUB] STATS published=0 dropped=0 clients=0
[ENGINE_PUB] STATS published=0 dropped=0 clients=0
[ENGINE_PUB] STATS published=0 dropped=0 clients=0
[ENGINE_PUB] STATS published=0 dropped=0 clients=0
[ENGINE_PUB] STATS published=0 dropped=0 clients=0
[ENGINE_PUB] STATS published=0 dropped=0 clients=0
[ENGINE_PUB] STATS published=0 dropped=0 clients=0
[ENGINE_PUB] STATS published=0 dropped=0 clients=0
[ENGINE_PUB] STATS published=0 dropped=0 clients=0
[ENGINE_PUB] STATS published=0 dropped=0 clients=0
[ENGINE_PUB] STATS published=0 dropped=0 clients=0
[ENGINE_PUB] STATS published=0 dropped=0 clients=0
[ENGINE_PUB] STATS published=0 dropped=0 clients=0
[ENGINE_PUB] STATS published=0 dropped=0 clients=0
[ENGINE_PUB] STATS published=0 dropped=0 clients=0
[ENGINE_PUB] STATS published=0 dropped=0 clients=0
[ENGINE_PUB] STATS published=0 dropped=0 clients=0
[ENGINE_PUB] STATS published=0 dropped=0 clients=0
[ENGINE_PUB] STATS published=0 dropped=0 clients=0
[ENGINE_PUB] STATS published=0 dropped=0 clients=0
[ENGINE_PUB] STATS published=0 dropped=0 clients=0
[ENGINE_PUB] STATS published=0 dropped=0 clients=0
[ENGINE_PUB] STATS published=0 dropped=0 clients=0
[ENGINE_PUB] STATS published=0 dropped=0 clients=0
[ENGINE_PUB] STATS published=0 dropped=0 clients=0
[ENGINE_PUB] STATS published=0 dropped=0 clients=0
[ENGINE_PUB] STATS published=0 dropped=0 clients=0
[ENGINE_PUB] STATS published=0 dropped=0 clients=0
[ENGINE_PUB] STATS published=0 dropped=0 clients=0
[ENGINE_PUB] STATS published=0 dropped=0 clients=0
[ENGINE_PUB] STATS published=0 dropped=0 clients=0
[ENGINE_PUB] STATS published=0 dropped=0 clients=0
[ENGINE_PUB] STATS published=0 dropped=0 clients=0
[ENGINE_PUB] STATS published=0 dropped=0 clients=0
[ENGINE_PUB] STATS published=0 dropped=0 clients=0
[ENGINE_PUB] STATS published=0 dropped=0 clients=0
[ENGINE_PUB] STATS published=0 dropped=0 clients=0
[ENGINE_PUB] STATS published=0 dropped=0 clients=0
[ENGINE_PUB] STATS published=0 dropped=0 clients=0
[ENGINE_PUB] STATS published=0 dropped=0 clients=0
[ENGINE_PUB] STATS published=0 dropped=0 clients=0
[ENGINE_PUB] STATS published=0 dropped=0 clients=0
[ENGINE_PUB] STATS published=0 dropped=0 clients=0
[ENGINE_PUB] STATS published=0 dropped=0 clients=0
[ENGINE_PUB] STATS published=0 dropped=0 clients=0
[ENGINE_PUB] STATS published=0 dropped=0 clients=0
[ENGINE_PUB] STATS published=0 dropped=0 clients=0
[ENGINE_PUB] STATS published=0 dropped=0 clients=0
[ENGINE_PUB] STATS published=0 dropped=0 clients=0
[ENGINE_PUB] STATS published=0 dropped=0 clients=0
[ENGINE_PUB] STATS published=0 dropped=0 clients=0
[ENGINE_PUB] STATS published=0 dropped=0 clients=0
[ENGINE_PUB] STATS published=0 dropped=0 clients=0
[ENGINE_PUB] STATS published=0 dropped=0 clients=0
[ENGINE_PUB] STATS published=0 dropped=0 clients=0
[ENGINE_PUB] STATS published=0 dropped=0 clients=0
[ENGINE_PUB] STATS published=0 dropped=0 clients=0
[ENGINE_PUB] STATS published=0 dropped=0 clients=0
[ENGINE_PUB] STATS published=0 dropped=0 clients=0
[ENGINE_PUB] STATS published=0 dropped=0 clients=0
[ENGINE_PUB] STATS published=0 dropped=0 clients=0
[ENGINE_PUB] STATS published=0 dropped=0 clients=0
[ENGINE_PUB] STATS published=0 dropped=0 clients=0
[ENGINE_PUB] STATS published=0 dropped=0 clients=0
[ENGINE_PUB] STATS published=0 dropped=0 clients=0
[ENGINE_PUB] STATS published=0 dropped=0 clients=0
[ENGINE_PUB] STATS published=0 dropped=0 clients=0
[ENGINE_PUB] STATS published=0 dropped=0 clients=0
[ENGINE_PUB] STATS published=0 dropped=0 clients=0
[ENGINE_PUB] STATS published=0 dropped=0 clients=0
[ENGINE_PUB] STATS published=0 dropped=0 clients=0
[ENGINE_PUB] STATS published=0 dropped=0 clients=0
[ENGINE_PUB] STATS published=0 dropped=0 clients=0
[ENGINE_PUB] STATS published=0 dropped=0 clients=0
[ENGINE_PUB] STATS published=0 dropped=0 clients=0
[ENGINE_PUB] STATS published=0 dropped=0 clients=0
[ENGINE_PUB] STATS published=0 dropped=0 clients=0
[ENGINE_PUB] STATS published=0 dropped=0 clients=0
[ENGINE_PUB] STATS published=0 dropped=0 clients=0
[ENGINE_PUB] STATS published=0 dropped=0 clients=0
[ENGINE_PUB] STATS published=0 dropped=0 clients=0
[ENGINE_PUB] STATS published=0 dropped=0 clients=0
[ENGINE_PUB] STATS published=0 dropped=0 clients=0
[ENGINE_PUB] STATS published=0 dropped=0 clients=0
[ENGINE_PUB] STATS published=0 dropped=0 clients=0
[ENGINE_PUB] STATS published=0 dropped=0 clients=0
[ENGINE_PUB] STATS published=0 dropped=0 clients=0
[ENGINE_PUB] STATS published=0 dropped=0 clients=0
[ENGINE_PUB] STATS published=0 dropped=0 clients=0
[ENGINE_PUB] STATS published=0 dropped=0 clients=0
[ENGINE_PUB] STATS published=0 dropped=0 clients=0
[ENGINE_PUB] STATS published=0 dropped=0 clients=0
[ENGINE_PUB] STATS published=0 dropped=0 clients=0
[ENGINE_PUB] STATS published=0 dropped=0 clients=0
[ENGINE_PUB] STATS published=0 dropped=0 clients=0
[ENGINE_PUB] STATS published=0 dropped=0 clients=0
[ENGINE_PUB] STATS published=0 dropped=0 clients=0
[ENGINE_PUB] STATS published=0 dropped=0 clients=0
[ENGINE_PUB] STATS published=0 dropped=0 clients=0
[ENGINE_PUB] STATS published=0 dropped=0 clients=0
[ENGINE_PUB] STATS published=0 dropped=0 clients=0
[ENGINE_PUB] STATS published=0 dropped=0 clients=0
[ENGINE_PUB] STATS published=0 dropped=0 clients=0
[ENGINE_PUB] STATS published=0 dropped=0 clients=0
[ENGINE_PUB] STATS published=0 dropped=0 clients=0
[ENGINE_PUB] STATS published=0 dropped=0 clients=0
[ENGINE_PUB] STATS published=0 dropped=0 clients=0
[ENGINE_PUB] STATS published=0 dropped=0 clients=0
[ENGINE_PUB] STATS published=0 dropped=0 clients=0
[ENGINE_PUB] STATS published=0 dropped=0 clients=0
[ENGINE_PUB] STATS published=0 dropped=0 clients=0
[ENGINE_PUB] STATS published=0 dropped=0 clients=0
[ENGINE_PUB] STATS published=0 dropped=0 clients=0
[ENGINE_PUB] STATS published=0 dropped=0 clients=0
[ENGINE_PUB] STATS published=0 dropped=0 clients=0
[ENGINE_PUB] STATS published=0 dropped=0 clients=0
[ENGINE_PUB] STATS published=0 dropped=0 clients=0
[ENGINE_PUB] STATS published=0 dropped=0 clients=0
[ENGINE_PUB] STATS published=0 dropped=0 clients=0
[ENGINE_PUB] STATS published=0 dropped=0 clients=0
[ENGINE_PUB] STATS published=0 dropped=0 clients=0
[ENGINE_PUB] STATS published=0 dropped=0 clients=0
[ENGINE_PUB] STATS published=0 dropped=0 clients=0
[ENGINE_PUB] STATS published=0 dropped=0 clients=0
[ENGINE_PUB] STATS published=0 dropped=0 clients=0
[ENGINE_PUB] STATS published=0 dropped=0 clients=0
[ENGINE_PUB] STATS published=0 dropped=0 clients=0
[ENGINE_PUB] STATS published=0 dropped=0 clients=0
[ENGINE_PUB] STATS published=0 dropped=0 clients=0
[ENGINE_PUB] STATS published=0 dropped=0 clients=0
[ENGINE_PUB] STATS published=0 dropped=0 clients=0
[ENGINE_PUB] STATS published=0 dropped=0 clients=0
[ENGINE_PUB] STATS published=0 dropped=0 clients=0
[ENGINE_PUB] STATS published=0 dropped=0 clients=0
[ENGINE_PUB] STATS published=0 dropped=0 clients=0
[ENGINE_PUB] STATS published=0 dropped=0 clients=0
[ENGINE_PUB] STATS published=0 dropped=0 clients=0
[ENGINE_PUB] STATS published=0 dropped=0 clients=0
[ENGINE_PUB] STATS published=0 dropped=0 clients=0
[ENGINE_PUB] STATS published=0 dropped=0 clients=0
[ENGINE_PUB] STATS published=0 dropped=0 clients=0
[ENGINE_PUB] STATS published=0 dropped=0 clients=0
[ENGINE_PUB] STATS published=0 dropped=0 clients=0
[ENGINE_PUB] STATS published=0 dropped=0 clients=0
[ENGINE_PUB] STATS published=0 dropped=0 clients=0
[ENGINE_PUB] STATS published=0 dropped=0 clients=0
[ENGINE_PUB] STATS published=0 dropped=0 clients=0
[ENGINE_PUB] STATS published=0 dropped=0 clients=0
[ENGINE_PUB] STATS published=0 dropped=0 clients=0
[ENGINE_PUB] STATS published=0 dropped=0 clients=0
[ENGINE_PUB] STATS published=0 dropped=0 clients=0
[ENGINE_PUB] STATS published=0 dropped=0 clients=0
[ENGINE_PUB] STATS published=0 dropped=0 clients=0
[ENGINE_PUB] STATS published=0 dropped=0 clients=0
[ENGINE_PUB] STATS published=0 dropped=0 clients=0
[ENGINE_PUB] STATS published=0 dropped=0 clients=0
[ENGINE_PUB] STATS published=0 dropped=0 clients=0
[ENGINE_PUB] STATS published=0 dropped=0 clients=0
[ENGINE_PUB] STATS published=0 dropped=0 clients=0
[ENGINE_PUB] STATS published=0 dropped=0 clients=0
[ENGINE_PUB] STATS published=0 dropped=0 clients=0
[ENGINE_PUB] STATS published=0 dropped=0 clients=0
[ENGINE_PUB] STATS published=0 dropped=0 clients=0
[ENGINE_PUB] STATS published=0 dropped=0 clients=0
[ENGINE_PUB] STATS published=0 dropped=0 clients=0
[ENGINE_PUB] STATS published=0 dropped=0 clients=0
[ENGINE_PUB] STATS published=0 dropped=0 clients=0
[ENGINE_PUB] STATS published=0 dropped=0 clients=0
[ENGINE_PUB] STATS published=0 dropped=0 clients=0
[ENGINE_PUB] STATS published=0 dropped=0 clients=0
[ENGINE_PUB] STATS published=0 dropped=0 clients=0
[ENGINE_PUB] STATS published=0 dropped=0 clients=0
[ENGINE_PUB] STATS published=0 dropped=0 clients=0
[ENGINE_PUB] STATS published=0 dropped=0 clients=0
[ENGINE_PUB] STATS published=0 dropped=0 clients=0
[ENGINE_PUB] STATS published=0 dropped=0 clients=0
[ENGINE_PUB] STATS published=0 dropped=0 clients=0
[ENGINE_PUB] STATS published=0 dropped=0 clients=0
[ENGINE_PUB] STATS published=0 dropped=0 clients=0
[ENGINE_PUB] STATS published=0 dropped=0 clients=0
[ENGINE_PUB] STATS published=0 dropped=0 clients=0
[ENGINE_PUB] STATS published=0 dropped=0 clients=0
[ENGINE_PUB] STATS published=0 dropped=0 clients=0
[ENGINE_PUB] STATS published=0 dropped=0 clients=0
[ENGINE_PUB] STATS published=0 dropped=0 clients=0
[ENGINE_PUB] STATS published=0 dropped=0 clients=0
[ENGINE_PUB] STATS published=0 dropped=0 clients=0
[ENGINE_PUB] STATS published=0 dropped=0 clients=0
[ENGINE_PUB] STATS published=0 dropped=0 clients=0
[ENGINE_PUB] STATS published=0 dropped=0 clients=0
[ENGINE_PUB] STATS published=0 dropped=0 clients=0
[ENGINE_PUB] STATS published=0 dropped=0 clients=0
[ENGINE_PUB] STATS published=0 dropped=0 clients=0
[ENGINE_PUB] STATS published=0 dropped=0 clients=0
[ENGINE_PUB] STATS published=0 dropped=0 clients=0
[ENGINE_PUB] STATS published=0 dropped=0 clients=0
[ENGINE_PUB] STATS published=0 dropped=0 clients=0
[ENGINE_PUB] STATS published=0 dropped=0 clients=0
[ENGINE_PUB] STATS published=0 dropped=0 clients=0
[ENGINE_PUB] STATS published=0 dropped=0 clients=0
[ENGINE_PUB] STATS published=0 dropped=0 clients=0
[ENGINE_PUB] STATS published=0 dropped=0 clients=0
[ENGINE_PUB] STATS published=0 dropped=0 clients=0
[ENGINE_PUB] STATS published=0 dropped=0 clients=0
[ENGINE_PUB] STATS published=0 dropped=0 clients=0
[ENGINE_PUB] STATS published=0 dropped=0 clients=0
[ENGINE_PUB] STATS published=0 dropped=0 clients=0
[ENGINE_PUB] STATS published=0 dropped=0 clients=0
[ENGINE_PUB] STATS published=0 dropped=0 clients=0
[ENGINE_PUB] STATS published=0 dropped=0 clients=0
[ENGINE_PUB] STATS published=0 dropped=0 clients=0
[ENGINE_PUB] STATS published=0 dropped=0 clients=0
[ENGINE_PUB] STATS published=0 dropped=0 clients=0
[ENGINE_PUB] STATS published=0 dropped=0 clients=0
[ENGINE_PUB] STATS published=0 dropped=0 clients=0
[ENGINE_PUB] STATS published=0 dropped=0 clients=0
[ENGINE_PUB] STATS published=0 dropped=0 clients=0
[ENGINE_PUB] STATS published=0 dropped=0 clients=0
[ENGINE_PUB] STATS published=0 dropped=0 clients=0
[ENGINE_PUB] STATS published=0 dropped=0 clients=0
[ENGINE_PUB] STATS published=0 dropped=0 clients=0
[ENGINE_PUB] STATS published=0 dropped=0 clients=0
[ENGINE_PUB] STATS published=0 dropped=0 clients=0
[ENGINE_PUB] STATS published=0 dropped=0 clients=0
[ENGINE_PUB] STATS published=0 dropped=0 clients=0
[ENGINE_PUB] STATS published=0 dropped=0 clients=0
[ENGINE_PUB] STATS published=0 dropped=0 clients=0
[ENGINE_PUB] STATS published=0 dropped=0 clients=0
[ENGINE_PUB] STATS published=0 dropped=0 clients=0
[ENGINE_PUB] STATS published=0 dropped=0 clients=0
[ENGINE_PUB] STATS published=0 dropped=0 clients=0
[ENGINE_PUB] STATS published=0 dropped=0 clients=0
[ENGINE_PUB] STATS published=0 dropped=0 clients=0
[ENGINE_PUB] STATS published=0 dropped=0 clients=0
[ENGINE_PUB] STATS published=0 dropped=0 clients=0
[ENGINE_PUB] STATS published=0 dropped=0 clients=0
[ENGINE_PUB] STATS published=0 dropped=0 clients=0
[ENGINE_PUB] STATS published=0 dropped=0 clients=0
[ENGINE_PUB] STATS published=0 dropped=0 clients=0
[ENGINE_PUB] STATS published=0 dropped=0 clients=0
[ENGINE_PUB] STATS published=0 dropped=0 clients=0
[ENGINE_PUB] STATS published=0 dropped=0 clients=0
[ENGINE_PUB] STATS published=0 dropped=0 clients=0
[ENGINE_PUB] STATS published=0 dropped=0 clients=0
[ENGINE_PUB] STATS published=0 dropped=0 clients=0
[ENGINE_PUB] STATS published=0 dropped=0 clients=0
[ENGINE_PUB] STATS published=0 dropped=0 clients=0
[ENGINE_PUB] STATS published=0 dropped=0 clients=0
[ENGINE_PUB] STATS published=0 dropped=0 clients=0
[ENGINE_PUB] STATS published=0 dropped=0 clients=0
[ENGINE_PUB] STATS published=0 dropped=0 clients=0
[ENGINE_PUB] STATS published=0 dropped=0 clients=0
[ENGINE_PUB] STATS published=0 dropped=0 clients=0
[ENGINE_PUB] STATS published=0 dropped=0 clients=0
[ENGINE_PUB] STATS published=0 dropped=0 clients=0
[ENGINE_PUB] STATS published=0 dropped=0 clients=0
[ENGINE_PUB] STATS published=0 dropped=0 clients=0
[ENGINE_PUB] STATS published=0 dropped=0 clients=0
[ENGINE_PUB] STATS published=0 dropped=0 clients=0
[ENGINE_PUB] STATS published=0 dropped=0 clients=0
[ENGINE_PUB] STATS published=0 dropped=0 clients=0
[ENGINE_PUB] STATS published=0 dropped=0 clients=0
[ENGINE_PUB] STATS published=0 dropped=0 clients=0
[ENGINE_PUB] STATS published=0 dropped=0 clients=0
[ENGINE_PUB] STATS published=0 dropped=0 clients=0
[ENGINE_PUB] STATS published=0 dropped=0 clients=0
[ENGINE_PUB] STATS published=0 dropped=0 clients=0
[ENGINE_PUB] STATS published=0 dropped=0 clients=0
[ENGINE_PUB] STATS published=0 dropped=0 clients=0
[ENGINE_PUB] STATS published=0 dropped=0 clients=0
[ENGINE_PUB] STATS published=0 dropped=0 clients=0
[ENGINE_PUB] STATS published=0 dropped=0 clients=0
[ENGINE_PUB] STATS published=0 dropped=0 clients=0
[ENGINE_PUB] STATS published=0 dropped=0 clients=0
[ENGINE_PUB] STATS published=0 dropped=0 clients=0
[ENGINE_PUB] STATS published=0 dropped=0 clients=0
[ENGINE_PUB] STATS published=0 dropped=0 clients=0
[ENGINE_PUB] STATS published=0 dropped=0 clients=0
[ENGINE_PUB] STATS published=0 dropped=0 clients=0
[ENGINE_PUB] STATS published=0 dropped=0 clients=0
[ENGINE_PUB] STATS published=0 dropped=0 clients=0
[ENGINE_PUB] STATS published=0 dropped=0 clients=0
[ENGINE_PUB] STATS published=0 dropped=0 clients=0
[ENGINE_PUB] STATS published=0 dropped=0 clients=0
[ENGINE_PUB] STATS published=0 dropped=0 clients=0
[ENGINE_PUB] STATS published=0 dropped=0 clients=0
[ENGINE_PUB] STATS published=0 dropped=0 clients=0
[ENGINE_PUB] STATS published=0 dropped=0 clients=0
[ENGINE_PUB] STATS published=0 dropped=0 clients=0
[ENGINE_PUB] STATS published=0 dropped=0 clients=0
[ENGINE_PUB] STATS published=0 dropped=0 clients=0
[ENGINE_PUB] STATS published=0 dropped=0 clients=0
[ENGINE_PUB] STATS published=0 dropped=0 clients=0
[ENGINE_PUB] STATS published=0 dropped=0 clients=0
[ENGINE_PUB] STATS published=0 dropped=0 clients=0
[ENGINE_PUB] STATS published=0 dropped=0 clients=0
[ENGINE_PUB] STATS published=0 dropped=0 clients=0
[ENGINE_PUB] STATS published=0 dropped=0 clients=0
[ENGINE_PUB] STATS published=0 dropped=0 clients=0
[ENGINE_PUB] STATS published=0 dropped=0 clients=0
[ENGINE_PUB] STATS published=0 dropped=0 clients=0
[ENGINE_PUB] STATS published=0 dropped=0 clients=0
[ENGINE_PUB] STATS published=0 dropped=0 clients=0
[ENGINE_PUB] STATS published=0 dropped=0 clients=0
[ENGINE_PUB] STATS published=0 dropped=0 clients=0
[ENGINE_PUB] STATS published=0 dropped=0 clients=0
[ENGINE_PUB] STATS published=0 dropped=0 clients=0
[ENGINE_PUB] STATS published=0 dropped=0 clients=0
[ENGINE_PUB] STATS published=0 dropped=0 clients=0
[ENGINE_PUB] STATS published=0 dropped=0 clients=0
[ENGINE_PUB] STATS published=0 dropped=0 clients=0
[ENGINE_PUB] STATS published=0 dropped=0 clients=0
[ENGINE_PUB] STATS published=0 dropped=0 clients=0
[ENGINE_PUB] STATS published=0 dropped=0 clients=0
[ENGINE_PUB] STATS published=0 dropped=0 clients=0
[ENGINE_PUB] STATS published=0 dropped=0 clients=0
[ENGINE_PUB] STATS published=0 dropped=0 clients=0
[ENGINE_PUB] STATS published=0 dropped=0 clients=0
[ENGINE_PUB] STATS published=0 dropped=0 clients=0
[ENGINE_PUB] STATS published=0 dropped=0 clients=0
[ENGINE_PUB] STATS published=0 dropped=0 clients=0
[ENGINE_PUB] STATS published=0 dropped=0 clients=0
[ENGINE_PUB] STATS published=0 dropped=0 clients=0
[ENGINE_PUB] STATS published=0 dropped=0 clients=0
[ENGINE_PUB] STATS published=0 dropped=0 clients=0
[ENGINE_PUB] STATS published=0 dropped=0 clients=0
[ENGINE_PUB] STATS published=0 dropped=0 clients=0
[ENGINE_PUB] STATS published=0 dropped=0 clients=0
[ENGINE_PUB] STATS published=0 dropped=0 clients=0
[ENGINE_PUB] STATS published=0 dropped=0 clients=0
[ENGINE_PUB] STATS published=0 dropped=0 clients=0
[ENGINE_PUB] STATS published=0 dropped=0 clients=0
[ENGINE_PUB] STATS published=0 dropped=0 clients=0
[ENGINE_PUB] STATS published=0 dropped=0 clients=0
[ENGINE_PUB] STATS published=0 dropped=0 clients=0
[ENGINE_PUB] STATS published=0 dropped=0 clients=0
[ENGINE_PUB] STATS published=0 dropped=0 clients=0
[ENGINE_PUB] STATS published=0 dropped=0 clients=0
[ENGINE_PUB] STATS published=0 dropped=0 clients=0
[ENGINE_PUB] STATS published=0 dropped=0 clients=0
[ENGINE_PUB] STATS published=0 dropped=0 clients=0
[ENGINE_PUB] STATS published=0 dropped=0 clients=0
[ENGINE_PUB] STATS published=0 dropped=0 clients=0
[ENGINE_PUB] STATS published=0 dropped=0 clients=0
[ENGINE_PUB] STATS published=0 dropped=0 clients=0
[ENGINE_PUB] STATS published=0 dropped=0 clients=0
[ENGINE_PUB] STATS published=0 dropped=0 clients=0
[ENGINE_PUB] STATS published=0 dropped=0 clients=0
[ENGINE_PUB] STATS published=0 dropped=0 clients=0
[ENGINE_PUB] STATS published=0 dropped=0 clients=0
[ENGINE_PUB] STATS published=0 dropped=0 clients=0
[ENGINE_PUB] STATS published=0 dropped=0 clients=0
[ENGINE_PUB] STATS published=0 dropped=0 clients=0
[ENGINE_PUB] STATS published=0 dropped=0 clients=0
[ENGINE_PUB] STATS published=0 dropped=0 clients=0
[ENGINE_PUB] STATS published=0 dropped=0 clients=0
[ENGINE_PUB] STATS published=0 dropped=0 clients=0
[ENGINE_PUB] STATS published=0 dropped=0 clients=0
[ENGINE_PUB] STATS published=0 dropped=0 clients=0
[ENGINE_PUB] STATS published=0 dropped=0 clients=0
[ENGINE_PUB] STATS published=0 dropped=0 clients=0
[ENGINE_PUB] STATS published=0 dropped=0 clients=0
[ENGINE_PUB] STATS published=0 dropped=0 clients=0
[ENGINE_PUB] STATS published=0 dropped=0 clients=0
[ENGINE_PUB] STATS published=0 dropped=0 clients=0
[ENGINE_PUB] STATS published=0 dropped=0 clients=0
[ENGINE_PUB] STATS published=0 dropped=0 clients=0
[ENGINE_PUB] STATS published=0 dropped=0 clients=0
[ENGINE_PUB] STATS published=0 dropped=0 clients=0
[ENGINE_PUB] STATS published=0 dropped=0 clients=0
[ENGINE_PUB] STATS published=0 dropped=0 clients=0
[ENGINE_PUB] STATS published=0 dropped=0 clients=0
[ENGINE_PUB] STATS published=0 dropped=0 clients=0
[ENGINE_PUB] STATS published=0 dropped=0 clients=0
[ENGINE_PUB] STATS published=0 dropped=0 clients=0
[ENGINE_PUB] STATS published=0 dropped=0 clients=0
[ENGINE_PUB] STATS published=0 dropped=0 clients=0
[ENGINE_PUB] STATS published=0 dropped=0 clients=0
[ENGINE_PUB] STATS published=0 dropped=0 clients=0
[ENGINE_PUB] STATS published=0 dropped=0 clients=0
[ENGINE_PUB] STATS published=0 dropped=0 clients=0
[ENGINE_PUB] STATS published=0 dropped=0 clients=0
[ENGINE_PUB] STATS published=0 dropped=0 clients=0
[ENGINE_PUB] STATS published=0 dropped=0 clients=0
[ENGINE_PUB] STATS published=0 dropped=0 clients=0
[ENGINE_PUB] STATS published=0 dropped=0 clients=0
[ENGINE_PUB] STATS published=0 dropped=0 clients=0
[ENGINE_PUB] STATS published=0 dropped=0 clients=0
[ENGINE_PUB] STATS published=0 dropped=0 clients=0
[ENGINE_PUB] STATS published=0 dropped=0 clients=0
[ENGINE_PUB] STATS published=0 dropped=0 clients=0
[ENGINE_PUB] STATS published=0 dropped=0 clients=0
[ENGINE_PUB] STATS published=0 dropped=0 clients=0
[ENGINE_PUB] STATS published=0 dropped=0 clients=0
[ENGINE_PUB] STATS published=0 dropped=0 clients=0
[ENGINE_PUB] STATS published=0 dropped=0 clients=0
[ENGINE_PUB] STATS published=0 dropped=0 clients=0
[ENGINE_PUB] STATS published=0 dropped=0 clients=0
[ENGINE_PUB] STATS published=0 dropped=0 clients=0
[ENGINE_PUB] STATS published=0 dropped=0 clients=0
[ENGINE_PUB] STATS published=0 dropped=0 clients=0
[ENGINE_PUB] STATS published=0 dropped=0 clients=0
[ENGINE_PUB] STATS published=0 dropped=0 clients=0
[ENGINE_PUB] STATS published=0 dropped=0 clients=0
[ENGINE_PUB] STATS published=0 dropped=0 clients=0
[ENGINE_PUB] STATS published=0 dropped=0 clients=0
[ENGINE_PUB] STATS published=0 dropped=0 clients=0
[ENGINE_PUB] STATS published=0 dropped=0 clients=0
[ENGINE_PUB] STATS published=0 dropped=0 clients=0
[ENGINE_PUB] STATS published=0 dropped=0 clients=0
[ENGINE_PUB] STATS published=0 dropped=0 clients=0
[ENGINE_PUB] STATS published=0 dropped=0 clients=0
[ENGINE_PUB] STATS published=0 dropped=0 clients=0
[ENGINE_PUB] STATS published=0 dropped=0 clients=0
[ENGINE_PUB] STATS published=0 dropped=0 clients=0
[ENGINE_PUB] STATS published=0 dropped=0 clients=0
[ENGINE_PUB] STATS published=0 dropped=0 clients=0
[ENGINE_PUB] STATS published=0 dropped=0 clients=0
[ENGINE_PUB] STATS published=0 dropped=0 clients=0
[ENGINE_PUB] STATS published=0 dropped=0 clients=0
[ENGINE_PUB] STATS published=0 dropped=0 clients=0
[ENGINE_PUB] STATS published=0 dropped=0 clients=0
[ENGINE_PUB] STATS published=0 dropped=0 clients=0
[ENGINE_PUB] STATS published=0 dropped=0 clients=0
[ENGINE_PUB] STATS published=0 dropped=0 clients=0
[ENGINE_PUB] STATS published=0 dropped=0 clients=0
[ENGINE_PUB] STATS published=0 dropped=0 clients=0
[ENGINE_PUB] STATS published=0 dropped=0 clients=0
[ENGINE_PUB] STATS published=0 dropped=0 clients=0
[ENGINE_PUB] STATS published=0 dropped=0 clients=0
[ENGINE_PUB] STATS published=0 dropped=0 clients=0
[ENGINE_PUB] STATS published=0 dropped=0 clients=0
[ENGINE_PUB] STATS published=0 dropped=0 clients=0
[ENGINE_PUB] STATS published=0 dropped=0 clients=0
[ENGINE_PUB] STATS published=0 dropped=0 clients=0
[ENGINE_PUB] STATS published=0 dropped=0 clients=0
[ENGINE_PUB] STATS published=0 dropped=0 clients=0
[ENGINE_PUB] STATS published=0 dropped=0 clients=0
[ENGINE_PUB] STATS published=0 dropped=0 clients=0
[ENGINE_PUB] STATS published=0 dropped=0 clients=0
[ENGINE_PUB] STATS published=0 dropped=0 clients=0
[ENGINE_PUB] STATS published=0 dropped=0 clients=0
[ENGINE_PUB] STATS published=0 dropped=0 clients=0
[ENGINE_PUB] STATS published=0 dropped=0 clients=0
[ENGINE_PUB] STATS published=0 dropped=0 clients=0
[ENGINE_PUB] STATS published=0 dropped=0 clients=0
[ENGINE_PUB] STATS published=0 dropped=0 clients=0
[ENGINE_PUB] STATS published=0 dropped=0 clients=0
[ENGINE_PUB] STATS published=0 dropped=0 clients=0
[ENGINE_PUB] STATS published=0 dropped=0 clients=0
[ENGINE_PUB] STATS published=0 dropped=0 clients=0
[ENGINE_PUB] STATS published=0 dropped=0 clients=0
[ENGINE_PUB] STATS published=0 dropped=0 clients=0
[ENGINE_PUB] STATS published=0 dropped=0 clients=0
[ENGINE_PUB] STATS published=0 dropped=0 clients=0
[ENGINE_PUB] STATS published=0 dropped=0 clients=0
[ENGINE_PUB] STATS published=0 dropped=0 clients=0
[ENGINE_PUB] STATS published=0 dropped=0 clients=0
[ENGINE_PUB] STATS published=0 dropped=0 clients=0
[ENGINE_PUB] STATS published=0 dropped=0 clients=0
[ENGINE_PUB] STATS published=0 dropped=0 clients=0
[ENGINE_PUB] STATS published=0 dropped=0 clients=0
[ENGINE_PUB] STATS published=0 dropped=0 clients=0
[ENGINE_PUB] STATS published=0 dropped=0 clients=0
[ENGINE_PUB] STATS published=0 dropped=0 clients=0
[ENGINE_PUB] STATS published=0 dropped=0 clients=0
[ENGINE_PUB] STATS published=0 dropped=0 clients=0
[ENGINE_PUB] STATS published=0 dropped=0 clients=0
[ENGINE_PUB] STATS published=0 dropped=0 clients=0
[ENGINE_PUB] STATS published=0 dropped=0 clients=0
[ENGINE_PUB] STATS published=0 dropped=0 clients=0
[ENGINE_PUB] STATS published=0 dropped=0 clients=0
[ENGINE_PUB] STATS published=0 dropped=0 clients=0
[ENGINE_PUB] STATS published=0 dropped=0 clients=0
[ENGINE_PUB] STATS published=0 dropped=0 clients=0
[ENGINE_PUB] STATS published=0 dropped=0 clients=0
[ENGINE_PUB] STATS published=0 dropped=0 clients=0
[ENGINE_PUB] STATS published=0 dropped=0 clients=0
[ENGINE_PUB] STATS published=0 dropped=0 clients=0
[ENGINE_PUB] STATS published=0 dropped=0 clients=0
[ENGINE_PUB] STATS published=0 dropped=0 clients=0
[ENGINE_PUB] STATS published=0 dropped=0 clients=0
[ENGINE_PUB] STATS published=0 dropped=0 clients=0
[ENGINE_PUB] STATS published=0 dropped=0 clients=0
[ENGINE_PUB] STATS published=0 dropped=0 clients=0
[ENGINE_PUB] STATS published=0 dropped=0 clients=0
[ENGINE_PUB] STATS published=0 dropped=0 clients=0
[ENGINE_PUB] STATS published=0 dropped=0 clients=0
[ENGINE_PUB] STATS published=0 dropped=0 clients=0
[ENGINE_PUB] STATS published=0 dropped=0 clients=0
[ENGINE_PUB] STATS published=0 dropped=0 clients=0
[ENGINE_PUB] STATS published=0 dropped=0 clients=0
[ENGINE_PUB] STATS published=0 dropped=0 clients=0
[ENGINE_PUB] STATS published=0 dropped=0 clients=0
[ENGINE_PUB] STATS published=0 dropped=0 clients=0
[ENGINE_PUB] STATS published=0 dropped=0 clients=0
[ENGINE_PUB] STATS published=0 dropped=0 clients=0
[ENGINE_PUB] STATS published=0 dropped=0 clients=0
[ENGINE_PUB] STATS published=0 dropped=0 clients=0
[ENGINE_PUB] STATS published=0 dropped=0 clients=0
[ENGINE_PUB] STATS published=0 dropped=0 clients=0
[ENGINE_PUB] STATS published=0 dropped=0 clients=0
[ENGINE_PUB] STATS published=0 dropped=0 clients=0
[ENGINE_PUB] STATS published=0 dropped=0 clients=0
[ENGINE_PUB] STATS published=0 dropped=0 clients=0
[ENGINE_PUB] STATS published=0 dropped=0 clients=0
[ENGINE_PUB] STATS published=0 dropped=0 clients=0
[ENGINE_PUB] STATS published=0 dropped=0 clients=0
[ENGINE_PUB] STATS published=0 dropped=0 clients=0
[ENGINE_PUB] STATS published=0 dropped=0 clients=0
[ENGINE_PUB] STATS published=0 dropped=0 clients=0
[ENGINE_PUB] STATS published=0 dropped=0 clients=0
[ENGINE_PUB] STATS published=0 dropped=0 clients=0
[ENGINE_PUB] STATS published=0 dropped=0 clients=0
[ENGINE_PUB] STATS published=0 dropped=0 clients=0
[ENGINE_PUB] STATS published=0 dropped=0 clients=0
[ENGINE_PUB] STATS published=0 dropped=0 clients=0
[ENGINE_PUB] STATS published=0 dropped=0 clients=0
[ENGINE_PUB] STATS published=0 dropped=0 clients=0
[ENGINE_PUB] STATS published=0 dropped=0 clients=0
[ENGINE_PUB] STATS published=0 dropped=0 clients=0
[ENGINE_PUB] STATS published=0 dropped=0 clients=0
[ENGINE_PUB] STATS published=0 dropped=0 clients=0
[ENGINE_PUB] STATS published=0 dropped=0 clients=0
[ENGINE_PUB] STATS published=0 dropped=0 clients=0
[ENGINE_PUB] STATS published=0 dropped=0 clients=0
[ENGINE_PUB] STATS published=0 dropped=0 clients=0
[ENGINE_PUB] STATS published=0 dropped=0 clients=0
[ENGINE_PUB] STATS published=0 dropped=0 clients=0
[ENGINE_PUB] STATS published=0 dropped=0 clients=0
[ENGINE_PUB] STATS published=0 dropped=0 clients=0
[ENGINE_PUB] STATS published=0 dropped=0 clients=0
[ENGINE_PUB] STATS published=0 dropped=0 clients=0
[ENGINE_PUB] STATS published=0 dropped=0 clients=0
[ENGINE_PUB] STATS published=0 dropped=0 clients=0
[ENGINE_PUB] STATS published=0 dropped=0 clients=0
[ENGINE_PUB] STATS published=0 dropped=0 clients=0
[ENGINE_PUB] STATS published=0 dropped=0 clients=0
[ENGINE_PUB] STATS published=0 dropped=0 clients=0
[ENGINE_PUB] STATS published=0 dropped=0 clients=0
[ENGINE_PUB] STATS published=0 dropped=0 clients=0
[ENGINE_PUB] STATS published=0 dropped=0 clients=0
[ENGINE_PUB] STATS published=0 dropped=0 clients=0
[ENGINE_PUB] STATS published=0 dropped=0 clients=0
[ENGINE_PUB] STATS published=0 dropped=0 clients=0
[ENGINE_PUB] STATS published=0 dropped=0 clients=0
[ENGINE_PUB] STATS published=0 dropped=0 clients=0
[ENGINE_PUB] STATS published=0 dropped=0 clients=0
[ENGINE_PUB] STATS published=0 dropped=0 clients=0
[ENGINE_PUB] STATS published=0 dropped=0 clients=0
[ENGINE_PUB] STATS published=0 dropped=0 clients=0
[ENGINE_PUB] STATS published=0 dropped=0 clients=0
[ENGINE_PUB] STATS published=0 dropped=0 clients=0
[ENGINE_PUB] STATS published=0 dropped=0 clients=0
[ENGINE_PUB] STATS published=0 dropped=0 clients=0
[ENGINE_PUB] STATS published=0 dropped=0 clients=0
[ENGINE_PUB] STATS published=0 dropped=0 clients=0
[ENGINE_PUB] STATS published=0 dropped=0 clients=0
[ENGINE_PUB] STATS published=0 dropped=0 clients=0
[ENGINE_PUB] STATS published=0 dropped=0 clients=0
[ENGINE_PUB] STATS published=0 dropped=0 clients=0
[ENGINE_PUB] STATS published=0 dropped=0 clients=0
[ENGINE_PUB] STATS published=0 dropped=0 clients=0
[ENGINE_PUB] STATS published=0 dropped=0 clients=0
[ENGINE_PUB] STATS published=0 dropped=0 clients=0
[ENGINE_PUB] STATS published=0 dropped=0 clients=0
[ENGINE_PUB] STATS published=0 dropped=0 clients=0
[ENGINE_PUB] STATS published=0 dropped=0 clients=0
[ENGINE_PUB] STATS published=0 dropped=0 clients=0
[ENGINE_PUB] STATS published=0 dropped=0 clients=0
[ENGINE_PUB] STATS published=0 dropped=0 clients=0
[ENGINE_PUB] STATS published=0 dropped=0 clients=0
[ENGINE_PUB] STATS published=0 dropped=0 clients=0
[ENGINE_PUB] STATS published=0 dropped=0 clients=0
[ENGINE_PUB] STATS published=0 dropped=0 clients=0
[ENGINE_PUB] STATS published=0 dropped=0 clients=0
[ENGINE_PUB] STATS published=0 dropped=0 clients=0
[ENGINE_PUB] STATS published=0 dropped=0 clients=0
[ENGINE_PUB] STATS published=0 dropped=0 clients=0
[ENGINE_PUB] STATS published=0 dropped=0 clients=0
[ENGINE_PUB] STATS published=0 dropped=0 clients=0
[ENGINE_PUB] STATS published=0 dropped=0 clients=0
[ENGINE_PUB] STATS published=0 dropped=0 clients=0
[ENGINE_PUB] STATS published=0 dropped=0 clients=0
[ENGINE_PUB] STATS published=0 dropped=0 clients=0
[ENGINE_PUB] STATS published=0 dropped=0 clients=0
[ENGINE_PUB] STATS published=0 dropped=0 clients=0
[ENGINE_PUB] STATS published=0 dropped=0 clients=0
[ENGINE_PUB] STATS published=0 dropped=0 clients=0
[ENGINE_PUB] STATS published=0 dropped=0 clients=0
[ENGINE_PUB] STATS published=0 dropped=0 clients=0
[ENGINE_PUB] STATS published=0 dropped=0 clients=0
[ENGINE_PUB] STATS published=0 dropped=0 clients=0
[ENGINE_PUB] STATS published=0 dropped=0 clients=0
[ENGINE_PUB] STATS published=0 dropped=0 clients=0
[ENGINE_PUB] STATS published=0 dropped=0 clients=0
[ENGINE_PUB] STATS published=0 dropped=0 clients=0
[ENGINE_PUB] STATS published=0 dropped=0 clients=0
[ENGINE_PUB] STATS published=0 dropped=0 clients=0
[ENGINE_PUB] STATS published=0 dropped=0 clients=0
[ENGINE_PUB] STATS published=0 dropped=0 clients=0
[ENGINE_PUB] STATS published=0 dropped=0 clients=0
[ENGINE_PUB] STATS published=0 dropped=0 clients=0
[ENGINE_PUB] STATS published=0 dropped=0 clients=0
[ENGINE_PUB] STATS published=0 dropped=0 clients=0
[ENGINE_PUB] STATS published=0 dropped=0 clients=0
[ENGINE_PUB] STATS published=0 dropped=0 clients=0
[ENGINE_PUB] STATS published=0 dropped=0 clients=0
[ENGINE_PUB] STATS published=0 dropped=0 clients=0
[ENGINE_PUB] STATS published=0 dropped=0 clients=0
[ENGINE_PUB] STATS published=0 dropped=0 clients=0
[ENGINE_PUB] STATS published=0 dropped=0 clients=0
[ENGINE_PUB] STATS published=0 dropped=0 clients=0
[ENGINE_PUB] STATS published=0 dropped=0 clients=0
[ENGINE_PUB] STATS published=0 dropped=0 clients=0
[ENGINE_PUB] STATS published=0 dropped=0 clients=0
[ENGINE_PUB] STATS published=0 dropped=0 clients=0
[ENGINE_PUB] STATS published=0 dropped=0 clients=0
[ENGINE_PUB] STATS published=0 dropped=0 clients=0
[ENGINE_PUB] STATS published=0 dropped=0 clients=0
[ENGINE_PUB] STATS published=0 dropped=0 clients=0
[ENGINE_PUB] STATS published=0 dropped=0 clients=0
[ENGINE_PUB] STATS published=0 dropped=0 clients=0
[ENGINE_PUB] STATS published=0 dropped=0 clients=0
[ENGINE_PUB] STATS published=0 dropped=0 clients=0
[ENGINE_PUB] STATS published=0 dropped=0 clients=0
[ENGINE_PUB] STATS published=0 dropped=0 clients=0
[ENGINE_PUB] STATS published=0 dropped=0 clients=0
[ENGINE_PUB] STATS published=0 dropped=0 clients=0
[ENGINE_PUB] STATS published=0 dropped=0 clients=0
[ENGINE_PUB] STATS published=0 dropped=0 clients=0
[ENGINE_PUB] STATS published=0 dropped=0 clients=0
[ENGINE_PUB] STATS published=0 dropped=0 clients=0
[ENGINE_PUB] STATS published=0 dropped=0 clients=0
[ENGINE_PUB] STATS published=0 dropped=0 clients=0
[ENGINE_PUB] STATS published=0 dropped=0 clients=0
[ENGINE_PUB] STATS published=0 dropped=0 clients=0
[ENGINE_PUB] STATS published=0 dropped=0 clients=0
[ENGINE_PUB] STATS published=0 dropped=0 clients=0
[ENGINE_PUB] STATS published=0 dropped=0 clients=0
[ENGINE_PUB] STATS published=0 dropped=0 clients=0
[ENGINE_PUB] STATS published=0 dropped=0 clients=0
[ENGINE_PUB] STATS published=0 dropped=0 clients=0
[ENGINE_PUB] STATS published=0 dropped=0 clients=0
[ENGINE_PUB] STATS published=0 dropped=0 clients=0
[ENGINE_PUB] STATS published=0 dropped=0 clients=0
[ENGINE_PUB] STATS published=0 dropped=0 clients=0
[ENGINE_PUB] STATS published=0 dropped=0 clients=0
[ENGINE_PUB] STATS published=0 dropped=0 clients=0
[ENGINE_PUB] STATS published=0 dropped=0 clients=0
[ENGINE_PUB] STATS published=0 dropped=0 clients=0
[ENGINE_PUB] STATS published=0 dropped=0 clients=0
[ENGINE_PUB] STATS published=0 dropped=0 clients=0
[ENGINE_PUB] STATS published=0 dropped=0 clients=0
[ENGINE_PUB] STATS published=0 dropped=0 clients=0
[ENGINE_PUB] STATS published=0 dropped=0 clients=0
[ENGINE_PUB] STATS published=0 dropped=0 clients=0
[ENGINE_PUB] STATS published=0 dropped=0 clients=0
[ENGINE_PUB] STATS published=0 dropped=0 clients=0
[ENGINE_PUB] STATS published=0 dropped=0 clients=0
[ENGINE_PUB] STATS published=0 dropped=0 clients=0
[ENGINE_PUB] STATS published=0 dropped=0 clients=0
[ENGINE_PUB] STATS published=0 dropped=0 clients=0
[ENGINE_PUB] STATS published=0 dropped=0 clients=0
[ENGINE_PUB] STATS published=0 dropped=0 clients=0
[ENGINE_PUB] STATS published=0 dropped=0 clients=0
[ENGINE_PUB] STATS published=0 dropped=0 clients=0
[ENGINE_PUB] STATS published=0 dropped=0 clients=0
[ENGINE_PUB] STATS published=0 dropped=0 clients=0
[ENGINE_PUB] STATS published=0 dropped=0 clients=0
[ENGINE_PUB] STATS published=0 dropped=0 clients=0
[ENGINE_PUB] STATS published=0 dropped=0 clients=0
[ENGINE_PUB] STATS published=0 dropped=0 clients=0
[ENGINE_PUB] STATS published=0 dropped=0 clients=0
[ENGINE_PUB] STATS published=0 dropped=0 clients=0
[ENGINE_PUB] STATS published=0 dropped=0 clients=0
[ENGINE_PUB] STATS published=0 dropped=0 clients=0
[ENGINE_PUB] STATS published=0 dropped=0 clients=0
[ENGINE_PUB] STATS published=0 dropped=0 clients=0
[ENGINE_PUB] STATS published=0 dropped=0 clients=0
[ENGINE_PUB] STATS published=0 dropped=0 clients=0
[ENGINE_PUB] STATS published=0 dropped=0 clients=0
[ENGINE_PUB] STATS published=0 dropped=0 clients=0
[ENGINE_PUB] STATS published=0 dropped=0 clients=0
[ENGINE_PUB] STATS published=0 dropped=0 clients=0
[ENGINE_PUB] STATS published=0 dropped=0 clients=0
[ENGINE_PUB] STATS published=0 dropped=0 clients=0
[ENGINE_PUB] STATS published=0 dropped=0 clients=0
[ENGINE_PUB] STATS published=0 dropped=0 clients=0
[ENGINE_PUB] STATS published=0 dropped=0 clients=0
[ENGINE_PUB] STATS published=0 dropped=0 clients=0
[ENGINE_PUB] STATS published=0 dropped=0 clients=0
[ENGINE_PUB] STATS published=0 dropped=0 clients=0
[ENGINE_PUB] STATS published=0 dropped=0 clients=0
[ENGINE_PUB] STATS published=0 dropped=0 clients=0
[ENGINE_PUB] STATS published=0 dropped=0 clients=0
[ENGINE_PUB] STATS published=0 dropped=0 clients=0
[ENGINE_PUB] STATS published=0 dropped=0 clients=0
[ENGINE_PUB] STATS published=0 dropped=0 clients=0
[ENGINE_PUB] STATS published=0 dropped=0 clients=0
[ENGINE_PUB] STATS published=0 dropped=0 clients=0
[ENGINE_PUB] STATS published=0 dropped=0 clients=0
[ENGINE_PUB] STATS published=0 dropped=0 clients=0
[ENGINE_PUB] STATS published=0 dropped=0 clients=0
[ENGINE_PUB] STATS published=0 dropped=0 clients=0
[ENGINE_PUB] STATS published=0 dropped=0 clients=0
[ENGINE_PUB] STATS published=0 dropped=0 clients=0
[ENGINE_PUB] STATS published=0 dropped=0 clients=0
[ENGINE_PUB] STATS published=0 dropped=0 clients=0
[ENGINE_PUB] STATS published=0 dropped=0 clients=0
[ENGINE_PUB] STATS published=0 dropped=0 clients=0
[ENGINE_PUB] STATS published=0 dropped=0 clients=0
[ENGINE_PUB] STATS published=0 dropped=0 clients=0
[ENGINE_PUB] STATS published=0 dropped=0 clients=0
[ENGINE_PUB] STATS published=0 dropped=0 clients=0
[ENGINE_PUB] STATS published=0 dropped=0 clients=0
[ENGINE_PUB] STATS published=0 dropped=0 clients=0
[ENGINE_PUB] STATS published=0 dropped=0 clients=0
[ENGINE_PUB] STATS published=0 dropped=0 clients=0
[ENGINE_PUB] STATS published=0 dropped=0 clients=0
[ENGINE_PUB] STATS published=0 dropped=0 clients=0
[ENGINE_PUB] STATS published=0 dropped=0 clients=0
[ENGINE_PUB] STATS published=0 dropped=0 clients=0
[ENGINE_PUB] STATS published=0 dropped=0 clients=0
[ENGINE_PUB] STATS published=0 dropped=0 clients=0
[ENGINE_PUB] STATS published=0 dropped=0 clients=0
[ENGINE_PUB] STATS published=0 dropped=0 clients=0
[ENGINE_PUB] STATS published=0 dropped=0 clients=0
[ENGINE_PUB] STATS published=0 dropped=0 clients=0
[ENGINE_PUB] STATS published=0 dropped=0 clients=0
[ENGINE_PUB] STATS published=0 dropped=0 clients=0
[ENGINE_PUB] STATS published=0 dropped=0 clients=0
[ENGINE_PUB] STATS published=0 dropped=0 clients=0
[ENGINE_PUB] STATS published=0 dropped=0 clients=0
[ENGINE_PUB] STATS published=0 dropped=0 clients=0
[ENGINE_PUB] STATS published=0 dropped=0 clients=0
[ENGINE_PUB] STATS published=0 dropped=0 clients=0
[ENGINE_PUB] STATS published=0 dropped=0 clients=0
[ENGINE_PUB] STATS published=0 dropped=0 clients=0
[ENGINE_PUB] STATS published=0 dropped=0 clients=0
[ENGINE_PUB] STATS published=0 dropped=0 clients=0
[ENGINE_PUB] STATS published=0 dropped=0 clients=0
[ENGINE_PUB] STATS published=0 dropped=0 clients=0
[ENGINE_PUB] STATS published=0 dropped=0 clients=0
[ENGINE_PUB] STATS published=0 dropped=0 clients=0
[ENGINE_PUB] STATS published=0 dropped=0 clients=0
[ENGINE_PUB] STATS published=0 dropped=0 clients=0
[ENGINE_PUB] STATS published=0 dropped=0 clients=0
[ENGINE_PUB] STATS published=0 dropped=0 clients=0
[ENGINE_PUB] STATS published=0 dropped=0 clients=0
[ENGINE_PUB] STATS published=0 dropped=0 clients=0
[ENGINE_PUB] STATS published=0 dropped=0 clients=0
[ENGINE_PUB] STATS published=0 dropped=0 clients=0
[ENGINE_PUB] STATS published=0 dropped=0 clients=0
[ENGINE_PUB] STATS published=0 dropped=0 clients=0
[ENGINE_PUB] STATS published=0 dropped=0 clients=0
[ENGINE_PUB] STATS published=0 dropped=0 clients=0
[ENGINE_PUB] STATS published=0 dropped=0 clients=0
[ENGINE_PUB] STATS published=0 dropped=0 clients=0
[ENGINE_PUB] STATS published=0 dropped=0 clients=0
[ENGINE_PUB] STATS published=0 dropped=0 clients=0
[ENGINE_PUB] STATS published=0 dropped=0 clients=0
[ENGINE_PUB] STATS published=0 dropped=0 clients=0
[ENGINE_PUB] STATS published=0 dropped=0 clients=0
[ENGINE_PUB] STATS published=0 dropped=0 clients=0
[ENGINE_PUB] STATS published=0 dropped=0 clients=0
[ENGINE_PUB] STATS published=0 dropped=0 clients=0
[ENGINE_PUB] STATS published=0 dropped=0 clients=0
[ENGINE_PUB] STATS published=0 dropped=0 clients=0
[ENGINE_PUB] STATS published=0 dropped=0 clients=0
[ENGINE_PUB] STATS published=0 dropped=0 clients=0
[ENGINE_PUB] STATS published=0 dropped=0 clients=0
[ENGINE_PUB] STATS published=0 dropped=0 clients=0
[ENGINE_PUB] STATS published=0 dropped=0 clients=0
[ENGINE_PUB] STATS published=0 dropped=0 clients=0
[ENGINE_PUB] STATS published=0 dropped=0 clients=0
[ENGINE_PUB] STATS published=0 dropped=0 clients=0
[ENGINE_PUB] STATS published=0 dropped=0 clients=0
[ENGINE_PUB] STATS published=0 dropped=0 clients=0
[ENGINE_PUB] STATS published=0 dropped=0 clients=0
[ENGINE_PUB] STATS published=0 dropped=0 clients=0
[ENGINE_PUB] STATS published=0 dropped=0 clients=0
[ENGINE_PUB] STATS published=0 dropped=0 clients=0
[ENGINE_PUB] STATS published=0 dropped=0 clients=0
[ENGINE_PUB] STATS published=0 dropped=0 clients=0
[ENGINE_PUB] STATS published=0 dropped=0 clients=0
[ENGINE_PUB] STATS published=0 dropped=0 clients=0
[ENGINE_PUB] STATS published=0 dropped=0 clients=0
[ENGINE_PUB] STATS published=0 dropped=0 clients=0
[ENGINE_PUB] STATS published=0 dropped=0 clients=0
[ENGINE_PUB] STATS published=0 dropped=0 clients=0
[ENGINE_PUB] STATS published=0 dropped=0 clients=0
[ENGINE_PUB] STATS published=0 dropped=0 clients=0
[ENGINE_PUB] STATS published=0 dropped=0 clients=0
[ENGINE_PUB] STATS published=0 dropped=0 clients=0
[ENGINE_PUB] STATS published=0 dropped=0 clients=0
[ENGINE_PUB] STATS published=0 dropped=0 clients=0
[ENGINE_PUB] STATS published=0 dropped=0 clients=0
[ENGINE_PUB] STATS published=0 dropped=0 clients=0
