Wrote: /Users/duffy/warrior_bot_v2/cowork_reports/2026-07-14_abc_daily_report.md
# A/B/C Daily Report — 2026-07-14

Per `cowork_reports/2026-05-23_live_abc_fade_gate_test_directive.md`.

⚠️ **DATA QUALITY DEGRADED** — one or more symbols had `DIRECT_QUERY_WEDGE` audit events today. Variant comparison below reflects partial data. See Data Quality Audit section.

## Account / log snapshot

| Variant | Label | Equity | Day P&L | Day orders (buy/total) | Log entries | Gate blocks | Regime triggers |
|---|---|---:|---:|---:|---:|---:|---:|
| A | FIRESTORM-gate | +$1,744.65 | -$267.84 | 1 / 2 | 1 | 1 | 1 |
| B | FIRESTORM-gate + Track A | err: {"message": "unautho | err: {"message": "unautho | err: {"message": "unautho | — | — | — |
| C | REENTRY-loss-gate | +$1,724.58 | -$272.23 | 1 / 2 | 1 | 0 | 1 |

### Variant A — FIRESTORM-gate

- MOVE_STRIKE entries: 0
- REGIME_SHIFT entries: 1
- Exits: 1
- Regime-shift partials fired: 0
- Fade-gate blocks: 0 (0 unique symbols)
- FIRESTORM-gate blocks: 1 (1 unique symbols)
- Symbols traded: NXTC

### Variant B — FIRESTORM-gate + Track A

- log error: `no_log` (path: `/Users/duffy/warrior_bot_v2/logs/2026-07-14_move_strike_subbot_B.log`)

### Variant C — REENTRY-loss-gate

- MOVE_STRIKE entries: 0
- REGIME_SHIFT entries: 1
- Exits: 1
- Regime-shift partials fired: 0
- Fade-gate blocks: 0 (0 unique symbols)
- Symbols traded: NXTC

## Data Quality Audit

- Audit lines parsed: 1498
- Symbols flagged HEURISTIC_SUSPECT: 1
- Symbols with DIRECT_QUERY_WEDGE events: 1

| Symbol | OK | Suspect | Wedge | Min obs/truth | Last obs vs truth |
|---|---:|---:|---:|---:|---|
| LEDS | 606 | 12 | 1 | 0.000 | 2572 / 1892 |

## Running totals (cumulative)

| Variant | Days | Cumulative P&L |
|---|---:|---:|
| A | 36 | +$2,069.17 |
| B | 36 | -$4,183.34 |
| C | 36 | +$238.65 |

