[MOVE_SUB_A] Alpaca PAPER connected — account=PA3RRCLS7OMI equity=$4,589
[MOVE_SUB_A] starting consume loop
[MOVE_SUB_A] [04:00:37] connected to engine (/tmp/warrior_engine.sock) attempt=1
[MOVE_SUB_A] [04:01:38] STATS ticks=0 symbols=0 pos=no daily_pnl=+0 drops=0
[MOVE_SUB_A] [04:02:39] STATS ticks=0 symbols=0 pos=no daily_pnl=+0 drops=0
[MOVE_SUB_A] [04:03:39] STATS ticks=0 symbols=0 pos=no daily_pnl=+0 drops=0
[MOVE_SUB_A] [04:04:40] STATS ticks=0 symbols=0 pos=no daily_pnl=+0 drops=0
[MOVE_SUB_A] [04:05:41] STATS ticks=0 symbols=0 pos=no daily_pnl=+0 drops=0
[MOVE_SUB_A] [04:06:42] STATS ticks=0 symbols=0 pos=no daily_pnl=+0 drops=0
[MOVE_SUB_A] [04:07:43] STATS ticks=0 symbols=0 pos=no daily_pnl=+0 drops=0
[MOVE_SUB_A] [04:08:45] STATS ticks=0 symbols=0 pos=no daily_pnl=+0 drops=0
[MOVE_SUB_A] [04:09:46] STATS ticks=0 symbols=0 pos=no daily_pnl=+0 drops=0
[MOVE_SUB_A] [04:10:48] STATS ticks=0 symbols=0 pos=no daily_pnl=+0 drops=0
[MOVE_SUB_A] [04:11:49] STATS ticks=0 symbols=0 pos=no daily_pnl=+0 drops=0
[MOVE_SUB_A] [04:12:50] STATS ticks=0 symbols=0 pos=no daily_pnl=+0 drops=0
[MOVE_SUB_A] [04:13:52] STATS ticks=0 symbols=0 pos=no daily_pnl=+0 drops=0
[MOVE_SUB_A] [04:14:53] STATS ticks=0 symbols=0 pos=no daily_pnl=+0 drops=0
[MOVE_SUB_A] [04:15:55] STATS ticks=0 symbols=0 pos=no daily_pnl=+0 drops=0
[MOVE_SUB_A] [04:16:56] STATS ticks=0 symbols=0 pos=no daily_pnl=+0 drops=0
[MOVE_SUB_A] [04:17:58] STATS ticks=0 symbols=0 pos=no daily_pnl=+0 drops=0
[MOVE_SUB_A] [04:18:59] STATS ticks=0 symbols=0 pos=no daily_pnl=+0 drops=0
[MOVE_SUB_A] [04:20:00] STATS ticks=0 symbols=0 pos=no daily_pnl=+0 drops=0
[MOVE_SUB_A] [04:21:01] STATS ticks=0 symbols=0 pos=no daily_pnl=+0 drops=0
[MOVE_SUB_A] [04:22:02] STATS ticks=0 symbols=0 pos=no daily_pnl=+0 drops=0
[MOVE_SUB_A] [04:23:04] STATS ticks=0 symbols=0 pos=no daily_pnl=+0 drops=0
[MOVE_SUB_A] [04:24:05] STATS ticks=0 symbols=0 pos=no daily_pnl=+0 drops=0
[MOVE_SUB_A] [04:25:06] STATS ticks=0 symbols=0 pos=no daily_pnl=+0 drops=0
[MOVE_SUB_A] [04:26:08] STATS ticks=0 symbols=0 pos=no daily_pnl=+0 drops=0
[MOVE_SUB_A] [04:27:09] STATS ticks=0 symbols=0 pos=no daily_pnl=+0 drops=0
[MOVE_SUB_A] [04:28:11] STATS ticks=0 symbols=0 pos=no daily_pnl=+0 drops=0
[MOVE_SUB_A] [04:29:12] STATS ticks=0 symbols=0 pos=no daily_pnl=+0 drops=0
[MOVE_SUB_A] [04:30:13] STATS ticks=0 symbols=0 pos=no daily_pnl=+0 drops=0
[MOVE_SUB_A] [04:31:15] STATS ticks=0 symbols=0 pos=no daily_pnl=+0 drops=0
[MOVE_SUB_A] [04:32:16] STATS ticks=0 symbols=0 pos=no daily_pnl=+0 drops=0
[MOVE_SUB_A] [04:33:17] STATS ticks=0 symbols=0 pos=no daily_pnl=+0 drops=0
[MOVE_SUB_A] [04:34:19] STATS ticks=0 symbols=0 pos=no daily_pnl=+0 drops=0
[MOVE_SUB_A] [04:35:20] STATS ticks=0 symbols=0 pos=no daily_pnl=+0 drops=0
[MOVE_SUB_A] [04:36:22] STATS ticks=0 symbols=0 pos=no daily_pnl=+0 drops=0
[MOVE_SUB_A] [04:37:23] STATS ticks=0 symbols=0 pos=no daily_pnl=+0 drops=0
[MOVE_SUB_A] [04:38:24] STATS ticks=0 symbols=0 pos=no daily_pnl=+0 drops=0
[MOVE_SUB_A] [04:39:26] STATS ticks=0 symbols=0 pos=no daily_pnl=+0 drops=0
[MOVE_SUB_A] [04:40:27] STATS ticks=0 symbols=0 pos=no daily_pnl=+0 drops=0
[MOVE_SUB_A] [04:41:28] STATS ticks=0 symbols=0 pos=no daily_pnl=+0 drops=0
[MOVE_SUB_A] [04:42:30] STATS ticks=0 symbols=0 pos=no daily_pnl=+0 drops=0
[MOVE_SUB_A] [04:43:31] STATS ticks=0 symbols=0 pos=no daily_pnl=+0 drops=0
[MOVE_SUB_A] [04:44:33] STATS ticks=0 symbols=0 pos=no daily_pnl=+0 drops=0
[MOVE_SUB_A] [04:45:34] STATS ticks=0 symbols=0 pos=no daily_pnl=+0 drops=0
[MOVE_SUB_A] [04:46:36] STATS ticks=0 symbols=0 pos=no daily_pnl=+0 drops=0
[MOVE_SUB_A] [04:47:37] STATS ticks=0 symbols=0 pos=no daily_pnl=+0 drops=0
[MOVE_SUB_A] [04:48:38] STATS ticks=0 symbols=0 pos=no daily_pnl=+0 drops=0
[MOVE_SUB_A] [04:49:40] STATS ticks=0 symbols=0 pos=no daily_pnl=+0 drops=0
[MOVE_SUB_A] [04:50:41] STATS ticks=0 symbols=0 pos=no daily_pnl=+0 drops=0
[MOVE_SUB_A] [04:51:42] STATS ticks=0 symbols=0 pos=no daily_pnl=+0 drops=0
[MOVE_SUB_A] [04:52:44] STATS ticks=0 symbols=0 pos=no daily_pnl=+0 drops=0
[MOVE_SUB_A] [04:53:46] STATS ticks=0 symbols=0 pos=no daily_pnl=+0 drops=0
[MOVE_SUB_A] [04:54:47] STATS ticks=0 symbols=0 pos=no daily_pnl=+0 drops=0
[MOVE_SUB_A] [04:55:48] STATS ticks=0 symbols=0 pos=no daily_pnl=+0 drops=0
[MOVE_SUB_A] [04:56:50] STATS ticks=0 symbols=0 pos=no daily_pnl=+0 drops=0
[MOVE_SUB_A] [04:57:51] STATS ticks=0 symbols=0 pos=no daily_pnl=+0 drops=0
[MOVE_SUB_A] [04:58:53] STATS ticks=0 symbols=0 pos=no daily_pnl=+0 drops=0
[MOVE_SUB_A] [04:59:54] STATS ticks=0 symbols=0 pos=no daily_pnl=+0 drops=0
[MOVE_SUB_A] [05:00:55] STATS ticks=0 symbols=0 pos=no daily_pnl=+0 drops=0
[MOVE_SUB_A] [05:01:57] STATS ticks=0 symbols=0 pos=no daily_pnl=+0 drops=0
[MOVE_SUB_A] [05:02:58] STATS ticks=0 symbols=0 pos=no daily_pnl=+0 drops=0
[MOVE_SUB_A] [05:04:00] STATS ticks=0 symbols=0 pos=no daily_pnl=+0 drops=0
[MOVE_SUB_A] [05:05:01] STATS ticks=0 symbols=0 pos=no daily_pnl=+0 drops=0
[MOVE_SUB_A] [05:06:03] STATS ticks=0 symbols=0 pos=no daily_pnl=+0 drops=0
[MOVE_SUB_A] [05:07:04] STATS ticks=0 symbols=0 pos=no daily_pnl=+0 drops=0
[MOVE_SUB_A] [05:08:05] STATS ticks=0 symbols=0 pos=no daily_pnl=+0 drops=0
[MOVE_SUB_A] [05:09:07] STATS ticks=0 symbols=0 pos=no daily_pnl=+0 drops=0
[MOVE_SUB_A] [05:10:09] STATS ticks=0 symbols=0 pos=no daily_pnl=+0 drops=0
[MOVE_SUB_A] [05:11:10] STATS ticks=0 symbols=0 pos=no daily_pnl=+0 drops=0
[MOVE_SUB_A] [05:12:11] STATS ticks=0 symbols=0 pos=no daily_pnl=+0 drops=0
[MOVE_SUB_A] [05:13:12] STATS ticks=0 symbols=0 pos=no daily_pnl=+0 drops=0
[MOVE_SUB_A] [05:14:13] STATS ticks=0 symbols=0 pos=no daily_pnl=+0 drops=0
[MOVE_SUB_A] [05:15:15] STATS ticks=0 symbols=0 pos=no daily_pnl=+0 drops=0
[MOVE_SUB_A] [05:16:16] STATS ticks=0 symbols=0 pos=no daily_pnl=+0 drops=0
[MOVE_SUB_A] [05:17:17] STATS ticks=0 symbols=0 pos=no daily_pnl=+0 drops=0
[MOVE_SUB_A] [05:18:19] STATS ticks=0 symbols=0 pos=no daily_pnl=+0 drops=0
[MOVE_SUB_A] [05:19:20] STATS ticks=0 symbols=0 pos=no daily_pnl=+0 drops=0
[MOVE_SUB_A] [05:20:22] STATS ticks=0 symbols=0 pos=no daily_pnl=+0 drops=0
[MOVE_SUB_A] [05:21:23] STATS ticks=0 symbols=0 pos=no daily_pnl=+0 drops=0
[MOVE_SUB_A] [05:22:25] STATS ticks=0 symbols=0 pos=no daily_pnl=+0 drops=0
[MOVE_SUB_A] [05:23:26] STATS ticks=0 symbols=0 pos=no daily_pnl=+0 drops=0
[MOVE_SUB_A] [05:24:27] STATS ticks=0 symbols=0 pos=no daily_pnl=+0 drops=0
[MOVE_SUB_A] [05:25:29] STATS ticks=0 symbols=0 pos=no daily_pnl=+0 drops=0
[MOVE_SUB_A] [05:26:30] STATS ticks=0 symbols=0 pos=no daily_pnl=+0 drops=0
[MOVE_SUB_A] [05:27:31] STATS ticks=0 symbols=0 pos=no daily_pnl=+0 drops=0
[MOVE_SUB_A] [05:28:33] STATS ticks=0 symbols=0 pos=no daily_pnl=+0 drops=0
[MOVE_SUB_A] [05:29:34] STATS ticks=0 symbols=0 pos=no daily_pnl=+0 drops=0
[MOVE_SUB_A] [05:30:35] STATS ticks=0 symbols=0 pos=no daily_pnl=+0 drops=0
[MOVE_SUB_A] [05:31:36] STATS ticks=0 symbols=0 pos=no daily_pnl=+0 drops=0
[MOVE_SUB_A] [05:32:38] STATS ticks=0 symbols=0 pos=no daily_pnl=+0 drops=0
[MOVE_SUB_A] [05:33:39] STATS ticks=0 symbols=0 pos=no daily_pnl=+0 drops=0
[MOVE_SUB_A] [05:34:41] STATS ticks=0 symbols=0 pos=no daily_pnl=+0 drops=0
[MOVE_SUB_A] [05:35:42] STATS ticks=0 symbols=0 pos=no daily_pnl=+0 drops=0
[MOVE_SUB_A] [05:36:44] STATS ticks=0 symbols=0 pos=no daily_pnl=+0 drops=0
[MOVE_SUB_A] [05:37:45] STATS ticks=0 symbols=0 pos=no daily_pnl=+0 drops=0
[MOVE_SUB_A] [05:38:46] STATS ticks=0 symbols=0 pos=no daily_pnl=+0 drops=0
[MOVE_SUB_A] [05:39:47] STATS ticks=0 symbols=0 pos=no daily_pnl=+0 drops=0
[MOVE_SUB_A] [05:40:49] STATS ticks=0 symbols=0 pos=no daily_pnl=+0 drops=0
[MOVE_SUB_A] [05:41:50] STATS ticks=0 symbols=0 pos=no daily_pnl=+0 drops=0
[MOVE_SUB_A] [05:42:51] STATS ticks=0 symbols=0 pos=no daily_pnl=+0 drops=0
[MOVE_SUB_A] [05:43:53] STATS ticks=0 symbols=0 pos=no daily_pnl=+0 drops=0
[MOVE_SUB_A] [05:44:54] STATS ticks=0 symbols=0 pos=no daily_pnl=+0 drops=0
[MOVE_SUB_A] [05:45:56] STATS ticks=0 symbols=0 pos=no daily_pnl=+0 drops=0
[MOVE_SUB_A] [05:46:57] STATS ticks=0 symbols=0 pos=no daily_pnl=+0 drops=0
[MOVE_SUB_A] [05:47:58] STATS ticks=0 symbols=0 pos=no daily_pnl=+0 drops=0
[MOVE_SUB_A] [05:49:00] STATS ticks=0 symbols=0 pos=no daily_pnl=+0 drops=0
[MOVE_SUB_A] [05:50:01] STATS ticks=0 symbols=0 pos=no daily_pnl=+0 drops=0
[MOVE_SUB_A] [05:51:02] STATS ticks=0 symbols=0 pos=no daily_pnl=+0 drops=0
[MOVE_SUB_A] [05:52:04] STATS ticks=0 symbols=0 pos=no daily_pnl=+0 drops=0
[MOVE_SUB_A] [05:53:05] STATS ticks=0 symbols=0 pos=no daily_pnl=+0 drops=0
[MOVE_SUB_A] [05:54:06] STATS ticks=0 symbols=0 pos=no daily_pnl=+0 drops=0
[MOVE_SUB_A] [05:55:08] STATS ticks=0 symbols=0 pos=no daily_pnl=+0 drops=0
[MOVE_SUB_A] [05:56:09] STATS ticks=0 symbols=0 pos=no daily_pnl=+0 drops=0
[MOVE_SUB_A] [05:57:10] STATS ticks=0 symbols=0 pos=no daily_pnl=+0 drops=0
[MOVE_SUB_A] [05:58:11] STATS ticks=0 symbols=0 pos=no daily_pnl=+0 drops=0
[MOVE_SUB_A] [05:59:12] STATS ticks=0 symbols=0 pos=no daily_pnl=+0 drops=0
[MOVE_SUB_A] [06:00:14] STATS ticks=0 symbols=0 pos=no daily_pnl=+0 drops=0
[MOVE_SUB_A] [06:01:15] STATS ticks=0 symbols=0 pos=no daily_pnl=+0 drops=0
[MOVE_SUB_A] [06:02:16] STATS ticks=0 symbols=0 pos=no daily_pnl=+0 drops=0
[MOVE_SUB_A] [06:03:18] STATS ticks=0 symbols=0 pos=no daily_pnl=+0 drops=0
[MOVE_SUB_A] [06:04:19] STATS ticks=0 symbols=0 pos=no daily_pnl=+0 drops=0
[MOVE_SUB_A] [06:05:21] STATS ticks=0 symbols=0 pos=no daily_pnl=+0 drops=0
[MOVE_SUB_A] [06:06:22] STATS ticks=0 symbols=0 pos=no daily_pnl=+0 drops=0
[MOVE_SUB_A] [06:07:23] STATS ticks=0 symbols=0 pos=no daily_pnl=+0 drops=0
[MOVE_SUB_A] [06:08:24] STATS ticks=0 symbols=0 pos=no daily_pnl=+0 drops=0
[MOVE_SUB_A] [06:09:25] STATS ticks=0 symbols=0 pos=no daily_pnl=+0 drops=0
[MOVE_SUB_A] [06:10:27] STATS ticks=0 symbols=0 pos=no daily_pnl=+0 drops=0
[MOVE_SUB_A] [06:11:28] STATS ticks=0 symbols=0 pos=no daily_pnl=+0 drops=0
[MOVE_SUB_A] [06:12:30] STATS ticks=0 symbols=0 pos=no daily_pnl=+0 drops=0
[MOVE_SUB_A] [06:13:31] STATS ticks=0 symbols=0 pos=no daily_pnl=+0 drops=0
[MOVE_SUB_A] [06:14:32] STATS ticks=0 symbols=0 pos=no daily_pnl=+0 drops=0
[MOVE_SUB_A] [06:15:34] STATS ticks=0 symbols=0 pos=no daily_pnl=+0 drops=0
[MOVE_SUB_A] [06:16:34] STATS ticks=0 symbols=0 pos=no daily_pnl=+0 drops=0
[MOVE_SUB_A] [06:17:36] STATS ticks=0 symbols=0 pos=no daily_pnl=+0 drops=0
[MOVE_SUB_A] [06:18:37] STATS ticks=0 symbols=0 pos=no daily_pnl=+0 drops=0
[MOVE_SUB_A] [06:19:39] STATS ticks=0 symbols=0 pos=no daily_pnl=+0 drops=0
[MOVE_SUB_A] [06:20:40] STATS ticks=0 symbols=0 pos=no daily_pnl=+0 drops=0
[MOVE_SUB_A] [06:21:42] STATS ticks=0 symbols=0 pos=no daily_pnl=+0 drops=0
[MOVE_SUB_A] [06:22:43] STATS ticks=0 symbols=0 pos=no daily_pnl=+0 drops=0
[MOVE_SUB_A] [06:23:44] STATS ticks=0 symbols=0 pos=no daily_pnl=+0 drops=0
[MOVE_SUB_A] [06:24:46] STATS ticks=0 symbols=0 pos=no daily_pnl=+0 drops=0
[MOVE_SUB_A] [06:25:47] STATS ticks=0 symbols=0 pos=no daily_pnl=+0 drops=0
[MOVE_SUB_A] [06:26:48] STATS ticks=0 symbols=0 pos=no daily_pnl=+0 drops=0
[MOVE_SUB_A] [06:27:49] STATS ticks=0 symbols=0 pos=no daily_pnl=+0 drops=0
[MOVE_SUB_A] [06:28:51] STATS ticks=0 symbols=0 pos=no daily_pnl=+0 drops=0
[MOVE_SUB_A] [06:29:52] STATS ticks=0 symbols=0 pos=no daily_pnl=+0 drops=0
[MOVE_SUB_A] [06:30:53] STATS ticks=0 symbols=0 pos=no daily_pnl=+0 drops=0
[MOVE_SUB_A] [06:31:54] STATS ticks=0 symbols=0 pos=no daily_pnl=+0 drops=0
[MOVE_SUB_A] [06:32:56] STATS ticks=0 symbols=0 pos=no daily_pnl=+0 drops=0
[MOVE_SUB_A] [06:33:57] STATS ticks=0 symbols=0 pos=no daily_pnl=+0 drops=0
[MOVE_SUB_A] [06:34:59] STATS ticks=0 symbols=0 pos=no daily_pnl=+0 drops=0
[MOVE_SUB_A] [06:36:00] STATS ticks=0 symbols=0 pos=no daily_pnl=+0 drops=0
[MOVE_SUB_A] [06:37:01] STATS ticks=0 symbols=0 pos=no daily_pnl=+0 drops=0
[MOVE_SUB_A] [06:38:03] STATS ticks=0 symbols=0 pos=no daily_pnl=+0 drops=0
[MOVE_SUB_A] [06:39:04] STATS ticks=0 symbols=0 pos=no daily_pnl=+0 drops=0
[MOVE_SUB_A] [06:40:05] STATS ticks=0 symbols=0 pos=no daily_pnl=+0 drops=0
[MOVE_SUB_A] [06:41:07] STATS ticks=0 symbols=0 pos=no daily_pnl=+0 drops=0
[MOVE_SUB_A] [06:42:08] STATS ticks=0 symbols=0 pos=no daily_pnl=+0 drops=0
[MOVE_SUB_A] [06:43:10] STATS ticks=0 symbols=0 pos=no daily_pnl=+0 drops=0
[MOVE_SUB_A] [06:44:12] STATS ticks=0 symbols=0 pos=no daily_pnl=+0 drops=0
[MOVE_SUB_A] [06:45:13] STATS ticks=0 symbols=0 pos=no daily_pnl=+0 drops=0
[MOVE_SUB_A] [06:46:15] STATS ticks=0 symbols=0 pos=no daily_pnl=+0 drops=0
[MOVE_SUB_A] [06:47:16] STATS ticks=0 symbols=0 pos=no daily_pnl=+0 drops=0
[MOVE_SUB_A] [06:48:17] STATS ticks=0 symbols=0 pos=no daily_pnl=+0 drops=0
[MOVE_SUB_A] [06:49:19] STATS ticks=0 symbols=0 pos=no daily_pnl=+0 drops=0
[MOVE_SUB_A] [06:50:20] STATS ticks=0 symbols=0 pos=no daily_pnl=+0 drops=0
[MOVE_SUB_A] [06:51:21] STATS ticks=0 symbols=0 pos=no daily_pnl=+0 drops=0
[MOVE_SUB_A] [06:52:22] STATS ticks=0 symbols=0 pos=no daily_pnl=+0 drops=0
[MOVE_SUB_A] [06:53:24] STATS ticks=0 symbols=0 pos=no daily_pnl=+0 drops=0
[MOVE_SUB_A] [06:54:25] STATS ticks=0 symbols=0 pos=no daily_pnl=+0 drops=0
[MOVE_SUB_A] [06:55:26] STATS ticks=0 symbols=0 pos=no daily_pnl=+0 drops=0
[MOVE_SUB_A] [06:56:28] STATS ticks=0 symbols=0 pos=no daily_pnl=+0 drops=0
[MOVE_SUB_A] [06:57:29] STATS ticks=0 symbols=0 pos=no daily_pnl=+0 drops=0
[MOVE_SUB_A] [06:58:30] STATS ticks=0 symbols=0 pos=no daily_pnl=+0 drops=0
[MOVE_SUB_A] [06:59:32] STATS ticks=0 symbols=0 pos=no daily_pnl=+0 drops=0
[MOVE_SUB_A] [07:00:33] STATS ticks=0 symbols=0 pos=no daily_pnl=+0 drops=0
[MOVE_SUB_A] [07:01:34] STATS ticks=0 symbols=0 pos=no daily_pnl=+0 drops=0
[MOVE_SUB_A] [07:02:35] STATS ticks=0 symbols=0 pos=no daily_pnl=+0 drops=0
[MOVE_SUB_A] [07:03:37] STATS ticks=0 symbols=0 pos=no daily_pnl=+0 drops=0
[MOVE_SUB_A] [07:04:38] STATS ticks=0 symbols=0 pos=no daily_pnl=+0 drops=0
[MOVE_SUB_A] [07:05:39] STATS ticks=0 symbols=0 pos=no daily_pnl=+0 drops=0
[MOVE_SUB_A] [07:06:41] STATS ticks=0 symbols=0 pos=no daily_pnl=+0 drops=0
[MOVE_SUB_A] [07:07:42] STATS ticks=0 symbols=0 pos=no daily_pnl=+0 drops=0
[MOVE_SUB_A] [07:08:43] STATS ticks=0 symbols=0 pos=no daily_pnl=+0 drops=0
[MOVE_SUB_A] [07:09:45] STATS ticks=0 symbols=0 pos=no daily_pnl=+0 drops=0
[MOVE_SUB_A] [07:10:46] STATS ticks=0 symbols=0 pos=no daily_pnl=+0 drops=0
[MOVE_SUB_A] [07:11:48] STATS ticks=0 symbols=0 pos=no daily_pnl=+0 drops=0
[MOVE_SUB_A] [07:12:49] STATS ticks=0 symbols=0 pos=no daily_pnl=+0 drops=0
[MOVE_SUB_A] [07:13:51] STATS ticks=0 symbols=0 pos=no daily_pnl=+0 drops=0
[MOVE_SUB_A] [07:14:52] STATS ticks=0 symbols=0 pos=no daily_pnl=+0 drops=0
[MOVE_SUB_A] [07:15:53] STATS ticks=0 symbols=0 pos=no daily_pnl=+0 drops=0
[MOVE_SUB_A] [07:16:54] STATS ticks=0 symbols=0 pos=no daily_pnl=+0 drops=0
[MOVE_SUB_A] [07:17:56] STATS ticks=0 symbols=0 pos=no daily_pnl=+0 drops=0
[MOVE_SUB_A] [07:18:57] STATS ticks=0 symbols=0 pos=no daily_pnl=+0 drops=0
[MOVE_SUB_A] [07:19:59] STATS ticks=0 symbols=0 pos=no daily_pnl=+0 drops=0
[MOVE_SUB_A] [07:21:00] STATS ticks=0 symbols=0 pos=no daily_pnl=+0 drops=0
[MOVE_SUB_A] [07:22:01] STATS ticks=0 symbols=0 pos=no daily_pnl=+0 drops=0
[MOVE_SUB_A] [07:23:03] STATS ticks=0 symbols=0 pos=no daily_pnl=+0 drops=0
[MOVE_SUB_A] [07:24:04] STATS ticks=0 symbols=0 pos=no daily_pnl=+0 drops=0
[MOVE_SUB_A] [07:25:06] STATS ticks=0 symbols=0 pos=no daily_pnl=+0 drops=0
[MOVE_SUB_A] [07:26:07] STATS ticks=0 symbols=0 pos=no daily_pnl=+0 drops=0
[MOVE_SUB_A] [07:27:09] STATS ticks=0 symbols=0 pos=no daily_pnl=+0 drops=0
[MOVE_SUB_A] [07:28:10] STATS ticks=0 symbols=0 pos=no daily_pnl=+0 drops=0
[MOVE_SUB_A] [07:29:11] STATS ticks=0 symbols=0 pos=no daily_pnl=+0 drops=0
[MOVE_SUB_A] [07:30:13] STATS ticks=0 symbols=0 pos=no daily_pnl=+0 drops=0
[MOVE_SUB_A] [07:31:14] STATS ticks=0 symbols=0 pos=no daily_pnl=+0 drops=0
[MOVE_SUB_A] [07:32:15] STATS ticks=0 symbols=0 pos=no daily_pnl=+0 drops=0
[MOVE_SUB_A] [07:33:17] STATS ticks=0 symbols=0 pos=no daily_pnl=+0 drops=0
[MOVE_SUB_A] [07:34:18] STATS ticks=0 symbols=0 pos=no daily_pnl=+0 drops=0
[MOVE_SUB_A] [07:35:19] STATS ticks=0 symbols=0 pos=no daily_pnl=+0 drops=0
[MOVE_SUB_A] [07:36:21] STATS ticks=0 symbols=0 pos=no daily_pnl=+0 drops=0
[MOVE_SUB_A] [07:37:22] STATS ticks=0 symbols=0 pos=no daily_pnl=+0 drops=0
[MOVE_SUB_A] [07:38:24] STATS ticks=0 symbols=0 pos=no daily_pnl=+0 drops=0
[MOVE_SUB_A] [07:39:25] STATS ticks=0 symbols=0 pos=no daily_pnl=+0 drops=0
[MOVE_SUB_A] [07:40:27] STATS ticks=0 symbols=0 pos=no daily_pnl=+0 drops=0
[MOVE_SUB_A] [07:41:28] STATS ticks=0 symbols=0 pos=no daily_pnl=+0 drops=0
[MOVE_SUB_A] [07:42:29] STATS ticks=0 symbols=0 pos=no daily_pnl=+0 drops=0
[MOVE_SUB_A] [07:43:30] STATS ticks=0 symbols=0 pos=no daily_pnl=+0 drops=0
[MOVE_SUB_A] [07:44:32] STATS ticks=0 symbols=0 pos=no daily_pnl=+0 drops=0
[MOVE_SUB_A] [07:45:33] STATS ticks=0 symbols=0 pos=no daily_pnl=+0 drops=0
[MOVE_SUB_A] [07:46:34] STATS ticks=0 symbols=0 pos=no daily_pnl=+0 drops=0
[MOVE_SUB_A] [07:47:36] STATS ticks=0 symbols=0 pos=no daily_pnl=+0 drops=0
[MOVE_SUB_A] [07:48:37] STATS ticks=0 symbols=0 pos=no daily_pnl=+0 drops=0
[MOVE_SUB_A] [07:49:39] STATS ticks=0 symbols=0 pos=no daily_pnl=+0 drops=0
[MOVE_SUB_A] [07:50:40] STATS ticks=0 symbols=0 pos=no daily_pnl=+0 drops=0
[MOVE_SUB_A] [07:51:41] STATS ticks=0 symbols=0 pos=no daily_pnl=+0 drops=0
[MOVE_SUB_A] [07:52:43] STATS ticks=0 symbols=0 pos=no daily_pnl=+0 drops=0
[MOVE_SUB_A] [07:53:44] STATS ticks=0 symbols=0 pos=no daily_pnl=+0 drops=0
[MOVE_SUB_A] [07:54:45] STATS ticks=0 symbols=0 pos=no daily_pnl=+0 drops=0
[MOVE_SUB_A] [07:55:47] STATS ticks=0 symbols=0 pos=no daily_pnl=+0 drops=0
[MOVE_SUB_A] [07:56:48] STATS ticks=0 symbols=0 pos=no daily_pnl=+0 drops=0
[MOVE_SUB_A] [07:57:49] STATS ticks=0 symbols=0 pos=no daily_pnl=+0 drops=0
[MOVE_SUB_A] [07:58:51] STATS ticks=0 symbols=0 pos=no daily_pnl=+0 drops=0
[MOVE_SUB_A] [07:59:52] STATS ticks=0 symbols=0 pos=no daily_pnl=+0 drops=0
[MOVE_SUB_A] [08:00:53] STATS ticks=0 symbols=0 pos=no daily_pnl=+0 drops=0
[MOVE_SUB_A] [08:01:55] STATS ticks=0 symbols=0 pos=no daily_pnl=+0 drops=0
[MOVE_SUB_A] [08:02:56] STATS ticks=0 symbols=0 pos=no daily_pnl=+0 drops=0
[MOVE_SUB_A] [08:03:58] STATS ticks=0 symbols=0 pos=no daily_pnl=+0 drops=0
[MOVE_SUB_A] [08:04:59] STATS ticks=0 symbols=0 pos=no daily_pnl=+0 drops=0
[MOVE_SUB_A] [08:06:01] STATS ticks=0 symbols=0 pos=no daily_pnl=+0 drops=0
[MOVE_SUB_A] [08:07:02] STATS ticks=0 symbols=0 pos=no daily_pnl=+0 drops=0
[MOVE_SUB_A] [08:08:04] STATS ticks=0 symbols=0 pos=no daily_pnl=+0 drops=0
[MOVE_SUB_A] [08:09:05] STATS ticks=0 symbols=0 pos=no daily_pnl=+0 drops=0
[MOVE_SUB_A] [08:10:06] STATS ticks=0 symbols=0 pos=no daily_pnl=+0 drops=0
[MOVE_SUB_A] [08:11:07] STATS ticks=0 symbols=0 pos=no daily_pnl=+0 drops=0
[MOVE_SUB_A] [08:12:09] STATS ticks=0 symbols=0 pos=no daily_pnl=+0 drops=0
[MOVE_SUB_A] [08:13:10] STATS ticks=0 symbols=0 pos=no daily_pnl=+0 drops=0
[MOVE_SUB_A] [08:14:12] STATS ticks=0 symbols=0 pos=no daily_pnl=+0 drops=0
[MOVE_SUB_A] [08:15:13] STATS ticks=0 symbols=0 pos=no daily_pnl=+0 drops=0
[MOVE_SUB_A] [08:16:14] STATS ticks=0 symbols=0 pos=no daily_pnl=+0 drops=0
[MOVE_SUB_A] [08:17:16] STATS ticks=0 symbols=0 pos=no daily_pnl=+0 drops=0
[MOVE_SUB_A] [08:18:17] STATS ticks=0 symbols=0 pos=no daily_pnl=+0 drops=0
[MOVE_SUB_A] [08:19:19] STATS ticks=0 symbols=0 pos=no daily_pnl=+0 drops=0
[MOVE_SUB_A] [08:20:20] STATS ticks=0 symbols=0 pos=no daily_pnl=+0 drops=0
[MOVE_SUB_A] [08:21:21] STATS ticks=0 symbols=0 pos=no daily_pnl=+0 drops=0
[MOVE_SUB_A] [08:22:23] STATS ticks=0 symbols=0 pos=no daily_pnl=+0 drops=0
[MOVE_SUB_A] [08:23:24] STATS ticks=0 symbols=0 pos=no daily_pnl=+0 drops=0
[MOVE_SUB_A] [08:24:26] STATS ticks=0 symbols=0 pos=no daily_pnl=+0 drops=0
[MOVE_SUB_A] [08:25:27] STATS ticks=0 symbols=0 pos=no daily_pnl=+0 drops=0
[MOVE_SUB_A] [08:26:28] STATS ticks=0 symbols=0 pos=no daily_pnl=+0 drops=0
[MOVE_SUB_A] [08:27:30] STATS ticks=0 symbols=0 pos=no daily_pnl=+0 drops=0
[MOVE_SUB_A] [08:28:31] STATS ticks=0 symbols=0 pos=no daily_pnl=+0 drops=0
[MOVE_SUB_A] [08:29:32] STATS ticks=0 symbols=0 pos=no daily_pnl=+0 drops=0
[MOVE_SUB_A] [08:30:34] STATS ticks=0 symbols=0 pos=no daily_pnl=+0 drops=0
[MOVE_SUB_A] [08:31:35] STATS ticks=0 symbols=0 pos=no daily_pnl=+0 drops=0
[MOVE_SUB_A] [08:32:36] STATS ticks=0 symbols=0 pos=no daily_pnl=+0 drops=0
[MOVE_SUB_A] [08:33:38] STATS ticks=0 symbols=0 pos=no daily_pnl=+0 drops=0
[MOVE_SUB_A] [08:34:39] STATS ticks=0 symbols=0 pos=no daily_pnl=+0 drops=0
[MOVE_SUB_A] [08:35:40] STATS ticks=0 symbols=0 pos=no daily_pnl=+0 drops=0
[MOVE_SUB_A] [08:36:42] STATS ticks=0 symbols=0 pos=no daily_pnl=+0 drops=0
[MOVE_SUB_A] [08:37:43] STATS ticks=0 symbols=0 pos=no daily_pnl=+0 drops=0
[MOVE_SUB_A] [08:38:44] STATS ticks=0 symbols=0 pos=no daily_pnl=+0 drops=0
[MOVE_SUB_A] [08:39:46] STATS ticks=0 symbols=0 pos=no daily_pnl=+0 drops=0
[MOVE_SUB_A] [08:40:47] STATS ticks=0 symbols=0 pos=no daily_pnl=+0 drops=0
[MOVE_SUB_A] [08:41:48] STATS ticks=0 symbols=0 pos=no daily_pnl=+0 drops=0
[MOVE_SUB_A] [08:42:49] STATS ticks=0 symbols=0 pos=no daily_pnl=+0 drops=0
[MOVE_SUB_A] [08:43:51] STATS ticks=0 symbols=0 pos=no daily_pnl=+0 drops=0
[MOVE_SUB_A] [08:44:52] STATS ticks=0 symbols=0 pos=no daily_pnl=+0 drops=0
[MOVE_SUB_A] [08:45:53] STATS ticks=0 symbols=0 pos=no daily_pnl=+0 drops=0
[MOVE_SUB_A] [08:46:55] STATS ticks=0 symbols=0 pos=no daily_pnl=+0 drops=0
[MOVE_SUB_A] [08:47:56] STATS ticks=0 symbols=0 pos=no daily_pnl=+0 drops=0
[MOVE_SUB_A] [08:48:58] STATS ticks=0 symbols=0 pos=no daily_pnl=+0 drops=0
[MOVE_SUB_A] [08:49:59] STATS ticks=0 symbols=0 pos=no daily_pnl=+0 drops=0
[MOVE_SUB_A] [08:51:01] STATS ticks=0 symbols=0 pos=no daily_pnl=+0 drops=0
[MOVE_SUB_A] [08:52:02] STATS ticks=0 symbols=0 pos=no daily_pnl=+0 drops=0
[MOVE_SUB_A] [08:53:03] STATS ticks=0 symbols=0 pos=no daily_pnl=+0 drops=0
[MOVE_SUB_A] [08:54:05] STATS ticks=0 symbols=0 pos=no daily_pnl=+0 drops=0
[MOVE_SUB_A] [08:55:06] STATS ticks=0 symbols=0 pos=no daily_pnl=+0 drops=0
[MOVE_SUB_A] [08:56:07] STATS ticks=0 symbols=0 pos=no daily_pnl=+0 drops=0
[MOVE_SUB_A] [08:57:09] STATS ticks=0 symbols=0 pos=no daily_pnl=+0 drops=0
[MOVE_SUB_A] [08:58:10] STATS ticks=0 symbols=0 pos=no daily_pnl=+0 drops=0
[MOVE_SUB_A] [08:59:12] STATS ticks=0 symbols=0 pos=no daily_pnl=+0 drops=0
[MOVE_SUB_A] [09:00:13] STATS ticks=0 symbols=0 pos=no daily_pnl=+0 drops=0
[MOVE_SUB_A] [09:01:14] STATS ticks=0 symbols=0 pos=no daily_pnl=+0 drops=0
[MOVE_SUB_A] [09:02:15] STATS ticks=0 symbols=0 pos=no daily_pnl=+0 drops=0
[MOVE_SUB_A] [09:03:17] STATS ticks=0 symbols=0 pos=no daily_pnl=+0 drops=0
[MOVE_SUB_A] [09:04:18] STATS ticks=0 symbols=0 pos=no daily_pnl=+0 drops=0
[MOVE_SUB_A] [09:05:19] STATS ticks=0 symbols=0 pos=no daily_pnl=+0 drops=0
[MOVE_SUB_A] [09:06:21] STATS ticks=0 symbols=0 pos=no daily_pnl=+0 drops=0
[MOVE_SUB_A] [09:07:22] STATS ticks=0 symbols=0 pos=no daily_pnl=+0 drops=0
[MOVE_SUB_A] [09:08:24] STATS ticks=0 symbols=0 pos=no daily_pnl=+0 drops=0
[MOVE_SUB_A] [09:09:25] STATS ticks=0 symbols=0 pos=no daily_pnl=+0 drops=0
[MOVE_SUB_A] [09:10:27] STATS ticks=0 symbols=0 pos=no daily_pnl=+0 drops=0
[MOVE_SUB_A] [09:11:27] STATS ticks=0 symbols=0 pos=no daily_pnl=+0 drops=0
[MOVE_SUB_A] [09:12:29] STATS ticks=0 symbols=0 pos=no daily_pnl=+0 drops=0
[MOVE_SUB_A] [09:13:30] STATS ticks=0 symbols=0 pos=no daily_pnl=+0 drops=0
[MOVE_SUB_A] [09:14:32] STATS ticks=0 symbols=0 pos=no daily_pnl=+0 drops=0
[MOVE_SUB_A] [09:15:33] STATS ticks=0 symbols=0 pos=no daily_pnl=+0 drops=0
[MOVE_SUB_A] [09:16:35] STATS ticks=0 symbols=0 pos=no daily_pnl=+0 drops=0
[MOVE_SUB_A] [09:17:36] STATS ticks=0 symbols=0 pos=no daily_pnl=+0 drops=0
[MOVE_SUB_A] [09:18:37] STATS ticks=0 symbols=0 pos=no daily_pnl=+0 drops=0
[MOVE_SUB_A] [09:19:39] STATS ticks=0 symbols=0 pos=no daily_pnl=+0 drops=0
[MOVE_SUB_A] [09:20:40] STATS ticks=0 symbols=0 pos=no daily_pnl=+0 drops=0
[MOVE_SUB_A] [09:21:41] STATS ticks=0 symbols=0 pos=no daily_pnl=+0 drops=0
[MOVE_SUB_A] [09:22:43] STATS ticks=0 symbols=0 pos=no daily_pnl=+0 drops=0
[MOVE_SUB_A] [09:23:44] STATS ticks=0 symbols=0 pos=no daily_pnl=+0 drops=0
[MOVE_SUB_A] [09:24:45] STATS ticks=0 symbols=0 pos=no daily_pnl=+0 drops=0
[MOVE_SUB_A] [09:25:47] STATS ticks=0 symbols=0 pos=no daily_pnl=+0 drops=0
[MOVE_SUB_A] [09:26:48] STATS ticks=0 symbols=0 pos=no daily_pnl=+0 drops=0
[MOVE_SUB_A] [09:27:50] STATS ticks=0 symbols=0 pos=no daily_pnl=+0 drops=0
[MOVE_SUB_A] [09:28:51] STATS ticks=0 symbols=0 pos=no daily_pnl=+0 drops=0
[MOVE_SUB_A] [09:29:52] STATS ticks=0 symbols=0 pos=no daily_pnl=+0 drops=0
[MOVE_SUB_A] [09:30:53] STATS ticks=0 symbols=0 pos=no daily_pnl=+0 drops=0
[MOVE_SUB_A] [09:31:55] STATS ticks=0 symbols=0 pos=no daily_pnl=+0 drops=0
[MOVE_SUB_A] [09:32:56] STATS ticks=0 symbols=0 pos=no daily_pnl=+0 drops=0
[MOVE_SUB_A] [09:33:57] STATS ticks=0 symbols=0 pos=no daily_pnl=+0 drops=0
[MOVE_SUB_A] [09:34:59] STATS ticks=0 symbols=0 pos=no daily_pnl=+0 drops=0
[MOVE_SUB_A] [09:36:00] STATS ticks=0 symbols=0 pos=no daily_pnl=+0 drops=0
[MOVE_SUB_A] [09:37:01] STATS ticks=0 symbols=0 pos=no daily_pnl=+0 drops=0
[MOVE_SUB_A] [09:38:03] STATS ticks=0 symbols=0 pos=no daily_pnl=+0 drops=0
[MOVE_SUB_A] [09:39:04] STATS ticks=0 symbols=0 pos=no daily_pnl=+0 drops=0
[MOVE_SUB_A] [09:40:05] STATS ticks=0 symbols=0 pos=no daily_pnl=+0 drops=0
[MOVE_SUB_A] [09:41:07] STATS ticks=0 symbols=0 pos=no daily_pnl=+0 drops=0
[MOVE_SUB_A] [09:42:08] STATS ticks=0 symbols=0 pos=no daily_pnl=+0 drops=0
[MOVE_SUB_A] [09:43:10] STATS ticks=0 symbols=0 pos=no daily_pnl=+0 drops=0
[MOVE_SUB_A] [09:44:11] STATS ticks=0 symbols=0 pos=no daily_pnl=+0 drops=0
[MOVE_SUB_A] [09:45:13] STATS ticks=0 symbols=0 pos=no daily_pnl=+0 drops=0
[MOVE_SUB_A] [09:46:14] STATS ticks=0 symbols=0 pos=no daily_pnl=+0 drops=0
[MOVE_SUB_A] [09:47:16] STATS ticks=0 symbols=0 pos=no daily_pnl=+0 drops=0
[MOVE_SUB_A] [09:48:17] STATS ticks=0 symbols=0 pos=no daily_pnl=+0 drops=0
[MOVE_SUB_A] [09:49:18] STATS ticks=0 symbols=0 pos=no daily_pnl=+0 drops=0
[MOVE_SUB_A] [09:50:20] STATS ticks=0 symbols=0 pos=no daily_pnl=+0 drops=0
[MOVE_SUB_A] [09:51:21] STATS ticks=0 symbols=0 pos=no daily_pnl=+0 drops=0
[MOVE_SUB_A] [09:52:22] STATS ticks=0 symbols=0 pos=no daily_pnl=+0 drops=0
[MOVE_SUB_A] [09:53:24] STATS ticks=0 symbols=0 pos=no daily_pnl=+0 drops=0
[MOVE_SUB_A] [09:54:25] STATS ticks=0 symbols=0 pos=no daily_pnl=+0 drops=0
[MOVE_SUB_A] [09:55:26] STATS ticks=0 symbols=0 pos=no daily_pnl=+0 drops=0
[MOVE_SUB_A] [09:56:27] STATS ticks=0 symbols=0 pos=no daily_pnl=+0 drops=0
[MOVE_SUB_A] [09:57:29] STATS ticks=0 symbols=0 pos=no daily_pnl=+0 drops=0
[MOVE_SUB_A] [09:58:30] STATS ticks=0 symbols=0 pos=no daily_pnl=+0 drops=0
[MOVE_SUB_A] [09:59:31] STATS ticks=0 symbols=0 pos=no daily_pnl=+0 drops=0
[MOVE_SUB_A] [10:00:33] STATS ticks=0 symbols=0 pos=no daily_pnl=+0 drops=0
[MOVE_SUB_A] [10:01:34] STATS ticks=0 symbols=0 pos=no daily_pnl=+0 drops=0
[MOVE_SUB_A] [10:02:36] STATS ticks=0 symbols=0 pos=no daily_pnl=+0 drops=0
[MOVE_SUB_A] [10:03:37] STATS ticks=0 symbols=0 pos=no daily_pnl=+0 drops=0
[MOVE_SUB_A] [10:04:38] STATS ticks=0 symbols=0 pos=no daily_pnl=+0 drops=0
[MOVE_SUB_A] [10:05:39] STATS ticks=0 symbols=0 pos=no daily_pnl=+0 drops=0
[MOVE_SUB_A] [10:06:41] STATS ticks=0 symbols=0 pos=no daily_pnl=+0 drops=0
[MOVE_SUB_A] [10:07:42] STATS ticks=0 symbols=0 pos=no daily_pnl=+0 drops=0
[MOVE_SUB_A] [10:08:44] STATS ticks=0 symbols=0 pos=no daily_pnl=+0 drops=0
[MOVE_SUB_A] [10:09:45] STATS ticks=0 symbols=0 pos=no daily_pnl=+0 drops=0
[MOVE_SUB_A] [10:10:46] STATS ticks=0 symbols=0 pos=no daily_pnl=+0 drops=0
[MOVE_SUB_A] [10:11:47] STATS ticks=0 symbols=0 pos=no daily_pnl=+0 drops=0
[MOVE_SUB_A] [10:12:49] STATS ticks=0 symbols=0 pos=no daily_pnl=+0 drops=0
[MOVE_SUB_A] [10:13:50] STATS ticks=0 symbols=0 pos=no daily_pnl=+0 drops=0
[MOVE_SUB_A] [10:14:51] STATS ticks=0 symbols=0 pos=no daily_pnl=+0 drops=0
[MOVE_SUB_A] [10:15:53] STATS ticks=0 symbols=0 pos=no daily_pnl=+0 drops=0
[MOVE_SUB_A] [10:16:54] STATS ticks=0 symbols=0 pos=no daily_pnl=+0 drops=0
[MOVE_SUB_A] [10:17:55] STATS ticks=0 symbols=0 pos=no daily_pnl=+0 drops=0
[MOVE_SUB_A] [10:18:56] STATS ticks=0 symbols=0 pos=no daily_pnl=+0 drops=0
[MOVE_SUB_A] [10:19:58] STATS ticks=0 symbols=0 pos=no daily_pnl=+0 drops=0
[MOVE_SUB_A] [10:20:59] STATS ticks=0 symbols=0 pos=no daily_pnl=+0 drops=0
[MOVE_SUB_A] [10:22:01] STATS ticks=0 symbols=0 pos=no daily_pnl=+0 drops=0
[MOVE_SUB_A] [10:23:02] STATS ticks=0 symbols=0 pos=no daily_pnl=+0 drops=0
[MOVE_SUB_A] [10:24:03] STATS ticks=0 symbols=0 pos=no daily_pnl=+0 drops=0
[MOVE_SUB_A] [10:25:04] STATS ticks=0 symbols=0 pos=no daily_pnl=+0 drops=0
[MOVE_SUB_A] [10:26:06] STATS ticks=0 symbols=0 pos=no daily_pnl=+0 drops=0
[MOVE_SUB_A] [10:27:07] STATS ticks=0 symbols=0 pos=no daily_pnl=+0 drops=0
[MOVE_SUB_A] [10:28:09] STATS ticks=0 symbols=0 pos=no daily_pnl=+0 drops=0
[MOVE_SUB_A] [10:29:10] STATS ticks=0 symbols=0 pos=no daily_pnl=+0 drops=0
[MOVE_SUB_A] [10:30:11] STATS ticks=0 symbols=0 pos=no daily_pnl=+0 drops=0
[MOVE_SUB_A] [10:31:13] STATS ticks=0 symbols=0 pos=no daily_pnl=+0 drops=0
[MOVE_SUB_A] [10:32:14] STATS ticks=0 symbols=0 pos=no daily_pnl=+0 drops=0
[MOVE_SUB_A] [10:33:16] STATS ticks=0 symbols=0 pos=no daily_pnl=+0 drops=0
[MOVE_SUB_A] [10:34:17] STATS ticks=0 symbols=0 pos=no daily_pnl=+0 drops=0
[MOVE_SUB_A] [10:35:19] STATS ticks=0 symbols=0 pos=no daily_pnl=+0 drops=0
[MOVE_SUB_A] [10:36:20] STATS ticks=0 symbols=0 pos=no daily_pnl=+0 drops=0
[MOVE_SUB_A] [10:37:21] STATS ticks=0 symbols=0 pos=no daily_pnl=+0 drops=0
[MOVE_SUB_A] [10:38:23] STATS ticks=0 symbols=0 pos=no daily_pnl=+0 drops=0
[MOVE_SUB_A] [10:39:24] STATS ticks=0 symbols=0 pos=no daily_pnl=+0 drops=0
[MOVE_SUB_A] [10:40:25] STATS ticks=0 symbols=0 pos=no daily_pnl=+0 drops=0
[MOVE_SUB_A] [10:41:27] STATS ticks=0 symbols=0 pos=no daily_pnl=+0 drops=0
[MOVE_SUB_A] [10:42:28] STATS ticks=0 symbols=0 pos=no daily_pnl=+0 drops=0
[MOVE_SUB_A] [10:43:29] STATS ticks=0 symbols=0 pos=no daily_pnl=+0 drops=0
[MOVE_SUB_A] [10:44:30] STATS ticks=0 symbols=0 pos=no daily_pnl=+0 drops=0
[MOVE_SUB_A] [10:45:32] STATS ticks=0 symbols=0 pos=no daily_pnl=+0 drops=0
[MOVE_SUB_A] [10:46:33] STATS ticks=0 symbols=0 pos=no daily_pnl=+0 drops=0
[MOVE_SUB_A] [10:47:34] STATS ticks=0 symbols=0 pos=no daily_pnl=+0 drops=0
[MOVE_SUB_A] [10:48:36] STATS ticks=0 symbols=0 pos=no daily_pnl=+0 drops=0
[MOVE_SUB_A] [10:49:37] STATS ticks=0 symbols=0 pos=no daily_pnl=+0 drops=0
[MOVE_SUB_A] [10:50:39] STATS ticks=0 symbols=0 pos=no daily_pnl=+0 drops=0
[MOVE_SUB_A] [10:51:40] STATS ticks=0 symbols=0 pos=no daily_pnl=+0 drops=0
[MOVE_SUB_A] [10:52:41] STATS ticks=0 symbols=0 pos=no daily_pnl=+0 drops=0
[MOVE_SUB_A] [10:53:43] STATS ticks=0 symbols=0 pos=no daily_pnl=+0 drops=0
[MOVE_SUB_A] [10:54:44] STATS ticks=0 symbols=0 pos=no daily_pnl=+0 drops=0
[MOVE_SUB_A] [10:55:45] STATS ticks=0 symbols=0 pos=no daily_pnl=+0 drops=0
[MOVE_SUB_A] [10:56:47] STATS ticks=0 symbols=0 pos=no daily_pnl=+0 drops=0
[MOVE_SUB_A] [10:57:48] STATS ticks=0 symbols=0 pos=no daily_pnl=+0 drops=0
[MOVE_SUB_A] [10:58:49] STATS ticks=0 symbols=0 pos=no daily_pnl=+0 drops=0
[MOVE_SUB_A] [10:59:50] STATS ticks=0 symbols=0 pos=no daily_pnl=+0 drops=0
[MOVE_SUB_A] [11:00:52] STATS ticks=0 symbols=0 pos=no daily_pnl=+0 drops=0
[MOVE_SUB_A] [11:01:53] STATS ticks=0 symbols=0 pos=no daily_pnl=+0 drops=0
[MOVE_SUB_A] [11:02:55] STATS ticks=0 symbols=0 pos=no daily_pnl=+0 drops=0
[MOVE_SUB_A] [11:03:56] STATS ticks=0 symbols=0 pos=no daily_pnl=+0 drops=0
[MOVE_SUB_A] [11:04:57] STATS ticks=0 symbols=0 pos=no daily_pnl=+0 drops=0
[MOVE_SUB_A] [11:05:59] STATS ticks=0 symbols=0 pos=no daily_pnl=+0 drops=0
[MOVE_SUB_A] [11:07:00] STATS ticks=0 symbols=0 pos=no daily_pnl=+0 drops=0
[MOVE_SUB_A] [11:08:01] STATS ticks=0 symbols=0 pos=no daily_pnl=+0 drops=0
[MOVE_SUB_A] [11:09:03] STATS ticks=0 symbols=0 pos=no daily_pnl=+0 drops=0
[MOVE_SUB_A] [11:10:04] STATS ticks=0 symbols=0 pos=no daily_pnl=+0 drops=0
[MOVE_SUB_A] [11:11:05] STATS ticks=0 symbols=0 pos=no daily_pnl=+0 drops=0
[MOVE_SUB_A] [11:12:06] STATS ticks=0 symbols=0 pos=no daily_pnl=+0 drops=0
[MOVE_SUB_A] [11:13:08] STATS ticks=0 symbols=0 pos=no daily_pnl=+0 drops=0
[MOVE_SUB_A] [11:14:09] STATS ticks=0 symbols=0 pos=no daily_pnl=+0 drops=0
[MOVE_SUB_A] [11:15:11] STATS ticks=0 symbols=0 pos=no daily_pnl=+0 drops=0
[MOVE_SUB_A] [11:16:12] STATS ticks=0 symbols=0 pos=no daily_pnl=+0 drops=0
[MOVE_SUB_A] [11:17:13] STATS ticks=0 symbols=0 pos=no daily_pnl=+0 drops=0
[MOVE_SUB_A] [11:18:15] STATS ticks=0 symbols=0 pos=no daily_pnl=+0 drops=0
[MOVE_SUB_A] [11:19:16] STATS ticks=0 symbols=0 pos=no daily_pnl=+0 drops=0
[MOVE_SUB_A] [11:20:17] STATS ticks=0 symbols=0 pos=no daily_pnl=+0 drops=0
[MOVE_SUB_A] [11:21:19] STATS ticks=0 symbols=0 pos=no daily_pnl=+0 drops=0
[MOVE_SUB_A] [11:22:20] STATS ticks=0 symbols=0 pos=no daily_pnl=+0 drops=0
[MOVE_SUB_A] [11:23:21] STATS ticks=0 symbols=0 pos=no daily_pnl=+0 drops=0
[MOVE_SUB_A] [11:24:23] STATS ticks=0 symbols=0 pos=no daily_pnl=+0 drops=0
[MOVE_SUB_A] [11:25:24] STATS ticks=0 symbols=0 pos=no daily_pnl=+0 drops=0
[MOVE_SUB_A] [11:26:25] STATS ticks=0 symbols=0 pos=no daily_pnl=+0 drops=0
[MOVE_SUB_A] [11:27:27] STATS ticks=0 symbols=0 pos=no daily_pnl=+0 drops=0
[MOVE_SUB_A] [11:28:28] STATS ticks=0 symbols=0 pos=no daily_pnl=+0 drops=0
[MOVE_SUB_A] [11:29:30] STATS ticks=0 symbols=0 pos=no daily_pnl=+0 drops=0
[MOVE_SUB_A] [11:30:31] STATS ticks=0 symbols=0 pos=no daily_pnl=+0 drops=0
[MOVE_SUB_A] [11:31:32] STATS ticks=0 symbols=0 pos=no daily_pnl=+0 drops=0
[MOVE_SUB_A] [11:32:33] STATS ticks=0 symbols=0 pos=no daily_pnl=+0 drops=0
[MOVE_SUB_A] [11:33:35] STATS ticks=0 symbols=0 pos=no daily_pnl=+0 drops=0
[MOVE_SUB_A] [11:34:36] STATS ticks=0 symbols=0 pos=no daily_pnl=+0 drops=0
[MOVE_SUB_A] [11:35:37] STATS ticks=0 symbols=0 pos=no daily_pnl=+0 drops=0
[MOVE_SUB_A] [11:36:39] STATS ticks=0 symbols=0 pos=no daily_pnl=+0 drops=0
[MOVE_SUB_A] [11:37:40] STATS ticks=0 symbols=0 pos=no daily_pnl=+0 drops=0
[MOVE_SUB_A] [11:38:41] STATS ticks=0 symbols=0 pos=no daily_pnl=+0 drops=0
[MOVE_SUB_A] [11:39:42] STATS ticks=0 symbols=0 pos=no daily_pnl=+0 drops=0
[MOVE_SUB_A] [11:40:44] STATS ticks=0 symbols=0 pos=no daily_pnl=+0 drops=0
[MOVE_SUB_A] [11:41:45] STATS ticks=0 symbols=0 pos=no daily_pnl=+0 drops=0
[MOVE_SUB_A] [11:42:46] STATS ticks=0 symbols=0 pos=no daily_pnl=+0 drops=0
[MOVE_SUB_A] [11:43:48] STATS ticks=0 symbols=0 pos=no daily_pnl=+0 drops=0
[MOVE_SUB_A] [11:44:49] STATS ticks=0 symbols=0 pos=no daily_pnl=+0 drops=0
[MOVE_SUB_A] [11:45:51] STATS ticks=0 symbols=0 pos=no daily_pnl=+0 drops=0
[MOVE_SUB_A] [11:46:52] STATS ticks=0 symbols=0 pos=no daily_pnl=+0 drops=0
[MOVE_SUB_A] [11:47:53] STATS ticks=0 symbols=0 pos=no daily_pnl=+0 drops=0
[MOVE_SUB_A] [11:48:55] STATS ticks=0 symbols=0 pos=no daily_pnl=+0 drops=0
[MOVE_SUB_A] [11:49:57] STATS ticks=0 symbols=0 pos=no daily_pnl=+0 drops=0
[MOVE_SUB_A] [11:50:58] STATS ticks=0 symbols=0 pos=no daily_pnl=+0 drops=0
[MOVE_SUB_A] [11:52:00] STATS ticks=0 symbols=0 pos=no daily_pnl=+0 drops=0
[MOVE_SUB_A] [11:53:01] STATS ticks=0 symbols=0 pos=no daily_pnl=+0 drops=0
[MOVE_SUB_A] [11:54:02] STATS ticks=0 symbols=0 pos=no daily_pnl=+0 drops=0
[MOVE_SUB_A] [11:55:03] STATS ticks=0 symbols=0 pos=no daily_pnl=+0 drops=0
[MOVE_SUB_A] [11:56:05] STATS ticks=0 symbols=0 pos=no daily_pnl=+0 drops=0
[MOVE_SUB_A] [11:57:06] STATS ticks=0 symbols=0 pos=no daily_pnl=+0 drops=0
[MOVE_SUB_A] [11:58:07] STATS ticks=0 symbols=0 pos=no daily_pnl=+0 drops=0
[MOVE_SUB_A] [11:59:09] STATS ticks=0 symbols=0 pos=no daily_pnl=+0 drops=0
[MOVE_SUB_A] [12:00:10] STATS ticks=0 symbols=0 pos=no daily_pnl=+0 drops=0
[MOVE_SUB_A] [12:01:12] STATS ticks=0 symbols=0 pos=no daily_pnl=+0 drops=0
[MOVE_SUB_A] [12:02:13] STATS ticks=0 symbols=0 pos=no daily_pnl=+0 drops=0
[MOVE_SUB_A] [12:03:14] STATS ticks=0 symbols=0 pos=no daily_pnl=+0 drops=0
[MOVE_SUB_A] [12:04:16] STATS ticks=0 symbols=0 pos=no daily_pnl=+0 drops=0
[MOVE_SUB_A] [12:05:17] STATS ticks=0 symbols=0 pos=no daily_pnl=+0 drops=0
[MOVE_SUB_A] [12:06:18] STATS ticks=0 symbols=0 pos=no daily_pnl=+0 drops=0
[MOVE_SUB_A] [12:07:20] STATS ticks=0 symbols=0 pos=no daily_pnl=+0 drops=0
[MOVE_SUB_A] [12:08:21] STATS ticks=0 symbols=0 pos=no daily_pnl=+0 drops=0
[MOVE_SUB_A] [12:09:23] STATS ticks=0 symbols=0 pos=no daily_pnl=+0 drops=0
[MOVE_SUB_A] [12:10:24] STATS ticks=0 symbols=0 pos=no daily_pnl=+0 drops=0
[MOVE_SUB_A] [12:11:26] STATS ticks=0 symbols=0 pos=no daily_pnl=+0 drops=0
[MOVE_SUB_A] [12:12:26] STATS ticks=0 symbols=0 pos=no daily_pnl=+0 drops=0
[MOVE_SUB_A] [12:13:28] STATS ticks=0 symbols=0 pos=no daily_pnl=+0 drops=0
[MOVE_SUB_A] [12:14:30] STATS ticks=0 symbols=0 pos=no daily_pnl=+0 drops=0
[MOVE_SUB_A] [12:15:31] STATS ticks=0 symbols=0 pos=no daily_pnl=+0 drops=0
[MOVE_SUB_A] [12:16:32] STATS ticks=0 symbols=0 pos=no daily_pnl=+0 drops=0
[MOVE_SUB_A] [12:17:33] STATS ticks=0 symbols=0 pos=no daily_pnl=+0 drops=0
[MOVE_SUB_A] [12:18:34] STATS ticks=0 symbols=0 pos=no daily_pnl=+0 drops=0
[MOVE_SUB_A] [12:19:36] STATS ticks=0 symbols=0 pos=no daily_pnl=+0 drops=0
[MOVE_SUB_A] [12:20:37] STATS ticks=0 symbols=0 pos=no daily_pnl=+0 drops=0
[MOVE_SUB_A] [12:21:39] STATS ticks=0 symbols=0 pos=no daily_pnl=+0 drops=0
[MOVE_SUB_A] [12:22:40] STATS ticks=0 symbols=0 pos=no daily_pnl=+0 drops=0
[MOVE_SUB_A] [12:23:41] STATS ticks=0 symbols=0 pos=no daily_pnl=+0 drops=0
[MOVE_SUB_A] [12:24:43] STATS ticks=0 symbols=0 pos=no daily_pnl=+0 drops=0
[MOVE_SUB_A] [12:25:44] STATS ticks=0 symbols=0 pos=no daily_pnl=+0 drops=0
[MOVE_SUB_A] [12:26:45] STATS ticks=0 symbols=0 pos=no daily_pnl=+0 drops=0
[MOVE_SUB_A] [12:27:47] STATS ticks=0 symbols=0 pos=no daily_pnl=+0 drops=0
[MOVE_SUB_A] [12:28:48] STATS ticks=0 symbols=0 pos=no daily_pnl=+0 drops=0
[MOVE_SUB_A] [12:29:50] STATS ticks=0 symbols=0 pos=no daily_pnl=+0 drops=0
[MOVE_SUB_A] [12:30:51] STATS ticks=0 symbols=0 pos=no daily_pnl=+0 drops=0
[MOVE_SUB_A] [12:31:52] STATS ticks=0 symbols=0 pos=no daily_pnl=+0 drops=0
[MOVE_SUB_A] [12:32:54] STATS ticks=0 symbols=0 pos=no daily_pnl=+0 drops=0
[MOVE_SUB_A] [12:33:55] STATS ticks=0 symbols=0 pos=no daily_pnl=+0 drops=0
[MOVE_SUB_A] [12:34:56] STATS ticks=0 symbols=0 pos=no daily_pnl=+0 drops=0
[MOVE_SUB_A] [12:35:58] STATS ticks=0 symbols=0 pos=no daily_pnl=+0 drops=0
[MOVE_SUB_A] [12:36:59] STATS ticks=0 symbols=0 pos=no daily_pnl=+0 drops=0
[MOVE_SUB_A] [12:38:01] STATS ticks=0 symbols=0 pos=no daily_pnl=+0 drops=0
[MOVE_SUB_A] [12:39:02] STATS ticks=0 symbols=0 pos=no daily_pnl=+0 drops=0
[MOVE_SUB_A] [12:40:04] STATS ticks=0 symbols=0 pos=no daily_pnl=+0 drops=0
[MOVE_SUB_A] [12:41:05] STATS ticks=0 symbols=0 pos=no daily_pnl=+0 drops=0
[MOVE_SUB_A] [12:42:06] STATS ticks=0 symbols=0 pos=no daily_pnl=+0 drops=0
[MOVE_SUB_A] [12:43:07] STATS ticks=0 symbols=0 pos=no daily_pnl=+0 drops=0
[MOVE_SUB_A] [12:44:08] STATS ticks=0 symbols=0 pos=no daily_pnl=+0 drops=0
[MOVE_SUB_A] [12:45:10] STATS ticks=0 symbols=0 pos=no daily_pnl=+0 drops=0
[MOVE_SUB_A] [12:46:11] STATS ticks=0 symbols=0 pos=no daily_pnl=+0 drops=0
[MOVE_SUB_A] [12:47:12] STATS ticks=0 symbols=0 pos=no daily_pnl=+0 drops=0
[MOVE_SUB_A] [12:48:14] STATS ticks=0 symbols=0 pos=no daily_pnl=+0 drops=0
[MOVE_SUB_A] [12:49:15] STATS ticks=0 symbols=0 pos=no daily_pnl=+0 drops=0
[MOVE_SUB_A] [12:50:17] STATS ticks=0 symbols=0 pos=no daily_pnl=+0 drops=0
[MOVE_SUB_A] [12:51:18] STATS ticks=0 symbols=0 pos=no daily_pnl=+0 drops=0
[MOVE_SUB_A] [12:52:19] STATS ticks=0 symbols=0 pos=no daily_pnl=+0 drops=0
[MOVE_SUB_A] [12:53:21] STATS ticks=0 symbols=0 pos=no daily_pnl=+0 drops=0
[MOVE_SUB_A] [12:54:22] STATS ticks=0 symbols=0 pos=no daily_pnl=+0 drops=0
[MOVE_SUB_A] [12:55:24] STATS ticks=0 symbols=0 pos=no daily_pnl=+0 drops=0
[MOVE_SUB_A] [12:56:25] STATS ticks=0 symbols=0 pos=no daily_pnl=+0 drops=0
[MOVE_SUB_A] [12:57:26] STATS ticks=0 symbols=0 pos=no daily_pnl=+0 drops=0
[MOVE_SUB_A] [12:58:28] STATS ticks=0 symbols=0 pos=no daily_pnl=+0 drops=0
[MOVE_SUB_A] [12:59:29] STATS ticks=0 symbols=0 pos=no daily_pnl=+0 drops=0
[MOVE_SUB_A] [13:00:31] STATS ticks=0 symbols=0 pos=no daily_pnl=+0 drops=0
[MOVE_SUB_A] [13:01:32] STATS ticks=0 symbols=0 pos=no daily_pnl=+0 drops=0
[MOVE_SUB_A] [13:02:33] STATS ticks=0 symbols=0 pos=no daily_pnl=+0 drops=0
[MOVE_SUB_A] [13:03:35] STATS ticks=0 symbols=0 pos=no daily_pnl=+0 drops=0
[MOVE_SUB_A] [13:04:36] STATS ticks=0 symbols=0 pos=no daily_pnl=+0 drops=0
[MOVE_SUB_A] [13:05:37] STATS ticks=0 symbols=0 pos=no daily_pnl=+0 drops=0
[MOVE_SUB_A] [13:06:39] STATS ticks=0 symbols=0 pos=no daily_pnl=+0 drops=0
[MOVE_SUB_A] [13:07:40] STATS ticks=0 symbols=0 pos=no daily_pnl=+0 drops=0
[MOVE_SUB_A] [13:08:41] STATS ticks=0 symbols=0 pos=no daily_pnl=+0 drops=0
[MOVE_SUB_A] [13:09:43] STATS ticks=0 symbols=0 pos=no daily_pnl=+0 drops=0
[MOVE_SUB_A] [13:10:44] STATS ticks=0 symbols=0 pos=no daily_pnl=+0 drops=0
[MOVE_SUB_A] [13:11:46] STATS ticks=0 symbols=0 pos=no daily_pnl=+0 drops=0
[MOVE_SUB_A] [13:12:47] STATS ticks=0 symbols=0 pos=no daily_pnl=+0 drops=0
[MOVE_SUB_A] [13:13:49] STATS ticks=0 symbols=0 pos=no daily_pnl=+0 drops=0
[MOVE_SUB_A] [13:14:50] STATS ticks=0 symbols=0 pos=no daily_pnl=+0 drops=0
[MOVE_SUB_A] [13:15:52] STATS ticks=0 symbols=0 pos=no daily_pnl=+0 drops=0
[MOVE_SUB_A] [13:16:53] STATS ticks=0 symbols=0 pos=no daily_pnl=+0 drops=0
[MOVE_SUB_A] [13:17:54] STATS ticks=0 symbols=0 pos=no daily_pnl=+0 drops=0
[MOVE_SUB_A] [13:18:55] STATS ticks=0 symbols=0 pos=no daily_pnl=+0 drops=0
[MOVE_SUB_A] [13:19:57] STATS ticks=0 symbols=0 pos=no daily_pnl=+0 drops=0
[MOVE_SUB_A] [13:20:58] STATS ticks=0 symbols=0 pos=no daily_pnl=+0 drops=0
[MOVE_SUB_A] [13:21:59] STATS ticks=0 symbols=0 pos=no daily_pnl=+0 drops=0
[MOVE_SUB_A] [13:23:01] STATS ticks=0 symbols=0 pos=no daily_pnl=+0 drops=0
[MOVE_SUB_A] [13:24:02] STATS ticks=0 symbols=0 pos=no daily_pnl=+0 drops=0
[MOVE_SUB_A] [13:25:03] STATS ticks=0 symbols=0 pos=no daily_pnl=+0 drops=0
[MOVE_SUB_A] [13:26:04] STATS ticks=0 symbols=0 pos=no daily_pnl=+0 drops=0
[MOVE_SUB_A] [13:27:06] STATS ticks=0 symbols=0 pos=no daily_pnl=+0 drops=0
[MOVE_SUB_A] [13:28:07] STATS ticks=0 symbols=0 pos=no daily_pnl=+0 drops=0
[MOVE_SUB_A] [13:29:09] STATS ticks=0 symbols=0 pos=no daily_pnl=+0 drops=0
[MOVE_SUB_A] [13:30:10] STATS ticks=0 symbols=0 pos=no daily_pnl=+0 drops=0
[MOVE_SUB_A] [13:31:12] STATS ticks=0 symbols=0 pos=no daily_pnl=+0 drops=0
[MOVE_SUB_A] [13:32:13] STATS ticks=0 symbols=0 pos=no daily_pnl=+0 drops=0
[MOVE_SUB_A] [13:33:15] STATS ticks=0 symbols=0 pos=no daily_pnl=+0 drops=0
[MOVE_SUB_A] [13:34:16] STATS ticks=0 symbols=0 pos=no daily_pnl=+0 drops=0
[MOVE_SUB_A] [13:35:17] STATS ticks=0 symbols=0 pos=no daily_pnl=+0 drops=0
[MOVE_SUB_A] [13:36:18] STATS ticks=0 symbols=0 pos=no daily_pnl=+0 drops=0
[MOVE_SUB_A] [13:37:19] STATS ticks=0 symbols=0 pos=no daily_pnl=+0 drops=0
[MOVE_SUB_A] [13:38:21] STATS ticks=0 symbols=0 pos=no daily_pnl=+0 drops=0
[MOVE_SUB_A] [13:39:22] STATS ticks=0 symbols=0 pos=no daily_pnl=+0 drops=0
[MOVE_SUB_A] [13:40:23] STATS ticks=0 symbols=0 pos=no daily_pnl=+0 drops=0
[MOVE_SUB_A] [13:41:25] STATS ticks=0 symbols=0 pos=no daily_pnl=+0 drops=0
[MOVE_SUB_A] [13:42:26] STATS ticks=0 symbols=0 pos=no daily_pnl=+0 drops=0
[MOVE_SUB_A] [13:43:27] STATS ticks=0 symbols=0 pos=no daily_pnl=+0 drops=0
[MOVE_SUB_A] [13:44:29] STATS ticks=0 symbols=0 pos=no daily_pnl=+0 drops=0
[MOVE_SUB_A] [13:45:30] STATS ticks=0 symbols=0 pos=no daily_pnl=+0 drops=0
[MOVE_SUB_A] [13:46:31] STATS ticks=0 symbols=0 pos=no daily_pnl=+0 drops=0
[MOVE_SUB_A] [13:47:33] STATS ticks=0 symbols=0 pos=no daily_pnl=+0 drops=0
[MOVE_SUB_A] [13:48:34] STATS ticks=0 symbols=0 pos=no daily_pnl=+0 drops=0
[MOVE_SUB_A] [13:49:36] STATS ticks=0 symbols=0 pos=no daily_pnl=+0 drops=0
[MOVE_SUB_A] [13:50:37] STATS ticks=0 symbols=0 pos=no daily_pnl=+0 drops=0
[MOVE_SUB_A] [13:51:39] STATS ticks=0 symbols=0 pos=no daily_pnl=+0 drops=0
[MOVE_SUB_A] [13:52:40] STATS ticks=0 symbols=0 pos=no daily_pnl=+0 drops=0
[MOVE_SUB_A] [13:53:41] STATS ticks=0 symbols=0 pos=no daily_pnl=+0 drops=0
[MOVE_SUB_A] [13:54:43] STATS ticks=0 symbols=0 pos=no daily_pnl=+0 drops=0
[MOVE_SUB_A] [13:55:44] STATS ticks=0 symbols=0 pos=no daily_pnl=+0 drops=0
[MOVE_SUB_A] [13:56:46] STATS ticks=0 symbols=0 pos=no daily_pnl=+0 drops=0
[MOVE_SUB_A] [13:57:47] STATS ticks=0 symbols=0 pos=no daily_pnl=+0 drops=0
[MOVE_SUB_A] [13:58:48] STATS ticks=0 symbols=0 pos=no daily_pnl=+0 drops=0
[MOVE_SUB_A] [13:59:50] STATS ticks=0 symbols=0 pos=no daily_pnl=+0 drops=0
[MOVE_SUB_A] [14:00:51] STATS ticks=0 symbols=0 pos=no daily_pnl=+0 drops=0
[MOVE_SUB_A] [14:01:52] STATS ticks=0 symbols=0 pos=no daily_pnl=+0 drops=0
[MOVE_SUB_A] [14:02:54] STATS ticks=0 symbols=0 pos=no daily_pnl=+0 drops=0
[MOVE_SUB_A] [14:03:55] STATS ticks=0 symbols=0 pos=no daily_pnl=+0 drops=0
[MOVE_SUB_A] [14:04:57] STATS ticks=0 symbols=0 pos=no daily_pnl=+0 drops=0
[MOVE_SUB_A] [14:05:58] STATS ticks=0 symbols=0 pos=no daily_pnl=+0 drops=0
[MOVE_SUB_A] [14:06:59] STATS ticks=0 symbols=0 pos=no daily_pnl=+0 drops=0
[MOVE_SUB_A] [14:08:00] STATS ticks=0 symbols=0 pos=no daily_pnl=+0 drops=0
[MOVE_SUB_A] [14:09:02] STATS ticks=0 symbols=0 pos=no daily_pnl=+0 drops=0
[MOVE_SUB_A] [14:10:03] STATS ticks=0 symbols=0 pos=no daily_pnl=+0 drops=0
[MOVE_SUB_A] [14:11:04] STATS ticks=0 symbols=0 pos=no daily_pnl=+0 drops=0
[MOVE_SUB_A] [14:12:06] STATS ticks=0 symbols=0 pos=no daily_pnl=+0 drops=0
[MOVE_SUB_A] [14:13:07] STATS ticks=0 symbols=0 pos=no daily_pnl=+0 drops=0
[MOVE_SUB_A] [14:14:09] STATS ticks=0 symbols=0 pos=no daily_pnl=+0 drops=0
[MOVE_SUB_A] [14:15:10] STATS ticks=0 symbols=0 pos=no daily_pnl=+0 drops=0
[MOVE_SUB_A] [14:16:11] STATS ticks=0 symbols=0 pos=no daily_pnl=+0 drops=0
[MOVE_SUB_A] [14:17:13] STATS ticks=0 symbols=0 pos=no daily_pnl=+0 drops=0
[MOVE_SUB_A] [14:18:14] STATS ticks=0 symbols=0 pos=no daily_pnl=+0 drops=0
[MOVE_SUB_A] [14:19:15] STATS ticks=0 symbols=0 pos=no daily_pnl=+0 drops=0
[MOVE_SUB_A] [14:20:16] STATS ticks=0 symbols=0 pos=no daily_pnl=+0 drops=0
[MOVE_SUB_A] [14:21:18] STATS ticks=0 symbols=0 pos=no daily_pnl=+0 drops=0
[MOVE_SUB_A] [14:22:19] STATS ticks=0 symbols=0 pos=no daily_pnl=+0 drops=0
[MOVE_SUB_A] [14:23:20] STATS ticks=0 symbols=0 pos=no daily_pnl=+0 drops=0
[MOVE_SUB_A] [14:24:22] STATS ticks=0 symbols=0 pos=no daily_pnl=+0 drops=0
[MOVE_SUB_A] [14:25:23] STATS ticks=0 symbols=0 pos=no daily_pnl=+0 drops=0
[MOVE_SUB_A] [14:26:25] STATS ticks=0 symbols=0 pos=no daily_pnl=+0 drops=0
[MOVE_SUB_A] [14:27:26] STATS ticks=0 symbols=0 pos=no daily_pnl=+0 drops=0
[MOVE_SUB_A] [14:28:27] STATS ticks=0 symbols=0 pos=no daily_pnl=+0 drops=0
[MOVE_SUB_A] [14:29:29] STATS ticks=0 symbols=0 pos=no daily_pnl=+0 drops=0
[MOVE_SUB_A] [14:30:30] STATS ticks=0 symbols=0 pos=no daily_pnl=+0 drops=0
[MOVE_SUB_A] [14:31:31] STATS ticks=0 symbols=0 pos=no daily_pnl=+0 drops=0
[MOVE_SUB_A] [14:32:32] STATS ticks=0 symbols=0 pos=no daily_pnl=+0 drops=0
[MOVE_SUB_A] [14:33:34] STATS ticks=0 symbols=0 pos=no daily_pnl=+0 drops=0
[MOVE_SUB_A] [14:34:35] STATS ticks=0 symbols=0 pos=no daily_pnl=+0 drops=0
[MOVE_SUB_A] [14:35:37] STATS ticks=0 symbols=0 pos=no daily_pnl=+0 drops=0
[MOVE_SUB_A] [14:36:38] STATS ticks=0 symbols=0 pos=no daily_pnl=+0 drops=0
[MOVE_SUB_A] [14:37:39] STATS ticks=0 symbols=0 pos=no daily_pnl=+0 drops=0
[MOVE_SUB_A] [14:38:41] STATS ticks=0 symbols=0 pos=no daily_pnl=+0 drops=0
[MOVE_SUB_A] [14:39:42] STATS ticks=0 symbols=0 pos=no daily_pnl=+0 drops=0
[MOVE_SUB_A] [14:40:44] STATS ticks=0 symbols=0 pos=no daily_pnl=+0 drops=0
[MOVE_SUB_A] [14:41:45] STATS ticks=0 symbols=0 pos=no daily_pnl=+0 drops=0
[MOVE_SUB_A] [14:42:46] STATS ticks=0 symbols=0 pos=no daily_pnl=+0 drops=0
[MOVE_SUB_A] [14:43:47] STATS ticks=0 symbols=0 pos=no daily_pnl=+0 drops=0
[MOVE_SUB_A] [14:44:49] STATS ticks=0 symbols=0 pos=no daily_pnl=+0 drops=0
[MOVE_SUB_A] [14:45:50] STATS ticks=0 symbols=0 pos=no daily_pnl=+0 drops=0
[MOVE_SUB_A] [14:46:51] STATS ticks=0 symbols=0 pos=no daily_pnl=+0 drops=0
[MOVE_SUB_A] [14:47:52] STATS ticks=0 symbols=0 pos=no daily_pnl=+0 drops=0
[MOVE_SUB_A] [14:48:54] STATS ticks=0 symbols=0 pos=no daily_pnl=+0 drops=0
[MOVE_SUB_A] [14:49:55] STATS ticks=0 symbols=0 pos=no daily_pnl=+0 drops=0
[MOVE_SUB_A] [14:50:57] STATS ticks=0 symbols=0 pos=no daily_pnl=+0 drops=0
[MOVE_SUB_A] [14:51:58] STATS ticks=0 symbols=0 pos=no daily_pnl=+0 drops=0
[MOVE_SUB_A] [14:53:00] STATS ticks=0 symbols=0 pos=no daily_pnl=+0 drops=0
[MOVE_SUB_A] [14:54:01] STATS ticks=0 symbols=0 pos=no daily_pnl=+0 drops=0
[MOVE_SUB_A] [14:55:03] STATS ticks=0 symbols=0 pos=no daily_pnl=+0 drops=0
[MOVE_SUB_A] [14:56:04] STATS ticks=0 symbols=0 pos=no daily_pnl=+0 drops=0
[MOVE_SUB_A] [14:57:06] STATS ticks=0 symbols=0 pos=no daily_pnl=+0 drops=0
[MOVE_SUB_A] [14:58:07] STATS ticks=0 symbols=0 pos=no daily_pnl=+0 drops=0
[MOVE_SUB_A] [14:59:09] STATS ticks=0 symbols=0 pos=no daily_pnl=+0 drops=0
[MOVE_SUB_A] [15:00:10] STATS ticks=0 symbols=0 pos=no daily_pnl=+0 drops=0
[MOVE_SUB_A] [15:01:11] STATS ticks=0 symbols=0 pos=no daily_pnl=+0 drops=0
[MOVE_SUB_A] [15:02:12] STATS ticks=0 symbols=0 pos=no daily_pnl=+0 drops=0
[MOVE_SUB_A] [15:03:14] STATS ticks=0 symbols=0 pos=no daily_pnl=+0 drops=0
[MOVE_SUB_A] [15:04:15] STATS ticks=0 symbols=0 pos=no daily_pnl=+0 drops=0
[MOVE_SUB_A] [15:05:17] STATS ticks=0 symbols=0 pos=no daily_pnl=+0 drops=0
[MOVE_SUB_A] [15:06:18] STATS ticks=0 symbols=0 pos=no daily_pnl=+0 drops=0
[MOVE_SUB_A] [15:07:19] STATS ticks=0 symbols=0 pos=no daily_pnl=+0 drops=0
[MOVE_SUB_A] [15:08:21] STATS ticks=0 symbols=0 pos=no daily_pnl=+0 drops=0
[MOVE_SUB_A] [15:09:22] STATS ticks=0 symbols=0 pos=no daily_pnl=+0 drops=0
[MOVE_SUB_A] [15:10:23] STATS ticks=0 symbols=0 pos=no daily_pnl=+0 drops=0
[MOVE_SUB_A] [15:11:25] STATS ticks=0 symbols=0 pos=no daily_pnl=+0 drops=0
[MOVE_SUB_A] [15:12:26] STATS ticks=0 symbols=0 pos=no daily_pnl=+0 drops=0
[MOVE_SUB_A] [15:13:27] STATS ticks=0 symbols=0 pos=no daily_pnl=+0 drops=0
[MOVE_SUB_A] [15:14:29] STATS ticks=0 symbols=0 pos=no daily_pnl=+0 drops=0
[MOVE_SUB_A] [15:15:30] STATS ticks=0 symbols=0 pos=no daily_pnl=+0 drops=0
[MOVE_SUB_A] [15:16:31] STATS ticks=0 symbols=0 pos=no daily_pnl=+0 drops=0
[MOVE_SUB_A] [15:17:33] STATS ticks=0 symbols=0 pos=no daily_pnl=+0 drops=0
[MOVE_SUB_A] [15:18:34] STATS ticks=0 symbols=0 pos=no daily_pnl=+0 drops=0
[MOVE_SUB_A] [15:19:35] STATS ticks=0 symbols=0 pos=no daily_pnl=+0 drops=0
[MOVE_SUB_A] [15:20:36] STATS ticks=0 symbols=0 pos=no daily_pnl=+0 drops=0
[MOVE_SUB_A] [15:21:38] STATS ticks=0 symbols=0 pos=no daily_pnl=+0 drops=0
[MOVE_SUB_A] [15:22:39] STATS ticks=0 symbols=0 pos=no daily_pnl=+0 drops=0
[MOVE_SUB_A] [15:23:40] STATS ticks=0 symbols=0 pos=no daily_pnl=+0 drops=0
[MOVE_SUB_A] [15:24:42] STATS ticks=0 symbols=0 pos=no daily_pnl=+0 drops=0
[MOVE_SUB_A] [15:25:43] STATS ticks=0 symbols=0 pos=no daily_pnl=+0 drops=0
[MOVE_SUB_A] [15:26:44] STATS ticks=0 symbols=0 pos=no daily_pnl=+0 drops=0
[MOVE_SUB_A] [15:27:46] STATS ticks=0 symbols=0 pos=no daily_pnl=+0 drops=0
[MOVE_SUB_A] [15:28:47] STATS ticks=0 symbols=0 pos=no daily_pnl=+0 drops=0
[MOVE_SUB_A] [15:29:49] STATS ticks=0 symbols=0 pos=no daily_pnl=+0 drops=0
[MOVE_SUB_A] [15:30:50] STATS ticks=0 symbols=0 pos=no daily_pnl=+0 drops=0
[MOVE_SUB_A] [15:31:51] STATS ticks=0 symbols=0 pos=no daily_pnl=+0 drops=0
[MOVE_SUB_A] [15:32:53] STATS ticks=0 symbols=0 pos=no daily_pnl=+0 drops=0
[MOVE_SUB_A] [15:33:54] STATS ticks=0 symbols=0 pos=no daily_pnl=+0 drops=0
[MOVE_SUB_A] [15:34:55] STATS ticks=0 symbols=0 pos=no daily_pnl=+0 drops=0
[MOVE_SUB_A] [15:35:56] STATS ticks=0 symbols=0 pos=no daily_pnl=+0 drops=0
[MOVE_SUB_A] [15:36:58] STATS ticks=0 symbols=0 pos=no daily_pnl=+0 drops=0
[MOVE_SUB_A] [15:37:59] STATS ticks=0 symbols=0 pos=no daily_pnl=+0 drops=0
[MOVE_SUB_A] [15:39:01] STATS ticks=0 symbols=0 pos=no daily_pnl=+0 drops=0
[MOVE_SUB_A] [15:40:02] STATS ticks=0 symbols=0 pos=no daily_pnl=+0 drops=0
[MOVE_SUB_A] [15:41:04] STATS ticks=0 symbols=0 pos=no daily_pnl=+0 drops=0
[MOVE_SUB_A] [15:42:05] STATS ticks=0 symbols=0 pos=no daily_pnl=+0 drops=0
[MOVE_SUB_A] [15:43:06] STATS ticks=0 symbols=0 pos=no daily_pnl=+0 drops=0
[MOVE_SUB_A] [15:44:08] STATS ticks=0 symbols=0 pos=no daily_pnl=+0 drops=0
[MOVE_SUB_A] [15:45:09] STATS ticks=0 symbols=0 pos=no daily_pnl=+0 drops=0
[MOVE_SUB_A] [15:46:10] STATS ticks=0 symbols=0 pos=no daily_pnl=+0 drops=0
[MOVE_SUB_A] [15:47:12] STATS ticks=0 symbols=0 pos=no daily_pnl=+0 drops=0
[MOVE_SUB_A] [15:48:13] STATS ticks=0 symbols=0 pos=no daily_pnl=+0 drops=0
[MOVE_SUB_A] [15:49:14] STATS ticks=0 symbols=0 pos=no daily_pnl=+0 drops=0
[MOVE_SUB_A] [15:50:15] STATS ticks=0 symbols=0 pos=no daily_pnl=+0 drops=0
[MOVE_SUB_A] [15:51:17] STATS ticks=0 symbols=0 pos=no daily_pnl=+0 drops=0
[MOVE_SUB_A] [15:52:18] STATS ticks=0 symbols=0 pos=no daily_pnl=+0 drops=0
[MOVE_SUB_A] [15:53:20] STATS ticks=0 symbols=0 pos=no daily_pnl=+0 drops=0
[MOVE_SUB_A] [15:54:21] STATS ticks=0 symbols=0 pos=no daily_pnl=+0 drops=0
[MOVE_SUB_A] [15:55:22] STATS ticks=0 symbols=0 pos=no daily_pnl=+0 drops=0
[MOVE_SUB_A] [15:56:24] STATS ticks=0 symbols=0 pos=no daily_pnl=+0 drops=0
[MOVE_SUB_A] [15:57:25] STATS ticks=0 symbols=0 pos=no daily_pnl=+0 drops=0
[MOVE_SUB_A] [15:58:26] STATS ticks=0 symbols=0 pos=no daily_pnl=+0 drops=0
[MOVE_SUB_A] [15:59:28] STATS ticks=0 symbols=0 pos=no daily_pnl=+0 drops=0
[MOVE_SUB_A] [16:00:29] STATS ticks=0 symbols=0 pos=no daily_pnl=+0 drops=0
[MOVE_SUB_A] [16:01:30] STATS ticks=0 symbols=0 pos=no daily_pnl=+0 drops=0
[MOVE_SUB_A] [16:02:32] STATS ticks=0 symbols=0 pos=no daily_pnl=+0 drops=0
[MOVE_SUB_A] [16:03:33] STATS ticks=0 symbols=0 pos=no daily_pnl=+0 drops=0
[MOVE_SUB_A] [16:04:35] STATS ticks=0 symbols=0 pos=no daily_pnl=+0 drops=0
[MOVE_SUB_A] [16:05:36] STATS ticks=0 symbols=0 pos=no daily_pnl=+0 drops=0
[MOVE_SUB_A] [16:06:38] STATS ticks=0 symbols=0 pos=no daily_pnl=+0 drops=0
[MOVE_SUB_A] [16:07:39] STATS ticks=0 symbols=0 pos=no daily_pnl=+0 drops=0
[MOVE_SUB_A] [16:08:41] STATS ticks=0 symbols=0 pos=no daily_pnl=+0 drops=0
[MOVE_SUB_A] [16:09:42] STATS ticks=0 symbols=0 pos=no daily_pnl=+0 drops=0
[MOVE_SUB_A] [16:10:43] STATS ticks=0 symbols=0 pos=no daily_pnl=+0 drops=0
[MOVE_SUB_A] [16:11:44] STATS ticks=0 symbols=0 pos=no daily_pnl=+0 drops=0
[MOVE_SUB_A] [16:12:46] STATS ticks=0 symbols=0 pos=no daily_pnl=+0 drops=0
[MOVE_SUB_A] [16:13:47] STATS ticks=0 symbols=0 pos=no daily_pnl=+0 drops=0
[MOVE_SUB_A] [16:14:48] STATS ticks=0 symbols=0 pos=no daily_pnl=+0 drops=0
[MOVE_SUB_A] [16:15:50] STATS ticks=0 symbols=0 pos=no daily_pnl=+0 drops=0
[MOVE_SUB_A] [16:16:51] STATS ticks=0 symbols=0 pos=no daily_pnl=+0 drops=0
[MOVE_SUB_A] [16:17:52] STATS ticks=0 symbols=0 pos=no daily_pnl=+0 drops=0
[MOVE_SUB_A] [16:18:54] STATS ticks=0 symbols=0 pos=no daily_pnl=+0 drops=0
[MOVE_SUB_A] [16:19:55] STATS ticks=0 symbols=0 pos=no daily_pnl=+0 drops=0
[MOVE_SUB_A] [16:20:56] STATS ticks=0 symbols=0 pos=no daily_pnl=+0 drops=0
[MOVE_SUB_A] [16:21:58] STATS ticks=0 symbols=0 pos=no daily_pnl=+0 drops=0
[MOVE_SUB_A] [16:22:59] STATS ticks=0 symbols=0 pos=no daily_pnl=+0 drops=0
[MOVE_SUB_A] [16:24:00] STATS ticks=0 symbols=0 pos=no daily_pnl=+0 drops=0
[MOVE_SUB_A] [16:25:02] STATS ticks=0 symbols=0 pos=no daily_pnl=+0 drops=0
[MOVE_SUB_A] [16:26:03] STATS ticks=0 symbols=0 pos=no daily_pnl=+0 drops=0
[MOVE_SUB_A] [16:27:04] STATS ticks=0 symbols=0 pos=no daily_pnl=+0 drops=0
[MOVE_SUB_A] [16:28:06] STATS ticks=0 symbols=0 pos=no daily_pnl=+0 drops=0
[MOVE_SUB_A] [16:29:07] STATS ticks=0 symbols=0 pos=no daily_pnl=+0 drops=0
[MOVE_SUB_A] [16:30:09] STATS ticks=0 symbols=0 pos=no daily_pnl=+0 drops=0
[MOVE_SUB_A] [16:31:10] STATS ticks=0 symbols=0 pos=no daily_pnl=+0 drops=0
[MOVE_SUB_A] [16:32:11] STATS ticks=0 symbols=0 pos=no daily_pnl=+0 drops=0
[MOVE_SUB_A] [16:33:13] STATS ticks=0 symbols=0 pos=no daily_pnl=+0 drops=0
[MOVE_SUB_A] [16:34:14] STATS ticks=0 symbols=0 pos=no daily_pnl=+0 drops=0
[MOVE_SUB_A] [16:35:15] STATS ticks=0 symbols=0 pos=no daily_pnl=+0 drops=0
[MOVE_SUB_A] [16:36:17] STATS ticks=0 symbols=0 pos=no daily_pnl=+0 drops=0
[MOVE_SUB_A] [16:37:18] STATS ticks=0 symbols=0 pos=no daily_pnl=+0 drops=0
[MOVE_SUB_A] [16:38:19] STATS ticks=0 symbols=0 pos=no daily_pnl=+0 drops=0
[MOVE_SUB_A] [16:39:21] STATS ticks=0 symbols=0 pos=no daily_pnl=+0 drops=0
[MOVE_SUB_A] [16:40:22] STATS ticks=0 symbols=0 pos=no daily_pnl=+0 drops=0
[MOVE_SUB_A] [16:41:24] STATS ticks=0 symbols=0 pos=no daily_pnl=+0 drops=0
[MOVE_SUB_A] [16:42:25] STATS ticks=0 symbols=0 pos=no daily_pnl=+0 drops=0
[MOVE_SUB_A] [16:43:26] STATS ticks=0 symbols=0 pos=no daily_pnl=+0 drops=0
[MOVE_SUB_A] [16:44:28] STATS ticks=0 symbols=0 pos=no daily_pnl=+0 drops=0
[MOVE_SUB_A] [16:45:29] STATS ticks=0 symbols=0 pos=no daily_pnl=+0 drops=0
[MOVE_SUB_A] [16:46:30] STATS ticks=0 symbols=0 pos=no daily_pnl=+0 drops=0
[MOVE_SUB_A] [16:47:32] STATS ticks=0 symbols=0 pos=no daily_pnl=+0 drops=0
[MOVE_SUB_A] [16:48:33] STATS ticks=0 symbols=0 pos=no daily_pnl=+0 drops=0
[MOVE_SUB_A] [16:49:34] STATS ticks=0 symbols=0 pos=no daily_pnl=+0 drops=0
[MOVE_SUB_A] [16:50:35] STATS ticks=0 symbols=0 pos=no daily_pnl=+0 drops=0
[MOVE_SUB_A] [16:51:37] STATS ticks=0 symbols=0 pos=no daily_pnl=+0 drops=0
[MOVE_SUB_A] [16:52:38] STATS ticks=0 symbols=0 pos=no daily_pnl=+0 drops=0
[MOVE_SUB_A] [16:53:39] STATS ticks=0 symbols=0 pos=no daily_pnl=+0 drops=0
[MOVE_SUB_A] [16:54:41] STATS ticks=0 symbols=0 pos=no daily_pnl=+0 drops=0
[MOVE_SUB_A] [16:55:42] STATS ticks=0 symbols=0 pos=no daily_pnl=+0 drops=0
[MOVE_SUB_A] [16:56:43] STATS ticks=0 symbols=0 pos=no daily_pnl=+0 drops=0
[MOVE_SUB_A] [16:57:45] STATS ticks=0 symbols=0 pos=no daily_pnl=+0 drops=0
[MOVE_SUB_A] [16:58:46] STATS ticks=0 symbols=0 pos=no daily_pnl=+0 drops=0
[MOVE_SUB_A] [16:59:48] STATS ticks=0 symbols=0 pos=no daily_pnl=+0 drops=0
[MOVE_SUB_A] [17:00:49] STATS ticks=0 symbols=0 pos=no daily_pnl=+0 drops=0
[MOVE_SUB_A] [17:01:50] STATS ticks=0 symbols=0 pos=no daily_pnl=+0 drops=0
[MOVE_SUB_A] [17:02:51] STATS ticks=0 symbols=0 pos=no daily_pnl=+0 drops=0
[MOVE_SUB_A] [17:03:52] STATS ticks=0 symbols=0 pos=no daily_pnl=+0 drops=0
[MOVE_SUB_A] [17:04:54] STATS ticks=0 symbols=0 pos=no daily_pnl=+0 drops=0
[MOVE_SUB_A] [17:05:55] STATS ticks=0 symbols=0 pos=no daily_pnl=+0 drops=0
[MOVE_SUB_A] [17:06:57] STATS ticks=0 symbols=0 pos=no daily_pnl=+0 drops=0
[MOVE_SUB_A] [17:07:58] STATS ticks=0 symbols=0 pos=no daily_pnl=+0 drops=0
[MOVE_SUB_A] [17:09:00] STATS ticks=0 symbols=0 pos=no daily_pnl=+0 drops=0
[MOVE_SUB_A] [17:10:01] STATS ticks=0 symbols=0 pos=no daily_pnl=+0 drops=0
[MOVE_SUB_A] [17:11:03] STATS ticks=0 symbols=0 pos=no daily_pnl=+0 drops=0
[MOVE_SUB_A] [17:12:04] STATS ticks=0 symbols=0 pos=no daily_pnl=+0 drops=0
[MOVE_SUB_A] [17:13:05] STATS ticks=0 symbols=0 pos=no daily_pnl=+0 drops=0
[MOVE_SUB_A] [17:14:07] STATS ticks=0 symbols=0 pos=no daily_pnl=+0 drops=0
[MOVE_SUB_A] [17:15:08] STATS ticks=0 symbols=0 pos=no daily_pnl=+0 drops=0
[MOVE_SUB_A] [17:16:10] STATS ticks=0 symbols=0 pos=no daily_pnl=+0 drops=0
[MOVE_SUB_A] [17:17:11] STATS ticks=0 symbols=0 pos=no daily_pnl=+0 drops=0
[MOVE_SUB_A] [17:18:12] STATS ticks=0 symbols=0 pos=no daily_pnl=+0 drops=0
[MOVE_SUB_A] [17:19:14] STATS ticks=0 symbols=0 pos=no daily_pnl=+0 drops=0
[MOVE_SUB_A] [17:20:15] STATS ticks=0 symbols=0 pos=no daily_pnl=+0 drops=0
[MOVE_SUB_A] [17:21:17] STATS ticks=0 symbols=0 pos=no daily_pnl=+0 drops=0
[MOVE_SUB_A] [17:22:18] STATS ticks=0 symbols=0 pos=no daily_pnl=+0 drops=0
[MOVE_SUB_A] [17:23:20] STATS ticks=0 symbols=0 pos=no daily_pnl=+0 drops=0
[MOVE_SUB_A] [17:24:21] STATS ticks=0 symbols=0 pos=no daily_pnl=+0 drops=0
[MOVE_SUB_A] [17:25:23] STATS ticks=0 symbols=0 pos=no daily_pnl=+0 drops=0
[MOVE_SUB_A] [17:26:25] STATS ticks=0 symbols=0 pos=no daily_pnl=+0 drops=0
[MOVE_SUB_A] [17:27:26] STATS ticks=0 symbols=0 pos=no daily_pnl=+0 drops=0
[MOVE_SUB_A] [17:28:27] STATS ticks=0 symbols=0 pos=no daily_pnl=+0 drops=0
[MOVE_SUB_A] [17:29:29] STATS ticks=0 symbols=0 pos=no daily_pnl=+0 drops=0
[MOVE_SUB_A] [17:30:30] STATS ticks=0 symbols=0 pos=no daily_pnl=+0 drops=0
[MOVE_SUB_A] [17:31:32] STATS ticks=0 symbols=0 pos=no daily_pnl=+0 drops=0
[MOVE_SUB_A] [17:32:33] STATS ticks=0 symbols=0 pos=no daily_pnl=+0 drops=0
[MOVE_SUB_A] [17:33:34] STATS ticks=0 symbols=0 pos=no daily_pnl=+0 drops=0
[MOVE_SUB_A] [17:34:36] STATS ticks=0 symbols=0 pos=no daily_pnl=+0 drops=0
[MOVE_SUB_A] [17:35:37] STATS ticks=0 symbols=0 pos=no daily_pnl=+0 drops=0
[MOVE_SUB_A] [17:36:39] STATS ticks=0 symbols=0 pos=no daily_pnl=+0 drops=0
[MOVE_SUB_A] [17:37:40] STATS ticks=0 symbols=0 pos=no daily_pnl=+0 drops=0
[MOVE_SUB_A] [17:38:41] STATS ticks=0 symbols=0 pos=no daily_pnl=+0 drops=0
[MOVE_SUB_A] [17:39:43] STATS ticks=0 symbols=0 pos=no daily_pnl=+0 drops=0
[MOVE_SUB_A] [17:40:44] STATS ticks=0 symbols=0 pos=no daily_pnl=+0 drops=0
[MOVE_SUB_A] [17:41:46] STATS ticks=0 symbols=0 pos=no daily_pnl=+0 drops=0
[MOVE_SUB_A] [17:42:48] STATS ticks=0 symbols=0 pos=no daily_pnl=+0 drops=0
[MOVE_SUB_A] [17:43:49] STATS ticks=0 symbols=0 pos=no daily_pnl=+0 drops=0
[MOVE_SUB_A] [17:44:50] STATS ticks=0 symbols=0 pos=no daily_pnl=+0 drops=0
[MOVE_SUB_A] [17:45:52] STATS ticks=0 symbols=0 pos=no daily_pnl=+0 drops=0
[MOVE_SUB_A] [17:46:53] STATS ticks=0 symbols=0 pos=no daily_pnl=+0 drops=0
[MOVE_SUB_A] [17:47:55] STATS ticks=0 symbols=0 pos=no daily_pnl=+0 drops=0
[MOVE_SUB_A] [17:48:56] STATS ticks=0 symbols=0 pos=no daily_pnl=+0 drops=0
[MOVE_SUB_A] [17:49:57] STATS ticks=0 symbols=0 pos=no daily_pnl=+0 drops=0
[MOVE_SUB_A] [17:50:59] STATS ticks=0 symbols=0 pos=no daily_pnl=+0 drops=0
[MOVE_SUB_A] [17:52:00] STATS ticks=0 symbols=0 pos=no daily_pnl=+0 drops=0
[MOVE_SUB_A] [17:53:02] STATS ticks=0 symbols=0 pos=no daily_pnl=+0 drops=0
[MOVE_SUB_A] [17:54:03] STATS ticks=0 symbols=0 pos=no daily_pnl=+0 drops=0
[MOVE_SUB_A] [17:55:04] STATS ticks=0 symbols=0 pos=no daily_pnl=+0 drops=0
[MOVE_SUB_A] [17:56:06] STATS ticks=0 symbols=0 pos=no daily_pnl=+0 drops=0
[MOVE_SUB_A] [17:57:07] STATS ticks=0 symbols=0 pos=no daily_pnl=+0 drops=0
[MOVE_SUB_A] [17:58:09] STATS ticks=0 symbols=0 pos=no daily_pnl=+0 drops=0
[MOVE_SUB_A] [17:59:10] STATS ticks=0 symbols=0 pos=no daily_pnl=+0 drops=0
[MOVE_SUB_A] [18:00:11] STATS ticks=0 symbols=0 pos=no daily_pnl=+0 drops=0
[MOVE_SUB_A] [18:01:13] STATS ticks=0 symbols=0 pos=no daily_pnl=+0 drops=0
[MOVE_SUB_A] [18:02:14] STATS ticks=0 symbols=0 pos=no daily_pnl=+0 drops=0
[MOVE_SUB_A] [18:03:15] STATS ticks=0 symbols=0 pos=no daily_pnl=+0 drops=0
[MOVE_SUB_A] [18:04:17] STATS ticks=0 symbols=0 pos=no daily_pnl=+0 drops=0
[MOVE_SUB_A] [18:05:18] STATS ticks=0 symbols=0 pos=no daily_pnl=+0 drops=0
[MOVE_SUB_A] [18:06:20] STATS ticks=0 symbols=0 pos=no daily_pnl=+0 drops=0
[MOVE_SUB_A] [18:07:21] STATS ticks=0 symbols=0 pos=no daily_pnl=+0 drops=0
[MOVE_SUB_A] [18:08:22] STATS ticks=0 symbols=0 pos=no daily_pnl=+0 drops=0
[MOVE_SUB_A] [18:09:24] STATS ticks=0 symbols=0 pos=no daily_pnl=+0 drops=0
[MOVE_SUB_A] [18:10:25] STATS ticks=0 symbols=0 pos=no daily_pnl=+0 drops=0
[MOVE_SUB_A] [18:11:27] STATS ticks=0 symbols=0 pos=no daily_pnl=+0 drops=0
[MOVE_SUB_A] [18:12:28] STATS ticks=0 symbols=0 pos=no daily_pnl=+0 drops=0
[MOVE_SUB_A] [18:13:29] STATS ticks=0 symbols=0 pos=no daily_pnl=+0 drops=0
[MOVE_SUB_A] [18:14:31] STATS ticks=0 symbols=0 pos=no daily_pnl=+0 drops=0
[MOVE_SUB_A] [18:15:32] STATS ticks=0 symbols=0 pos=no daily_pnl=+0 drops=0
[MOVE_SUB_A] [18:16:33] STATS ticks=0 symbols=0 pos=no daily_pnl=+0 drops=0
[MOVE_SUB_A] [18:17:34] STATS ticks=0 symbols=0 pos=no daily_pnl=+0 drops=0
[MOVE_SUB_A] [18:18:36] STATS ticks=0 symbols=0 pos=no daily_pnl=+0 drops=0
[MOVE_SUB_A] [18:19:37] STATS ticks=0 symbols=0 pos=no daily_pnl=+0 drops=0
[MOVE_SUB_A] [18:20:38] STATS ticks=0 symbols=0 pos=no daily_pnl=+0 drops=0
[MOVE_SUB_A] [18:21:40] STATS ticks=0 symbols=0 pos=no daily_pnl=+0 drops=0
[MOVE_SUB_A] [18:22:41] STATS ticks=0 symbols=0 pos=no daily_pnl=+0 drops=0
[MOVE_SUB_A] [18:23:43] STATS ticks=0 symbols=0 pos=no daily_pnl=+0 drops=0
[MOVE_SUB_A] [18:24:44] STATS ticks=0 symbols=0 pos=no daily_pnl=+0 drops=0
[MOVE_SUB_A] [18:25:45] STATS ticks=0 symbols=0 pos=no daily_pnl=+0 drops=0
[MOVE_SUB_A] [18:26:47] STATS ticks=0 symbols=0 pos=no daily_pnl=+0 drops=0
[MOVE_SUB_A] [18:27:48] STATS ticks=0 symbols=0 pos=no daily_pnl=+0 drops=0
[MOVE_SUB_A] [18:28:49] STATS ticks=0 symbols=0 pos=no daily_pnl=+0 drops=0
[MOVE_SUB_A] [18:29:51] STATS ticks=0 symbols=0 pos=no daily_pnl=+0 drops=0
[MOVE_SUB_A] [18:30:52] STATS ticks=0 symbols=0 pos=no daily_pnl=+0 drops=0
[MOVE_SUB_A] [18:31:53] STATS ticks=0 symbols=0 pos=no daily_pnl=+0 drops=0
[MOVE_SUB_A] [18:32:55] STATS ticks=0 symbols=0 pos=no daily_pnl=+0 drops=0
[MOVE_SUB_A] [18:33:56] STATS ticks=0 symbols=0 pos=no daily_pnl=+0 drops=0
[MOVE_SUB_A] [18:34:57] STATS ticks=0 symbols=0 pos=no daily_pnl=+0 drops=0
[MOVE_SUB_A] [18:35:59] STATS ticks=0 symbols=0 pos=no daily_pnl=+0 drops=0
[MOVE_SUB_A] [18:37:00] STATS ticks=0 symbols=0 pos=no daily_pnl=+0 drops=0
[MOVE_SUB_A] [18:38:01] STATS ticks=0 symbols=0 pos=no daily_pnl=+0 drops=0
[MOVE_SUB_A] [18:39:02] STATS ticks=0 symbols=0 pos=no daily_pnl=+0 drops=0
[MOVE_SUB_A] [18:40:03] STATS ticks=0 symbols=0 pos=no daily_pnl=+0 drops=0
[MOVE_SUB_A] [18:41:05] STATS ticks=0 symbols=0 pos=no daily_pnl=+0 drops=0
[MOVE_SUB_A] [18:42:06] STATS ticks=0 symbols=0 pos=no daily_pnl=+0 drops=0
[MOVE_SUB_A] [18:43:07] STATS ticks=0 symbols=0 pos=no daily_pnl=+0 drops=0
[MOVE_SUB_A] [18:44:09] STATS ticks=0 symbols=0 pos=no daily_pnl=+0 drops=0
[MOVE_SUB_A] [18:45:10] STATS ticks=0 symbols=0 pos=no daily_pnl=+0 drops=0
[MOVE_SUB_A] [18:46:12] STATS ticks=0 symbols=0 pos=no daily_pnl=+0 drops=0
[MOVE_SUB_A] [18:47:13] STATS ticks=0 symbols=0 pos=no daily_pnl=+0 drops=0
[MOVE_SUB_A] [18:48:14] STATS ticks=0 symbols=0 pos=no daily_pnl=+0 drops=0
[MOVE_SUB_A] [18:49:16] STATS ticks=0 symbols=0 pos=no daily_pnl=+0 drops=0
[MOVE_SUB_A] [18:50:17] STATS ticks=0 symbols=0 pos=no daily_pnl=+0 drops=0
[MOVE_SUB_A] [18:51:19] STATS ticks=0 symbols=0 pos=no daily_pnl=+0 drops=0
[MOVE_SUB_A] [18:52:20] STATS ticks=0 symbols=0 pos=no daily_pnl=+0 drops=0
[MOVE_SUB_A] [18:53:22] STATS ticks=0 symbols=0 pos=no daily_pnl=+0 drops=0
[MOVE_SUB_A] [18:54:23] STATS ticks=0 symbols=0 pos=no daily_pnl=+0 drops=0
[MOVE_SUB_A] [18:55:24] STATS ticks=0 symbols=0 pos=no daily_pnl=+0 drops=0
[MOVE_SUB_A] [18:56:25] STATS ticks=0 symbols=0 pos=no daily_pnl=+0 drops=0
[MOVE_SUB_A] [18:57:27] STATS ticks=0 symbols=0 pos=no daily_pnl=+0 drops=0
[MOVE_SUB_A] [18:58:28] STATS ticks=0 symbols=0 pos=no daily_pnl=+0 drops=0
[MOVE_SUB_A] [18:59:30] STATS ticks=0 symbols=0 pos=no daily_pnl=+0 drops=0
[MOVE_SUB_A] [19:00:31] STATS ticks=0 symbols=0 pos=no daily_pnl=+0 drops=0
[MOVE_SUB_A] [19:01:32] STATS ticks=0 symbols=0 pos=no daily_pnl=+0 drops=0
[MOVE_SUB_A] [19:02:34] STATS ticks=0 symbols=0 pos=no daily_pnl=+0 drops=0
[MOVE_SUB_A] [19:03:35] STATS ticks=0 symbols=0 pos=no daily_pnl=+0 drops=0
[MOVE_SUB_A] [19:04:37] STATS ticks=0 symbols=0 pos=no daily_pnl=+0 drops=0
[MOVE_SUB_A] [19:05:38] STATS ticks=0 symbols=0 pos=no daily_pnl=+0 drops=0
[MOVE_SUB_A] [19:06:39] STATS ticks=0 symbols=0 pos=no daily_pnl=+0 drops=0
[MOVE_SUB_A] [19:07:41] STATS ticks=0 symbols=0 pos=no daily_pnl=+0 drops=0
[MOVE_SUB_A] [19:08:42] STATS ticks=0 symbols=0 pos=no daily_pnl=+0 drops=0
[MOVE_SUB_A] [19:09:44] STATS ticks=0 symbols=0 pos=no daily_pnl=+0 drops=0
[MOVE_SUB_A] [19:10:45] STATS ticks=0 symbols=0 pos=no daily_pnl=+0 drops=0
[MOVE_SUB_A] [19:11:47] STATS ticks=0 symbols=0 pos=no daily_pnl=+0 drops=0
[MOVE_SUB_A] [19:12:48] STATS ticks=0 symbols=0 pos=no daily_pnl=+0 drops=0
[MOVE_SUB_A] [19:13:50] STATS ticks=0 symbols=0 pos=no daily_pnl=+0 drops=0
[MOVE_SUB_A] [19:14:51] STATS ticks=0 symbols=0 pos=no daily_pnl=+0 drops=0
[MOVE_SUB_A] [19:15:52] STATS ticks=0 symbols=0 pos=no daily_pnl=+0 drops=0
[MOVE_SUB_A] [19:16:54] STATS ticks=0 symbols=0 pos=no daily_pnl=+0 drops=0
[MOVE_SUB_A] [19:17:55] STATS ticks=0 symbols=0 pos=no daily_pnl=+0 drops=0
[MOVE_SUB_A] [19:18:56] STATS ticks=0 symbols=0 pos=no daily_pnl=+0 drops=0
[MOVE_SUB_A] [19:19:58] STATS ticks=0 symbols=0 pos=no daily_pnl=+0 drops=0
[MOVE_SUB_A] [19:20:59] STATS ticks=0 symbols=0 pos=no daily_pnl=+0 drops=0
[MOVE_SUB_A] [19:22:01] STATS ticks=0 symbols=0 pos=no daily_pnl=+0 drops=0
[MOVE_SUB_A] [19:23:02] STATS ticks=0 symbols=0 pos=no daily_pnl=+0 drops=0
[MOVE_SUB_A] [19:24:04] STATS ticks=0 symbols=0 pos=no daily_pnl=+0 drops=0
[MOVE_SUB_A] [19:25:05] STATS ticks=0 symbols=0 pos=no daily_pnl=+0 drops=0
[MOVE_SUB_A] [19:26:06] STATS ticks=0 symbols=0 pos=no daily_pnl=+0 drops=0
[MOVE_SUB_A] [19:27:07] STATS ticks=0 symbols=0 pos=no daily_pnl=+0 drops=0
[MOVE_SUB_A] [19:28:08] STATS ticks=0 symbols=0 pos=no daily_pnl=+0 drops=0
[MOVE_SUB_A] [19:29:10] STATS ticks=0 symbols=0 pos=no daily_pnl=+0 drops=0
[MOVE_SUB_A] [19:30:11] STATS ticks=0 symbols=0 pos=no daily_pnl=+0 drops=0
[MOVE_SUB_A] [19:31:12] STATS ticks=0 symbols=0 pos=no daily_pnl=+0 drops=0
[MOVE_SUB_A] [19:32:13] STATS ticks=0 symbols=0 pos=no daily_pnl=+0 drops=0
[MOVE_SUB_A] [19:33:15] STATS ticks=0 symbols=0 pos=no daily_pnl=+0 drops=0
[MOVE_SUB_A] [19:34:16] STATS ticks=0 symbols=0 pos=no daily_pnl=+0 drops=0
[MOVE_SUB_A] [19:35:17] STATS ticks=0 symbols=0 pos=no daily_pnl=+0 drops=0
[MOVE_SUB_A] [19:36:19] STATS ticks=0 symbols=0 pos=no daily_pnl=+0 drops=0
[MOVE_SUB_A] [19:37:20] STATS ticks=0 symbols=0 pos=no daily_pnl=+0 drops=0
[MOVE_SUB_A] [19:38:21] STATS ticks=0 symbols=0 pos=no daily_pnl=+0 drops=0
[MOVE_SUB_A] [19:39:23] STATS ticks=0 symbols=0 pos=no daily_pnl=+0 drops=0
[MOVE_SUB_A] [19:40:24] STATS ticks=0 symbols=0 pos=no daily_pnl=+0 drops=0
[MOVE_SUB_A] [19:41:25] STATS ticks=0 symbols=0 pos=no daily_pnl=+0 drops=0
[MOVE_SUB_A] [19:42:27] STATS ticks=0 symbols=0 pos=no daily_pnl=+0 drops=0
[MOVE_SUB_A] [19:43:28] STATS ticks=0 symbols=0 pos=no daily_pnl=+0 drops=0
[MOVE_SUB_A] [19:44:30] STATS ticks=0 symbols=0 pos=no daily_pnl=+0 drops=0
[MOVE_SUB_A] [19:45:31] STATS ticks=0 symbols=0 pos=no daily_pnl=+0 drops=0
[MOVE_SUB_A] [19:46:32] STATS ticks=0 symbols=0 pos=no daily_pnl=+0 drops=0
[MOVE_SUB_A] [19:47:34] STATS ticks=0 symbols=0 pos=no daily_pnl=+0 drops=0
[MOVE_SUB_A] [19:48:35] STATS ticks=0 symbols=0 pos=no daily_pnl=+0 drops=0
[MOVE_SUB_A] [19:49:36] STATS ticks=0 symbols=0 pos=no daily_pnl=+0 drops=0
[MOVE_SUB_A] [19:50:38] STATS ticks=0 symbols=0 pos=no daily_pnl=+0 drops=0
[MOVE_SUB_A] [19:51:39] STATS ticks=0 symbols=0 pos=no daily_pnl=+0 drops=0
[MOVE_SUB_A] [19:52:41] STATS ticks=0 symbols=0 pos=no daily_pnl=+0 drops=0
[MOVE_SUB_A] [19:53:42] STATS ticks=0 symbols=0 pos=no daily_pnl=+0 drops=0
[MOVE_SUB_A] [19:54:44] STATS ticks=0 symbols=0 pos=no daily_pnl=+0 drops=0
[MOVE_SUB_A] [19:55:45] STATS ticks=0 symbols=0 pos=no daily_pnl=+0 drops=0
[MOVE_SUB_A] [19:56:46] STATS ticks=0 symbols=0 pos=no daily_pnl=+0 drops=0
[MOVE_SUB_A] [19:57:48] STATS ticks=0 symbols=0 pos=no daily_pnl=+0 drops=0
[MOVE_SUB_A] [19:58:49] STATS ticks=0 symbols=0 pos=no daily_pnl=+0 drops=0
[MOVE_SUB_A] [19:59:51] STATS ticks=0 symbols=0 pos=no daily_pnl=+0 drops=0
[MOVE_SUB_A] socket closed by peer — reconnecting
[MOVE_SUB_A] engine socket not ready yet (ConnectionRefusedError(61, 'Connection refused')) — retrying every 2s
[MOVE_SUB_A] signal 15 received — stopping
[MOVE_SUB_A] consume loop exited
