Wrote: /Users/duffy/warrior_bot_v2/cowork_reports/2026-09-21_abc_daily_report.md
# A/B/C Daily Report — 2026-09-21

Per `cowork_reports/2026-05-23_live_abc_fade_gate_test_directive.md`.

## Account / log snapshot

| Variant | Label | Equity | Day P&L | Day orders (buy/total) | Log entries | Gate blocks | Regime triggers |
|---|---|---:|---:|---:|---:|---:|---:|
| A | FIRESTORM-gate | err: {"message": "unautho | err: {"message": "unautho | err: {"message": "unautho | 0 | 0 | 0 |
| B | FIRESTORM-gate + Track A | err: {"message": "unautho | err: {"message": "unautho | err: {"message": "unautho | — | — | — |
| C | REENTRY-loss-gate | +$1,817.41 | +$0.00 | 0 / 0 | 0 | 0 | 0 |

### Variant A — FIRESTORM-gate

- MOVE_STRIKE entries: 0
- REGIME_SHIFT entries: 0
- Exits: 0
- Regime-shift partials fired: 0
- Fade-gate blocks: 0 (0 unique symbols)

### Variant B — FIRESTORM-gate + Track A

- log error: `no_log` (path: `/Users/duffy/warrior_bot_v2/logs/2026-09-21_move_strike_subbot_B.log`)

### Variant C — REENTRY-loss-gate

- MOVE_STRIKE entries: 0
- REGIME_SHIFT entries: 0
- Exits: 0
- Regime-shift partials fired: 0
- Fade-gate blocks: 0 (0 unique symbols)

## Data Quality Audit

- Audit lines parsed: 17281
- Symbols flagged HEURISTIC_SUSPECT: 9
- Symbols with DIRECT_QUERY_WEDGE events: 0

| Symbol | OK | Suspect | Wedge | Min obs/truth | Last obs vs truth |
|---|---:|---:|---:|---:|---|
| AXTX | 218 | 871 | 0 | n/a | n/a |
| BNC | 219 | 871 | 0 | n/a | n/a |
| CRMU | 219 | 871 | 0 | n/a | n/a |
| CRMX | 213 | 871 | 0 | n/a | n/a |
| MEDS | 149 | 871 | 0 | n/a | n/a |
| VEEE | 35 | 871 | 0 | n/a | n/a |
| HUBC | 54 | 262 | 0 | n/a | n/a |
| AVX | 786 | 77 | 0 | n/a | n/a |
| SPRU | 698 | 43 | 0 | n/a | n/a |

## Running totals (cumulative)

| Variant | Days | Cumulative P&L |
|---|---:|---:|
| A | 76 | +$1,662.94 |
| B | 76 | -$4,183.34 |
| C | 76 | +$331.63 |

