Wrote: /Users/duffy/warrior_bot_v2/cowork_reports/2026-08-10_abc_daily_report.md
# A/B/C Daily Report — 2026-08-10

Per `cowork_reports/2026-05-23_live_abc_fade_gate_test_directive.md`.

## Account / log snapshot

| Variant | Label | Equity | Day P&L | Day orders (buy/total) | Log entries | Gate blocks | Regime triggers |
|---|---|---:|---:|---:|---:|---:|---:|
| A | FIRESTORM-gate | +$4,588.98 | +$0.00 | 0 / 0 | 0 | 0 | 0 |
| B | FIRESTORM-gate + Track A | err: {"message": "unautho | err: {"message": "unautho | err: {"message": "unautho | — | — | — |
| C | REENTRY-loss-gate | +$1,817.41 | +$0.00 | 0 / 0 | 0 | 0 | 0 |

### Variant A — FIRESTORM-gate

- MOVE_STRIKE entries: 0
- REGIME_SHIFT entries: 0
- Exits: 0
- Regime-shift partials fired: 0
- Fade-gate blocks: 0 (0 unique symbols)

### Variant B — FIRESTORM-gate + Track A

- log error: `no_log` (path: `/Users/duffy/warrior_bot_v2/logs/2026-08-10_move_strike_subbot_B.log`)

### Variant C — REENTRY-loss-gate

- MOVE_STRIKE entries: 0
- REGIME_SHIFT entries: 0
- Exits: 0
- Regime-shift partials fired: 0
- Fade-gate blocks: 0 (0 unique symbols)

## Data Quality Audit

- Audit lines parsed: 16593
- Symbols flagged HEURISTIC_SUSPECT: 9
- Symbols with DIRECT_QUERY_WEDGE events: 0

| Symbol | OK | Suspect | Wedge | Min obs/truth | Last obs vs truth |
|---|---:|---:|---:|---:|---|
| DKI | 214 | 853 | 0 | n/a | n/a |
| FEAM | 214 | 853 | 0 | n/a | n/a |
| INHD | 208 | 853 | 0 | n/a | n/a |
| INLF | 214 | 853 | 0 | n/a | n/a |
| XHLD | 35 | 853 | 0 | n/a | n/a |
| ZJYL | 29 | 853 | 0 | n/a | n/a |
| SSM | 75 | 826 | 0 | n/a | n/a |
| STFS | 152 | 646 | 0 | n/a | n/a |
| JWEL | 466 | 478 | 0 | n/a | n/a |

## Running totals (cumulative)

| Variant | Days | Cumulative P&L |
|---|---:|---:|
| A | 55 | +$1,662.94 |
| B | 55 | -$4,183.34 |
| C | 55 | +$331.63 |

