[MOVE_SUB] Alpaca PAPER connected — account=PA3LXGIPGG8B equity=$27,295
[MOVE_SUB] starting consume loop
[MOVE_SUB] [04:00:34] connected to engine (/tmp/warrior_engine.sock) attempt=1
[MOVE_SUB] [04:00:34] new symbol GOVX — detector + movement_strike instantiated
[MOVE_SUB] [04:00:34] new symbol MTVA — detector + movement_strike instantiated
[MOVE_SUB] [04:00:34] new symbol CORD — detector + movement_strike instantiated
[MOVE_SUB] [04:00:34] new symbol CODX — detector + movement_strike instantiated
[MOVE_SUB] [04:00:34] new symbol AEHL — detector + movement_strike instantiated
[MOVE_SUB] [04:00:34] new symbol QUCY — detector + movement_strike instantiated
[MOVE_SUB] [04:00:34] new symbol RUBI — detector + movement_strike instantiated
[MOVE_SUB] [04:00:35] new symbol CBRG — detector + movement_strike instantiated
[MOVE_SUB] [04:00:35] new symbol ONDG — detector + movement_strike instantiated
[MOVE_SUB] [04:00:35] new symbol GIPR — detector + movement_strike instantiated
[MOVE_SUB] [04:00:35] new symbol SBFM — detector + movement_strike instantiated
[MOVE_SUB] [04:00:35] new symbol NOWL — detector + movement_strike instantiated
[MOVE_SUB] [04:00:36] new symbol PIII — detector + movement_strike instantiated
[MOVE_SUB] [04:00:36] new symbol SKYQ — detector + movement_strike instantiated
[MOVE_SUB] [04:00:38] new symbol SST — detector + movement_strike instantiated
[MOVE_SUB] [04:00:40] new symbol WNW — detector + movement_strike instantiated
[MOVE_SUB] [04:00:50] new symbol MOBX — detector + movement_strike instantiated
[MOVE_SUB] [04:01:01] new symbol EDSA — detector + movement_strike instantiated
[MOVE_SUB] [04:01:14] new symbol SLE — detector + movement_strike instantiated
[MOVE_SUB] [04:01:17] new symbol SUGP — detector + movement_strike instantiated
[MOVE_SUB] [04:01:34] STATS ticks=1289 symbols=20 pos=no daily_pnl=+0
[MOVE_SUB] [04:01:49] new symbol LNKS — detector + movement_strike instantiated
[MOVE_SUB] [04:02:34] STATS ticks=2664 symbols=21 pos=no daily_pnl=+0
[MOVE_SUB] [04:03:22] new symbol LESL — detector + movement_strike instantiated
[MOVE_SUB] [04:03:34] STATS ticks=3106 symbols=22 pos=no daily_pnl=+0
[MOVE_SUB] [04:04:35] STATS ticks=3480 symbols=22 pos=no daily_pnl=+0
[MOVE_SUB] [04:05:20] new symbol PCLA — detector + movement_strike instantiated
[MOVE_SUB] [04:05:23] new symbol AKTX — detector + movement_strike instantiated
[MOVE_SUB] [04:05:26] new symbol LFS — detector + movement_strike instantiated
[MOVE_SUB] [04:05:29] new symbol RYOJ — detector + movement_strike instantiated
[MOVE_SUB] [04:05:35] new symbol INFQ — detector + movement_strike instantiated
[MOVE_SUB] [04:05:35] STATS ticks=3823 symbols=27 pos=no daily_pnl=+0
[MOVE_SUB] [04:05:40] new symbol LWLG — detector + movement_strike instantiated
[MOVE_SUB] [04:05:43] new symbol CRWU — detector + movement_strike instantiated
[MOVE_SUB] [04:05:46] new symbol QUBT — detector + movement_strike instantiated
[MOVE_SUB] [04:05:49] new symbol OKLL — detector + movement_strike instantiated
[MOVE_SUB] [04:05:54] new symbol POET — detector + movement_strike instantiated
[MOVE_SUB] [04:05:57] new symbol LAES — detector + movement_strike instantiated
[MOVE_SUB] [04:06:00] new symbol BTBT — detector + movement_strike instantiated
[MOVE_SUB] [04:06:03] new symbol GCTS — detector + movement_strike instantiated
[MOVE_SUB] [04:06:06] new symbol NOK — detector + movement_strike instantiated
[MOVE_SUB] [04:06:09] new symbol CCUP — detector + movement_strike instantiated
[MOVE_SUB] [04:06:12] new symbol UAMY — detector + movement_strike instantiated
[MOVE_SUB] [04:06:14] new symbol PONY — detector + movement_strike instantiated
[MOVE_SUB] [04:06:36] STATS ticks=4399 symbols=39 pos=no daily_pnl=+0
[MOVE_SUB] [04:07:36] STATS ticks=4893 symbols=39 pos=no daily_pnl=+0
[MOVE_SUB] [04:08:36] STATS ticks=5401 symbols=39 pos=no daily_pnl=+0
[MOVE_SUB] [04:09:37] STATS ticks=6000 symbols=39 pos=no daily_pnl=+0
[MOVE_SUB] [04:10:32] new symbol SKK — detector + movement_strike instantiated
[MOVE_SUB] [04:10:37] STATS ticks=6587 symbols=40 pos=no daily_pnl=+0
[MOVE_SUB] [04:10:47] new symbol QUBX — detector + movement_strike instantiated
[MOVE_SUB] [04:11:00] MTVA ARMED entry=4.0200 stop=3.9000 R=0.1200 score=9.8 — movement_strike history reset
[MOVE_SUB] [04:11:12] new symbol XNDU — detector + movement_strike instantiated
[MOVE_SUB] [04:11:15] new symbol EDHL — detector + movement_strike instantiated
[MOVE_SUB] [04:11:37] STATS ticks=8611 symbols=43 pos=no daily_pnl=+0
[MOVE_SUB] [04:12:37] STATS ticks=14219 symbols=43 pos=no daily_pnl=+0
[MOVE_SUB] [04:13:37] STATS ticks=17633 symbols=43 pos=no daily_pnl=+0
[MOVE_SUB] [04:14:37] STATS ticks=21243 symbols=43 pos=no daily_pnl=+0
[MOVE_SUB] [04:15:37] STATS ticks=24013 symbols=43 pos=no daily_pnl=+0
[MOVE_SUB] [04:16:00] GOVX ARMED entry=4.0200 stop=3.9000 R=0.1200 score=7.3 — movement_strike history reset
[MOVE_SUB] [04:16:26] new symbol HCWB — detector + movement_strike instantiated
[MOVE_SUB] [04:16:37] STATS ticks=26793 symbols=44 pos=no daily_pnl=+0
[MOVE_SUB] [04:17:37] STATS ticks=29399 symbols=44 pos=no daily_pnl=+0
[MOVE_SUB] [04:18:38] STATS ticks=32388 symbols=44 pos=no daily_pnl=+0
[MOVE_SUB] [04:19:38] STATS ticks=34975 symbols=44 pos=no daily_pnl=+0
[MOVE_SUB] [04:20:38] STATS ticks=36723 symbols=44 pos=no daily_pnl=+0
[MOVE_SUB] [04:21:03] new symbol HTCR — detector + movement_strike instantiated
[MOVE_SUB] [04:21:37] MTVA CHASE-SKIP trigger=4.550 arm=4.020 gap=13.18%
[MOVE_SUB] [04:21:38] STATS ticks=38549 symbols=45 pos=no daily_pnl=+0
[MOVE_SUB] [04:22:38] STATS ticks=43282 symbols=45 pos=no daily_pnl=+0
[MOVE_SUB] [04:23:38] STATS ticks=45896 symbols=45 pos=no daily_pnl=+0
[MOVE_SUB] [04:24:38] STATS ticks=48699 symbols=45 pos=no daily_pnl=+0
[MOVE_SUB] [04:25:38] STATS ticks=52070 symbols=45 pos=no daily_pnl=+0
[MOVE_SUB] [04:25:49] GOVX BELOW-ARM-SKIP trigger=3.870 arm=4.020 below=3.73% (cap=3.0%)
[MOVE_SUB] [04:26:39] STATS ticks=55434 symbols=45 pos=no daily_pnl=+0
[MOVE_SUB] [04:27:39] STATS ticks=57950 symbols=45 pos=no daily_pnl=+0
[MOVE_SUB] [04:28:39] STATS ticks=62554 symbols=45 pos=no daily_pnl=+0
[MOVE_SUB] [04:29:39] STATS ticks=66445 symbols=45 pos=no daily_pnl=+0
[MOVE_SUB] [04:30:39] STATS ticks=71067 symbols=45 pos=no daily_pnl=+0
[MOVE_SUB] [04:31:32] new symbol EZRA — detector + movement_strike instantiated
[MOVE_SUB] [04:31:39] STATS ticks=73617 symbols=46 pos=no daily_pnl=+0
[MOVE_SUB] [04:32:40] STATS ticks=76586 symbols=46 pos=no daily_pnl=+0
[MOVE_SUB] [04:33:40] STATS ticks=79115 symbols=46 pos=no daily_pnl=+0
[MOVE_SUB] [04:34:40] STATS ticks=81783 symbols=46 pos=no daily_pnl=+0
[MOVE_SUB] [04:35:40] STATS ticks=84171 symbols=46 pos=no daily_pnl=+0
[MOVE_SUB] [04:36:40] STATS ticks=86045 symbols=46 pos=no daily_pnl=+0
[MOVE_SUB] [04:37:40] STATS ticks=87851 symbols=46 pos=no daily_pnl=+0
[MOVE_SUB] [04:38:41] STATS ticks=89442 symbols=46 pos=no daily_pnl=+0
[MOVE_SUB] [04:39:41] STATS ticks=90488 symbols=46 pos=no daily_pnl=+0
[MOVE_SUB] [04:40:41] STATS ticks=92079 symbols=46 pos=no daily_pnl=+0
[MOVE_SUB] [04:41:41] STATS ticks=93377 symbols=46 pos=no daily_pnl=+0
[MOVE_SUB] [04:42:00] new symbol ASST — detector + movement_strike instantiated
[MOVE_SUB] [04:42:09] new symbol DGXX — detector + movement_strike instantiated
[MOVE_SUB] [04:42:41] STATS ticks=94162 symbols=48 pos=no daily_pnl=+0
[MOVE_SUB] [04:43:42] STATS ticks=94863 symbols=48 pos=no daily_pnl=+0
[MOVE_SUB] [04:44:42] STATS ticks=95710 symbols=48 pos=no daily_pnl=+0
[MOVE_SUB] [04:45:36] new symbol FCHL — detector + movement_strike instantiated
[MOVE_SUB] [04:45:42] STATS ticks=97688 symbols=49 pos=no daily_pnl=+0
[MOVE_SUB] [04:46:42] STATS ticks=99215 symbols=49 pos=no daily_pnl=+0
[MOVE_SUB] [04:47:42] STATS ticks=101942 symbols=49 pos=no daily_pnl=+0
[MOVE_SUB] [04:48:42] STATS ticks=104419 symbols=49 pos=no daily_pnl=+0
[MOVE_SUB] [04:49:43] STATS ticks=106159 symbols=49 pos=no daily_pnl=+0
[MOVE_SUB] [04:50:43] STATS ticks=107372 symbols=49 pos=no daily_pnl=+0
[MOVE_SUB] [04:51:43] STATS ticks=108917 symbols=49 pos=no daily_pnl=+0
[MOVE_SUB] [04:52:43] STATS ticks=110490 symbols=49 pos=no daily_pnl=+0
[MOVE_SUB] [04:53:43] STATS ticks=111406 symbols=49 pos=no daily_pnl=+0
[MOVE_SUB] [04:54:44] STATS ticks=112975 symbols=49 pos=no daily_pnl=+0
[MOVE_SUB] [04:55:44] STATS ticks=116303 symbols=49 pos=no daily_pnl=+0
[MOVE_SUB] [04:56:44] STATS ticks=118346 symbols=49 pos=no daily_pnl=+0
[MOVE_SUB] [04:57:38] new symbol SNDQ — detector + movement_strike instantiated
[MOVE_SUB] [04:57:44] STATS ticks=119703 symbols=50 pos=no daily_pnl=+0
[MOVE_SUB] [04:58:44] STATS ticks=120667 symbols=50 pos=no daily_pnl=+0
[MOVE_SUB] [04:59:44] STATS ticks=122607 symbols=50 pos=no daily_pnl=+0
[MOVE_SUB] [05:00:45] STATS ticks=125057 symbols=50 pos=no daily_pnl=+0
[MOVE_SUB] [05:01:45] STATS ticks=128136 symbols=50 pos=no daily_pnl=+0
[MOVE_SUB] [05:02:45] STATS ticks=131214 symbols=50 pos=no daily_pnl=+0
[MOVE_SUB] [05:03:45] STATS ticks=134745 symbols=50 pos=no daily_pnl=+0
[MOVE_SUB] [05:04:45] STATS ticks=137901 symbols=50 pos=no daily_pnl=+0
[MOVE_SUB] [05:05:45] STATS ticks=139685 symbols=50 pos=no daily_pnl=+0
[MOVE_SUB] [05:06:45] STATS ticks=140780 symbols=50 pos=no daily_pnl=+0
[MOVE_SUB] [05:07:12] new symbol FRGT — detector + movement_strike instantiated
[MOVE_SUB] [05:07:46] STATS ticks=143211 symbols=51 pos=no daily_pnl=+0
[MOVE_SUB] [05:07:48] new symbol UUUU — detector + movement_strike instantiated
[MOVE_SUB] [05:08:46] STATS ticks=145944 symbols=52 pos=no daily_pnl=+0
[MOVE_SUB] [05:09:46] STATS ticks=147947 symbols=52 pos=no daily_pnl=+0
[MOVE_SUB] [05:10:46] STATS ticks=149372 symbols=52 pos=no daily_pnl=+0
[MOVE_SUB] [05:11:46] STATS ticks=150582 symbols=52 pos=no daily_pnl=+0
[MOVE_SUB] [05:12:46] STATS ticks=151315 symbols=52 pos=no daily_pnl=+0
[MOVE_SUB] [05:12:55] new symbol IREZ — detector + movement_strike instantiated
[MOVE_SUB] [05:13:47] STATS ticks=152080 symbols=53 pos=no daily_pnl=+0
[MOVE_SUB] [05:14:47] STATS ticks=152606 symbols=53 pos=no daily_pnl=+0
[MOVE_SUB] [05:15:48] STATS ticks=153477 symbols=53 pos=no daily_pnl=+0
[MOVE_SUB] [05:16:48] STATS ticks=154474 symbols=53 pos=no daily_pnl=+0
[MOVE_SUB] [05:17:48] STATS ticks=156346 symbols=53 pos=no daily_pnl=+0
[MOVE_SUB] [05:18:48] STATS ticks=157538 symbols=53 pos=no daily_pnl=+0
[MOVE_SUB] [05:19:49] STATS ticks=158218 symbols=53 pos=no daily_pnl=+0
[MOVE_SUB] [05:20:49] STATS ticks=159137 symbols=53 pos=no daily_pnl=+0
[MOVE_SUB] [05:21:49] STATS ticks=160191 symbols=53 pos=no daily_pnl=+0
[MOVE_SUB] [05:22:49] STATS ticks=161105 symbols=53 pos=no daily_pnl=+0
[MOVE_SUB] [05:23:50] STATS ticks=161688 symbols=53 pos=no daily_pnl=+0
[MOVE_SUB] [05:24:50] STATS ticks=162600 symbols=53 pos=no daily_pnl=+0
[MOVE_SUB] [05:25:50] STATS ticks=163319 symbols=53 pos=no daily_pnl=+0
[MOVE_SUB] [05:26:50] STATS ticks=163853 symbols=53 pos=no daily_pnl=+0
[MOVE_SUB] [05:27:35] new symbol ADTX — detector + movement_strike instantiated
[MOVE_SUB] [05:27:50] STATS ticks=164486 symbols=54 pos=no daily_pnl=+0
[MOVE_SUB] [05:27:54] new symbol SQNS — detector + movement_strike instantiated
[MOVE_SUB] [05:28:51] STATS ticks=165514 symbols=55 pos=no daily_pnl=+0
[MOVE_SUB] [05:29:51] STATS ticks=166174 symbols=55 pos=no daily_pnl=+0
[MOVE_SUB] [05:30:52] STATS ticks=167130 symbols=55 pos=no daily_pnl=+0
[MOVE_SUB] [05:31:52] STATS ticks=167735 symbols=55 pos=no daily_pnl=+0
[MOVE_SUB] [05:32:52] STATS ticks=168206 symbols=55 pos=no daily_pnl=+0
[MOVE_SUB] [05:33:52] STATS ticks=168710 symbols=55 pos=no daily_pnl=+0
[MOVE_SUB] [05:34:52] STATS ticks=170404 symbols=55 pos=no daily_pnl=+0
[MOVE_SUB] [05:35:52] STATS ticks=170916 symbols=55 pos=no daily_pnl=+0
[MOVE_SUB] [05:36:52] STATS ticks=171718 symbols=55 pos=no daily_pnl=+0
[MOVE_SUB] [05:37:53] STATS ticks=173009 symbols=55 pos=no daily_pnl=+0
[MOVE_SUB] [05:38:27] new symbol AIB — detector + movement_strike instantiated
[MOVE_SUB] [05:38:53] STATS ticks=173851 symbols=56 pos=no daily_pnl=+0
[MOVE_SUB] [05:39:53] STATS ticks=174529 symbols=56 pos=no daily_pnl=+0
[MOVE_SUB] [05:40:53] STATS ticks=174929 symbols=56 pos=no daily_pnl=+0
[MOVE_SUB] [05:41:53] STATS ticks=175337 symbols=56 pos=no daily_pnl=+0
[MOVE_SUB] [05:42:54] STATS ticks=175735 symbols=56 pos=no daily_pnl=+0
[MOVE_SUB] [05:43:22] new symbol HLIT — detector + movement_strike instantiated
[MOVE_SUB] [05:43:36] new symbol SG — detector + movement_strike instantiated
[MOVE_SUB] [05:43:54] STATS ticks=176060 symbols=58 pos=no daily_pnl=+0
[MOVE_SUB] [05:44:54] STATS ticks=176721 symbols=58 pos=no daily_pnl=+0
[MOVE_SUB] [05:45:55] STATS ticks=177844 symbols=58 pos=no daily_pnl=+0
[MOVE_SUB] [05:46:56] STATS ticks=178511 symbols=58 pos=no daily_pnl=+0
[MOVE_SUB] [05:47:56] STATS ticks=179265 symbols=58 pos=no daily_pnl=+0
[MOVE_SUB] [05:48:56] STATS ticks=179796 symbols=58 pos=no daily_pnl=+0
[MOVE_SUB] [05:49:56] STATS ticks=180378 symbols=58 pos=no daily_pnl=+0
[MOVE_SUB] [05:50:56] STATS ticks=180872 symbols=58 pos=no daily_pnl=+0
[MOVE_SUB] [05:51:56] STATS ticks=181222 symbols=58 pos=no daily_pnl=+0
[MOVE_SUB] [05:52:57] STATS ticks=181635 symbols=58 pos=no daily_pnl=+0
[MOVE_SUB] [05:53:57] STATS ticks=181960 symbols=58 pos=no daily_pnl=+0
[MOVE_SUB] [05:54:14] new symbol SLS — detector + movement_strike instantiated
[MOVE_SUB] [05:54:57] STATS ticks=182288 symbols=59 pos=no daily_pnl=+0
[MOVE_SUB] [05:55:57] STATS ticks=182971 symbols=59 pos=no daily_pnl=+0
[MOVE_SUB] [05:56:57] STATS ticks=183872 symbols=59 pos=no daily_pnl=+0
[MOVE_SUB] [05:57:58] STATS ticks=184492 symbols=59 pos=no daily_pnl=+0
[MOVE_SUB] [05:58:59] STATS ticks=185311 symbols=59 pos=no daily_pnl=+0
[MOVE_SUB] [05:59:59] STATS ticks=186607 symbols=59 pos=no daily_pnl=+0
[MOVE_SUB] [06:00:59] STATS ticks=187527 symbols=59 pos=no daily_pnl=+0
[MOVE_SUB] [06:01:59] STATS ticks=188909 symbols=59 pos=no daily_pnl=+0
[MOVE_SUB] [06:02:59] STATS ticks=189919 symbols=59 pos=no daily_pnl=+0
[MOVE_SUB] [06:03:59] STATS ticks=190732 symbols=59 pos=no daily_pnl=+0
[MOVE_SUB] [06:04:02] new symbol AREC — detector + movement_strike instantiated
[MOVE_SUB] [06:04:30] new symbol EOSE — detector + movement_strike instantiated
[MOVE_SUB] [06:05:00] STATS ticks=191963 symbols=61 pos=no daily_pnl=+0
[MOVE_SUB] [06:06:00] STATS ticks=194365 symbols=61 pos=no daily_pnl=+0
[MOVE_SUB] [06:07:01] STATS ticks=197404 symbols=61 pos=no daily_pnl=+0
[MOVE_SUB] [06:08:01] STATS ticks=199595 symbols=61 pos=no daily_pnl=+0
[MOVE_SUB] [06:09:01] STATS ticks=201672 symbols=61 pos=no daily_pnl=+0
[MOVE_SUB] [06:09:39] new symbol IONZ — detector + movement_strike instantiated
[MOVE_SUB] [06:10:02] STATS ticks=204989 symbols=62 pos=no daily_pnl=+0
[MOVE_SUB] [06:11:02] STATS ticks=207765 symbols=62 pos=no daily_pnl=+0
[MOVE_SUB] [06:12:03] STATS ticks=210204 symbols=62 pos=no daily_pnl=+0
[MOVE_SUB] [06:13:03] STATS ticks=212559 symbols=62 pos=no daily_pnl=+0
[MOVE_SUB] [06:14:03] STATS ticks=216106 symbols=62 pos=no daily_pnl=+0
[MOVE_SUB] [06:14:47] new symbol GSIT — detector + movement_strike instantiated
[MOVE_SUB] [06:15:03] STATS ticks=219466 symbols=63 pos=no daily_pnl=+0
[MOVE_SUB] [06:16:04] STATS ticks=222589 symbols=63 pos=no daily_pnl=+0
[MOVE_SUB] [06:17:04] STATS ticks=224399 symbols=63 pos=no daily_pnl=+0
[MOVE_SUB] [06:18:04] STATS ticks=225716 symbols=63 pos=no daily_pnl=+0
[MOVE_SUB] [06:19:04] STATS ticks=226979 symbols=63 pos=no daily_pnl=+0
[MOVE_SUB] [06:20:05] STATS ticks=228864 symbols=63 pos=no daily_pnl=+0
[MOVE_SUB] [06:21:05] STATS ticks=231076 symbols=63 pos=no daily_pnl=+0
[MOVE_SUB] [06:22:05] STATS ticks=232371 symbols=63 pos=no daily_pnl=+0
[MOVE_SUB] [06:23:05] STATS ticks=234994 symbols=63 pos=no daily_pnl=+0
[MOVE_SUB] [06:24:05] STATS ticks=236854 symbols=63 pos=no daily_pnl=+0
[MOVE_SUB] [06:25:05] STATS ticks=238104 symbols=63 pos=no daily_pnl=+0
[MOVE_SUB] [06:26:06] STATS ticks=239198 symbols=63 pos=no daily_pnl=+0
[MOVE_SUB] [06:27:06] STATS ticks=240672 symbols=63 pos=no daily_pnl=+0
[MOVE_SUB] [06:28:06] STATS ticks=241793 symbols=63 pos=no daily_pnl=+0
[MOVE_SUB] [06:29:06] STATS ticks=242461 symbols=63 pos=no daily_pnl=+0
[MOVE_SUB] [06:30:07] STATS ticks=243608 symbols=63 pos=no daily_pnl=+0
[MOVE_SUB] [06:31:07] STATS ticks=244508 symbols=63 pos=no daily_pnl=+0
[MOVE_SUB] [06:32:07] STATS ticks=245733 symbols=63 pos=no daily_pnl=+0
[MOVE_SUB] [06:33:07] STATS ticks=247273 symbols=63 pos=no daily_pnl=+0
[MOVE_SUB] [06:34:07] STATS ticks=248595 symbols=63 pos=no daily_pnl=+0
[MOVE_SUB] [06:35:07] STATS ticks=249824 symbols=63 pos=no daily_pnl=+0
[MOVE_SUB] [06:36:08] STATS ticks=251222 symbols=63 pos=no daily_pnl=+0
[MOVE_SUB] [06:37:08] STATS ticks=252818 symbols=63 pos=no daily_pnl=+0
[MOVE_SUB] [06:38:08] STATS ticks=253519 symbols=63 pos=no daily_pnl=+0
[MOVE_SUB] [06:39:09] STATS ticks=254366 symbols=63 pos=no daily_pnl=+0
[MOVE_SUB] [06:40:09] STATS ticks=255363 symbols=63 pos=no daily_pnl=+0
[MOVE_SUB] [06:41:09] STATS ticks=255971 symbols=63 pos=no daily_pnl=+0
[MOVE_SUB] [06:42:09] STATS ticks=256382 symbols=63 pos=no daily_pnl=+0
[MOVE_SUB] [06:43:09] STATS ticks=257023 symbols=63 pos=no daily_pnl=+0
[MOVE_SUB] [06:44:09] STATS ticks=257840 symbols=63 pos=no daily_pnl=+0
[MOVE_SUB] [06:45:09] STATS ticks=258319 symbols=63 pos=no daily_pnl=+0
[MOVE_SUB] [06:46:09] STATS ticks=259157 symbols=63 pos=no daily_pnl=+0
[MOVE_SUB] [06:47:09] STATS ticks=259779 symbols=63 pos=no daily_pnl=+0
[MOVE_SUB] [06:48:10] STATS ticks=260479 symbols=63 pos=no daily_pnl=+0
[MOVE_SUB] [06:49:10] STATS ticks=261209 symbols=63 pos=no daily_pnl=+0
[MOVE_SUB] [06:50:11] STATS ticks=261478 symbols=63 pos=no daily_pnl=+0
[MOVE_SUB] [06:51:12] STATS ticks=262367 symbols=63 pos=no daily_pnl=+0
[MOVE_SUB] [06:52:12] STATS ticks=263074 symbols=63 pos=no daily_pnl=+0
[MOVE_SUB] [06:53:12] STATS ticks=263598 symbols=63 pos=no daily_pnl=+0
[MOVE_SUB] [06:54:13] STATS ticks=264483 symbols=63 pos=no daily_pnl=+0
[MOVE_SUB] [06:55:13] STATS ticks=265125 symbols=63 pos=no daily_pnl=+0
[MOVE_SUB] [06:55:52] new symbol BKKT — detector + movement_strike instantiated
[MOVE_SUB] [06:56:13] STATS ticks=266285 symbols=64 pos=no daily_pnl=+0
[MOVE_SUB] [06:57:13] STATS ticks=267749 symbols=64 pos=no daily_pnl=+0
[MOVE_SUB] [06:58:13] STATS ticks=269617 symbols=64 pos=no daily_pnl=+0
[MOVE_SUB] [06:59:13] STATS ticks=271435 symbols=64 pos=no daily_pnl=+0
[MOVE_SUB] [07:00:09] new symbol SVRN — detector + movement_strike instantiated
[MOVE_SUB] [07:00:13] STATS ticks=274033 symbols=65 pos=no daily_pnl=+0
[MOVE_SUB] [07:00:57] new symbol MRM — detector + movement_strike instantiated
[MOVE_SUB] [07:01:13] STATS ticks=281259 symbols=66 pos=no daily_pnl=+0
[MOVE_SUB] [07:02:13] STATS ticks=293763 symbols=66 pos=no daily_pnl=+0
[MOVE_SUB] [07:03:13] STATS ticks=303891 symbols=66 pos=no daily_pnl=+0
[MOVE_SUB] [07:04:00] LFS ARMED entry=4.0200 stop=3.9000 R=0.1200 score=11.0 — movement_strike history reset
[MOVE_SUB] [07:04:14] STATS ticks=316133 symbols=66 pos=no daily_pnl=+0
[MOVE_SUB] [07:05:14] STATS ticks=325528 symbols=66 pos=no daily_pnl=+0
[MOVE_SUB] [07:05:35] new symbol IMRX — detector + movement_strike instantiated
[MOVE_SUB] [07:06:14] STATS ticks=331455 symbols=67 pos=no daily_pnl=+0
[MOVE_SUB] [07:07:14] STATS ticks=337581 symbols=67 pos=no daily_pnl=+0
[MOVE_SUB] [07:08:13] new symbol ATRA — detector + movement_strike instantiated
[MOVE_SUB] [07:08:14] STATS ticks=341912 symbols=68 pos=no daily_pnl=+0
[MOVE_SUB] [07:09:14] STATS ticks=345703 symbols=68 pos=no daily_pnl=+0
[MOVE_SUB] [07:09:29] LFS CHASE-SKIP trigger=4.110 arm=4.020 gap=2.24%
[MOVE_SUB] [07:10:14] STATS ticks=362976 symbols=68 pos=no daily_pnl=+0
[MOVE_SUB] [07:11:14] STATS ticks=372696 symbols=68 pos=no daily_pnl=+0
[MOVE_SUB] [07:12:14] STATS ticks=377715 symbols=68 pos=no daily_pnl=+0
[MOVE_SUB] [07:13:14] STATS ticks=388295 symbols=68 pos=no daily_pnl=+0
[MOVE_SUB] [07:14:14] STATS ticks=393449 symbols=68 pos=no daily_pnl=+0
[MOVE_SUB] [07:15:15] STATS ticks=399648 symbols=68 pos=no daily_pnl=+0
[MOVE_SUB] [07:16:15] STATS ticks=403770 symbols=68 pos=no daily_pnl=+0
[MOVE_SUB] [07:17:15] STATS ticks=409263 symbols=68 pos=no daily_pnl=+0
[MOVE_SUB] [07:18:15] STATS ticks=414447 symbols=68 pos=no daily_pnl=+0
[MOVE_SUB] [07:19:15] STATS ticks=417947 symbols=68 pos=no daily_pnl=+0
[MOVE_SUB] [07:20:15] STATS ticks=421818 symbols=68 pos=no daily_pnl=+0
[MOVE_SUB] [07:21:15] STATS ticks=425070 symbols=68 pos=no daily_pnl=+0
[MOVE_SUB] [07:22:15] STATS ticks=428604 symbols=68 pos=no daily_pnl=+0
[MOVE_SUB] [07:23:15] STATS ticks=433110 symbols=68 pos=no daily_pnl=+0
[MOVE_SUB] [07:24:15] STATS ticks=437295 symbols=68 pos=no daily_pnl=+0
[MOVE_SUB] [07:25:15] STATS ticks=440623 symbols=68 pos=no daily_pnl=+0
[MOVE_SUB] [07:26:15] STATS ticks=444716 symbols=68 pos=no daily_pnl=+0
[MOVE_SUB] [07:27:15] STATS ticks=446718 symbols=68 pos=no daily_pnl=+0
[MOVE_SUB] [07:28:15] STATS ticks=449551 symbols=68 pos=no daily_pnl=+0
[MOVE_SUB] [07:29:15] STATS ticks=452151 symbols=68 pos=no daily_pnl=+0
[MOVE_SUB] [07:30:16] STATS ticks=454645 symbols=68 pos=no daily_pnl=+0
[MOVE_SUB] [07:31:16] STATS ticks=456626 symbols=68 pos=no daily_pnl=+0
[MOVE_SUB] [07:31:36] new symbol BAER — detector + movement_strike instantiated
[MOVE_SUB] [07:32:16] STATS ticks=458193 symbols=69 pos=no daily_pnl=+0
[MOVE_SUB] [07:33:16] STATS ticks=462702 symbols=69 pos=no daily_pnl=+0
[MOVE_SUB] [07:34:16] STATS ticks=468031 symbols=69 pos=no daily_pnl=+0
[MOVE_SUB] [07:35:16] STATS ticks=471673 symbols=69 pos=no daily_pnl=+0
[MOVE_SUB] [07:36:16] STATS ticks=475093 symbols=69 pos=no daily_pnl=+0
[MOVE_SUB] [07:36:21] new symbol TKLF — detector + movement_strike instantiated
[MOVE_SUB] [07:37:16] STATS ticks=479843 symbols=70 pos=no daily_pnl=+0
[MOVE_SUB] [07:38:16] STATS ticks=483223 symbols=70 pos=no daily_pnl=+0
[MOVE_SUB] [07:39:16] STATS ticks=484702 symbols=70 pos=no daily_pnl=+0
[MOVE_SUB] [07:40:17] STATS ticks=486939 symbols=70 pos=no daily_pnl=+0
[MOVE_SUB] [07:41:17] STATS ticks=488535 symbols=70 pos=no daily_pnl=+0
[MOVE_SUB] [07:42:17] STATS ticks=490321 symbols=70 pos=no daily_pnl=+0
[MOVE_SUB] [07:43:17] STATS ticks=491795 symbols=70 pos=no daily_pnl=+0
[MOVE_SUB] [07:44:17] STATS ticks=494518 symbols=70 pos=no daily_pnl=+0
[MOVE_SUB] [07:45:17] STATS ticks=495785 symbols=70 pos=no daily_pnl=+0
[MOVE_SUB] [07:46:17] STATS ticks=496863 symbols=70 pos=no daily_pnl=+0
[MOVE_SUB] [07:46:34] new symbol SERA — detector + movement_strike instantiated
[MOVE_SUB] [07:46:54] new symbol SMX — detector + movement_strike instantiated
[MOVE_SUB] [07:47:17] STATS ticks=497953 symbols=72 pos=no daily_pnl=+0
[MOVE_SUB] [07:48:17] STATS ticks=499157 symbols=72 pos=no daily_pnl=+0
[MOVE_SUB] [07:49:18] STATS ticks=500238 symbols=72 pos=no daily_pnl=+0
[MOVE_SUB] [07:50:18] STATS ticks=501167 symbols=72 pos=no daily_pnl=+0
[MOVE_SUB] [07:51:19] STATS ticks=502332 symbols=72 pos=no daily_pnl=+0
[MOVE_SUB] [07:52:00] new symbol LZM — detector + movement_strike instantiated
[MOVE_SUB] [07:52:19] STATS ticks=505649 symbols=73 pos=no daily_pnl=+0
[MOVE_SUB] [07:53:19] STATS ticks=507389 symbols=73 pos=no daily_pnl=+0
[MOVE_SUB] [07:54:19] STATS ticks=508722 symbols=73 pos=no daily_pnl=+0
[MOVE_SUB] [07:55:19] STATS ticks=510523 symbols=73 pos=no daily_pnl=+0
[MOVE_SUB] [07:56:20] STATS ticks=511791 symbols=73 pos=no daily_pnl=+0
[MOVE_SUB] [07:57:20] STATS ticks=513128 symbols=73 pos=no daily_pnl=+0
[MOVE_SUB] [07:58:20] STATS ticks=514130 symbols=73 pos=no daily_pnl=+0
[MOVE_SUB] [07:59:21] STATS ticks=515502 symbols=73 pos=no daily_pnl=+0
[MOVE_SUB] [08:00:21] STATS ticks=516532 symbols=73 pos=no daily_pnl=+0
[MOVE_SUB] [08:01:21] STATS ticks=518636 symbols=73 pos=no daily_pnl=+0
[MOVE_SUB] [08:02:21] STATS ticks=521451 symbols=73 pos=no daily_pnl=+0
[MOVE_SUB] [08:03:21] STATS ticks=523216 symbols=73 pos=no daily_pnl=+0
[MOVE_SUB] [08:04:21] STATS ticks=526296 symbols=73 pos=no daily_pnl=+0
[MOVE_SUB] [08:05:21] STATS ticks=527668 symbols=73 pos=no daily_pnl=+0
[MOVE_SUB] [08:06:21] STATS ticks=529236 symbols=73 pos=no daily_pnl=+0
[MOVE_SUB] [08:07:21] STATS ticks=532750 symbols=73 pos=no daily_pnl=+0
[MOVE_SUB] [08:08:21] STATS ticks=535601 symbols=73 pos=no daily_pnl=+0
[MOVE_SUB] [08:09:22] STATS ticks=537608 symbols=73 pos=no daily_pnl=+0
[MOVE_SUB] [08:10:22] STATS ticks=539823 symbols=73 pos=no daily_pnl=+0
[MOVE_SUB] [08:11:22] STATS ticks=541555 symbols=73 pos=no daily_pnl=+0
[MOVE_SUB] [08:12:22] STATS ticks=543278 symbols=73 pos=no daily_pnl=+0
[MOVE_SUB] [08:12:35] new symbol APLZ — detector + movement_strike instantiated
[MOVE_SUB] [08:13:22] STATS ticks=544833 symbols=74 pos=no daily_pnl=+0
[MOVE_SUB] [08:14:22] STATS ticks=546130 symbols=74 pos=no daily_pnl=+0
[MOVE_SUB] [08:15:22] STATS ticks=547706 symbols=74 pos=no daily_pnl=+0
[MOVE_SUB] [08:16:23] STATS ticks=548826 symbols=74 pos=no daily_pnl=+0
[MOVE_SUB] [08:17:23] STATS ticks=549760 symbols=74 pos=no daily_pnl=+0
[MOVE_SUB] [08:18:23] STATS ticks=550919 symbols=74 pos=no daily_pnl=+0
[MOVE_SUB] [08:19:23] STATS ticks=552094 symbols=74 pos=no daily_pnl=+0
[MOVE_SUB] [08:20:23] STATS ticks=553669 symbols=74 pos=no daily_pnl=+0
[MOVE_SUB] [08:21:23] STATS ticks=554918 symbols=74 pos=no daily_pnl=+0
[MOVE_SUB] [08:22:23] STATS ticks=556622 symbols=74 pos=no daily_pnl=+0
[MOVE_SUB] [08:23:23] STATS ticks=558001 symbols=74 pos=no daily_pnl=+0
[MOVE_SUB] [08:24:24] STATS ticks=559634 symbols=74 pos=no daily_pnl=+0
[MOVE_SUB] [08:25:24] STATS ticks=560658 symbols=74 pos=no daily_pnl=+0
[MOVE_SUB] [08:26:24] STATS ticks=561579 symbols=74 pos=no daily_pnl=+0
[MOVE_SUB] [08:27:24] STATS ticks=562487 symbols=74 pos=no daily_pnl=+0
[MOVE_SUB] [08:28:24] STATS ticks=563060 symbols=74 pos=no daily_pnl=+0
[MOVE_SUB] [08:29:25] STATS ticks=564569 symbols=74 pos=no daily_pnl=+0
[MOVE_SUB] [08:30:25] STATS ticks=565862 symbols=74 pos=no daily_pnl=+0
[MOVE_SUB] [08:31:25] STATS ticks=566872 symbols=74 pos=no daily_pnl=+0
[MOVE_SUB] [08:32:25] STATS ticks=568265 symbols=74 pos=no daily_pnl=+0
[MOVE_SUB] [08:33:01] new symbol AIRJ — detector + movement_strike instantiated
[MOVE_SUB] [08:33:25] STATS ticks=569114 symbols=75 pos=no daily_pnl=+0
[MOVE_SUB] [08:34:25] STATS ticks=570282 symbols=75 pos=no daily_pnl=+0
[MOVE_SUB] [08:35:25] STATS ticks=571329 symbols=75 pos=no daily_pnl=+0
[MOVE_SUB] [08:36:25] STATS ticks=572250 symbols=75 pos=no daily_pnl=+0
[MOVE_SUB] [08:37:25] STATS ticks=573012 symbols=75 pos=no daily_pnl=+0
[MOVE_SUB] [08:38:26] STATS ticks=573735 symbols=75 pos=no daily_pnl=+0
[MOVE_SUB] [08:39:26] STATS ticks=574267 symbols=75 pos=no daily_pnl=+0
[MOVE_SUB] [08:40:26] STATS ticks=574882 symbols=75 pos=no daily_pnl=+0
[MOVE_SUB] [08:41:27] STATS ticks=575682 symbols=75 pos=no daily_pnl=+0
[MOVE_SUB] [08:42:27] STATS ticks=576377 symbols=75 pos=no daily_pnl=+0
[MOVE_SUB] [08:43:27] STATS ticks=576948 symbols=75 pos=no daily_pnl=+0
[MOVE_SUB] [08:44:27] STATS ticks=577581 symbols=75 pos=no daily_pnl=+0
[MOVE_SUB] [08:45:28] STATS ticks=578429 symbols=75 pos=no daily_pnl=+0
[MOVE_SUB] [08:46:28] STATS ticks=579164 symbols=75 pos=no daily_pnl=+0
[MOVE_SUB] [08:47:28] STATS ticks=579905 symbols=75 pos=no daily_pnl=+0
[MOVE_SUB] [08:48:21] new symbol ACXP — detector + movement_strike instantiated
[MOVE_SUB] [08:48:29] STATS ticks=580604 symbols=76 pos=no daily_pnl=+0
[MOVE_SUB] [08:49:29] STATS ticks=581799 symbols=76 pos=no daily_pnl=+0
[MOVE_SUB] [08:50:29] STATS ticks=582698 symbols=76 pos=no daily_pnl=+0
[MOVE_SUB] [08:51:29] STATS ticks=583479 symbols=76 pos=no daily_pnl=+0
[MOVE_SUB] [08:52:29] STATS ticks=584431 symbols=76 pos=no daily_pnl=+0
[MOVE_SUB] [08:53:23] new symbol NEUP — detector + movement_strike instantiated
[MOVE_SUB] [08:53:29] STATS ticks=585285 symbols=77 pos=no daily_pnl=+0
[MOVE_SUB] [08:54:30] STATS ticks=586355 symbols=77 pos=no daily_pnl=+0
[MOVE_SUB] [08:55:30] STATS ticks=587952 symbols=77 pos=no daily_pnl=+0
[MOVE_SUB] [08:56:30] STATS ticks=589145 symbols=77 pos=no daily_pnl=+0
[MOVE_SUB] [08:57:30] STATS ticks=590246 symbols=77 pos=no daily_pnl=+0
[MOVE_SUB] [08:58:30] new symbol AMPG — detector + movement_strike instantiated
[MOVE_SUB] [08:58:30] STATS ticks=591251 symbols=78 pos=no daily_pnl=+0
[MOVE_SUB] [08:58:33] new symbol ENHA — detector + movement_strike instantiated
[MOVE_SUB] [08:59:30] STATS ticks=591992 symbols=79 pos=no daily_pnl=+0
[MOVE_SUB] [09:00:30] STATS ticks=592839 symbols=79 pos=no daily_pnl=+0
[MOVE_SUB] [09:01:05] new symbol AIDX — detector + movement_strike instantiated
[MOVE_SUB] [09:01:31] STATS ticks=594013 symbols=80 pos=no daily_pnl=+0
[MOVE_SUB] [09:02:31] STATS ticks=595212 symbols=80 pos=no daily_pnl=+0
[MOVE_SUB] [09:03:31] STATS ticks=596791 symbols=80 pos=no daily_pnl=+0
[MOVE_SUB] [09:04:31] STATS ticks=597926 symbols=80 pos=no daily_pnl=+0
[MOVE_SUB] [09:05:31] STATS ticks=599625 symbols=80 pos=no daily_pnl=+0
[MOVE_SUB] [09:06:31] STATS ticks=601102 symbols=80 pos=no daily_pnl=+0
[MOVE_SUB] [09:07:31] STATS ticks=602437 symbols=80 pos=no daily_pnl=+0
[MOVE_SUB] [09:08:31] STATS ticks=603264 symbols=80 pos=no daily_pnl=+0
[MOVE_SUB] [09:08:51] new symbol CMPS — detector + movement_strike instantiated
[MOVE_SUB] [09:09:31] STATS ticks=604262 symbols=81 pos=no daily_pnl=+0
[MOVE_SUB] [09:10:31] STATS ticks=605247 symbols=81 pos=no daily_pnl=+0
[MOVE_SUB] [09:11:31] STATS ticks=606584 symbols=81 pos=no daily_pnl=+0
[MOVE_SUB] [09:12:31] STATS ticks=607752 symbols=81 pos=no daily_pnl=+0
[MOVE_SUB] [09:13:31] STATS ticks=609035 symbols=81 pos=no daily_pnl=+0
[MOVE_SUB] [09:14:32] STATS ticks=610158 symbols=81 pos=no daily_pnl=+0
[MOVE_SUB] [09:15:32] STATS ticks=612250 symbols=81 pos=no daily_pnl=+0
[MOVE_SUB] [09:16:32] STATS ticks=613888 symbols=81 pos=no daily_pnl=+0
[MOVE_SUB] [09:17:32] STATS ticks=614736 symbols=81 pos=no daily_pnl=+0
[MOVE_SUB] [09:18:32] STATS ticks=615856 symbols=81 pos=no daily_pnl=+0
[MOVE_SUB] [09:19:02] new symbol AGEN — detector + movement_strike instantiated
[MOVE_SUB] [09:19:13] new symbol MGNX — detector + movement_strike instantiated
[MOVE_SUB] [09:19:32] STATS ticks=617409 symbols=83 pos=no daily_pnl=+0
[MOVE_SUB] [09:20:32] STATS ticks=618829 symbols=83 pos=no daily_pnl=+0
[MOVE_SUB] [09:21:32] STATS ticks=620614 symbols=83 pos=no daily_pnl=+0
[MOVE_SUB] [09:22:33] STATS ticks=623287 symbols=83 pos=no daily_pnl=+0
[MOVE_SUB] [09:23:33] STATS ticks=624870 symbols=83 pos=no daily_pnl=+0
[MOVE_SUB] [09:24:33] STATS ticks=626147 symbols=83 pos=no daily_pnl=+0
[MOVE_SUB] [09:25:33] STATS ticks=627666 symbols=83 pos=no daily_pnl=+0
[MOVE_SUB] [09:26:33] STATS ticks=629253 symbols=83 pos=no daily_pnl=+0
[MOVE_SUB] [09:27:34] STATS ticks=630783 symbols=83 pos=no daily_pnl=+0
[MOVE_SUB] [09:28:34] STATS ticks=632384 symbols=83 pos=no daily_pnl=+0
[MOVE_SUB] [09:29:06] new symbol FLO — detector + movement_strike instantiated
[MOVE_SUB] [09:29:15] new symbol IMPP — detector + movement_strike instantiated
[MOVE_SUB] [09:29:34] STATS ticks=634620 symbols=85 pos=no daily_pnl=+0
[MOVE_SUB] [09:30:34] STATS ticks=641326 symbols=85 pos=no daily_pnl=+0
[MOVE_SUB] [09:31:34] STATS ticks=653322 symbols=85 pos=no daily_pnl=+0
[MOVE_SUB] [09:32:34] STATS ticks=668230 symbols=85 pos=no daily_pnl=+0
[MOVE_SUB] [09:33:34] STATS ticks=678375 symbols=85 pos=no daily_pnl=+0
[MOVE_SUB] [09:33:45] new symbol WW — detector + movement_strike instantiated
[MOVE_SUB] [09:34:16] new symbol LION — detector + movement_strike instantiated
[MOVE_SUB] [09:34:19] new symbol HOVR — detector + movement_strike instantiated
[MOVE_SUB] [09:34:22] new symbol UP — detector + movement_strike instantiated
[MOVE_SUB] [09:34:34] STATS ticks=689212 symbols=89 pos=no daily_pnl=+0
[MOVE_SUB] [09:35:34] STATS ticks=697026 symbols=89 pos=no daily_pnl=+0
[MOVE_SUB] [09:36:34] STATS ticks=703330 symbols=89 pos=no daily_pnl=+0
[MOVE_SUB] [09:37:34] STATS ticks=708629 symbols=89 pos=no daily_pnl=+0
[MOVE_SUB] [09:38:34] STATS ticks=714043 symbols=89 pos=no daily_pnl=+0
[MOVE_SUB] [09:39:09] new symbol FJET — detector + movement_strike instantiated
[MOVE_SUB] [09:39:12] new symbol USGG — detector + movement_strike instantiated
[MOVE_SUB] [09:39:23] new symbol JDZG — detector + movement_strike instantiated
[MOVE_SUB] [09:39:26] new symbol HYLN — detector + movement_strike instantiated
[MOVE_SUB] [09:39:34] STATS ticks=720602 symbols=93 pos=no daily_pnl=+0
[MOVE_SUB] [09:40:34] STATS ticks=734623 symbols=93 pos=no daily_pnl=+0
[MOVE_SUB] [09:41:34] STATS ticks=743169 symbols=93 pos=no daily_pnl=+0
[MOVE_SUB] [09:42:34] STATS ticks=749927 symbols=93 pos=no daily_pnl=+0
[MOVE_SUB] [09:43:35] STATS ticks=757847 symbols=93 pos=no daily_pnl=+0
[MOVE_SUB] [09:44:12] new symbol SPOG — detector + movement_strike instantiated
[MOVE_SUB] [09:44:26] new symbol MPG — detector + movement_strike instantiated
[MOVE_SUB] [09:44:35] STATS ticks=768811 symbols=95 pos=no daily_pnl=+0
[MOVE_SUB] [09:45:35] STATS ticks=775340 symbols=95 pos=no daily_pnl=+0
[MOVE_SUB] [09:46:35] STATS ticks=782487 symbols=95 pos=no daily_pnl=+0
[MOVE_SUB] [09:47:35] STATS ticks=786679 symbols=95 pos=no daily_pnl=+0
[MOVE_SUB] [09:48:35] STATS ticks=793409 symbols=95 pos=no daily_pnl=+0
[MOVE_SUB] [09:49:18] new symbol SLMT — detector + movement_strike instantiated
[MOVE_SUB] [09:49:35] STATS ticks=798670 symbols=96 pos=no daily_pnl=+0
[MOVE_SUB] [09:50:35] STATS ticks=802136 symbols=96 pos=no daily_pnl=+0
[MOVE_SUB] [09:51:35] STATS ticks=807691 symbols=96 pos=no daily_pnl=+0
[MOVE_SUB] [09:52:35] STATS ticks=814678 symbols=96 pos=no daily_pnl=+0
[MOVE_SUB] [09:53:35] STATS ticks=820286 symbols=96 pos=no daily_pnl=+0
[MOVE_SUB] [09:54:28] new symbol BBNX — detector + movement_strike instantiated
[MOVE_SUB] [09:54:35] STATS ticks=828214 symbols=97 pos=no daily_pnl=+0
[MOVE_SUB] [09:54:52] new symbol QBTX — detector + movement_strike instantiated
[MOVE_SUB] [09:54:58] new symbol AKAN — detector + movement_strike instantiated
[MOVE_SUB] [09:55:03] new symbol RGTI — detector + movement_strike instantiated
[MOVE_SUB] [09:55:09] new symbol RDW — detector + movement_strike instantiated
[MOVE_SUB] [09:55:13] new symbol HPQ — detector + movement_strike instantiated
[MOVE_SUB] [09:55:18] new symbol QBTS — detector + movement_strike instantiated
[MOVE_SUB] [09:55:22] new symbol ASPI — detector + movement_strike instantiated
[MOVE_SUB] [09:55:26] new symbol SPCE — detector + movement_strike instantiated
[MOVE_SUB] [09:55:32] new symbol BB — detector + movement_strike instantiated
[MOVE_SUB] [09:55:34] new symbol NVTS — detector + movement_strike instantiated
[MOVE_SUB] [09:55:35] STATS ticks=835723 symbols=107 pos=no daily_pnl=+0
[MOVE_SUB] [09:55:36] new symbol USAR — detector + movement_strike instantiated
[MOVE_SUB] socket closed by peer — reconnecting
[MOVE_SUB] engine socket not ready yet (ConnectionRefusedError(61, 'Connection refused')) — retrying every 2s
[MOVE_SUB] signal 15 received — stopping
[MOVE_SUB] consume loop exited
[MOVE_SUB] Alpaca PAPER connected — account=PA3LXGIPGG8B equity=$27,292
[MOVE_SUB] starting consume loop
[MOVE_SUB] [09:57:22] connected to engine (/tmp/warrior_engine.sock) attempt=1
[MOVE_SUB] [09:57:22] new symbol F — detector + movement_strike instantiated
[MOVE_SUB] [09:57:24] new symbol FRGT — detector + movement_strike instantiated
[MOVE_SUB] [09:57:25] new symbol FUTG — detector + movement_strike instantiated
[MOVE_SUB] [09:57:27] new symbol GOVX — detector + movement_strike instantiated
[MOVE_SUB] [09:57:28] new symbol GRF — detector + movement_strike instantiated
[MOVE_SUB] [09:57:30] new symbol HCWB — detector + movement_strike instantiated
[MOVE_SUB] [09:57:31] new symbol HLIT — detector + movement_strike instantiated
[MOVE_SUB] [09:57:33] new symbol HOVR — detector + movement_strike instantiated
[MOVE_SUB] [09:57:34] new symbol HTCR — detector + movement_strike instantiated
[MOVE_SUB] [09:57:36] new symbol IMRX — detector + movement_strike instantiated
[MOVE_SUB] [09:57:37] new symbol INFQ — detector + movement_strike instantiated
[MOVE_SUB] [09:57:39] new symbol KPDD — detector + movement_strike instantiated
[MOVE_SUB] [09:57:40] new symbol LFS — detector + movement_strike instantiated
[MOVE_SUB] [09:57:42] new symbol LKSP — detector + movement_strike instantiated
[MOVE_SUB] [09:57:44] new symbol MTVA — detector + movement_strike instantiated
[MOVE_SUB] [09:57:45] new symbol NGEN — detector + movement_strike instantiated
[MOVE_SUB] [09:57:47] new symbol NIO — detector + movement_strike instantiated
[MOVE_SUB] [09:57:48] new symbol NOK — detector + movement_strike instantiated
[MOVE_SUB] [09:57:50] new symbol PCLA — detector + movement_strike instantiated
[MOVE_SUB] [09:57:51] new symbol PLUG — detector + movement_strike instantiated
[MOVE_SUB] [09:57:53] new symbol QBTZ — detector + movement_strike instantiated
[MOVE_SUB] [09:57:54] new symbol QUBT — detector + movement_strike instantiated
[MOVE_SUB] [09:57:56] new symbol RDW — detector + movement_strike instantiated
[MOVE_SUB] [09:57:57] new symbol RGTZ — detector + movement_strike instantiated
[MOVE_SUB] [09:57:59] new symbol RYOJ — detector + movement_strike instantiated
[MOVE_SUB] [09:58:00] new symbol SOXS — detector + movement_strike instantiated
[MOVE_SUB] [09:58:02] new symbol SPOG — detector + movement_strike instantiated
[MOVE_SUB] [09:58:04] new symbol SVRN — detector + movement_strike instantiated
[MOVE_SUB] [09:58:05] new symbol SY — detector + movement_strike instantiated
[MOVE_SUB] [09:58:07] new symbol TE — detector + movement_strike instantiated
[MOVE_SUB] [09:58:08] new symbol TIGR — detector + movement_strike instantiated
[MOVE_SUB] [09:58:10] new symbol TKLF — detector + movement_strike instantiated
[MOVE_SUB] [09:58:11] new symbol TSLL — detector + movement_strike instantiated
[MOVE_SUB] [09:58:13] new symbol TZA — detector + movement_strike instantiated
[MOVE_SUB] [09:58:14] new symbol USGG — detector + movement_strike instantiated
[MOVE_SUB] [09:58:16] new symbol UVIX — detector + movement_strike instantiated
[MOVE_SUB] [09:58:17] new symbol WW — detector + movement_strike instantiated
[MOVE_SUB] [09:58:22] STATS ticks=76 symbols=37 pos=no daily_pnl=+0
[MOVE_SUB] [09:58:22] new symbol AEHL — detector + movement_strike instantiated
[MOVE_SUB] [09:58:23] new symbol ATRA — detector + movement_strike instantiated
[MOVE_SUB] [09:58:23] new symbol CBRG — detector + movement_strike instantiated
[MOVE_SUB] [09:58:24] new symbol CODX — detector + movement_strike instantiated
[MOVE_SUB] [09:58:25] new symbol CORD — detector + movement_strike instantiated
[MOVE_SUB] [09:58:26] new symbol EDSA — detector + movement_strike instantiated
[MOVE_SUB] [09:58:26] new symbol FCHL — detector + movement_strike instantiated
[MOVE_SUB] [09:58:26] new symbol GIPR — detector + movement_strike instantiated
[MOVE_SUB] [09:58:27] new symbol LESL — detector + movement_strike instantiated
[MOVE_SUB] [09:58:29] new symbol LNKS — detector + movement_strike instantiated
[MOVE_SUB] [09:58:30] new symbol MOBX — detector + movement_strike instantiated
[MOVE_SUB] [09:58:30] new symbol NOWL — detector + movement_strike instantiated
[MOVE_SUB] [09:58:31] new symbol ONDG — detector + movement_strike instantiated
[MOVE_SUB] [09:58:35] new symbol PIII — detector + movement_strike instantiated
[MOVE_SUB] [09:58:36] new symbol QUCY — detector + movement_strike instantiated
[MOVE_SUB] [09:58:36] new symbol RUBI — detector + movement_strike instantiated
[MOVE_SUB] [09:58:37] new symbol SBFM — detector + movement_strike instantiated
[MOVE_SUB] [09:58:41] new symbol SKK — detector + movement_strike instantiated
[MOVE_SUB] [09:58:42] new symbol SKYQ — detector + movement_strike instantiated
[MOVE_SUB] [09:58:42] new symbol SLE — detector + movement_strike instantiated
[MOVE_SUB] [09:58:47] new symbol SST — detector + movement_strike instantiated
[MOVE_SUB] [09:58:47] new symbol SUGP — detector + movement_strike instantiated
[MOVE_SUB] [09:58:53] new symbol WNW — detector + movement_strike instantiated
[MOVE_SUB] [09:59:03] new symbol AKTX — detector + movement_strike instantiated
[MOVE_SUB] [09:59:12] new symbol QBTX — detector + movement_strike instantiated
[MOVE_SUB] [09:59:14] new symbol QUBX — detector + movement_strike instantiated
[MOVE_SUB] [09:59:16] new symbol RDWU — detector + movement_strike instantiated
[MOVE_SUB] [09:59:20] new symbol AKAN — detector + movement_strike instantiated
[MOVE_SUB] [09:59:22] STATS ticks=2432 symbols=65 pos=no daily_pnl=+0
[MOVE_SUB] [09:59:24] new symbol AIB — detector + movement_strike instantiated
[MOVE_SUB] [09:59:28] new symbol RGTI — detector + movement_strike instantiated
[MOVE_SUB] [09:59:34] new symbol GSIT — detector + movement_strike instantiated
[MOVE_SUB] [09:59:36] new symbol QBTS — detector + movement_strike instantiated
[MOVE_SUB] [09:59:42] new symbol HPQ — detector + movement_strike instantiated
[MOVE_SUB] [09:59:44] new symbol FJET — detector + movement_strike instantiated
[MOVE_SUB] [09:59:46] new symbol NVTS — detector + movement_strike instantiated
[MOVE_SUB] [09:59:48] new symbol FLO — detector + movement_strike instantiated
[MOVE_SUB] [09:59:50] new symbol LION — detector + movement_strike instantiated
[MOVE_SUB] [09:59:52] new symbol ASPI — detector + movement_strike instantiated
[MOVE_SUB] [09:59:54] new symbol KULR — detector + movement_strike instantiated
[MOVE_SUB] [09:59:56] new symbol BB — detector + movement_strike instantiated
[MOVE_SUB] [09:59:58] new symbol SPCE — detector + movement_strike instantiated
[MOVE_SUB] [10:00:22] STATS ticks=5369 symbols=78 pos=no daily_pnl=+0
[MOVE_SUB] [10:01:22] STATS ticks=11064 symbols=78 pos=no daily_pnl=+0
[MOVE_SUB] [10:02:22] STATS ticks=16894 symbols=78 pos=no daily_pnl=+0
[MOVE_SUB] [10:02:37] new symbol EZRA — detector + movement_strike instantiated
[MOVE_SUB] [10:02:59] new symbol EDHL — detector + movement_strike instantiated
[MOVE_SUB] [10:03:01] new symbol BBNX — detector + movement_strike instantiated
[MOVE_SUB] [10:03:22] STATS ticks=20920 symbols=81 pos=no daily_pnl=+0
[MOVE_SUB] [10:04:22] STATS ticks=23602 symbols=81 pos=no daily_pnl=+0
[MOVE_SUB] [10:05:22] STATS ticks=29052 symbols=81 pos=no daily_pnl=+0
[MOVE_SUB] [10:06:22] STATS ticks=33282 symbols=81 pos=no daily_pnl=+0
[MOVE_SUB] [10:07:23] STATS ticks=36812 symbols=81 pos=no daily_pnl=+0
[MOVE_SUB] [10:08:23] STATS ticks=39380 symbols=81 pos=no daily_pnl=+0
[MOVE_SUB] [10:09:23] STATS ticks=41711 symbols=81 pos=no daily_pnl=+0
[MOVE_SUB] [10:10:23] STATS ticks=44298 symbols=81 pos=no daily_pnl=+0
[MOVE_SUB] [10:11:23] STATS ticks=46242 symbols=81 pos=no daily_pnl=+0
[MOVE_SUB] [10:12:23] STATS ticks=48248 symbols=81 pos=no daily_pnl=+0
[MOVE_SUB] [10:13:07] new symbol BTQ — detector + movement_strike instantiated
[MOVE_SUB] [10:13:10] new symbol UP — detector + movement_strike instantiated
[MOVE_SUB] [10:13:23] STATS ticks=51194 symbols=83 pos=no daily_pnl=+0
[MOVE_SUB] [10:14:23] STATS ticks=55406 symbols=83 pos=no daily_pnl=+0
[MOVE_SUB] [10:14:48] new symbol HYLN — detector + movement_strike instantiated
[MOVE_SUB] [10:14:54] new symbol LPTH — detector + movement_strike instantiated
[MOVE_SUB] [10:14:56] new symbol XRX — detector + movement_strike instantiated
[MOVE_SUB] [10:15:23] STATS ticks=59127 symbols=86 pos=no daily_pnl=+0
[MOVE_SUB] [10:16:23] STATS ticks=62120 symbols=86 pos=no daily_pnl=+0
[MOVE_SUB] [10:17:23] STATS ticks=65030 symbols=86 pos=no daily_pnl=+0
[MOVE_SUB] [10:18:23] STATS ticks=67713 symbols=86 pos=no daily_pnl=+0
[MOVE_SUB] [10:19:23] STATS ticks=70014 symbols=86 pos=no daily_pnl=+0
[MOVE_SUB] [10:20:23] STATS ticks=73115 symbols=86 pos=no daily_pnl=+0
[MOVE_SUB] [10:21:23] STATS ticks=75470 symbols=86 pos=no daily_pnl=+0
[MOVE_SUB] [10:22:23] STATS ticks=77912 symbols=86 pos=no daily_pnl=+0
[MOVE_SUB] [10:23:12] new symbol AIRJ — detector + movement_strike instantiated
[MOVE_SUB] [10:23:14] new symbol QXL — detector + movement_strike instantiated
[MOVE_SUB] [10:23:23] STATS ticks=81082 symbols=88 pos=no daily_pnl=+0
[MOVE_SUB] [10:24:23] STATS ticks=84442 symbols=88 pos=no daily_pnl=+0
[MOVE_SUB] [10:25:23] STATS ticks=87512 symbols=88 pos=no daily_pnl=+0
[MOVE_SUB] [10:26:23] STATS ticks=89532 symbols=88 pos=no daily_pnl=+0
[MOVE_SUB] [10:27:23] STATS ticks=92258 symbols=88 pos=no daily_pnl=+0
[MOVE_SUB] [10:28:00] MTVA ARMED entry=4.0200 stop=3.9000 R=0.1200 score=7.8 — movement_strike history reset
[MOVE_SUB] [10:28:24] STATS ticks=95394 symbols=88 pos=no daily_pnl=+0
[MOVE_SUB] [10:29:24] STATS ticks=98119 symbols=88 pos=no daily_pnl=+0
[MOVE_SUB] [10:29:58] new symbol IOVA — detector + movement_strike instantiated
[MOVE_SUB] [10:30:24] STATS ticks=100616 symbols=89 pos=no daily_pnl=+0
[MOVE_SUB] [10:31:24] STATS ticks=104359 symbols=89 pos=no daily_pnl=+0
[MOVE_SUB] [10:32:24] STATS ticks=107419 symbols=89 pos=no daily_pnl=+0
[MOVE_SUB] [10:33:24] STATS ticks=111239 symbols=89 pos=no daily_pnl=+0
[MOVE_SUB] [10:34:24] STATS ticks=113382 symbols=89 pos=no daily_pnl=+0
[MOVE_SUB] [10:35:24] STATS ticks=115409 symbols=89 pos=no daily_pnl=+0
[MOVE_SUB] [10:36:24] STATS ticks=117525 symbols=89 pos=no daily_pnl=+0
[MOVE_SUB] [10:37:24] STATS ticks=120761 symbols=89 pos=no daily_pnl=+0
[MOVE_SUB] [10:38:24] STATS ticks=122497 symbols=89 pos=no daily_pnl=+0
[MOVE_SUB] [10:39:24] STATS ticks=124711 symbols=89 pos=no daily_pnl=+0
[MOVE_SUB] [10:39:55] 🟩 ENTRY MTVA qty=5561 limit=$4.05 (anomaly@$3.98) stop=$3.89 R=$0.0899 score=7.8
[MOVE_SUB] [10:40:24] 🟥 EXIT MTVA qty=5561 limit=$3.86 (ref=$3.91) reason=move_stop_prox_bail(low=3.91,stop=3.89,buf=0.020)
[MOVE_SUB] approx P&L=-389 daily=-389 (trade #1)
[MOVE_SUB] [10:40:24] MTVA REENTRY WATCH set: high=4.230 stop=3.880 expires_in=30min
[MOVE_SUB] [10:40:24] STATS ticks=126548 symbols=89 pos=no daily_pnl=-389
[MOVE_SUB] [10:41:24] STATS ticks=128100 symbols=89 pos=no daily_pnl=-389
[MOVE_SUB] [10:42:24] STATS ticks=129908 symbols=89 pos=no daily_pnl=-389
[MOVE_SUB] [10:43:00] 🟩 ENTRY REENTRY(GREEN) MTVA qty=12787 limit=$3.98 (anomaly@$3.91) stop=$3.88 R=$0.0300 score=99.0
[MOVE_SUB] [10:43:24] STATS ticks=131358 symbols=89 pos=YES daily_pnl=-389
[MOVE_SUB] [10:44:24] STATS ticks=133242 symbols=89 pos=YES daily_pnl=-389
[MOVE_SUB] [10:44:57] new symbol AEVA — detector + movement_strike instantiated
[MOVE_SUB] [10:44:59] new symbol VUZI — detector + movement_strike instantiated
[MOVE_SUB] [10:45:25] STATS ticks=135298 symbols=91 pos=YES daily_pnl=-389
[MOVE_SUB] [10:46:25] STATS ticks=137746 symbols=91 pos=YES daily_pnl=-389
[MOVE_SUB] [10:47:25] STATS ticks=139640 symbols=91 pos=YES daily_pnl=-389
[MOVE_SUB] [10:48:21] 🟥 EXIT MTVA qty=12787 limit=$3.83 (ref=$3.88) reason=move_hard_stop
[MOVE_SUB] approx P&L=-385 daily=-774 (trade #2)
[MOVE_SUB] [10:48:25] STATS ticks=141879 symbols=91 pos=no daily_pnl=-774
[MOVE_SUB] [10:49:25] STATS ticks=143740 symbols=91 pos=no daily_pnl=-774
[MOVE_SUB] [10:50:25] STATS ticks=145512 symbols=91 pos=no daily_pnl=-774
[MOVE_SUB] [10:51:25] STATS ticks=147540 symbols=91 pos=no daily_pnl=-774
[MOVE_SUB] [10:52:25] STATS ticks=149955 symbols=91 pos=no daily_pnl=-774
[MOVE_SUB] [10:53:25] STATS ticks=151902 symbols=91 pos=no daily_pnl=-774
[MOVE_SUB] [10:53:29] new symbol FABC — detector + movement_strike instantiated
[MOVE_SUB] [10:54:25] STATS ticks=154286 symbols=92 pos=no daily_pnl=-774
[MOVE_SUB] [10:55:25] STATS ticks=156475 symbols=92 pos=no daily_pnl=-774
[MOVE_SUB] [10:56:25] STATS ticks=158413 symbols=92 pos=no daily_pnl=-774
[MOVE_SUB] [10:57:25] STATS ticks=159984 symbols=92 pos=no daily_pnl=-774
[MOVE_SUB] [10:58:25] STATS ticks=161994 symbols=92 pos=no daily_pnl=-774
[MOVE_SUB] [10:59:26] STATS ticks=164498 symbols=92 pos=no daily_pnl=-774
[MOVE_SUB] [10:59:56] new symbol ASTI — detector + movement_strike instantiated
[MOVE_SUB] [11:00:26] STATS ticks=166731 symbols=93 pos=no daily_pnl=-774
[MOVE_SUB] [11:01:26] STATS ticks=168779 symbols=93 pos=no daily_pnl=-774
[MOVE_SUB] [11:02:26] STATS ticks=170740 symbols=93 pos=no daily_pnl=-774
[MOVE_SUB] [11:03:26] STATS ticks=172966 symbols=93 pos=no daily_pnl=-774
[MOVE_SUB] [11:04:26] STATS ticks=174570 symbols=93 pos=no daily_pnl=-774
[MOVE_SUB] [11:04:32] 🟩 ENTRY MTVA qty=3849 limit=$4.28 (anomaly@$4.21) stop=$4.08 R=$0.1299 score=50.0
[MOVE_SUB] [11:05:26] STATS ticks=175786 symbols=93 pos=YES daily_pnl=-774
[MOVE_SUB] [11:06:26] STATS ticks=177132 symbols=93 pos=YES daily_pnl=-774
[MOVE_SUB] [11:07:11] 🟥 EXIT MTVA qty=3849 limit=$4.20 (ref=$4.25) reason=move_hwm_exit(peak=4.31,dd=50%,hh=3)
[MOVE_SUB] approx P&L=+154 daily=-619 (trade #3)
[MOVE_SUB] [11:07:11] MTVA REENTRY WATCH set: high=4.290 stop=4.080 expires_in=30min
[MOVE_SUB] [11:07:26] STATS ticks=179386 symbols=93 pos=no daily_pnl=-619
[MOVE_SUB] [11:08:26] STATS ticks=181299 symbols=93 pos=no daily_pnl=-619
[MOVE_SUB] [11:09:00] 🟩 ENTRY REENTRY(GREEN) MTVA qty=4545 limit=$4.26 (anomaly@$4.19) stop=$4.08 R=$0.1100 score=99.0
[MOVE_SUB] [11:09:27] STATS ticks=182918 symbols=93 pos=YES daily_pnl=-619
[MOVE_SUB] [11:10:27] STATS ticks=184374 symbols=93 pos=YES daily_pnl=-619
[MOVE_SUB] [11:11:27] STATS ticks=185994 symbols=93 pos=YES daily_pnl=-619
[MOVE_SUB] [11:12:27] STATS ticks=187511 symbols=93 pos=YES daily_pnl=-619
[MOVE_SUB] [11:13:27] STATS ticks=189010 symbols=93 pos=YES daily_pnl=-619
[MOVE_SUB] [11:14:27] STATS ticks=190186 symbols=93 pos=YES daily_pnl=-619
[MOVE_SUB] [11:14:54] 🟥 EXIT MTVA qty=4545 limit=$4.05 (ref=$4.10) reason=move_stop_prox_bail(low=4.10,stop=4.08,buf=0.020)
[MOVE_SUB] approx P&L=-409 daily=-1,028 (trade #4)
[MOVE_SUB] [11:15:27] STATS ticks=191935 symbols=93 pos=no daily_pnl=-1,028
[MOVE_SUB] [11:16:27] STATS ticks=193215 symbols=93 pos=no daily_pnl=-1,028
[MOVE_SUB] [11:17:27] STATS ticks=194426 symbols=93 pos=no daily_pnl=-1,028
[MOVE_SUB] [11:18:27] STATS ticks=195762 symbols=93 pos=no daily_pnl=-1,028
[MOVE_SUB] [11:18:44] new symbol CPSH — detector + movement_strike instantiated
[MOVE_SUB] [11:19:27] STATS ticks=197614 symbols=94 pos=no daily_pnl=-1,028
[MOVE_SUB] [11:20:27] STATS ticks=199128 symbols=94 pos=no daily_pnl=-1,028
[MOVE_SUB] [11:21:28] STATS ticks=200549 symbols=94 pos=no daily_pnl=-1,028
[MOVE_SUB] [11:22:28] STATS ticks=202899 symbols=94 pos=no daily_pnl=-1,028
[MOVE_SUB] [11:23:28] STATS ticks=204286 symbols=94 pos=no daily_pnl=-1,028
[MOVE_SUB] [11:24:28] STATS ticks=205643 symbols=94 pos=no daily_pnl=-1,028
[MOVE_SUB] [11:25:28] STATS ticks=207152 symbols=94 pos=no daily_pnl=-1,028
[MOVE_SUB] [11:26:28] STATS ticks=208560 symbols=94 pos=no daily_pnl=-1,028
[MOVE_SUB] [11:27:28] STATS ticks=209742 symbols=94 pos=no daily_pnl=-1,028
[MOVE_SUB] [11:28:29] STATS ticks=211322 symbols=94 pos=no daily_pnl=-1,028
[MOVE_SUB] [11:29:29] STATS ticks=212403 symbols=94 pos=no daily_pnl=-1,028
[MOVE_SUB] [11:30:29] STATS ticks=213810 symbols=94 pos=no daily_pnl=-1,028
[MOVE_SUB] [11:31:29] STATS ticks=214942 symbols=94 pos=no daily_pnl=-1,028
[MOVE_SUB] [11:32:29] STATS ticks=216213 symbols=94 pos=no daily_pnl=-1,028
[MOVE_SUB] [11:33:29] STATS ticks=217048 symbols=94 pos=no daily_pnl=-1,028
[MOVE_SUB] [11:34:29] STATS ticks=218020 symbols=94 pos=no daily_pnl=-1,028
[MOVE_SUB] [11:35:30] STATS ticks=219354 symbols=94 pos=no daily_pnl=-1,028
[MOVE_SUB] [11:36:30] STATS ticks=220420 symbols=94 pos=no daily_pnl=-1,028
[MOVE_SUB] [11:37:30] STATS ticks=221261 symbols=94 pos=no daily_pnl=-1,028
[MOVE_SUB] [11:38:30] STATS ticks=222209 symbols=94 pos=no daily_pnl=-1,028
[MOVE_SUB] [11:39:30] STATS ticks=223226 symbols=94 pos=no daily_pnl=-1,028
[MOVE_SUB] [11:40:31] STATS ticks=224388 symbols=94 pos=no daily_pnl=-1,028
[MOVE_SUB] [11:41:31] STATS ticks=226370 symbols=94 pos=no daily_pnl=-1,028
[MOVE_SUB] [11:42:31] STATS ticks=227266 symbols=94 pos=no daily_pnl=-1,028
[MOVE_SUB] [11:43:31] STATS ticks=228170 symbols=94 pos=no daily_pnl=-1,028
[MOVE_SUB] [11:44:31] STATS ticks=228935 symbols=94 pos=no daily_pnl=-1,028
[MOVE_SUB] [11:45:08] new symbol INDI — detector + movement_strike instantiated
[MOVE_SUB] [11:45:16] new symbol AMTX — detector + movement_strike instantiated
[MOVE_SUB] [11:45:31] STATS ticks=229925 symbols=96 pos=no daily_pnl=-1,028
[MOVE_SUB] [11:46:31] STATS ticks=231136 symbols=96 pos=no daily_pnl=-1,028
[MOVE_SUB] [11:47:31] STATS ticks=232094 symbols=96 pos=no daily_pnl=-1,028
[MOVE_SUB] [11:48:31] STATS ticks=233040 symbols=96 pos=no daily_pnl=-1,028
[MOVE_SUB] [11:48:50] new symbol DSY — detector + movement_strike instantiated
[MOVE_SUB] [11:49:32] STATS ticks=234325 symbols=97 pos=no daily_pnl=-1,028
[MOVE_SUB] [11:50:32] STATS ticks=235461 symbols=97 pos=no daily_pnl=-1,028
[MOVE_SUB] [11:51:32] STATS ticks=236545 symbols=97 pos=no daily_pnl=-1,028
[MOVE_SUB] [11:52:32] STATS ticks=237696 symbols=97 pos=no daily_pnl=-1,028
[MOVE_SUB] [11:53:32] STATS ticks=238836 symbols=97 pos=no daily_pnl=-1,028
[MOVE_SUB] [11:54:32] STATS ticks=240078 symbols=97 pos=no daily_pnl=-1,028
[MOVE_SUB] [11:55:32] STATS ticks=241282 symbols=97 pos=no daily_pnl=-1,028
[MOVE_SUB] [11:56:32] STATS ticks=242208 symbols=97 pos=no daily_pnl=-1,028
[MOVE_SUB] [11:57:32] STATS ticks=243605 symbols=97 pos=no daily_pnl=-1,028
[MOVE_SUB] [11:58:32] STATS ticks=245353 symbols=97 pos=no daily_pnl=-1,028
[MOVE_SUB] [11:59:13] new symbol VNRX — detector + movement_strike instantiated
[MOVE_SUB] [11:59:16] new symbol CRNC — detector + movement_strike instantiated
[MOVE_SUB] [11:59:32] STATS ticks=246788 symbols=99 pos=no daily_pnl=-1,028
[MOVE_SUB] [12:00:32] STATS ticks=248710 symbols=99 pos=no daily_pnl=-1,028
[MOVE_SUB] [12:01:00] RYOJ ARMED entry=4.0200 stop=3.9000 R=0.1200 score=10.0 — movement_strike history reset
[MOVE_SUB] [12:01:32] STATS ticks=253712 symbols=99 pos=no daily_pnl=-1,028
[MOVE_SUB] [12:02:32] STATS ticks=258163 symbols=99 pos=no daily_pnl=-1,028
[MOVE_SUB] [12:03:33] STATS ticks=262685 symbols=99 pos=no daily_pnl=-1,028
[MOVE_SUB] [12:04:33] STATS ticks=264892 symbols=99 pos=no daily_pnl=-1,028
[MOVE_SUB] [12:05:33] STATS ticks=266075 symbols=99 pos=no daily_pnl=-1,028
[MOVE_SUB] [12:06:33] STATS ticks=267181 symbols=99 pos=no daily_pnl=-1,028
[MOVE_SUB] [12:07:33] STATS ticks=268545 symbols=99 pos=no daily_pnl=-1,028
[MOVE_SUB] [12:08:33] STATS ticks=269813 symbols=99 pos=no daily_pnl=-1,028
[MOVE_SUB] [12:09:33] STATS ticks=277794 symbols=99 pos=no daily_pnl=-1,028
[MOVE_SUB] [12:10:33] STATS ticks=285601 symbols=99 pos=no daily_pnl=-1,028
[MOVE_SUB] [12:10:46] RYOJ CHASE-SKIP trigger=6.560 arm=4.020 gap=63.18%
[MOVE_SUB] [12:11:33] STATS ticks=294292 symbols=99 pos=no daily_pnl=-1,028
[MOVE_SUB] [12:12:33] STATS ticks=299919 symbols=99 pos=no daily_pnl=-1,028
[MOVE_SUB] [12:13:33] STATS ticks=306170 symbols=99 pos=no daily_pnl=-1,028
[MOVE_SUB] [12:14:30] new symbol WSHP — detector + movement_strike instantiated
[MOVE_SUB] [12:14:34] STATS ticks=310419 symbols=100 pos=no daily_pnl=-1,028
[MOVE_SUB] [12:15:34] STATS ticks=311727 symbols=100 pos=no daily_pnl=-1,028
[MOVE_SUB] [12:16:34] STATS ticks=313092 symbols=100 pos=no daily_pnl=-1,028
[MOVE_SUB] [12:17:34] STATS ticks=314386 symbols=100 pos=no daily_pnl=-1,028
[MOVE_SUB] [12:18:34] STATS ticks=315593 symbols=100 pos=no daily_pnl=-1,028
[MOVE_SUB] [12:19:34] STATS ticks=322423 symbols=100 pos=no daily_pnl=-1,028
[MOVE_SUB] [12:19:36] new symbol PHOE — detector + movement_strike instantiated
[MOVE_SUB] [12:20:34] STATS ticks=329990 symbols=101 pos=no daily_pnl=-1,028
[MOVE_SUB] [12:21:34] STATS ticks=336115 symbols=101 pos=no daily_pnl=-1,028
[MOVE_SUB] [12:22:34] STATS ticks=345122 symbols=101 pos=no daily_pnl=-1,028
[MOVE_SUB] [12:23:34] STATS ticks=350177 symbols=101 pos=no daily_pnl=-1,028
[MOVE_SUB] [12:24:34] STATS ticks=356018 symbols=101 pos=no daily_pnl=-1,028
[MOVE_SUB] [12:25:35] STATS ticks=360460 symbols=101 pos=no daily_pnl=-1,028
[MOVE_SUB] [12:26:35] STATS ticks=365162 symbols=101 pos=no daily_pnl=-1,028
[MOVE_SUB] [12:27:35] STATS ticks=370845 symbols=101 pos=no daily_pnl=-1,028
[MOVE_SUB] [12:28:36] STATS ticks=374263 symbols=101 pos=no daily_pnl=-1,028
[MOVE_SUB] [12:29:36] STATS ticks=377142 symbols=101 pos=no daily_pnl=-1,028
[MOVE_SUB] [12:30:36] STATS ticks=382377 symbols=101 pos=no daily_pnl=-1,028
[MOVE_SUB] [12:31:36] STATS ticks=386162 symbols=101 pos=no daily_pnl=-1,028
[MOVE_SUB] [12:32:36] STATS ticks=391928 symbols=101 pos=no daily_pnl=-1,028
[MOVE_SUB] [12:33:36] STATS ticks=395692 symbols=101 pos=no daily_pnl=-1,028
[MOVE_SUB] [12:34:36] STATS ticks=399002 symbols=101 pos=no daily_pnl=-1,028
[MOVE_SUB] [12:35:36] STATS ticks=401715 symbols=101 pos=no daily_pnl=-1,028
[MOVE_SUB] [12:36:36] STATS ticks=404398 symbols=101 pos=no daily_pnl=-1,028
[MOVE_SUB] [12:37:37] STATS ticks=409447 symbols=101 pos=no daily_pnl=-1,028
[MOVE_SUB] [12:38:37] STATS ticks=412420 symbols=101 pos=no daily_pnl=-1,028
[MOVE_SUB] [12:39:37] STATS ticks=416079 symbols=101 pos=no daily_pnl=-1,028
[MOVE_SUB] [12:40:38] STATS ticks=422263 symbols=101 pos=no daily_pnl=-1,028
[MOVE_SUB] [12:41:38] STATS ticks=425595 symbols=101 pos=no daily_pnl=-1,028
[MOVE_SUB] [12:42:38] STATS ticks=428721 symbols=101 pos=no daily_pnl=-1,028
[MOVE_SUB] [12:43:38] STATS ticks=431008 symbols=101 pos=no daily_pnl=-1,028
[MOVE_SUB] [12:44:38] STATS ticks=432742 symbols=101 pos=no daily_pnl=-1,028
[MOVE_SUB] [12:44:58] new symbol OCC — detector + movement_strike instantiated
[MOVE_SUB] [12:45:03] new symbol SIDU — detector + movement_strike instantiated
[MOVE_SUB] [12:45:38] STATS ticks=434530 symbols=103 pos=no daily_pnl=-1,028
[MOVE_SUB] [12:46:38] STATS ticks=436558 symbols=103 pos=no daily_pnl=-1,028
[MOVE_SUB] [12:47:38] STATS ticks=439723 symbols=103 pos=no daily_pnl=-1,028
[MOVE_SUB] [12:48:38] STATS ticks=441589 symbols=103 pos=no daily_pnl=-1,028
[MOVE_SUB] [12:49:38] STATS ticks=443521 symbols=103 pos=no daily_pnl=-1,028
[MOVE_SUB] [12:50:39] STATS ticks=445792 symbols=103 pos=no daily_pnl=-1,028
[MOVE_SUB] [12:51:39] STATS ticks=447043 symbols=103 pos=no daily_pnl=-1,028
[MOVE_SUB] [12:52:39] STATS ticks=449167 symbols=103 pos=no daily_pnl=-1,028
[MOVE_SUB] [12:53:39] STATS ticks=454497 symbols=103 pos=no daily_pnl=-1,028
[MOVE_SUB] [12:54:39] STATS ticks=457747 symbols=103 pos=no daily_pnl=-1,028
[MOVE_SUB] [12:55:39] STATS ticks=460036 symbols=103 pos=no daily_pnl=-1,028
[MOVE_SUB] [12:56:39] STATS ticks=462323 symbols=103 pos=no daily_pnl=-1,028
[MOVE_SUB] [12:57:40] STATS ticks=464139 symbols=103 pos=no daily_pnl=-1,028
[MOVE_SUB] [12:58:40] STATS ticks=468523 symbols=103 pos=no daily_pnl=-1,028
[MOVE_SUB] [12:59:40] STATS ticks=474045 symbols=103 pos=no daily_pnl=-1,028
[MOVE_SUB] [13:00:40] STATS ticks=479293 symbols=103 pos=no daily_pnl=-1,028
[MOVE_SUB] [13:01:40] STATS ticks=483191 symbols=103 pos=no daily_pnl=-1,028
[MOVE_SUB] [13:02:40] STATS ticks=486604 symbols=103 pos=no daily_pnl=-1,028
[MOVE_SUB] [13:03:41] STATS ticks=489250 symbols=103 pos=no daily_pnl=-1,028
[MOVE_SUB] [13:04:41] STATS ticks=491789 symbols=103 pos=no daily_pnl=-1,028
[MOVE_SUB] [13:05:10] new symbol EHGO — detector + movement_strike instantiated
[MOVE_SUB] [13:05:41] STATS ticks=495753 symbols=104 pos=no daily_pnl=-1,028
[MOVE_SUB] [13:06:41] STATS ticks=500890 symbols=104 pos=no daily_pnl=-1,028
[MOVE_SUB] [13:07:41] STATS ticks=503980 symbols=104 pos=no daily_pnl=-1,028
[MOVE_SUB] [13:08:41] STATS ticks=506402 symbols=104 pos=no daily_pnl=-1,028
[MOVE_SUB] [13:09:41] STATS ticks=508647 symbols=104 pos=no daily_pnl=-1,028
[MOVE_SUB] [13:10:41] STATS ticks=512704 symbols=104 pos=no daily_pnl=-1,028
[MOVE_SUB] [13:11:41] STATS ticks=515627 symbols=104 pos=no daily_pnl=-1,028
[MOVE_SUB] [13:12:41] STATS ticks=517681 symbols=104 pos=no daily_pnl=-1,028
[MOVE_SUB] [13:13:41] STATS ticks=520377 symbols=104 pos=no daily_pnl=-1,028
[MOVE_SUB] [13:14:42] STATS ticks=523014 symbols=104 pos=no daily_pnl=-1,028
[MOVE_SUB] [13:15:42] STATS ticks=525841 symbols=104 pos=no daily_pnl=-1,028
[MOVE_SUB] [13:16:42] STATS ticks=529078 symbols=104 pos=no daily_pnl=-1,028
[MOVE_SUB] socket closed by peer — reconnecting
[MOVE_SUB] engine socket not ready yet (ConnectionRefusedError(61, 'Connection refused')) — retrying every 2s
[MOVE_SUB] signal 15 received — stopping
[MOVE_SUB] consume loop exited
