[MOVE_SUB_C] Alpaca PAPER connected — account=PA38Q69FQB6K equity=$31,349
[MOVE_SUB_C] starting consume loop
[MOVE_SUB_C] [04:00:34] connected to engine (/tmp/warrior_engine.sock) attempt=1
[MOVE_SUB_C] [04:01:39] STATS ticks=0 symbols=0 pos=no daily_pnl=+0 drops=0
[MOVE_SUB_C] [04:02:40] STATS ticks=0 symbols=0 pos=no daily_pnl=+0 drops=0
[MOVE_SUB_C] [04:03:41] STATS ticks=0 symbols=0 pos=no daily_pnl=+0 drops=0
[MOVE_SUB_C] [04:04:41] STATS ticks=0 symbols=0 pos=no daily_pnl=+0 drops=0
[MOVE_SUB_C] [04:05:21] new symbol QH — detector + movement_strike instantiated
[MOVE_SUB_C] [04:05:24] new symbol CPOP — detector + movement_strike instantiated
[MOVE_SUB_C] [04:05:27] new symbol MTEN — detector + movement_strike instantiated
[MOVE_SUB_C] [04:05:30] new symbol NTCL — detector + movement_strike instantiated
[MOVE_SUB_C] [04:05:33] new symbol RDWU — detector + movement_strike instantiated
[MOVE_SUB_C] [04:05:36] new symbol UEC — detector + movement_strike instantiated
[MOVE_SUB_C] [04:05:39] new symbol SIDU — detector + movement_strike instantiated
[MOVE_SUB_C] [04:05:42] new symbol OKLL — detector + movement_strike instantiated
[MOVE_SUB_C] [04:05:42] STATS ticks=19 symbols=8 pos=no daily_pnl=+0 drops=0
[MOVE_SUB_C] [04:05:45] new symbol CLOV — detector + movement_strike instantiated
[MOVE_SUB_C] [04:05:48] new symbol UMC — detector + movement_strike instantiated
[MOVE_SUB_C] [04:05:51] new symbol MSTX — detector + movement_strike instantiated
[MOVE_SUB_C] [04:05:54] new symbol MSTU — detector + movement_strike instantiated
[MOVE_SUB_C] [04:05:57] new symbol SMCX — detector + movement_strike instantiated
[MOVE_SUB_C] [04:06:00] new symbol RDW — detector + movement_strike instantiated
[MOVE_SUB_C] [04:06:03] new symbol SATL — detector + movement_strike instantiated
[MOVE_SUB_C] [04:06:06] new symbol CONL — detector + movement_strike instantiated
[MOVE_SUB_C] [04:06:09] new symbol ETHU — detector + movement_strike instantiated
[MOVE_SUB_C] [04:06:12] new symbol TSLL — detector + movement_strike instantiated
[MOVE_SUB_C] [04:06:15] new symbol RGTI — detector + movement_strike instantiated
[MOVE_SUB_C] [04:06:17] new symbol FRMI — detector + movement_strike instantiated
[MOVE_SUB_C] [04:06:44] STATS ticks=44 symbols=20 pos=no daily_pnl=+0 drops=0
[MOVE_SUB_C] [04:07:45] STATS ticks=44 symbols=20 pos=no daily_pnl=+0 drops=0
[MOVE_SUB_C] [04:08:47] STATS ticks=44 symbols=20 pos=no daily_pnl=+0 drops=0
[MOVE_SUB_C] [04:09:48] STATS ticks=44 symbols=20 pos=no daily_pnl=+0 drops=0
[MOVE_SUB_C] [04:10:25] new symbol DAIC — detector + movement_strike instantiated
[MOVE_SUB_C] [04:10:33] new symbol SNDG — detector + movement_strike instantiated
[MOVE_SUB_C] [04:10:36] new symbol MTVA — detector + movement_strike instantiated
[MOVE_SUB_C] [04:10:39] new symbol LUNL — detector + movement_strike instantiated
[MOVE_SUB_C] [04:10:49] STATS ticks=64 symbols=24 pos=no daily_pnl=+0 drops=0
[MOVE_SUB_C] [04:10:51] new symbol CBRG — detector + movement_strike instantiated
[MOVE_SUB_C] [04:10:54] new symbol SMU — detector + movement_strike instantiated
[MOVE_SUB_C] [04:11:05] new symbol CCUP — detector + movement_strike instantiated
[MOVE_SUB_C] [04:11:13] new symbol CRCG — detector + movement_strike instantiated
[MOVE_SUB_C] [04:11:16] new symbol ONDG — detector + movement_strike instantiated
[MOVE_SUB_C] [04:11:51] STATS ticks=81 symbols=29 pos=no daily_pnl=+0 drops=0
[MOVE_SUB_C] [04:12:52] STATS ticks=81 symbols=29 pos=no daily_pnl=+0 drops=0
[MOVE_SUB_C] [04:13:54] STATS ticks=81 symbols=29 pos=no daily_pnl=+0 drops=0
[MOVE_SUB_C] [04:14:55] STATS ticks=81 symbols=29 pos=no daily_pnl=+0 drops=0
[MOVE_SUB_C] [04:15:23] new symbol GLXG — detector + movement_strike instantiated
[MOVE_SUB_C] [04:15:43] new symbol MNTS — detector + movement_strike instantiated
[MOVE_SUB_C] [04:15:57] STATS ticks=105 symbols=31 pos=no daily_pnl=+0 drops=0
[MOVE_SUB_C] [04:16:58] STATS ticks=119 symbols=31 pos=no daily_pnl=+0 drops=0
[MOVE_SUB_C] [04:17:59] STATS ticks=119 symbols=31 pos=no daily_pnl=+0 drops=0
[MOVE_SUB_C] [04:19:00] STATS ticks=119 symbols=31 pos=no daily_pnl=+0 drops=0
[MOVE_SUB_C] [04:20:02] STATS ticks=119 symbols=31 pos=no daily_pnl=+0 drops=0
[MOVE_SUB_C] [04:20:26] new symbol WTO — detector + movement_strike instantiated
[MOVE_SUB_C] [04:20:32] new symbol NCT — detector + movement_strike instantiated
[MOVE_SUB_C] [04:21:03] STATS ticks=149 symbols=33 pos=no daily_pnl=+0 drops=0
[MOVE_SUB_C] [04:21:11] new symbol AMPG — detector + movement_strike instantiated
[MOVE_SUB_C] [04:22:04] STATS ticks=158 symbols=34 pos=no daily_pnl=+0 drops=0
[MOVE_SUB_C] [04:23:06] STATS ticks=158 symbols=34 pos=no daily_pnl=+0 drops=0
[MOVE_SUB_C] [04:24:07] STATS ticks=158 symbols=34 pos=no daily_pnl=+0 drops=0
[MOVE_SUB_C] [04:25:08] STATS ticks=158 symbols=34 pos=no daily_pnl=+0 drops=0
[MOVE_SUB_C] [04:26:10] STATS ticks=190 symbols=34 pos=no daily_pnl=+0 drops=0
[MOVE_SUB_C] [04:26:11] new symbol QBTX — detector + movement_strike instantiated
[MOVE_SUB_C] [04:27:11] STATS ticks=196 symbols=35 pos=no daily_pnl=+0 drops=0
[MOVE_SUB_C] [04:28:13] STATS ticks=196 symbols=35 pos=no daily_pnl=+0 drops=0
[MOVE_SUB_C] [04:29:14] STATS ticks=196 symbols=35 pos=no daily_pnl=+0 drops=0
[MOVE_SUB_C] [04:30:15] STATS ticks=196 symbols=35 pos=no daily_pnl=+0 drops=0
[MOVE_SUB_C] [04:31:16] STATS ticks=234 symbols=35 pos=no daily_pnl=+0 drops=0
[MOVE_SUB_C] [04:32:18] STATS ticks=235 symbols=35 pos=no daily_pnl=+0 drops=0
[MOVE_SUB_C] [04:33:19] STATS ticks=235 symbols=35 pos=no daily_pnl=+0 drops=0
[MOVE_SUB_C] [04:34:21] STATS ticks=235 symbols=35 pos=no daily_pnl=+0 drops=0
[MOVE_SUB_C] [04:35:22] STATS ticks=235 symbols=35 pos=no daily_pnl=+0 drops=0
[MOVE_SUB_C] [04:36:23] STATS ticks=273 symbols=35 pos=no daily_pnl=+0 drops=0
[MOVE_SUB_C] [04:37:24] STATS ticks=273 symbols=35 pos=no daily_pnl=+0 drops=0
[MOVE_SUB_C] [04:38:26] STATS ticks=273 symbols=35 pos=no daily_pnl=+0 drops=0
[MOVE_SUB_C] [04:39:27] STATS ticks=273 symbols=35 pos=no daily_pnl=+0 drops=0
[MOVE_SUB_C] [04:40:28] STATS ticks=276 symbols=35 pos=no daily_pnl=+0 drops=0
[MOVE_SUB_C] [04:40:34] new symbol ZNB — detector + movement_strike instantiated
[MOVE_SUB_C] [04:41:05] new symbol DGXX — detector + movement_strike instantiated
[MOVE_SUB_C] [04:41:19] new symbol CPNG — detector + movement_strike instantiated
[MOVE_SUB_C] [04:41:30] STATS ticks=311 symbols=38 pos=no daily_pnl=+0 drops=0
[MOVE_SUB_C] [04:42:31] STATS ticks=311 symbols=38 pos=no daily_pnl=+0 drops=0
[MOVE_SUB_C] [04:43:33] STATS ticks=311 symbols=38 pos=no daily_pnl=+0 drops=0
[MOVE_SUB_C] [04:44:34] STATS ticks=311 symbols=38 pos=no daily_pnl=+0 drops=0
[MOVE_SUB_C] [04:45:34] STATS ticks=318 symbols=38 pos=no daily_pnl=+0 drops=0
[MOVE_SUB_C] [04:46:16] new symbol TE — detector + movement_strike instantiated
[MOVE_SUB_C] [04:46:37] STATS ticks=351 symbols=39 pos=no daily_pnl=+0 drops=0
[MOVE_SUB_C] [04:47:38] STATS ticks=351 symbols=39 pos=no daily_pnl=+0 drops=0
[MOVE_SUB_C] [04:48:39] STATS ticks=351 symbols=39 pos=no daily_pnl=+0 drops=0
[MOVE_SUB_C] [04:49:41] STATS ticks=351 symbols=39 pos=no daily_pnl=+0 drops=0
[MOVE_SUB_C] [04:50:42] STATS ticks=362 symbols=39 pos=no daily_pnl=+0 drops=0
[MOVE_SUB_C] [04:51:44] STATS ticks=390 symbols=39 pos=no daily_pnl=+0 drops=0
[MOVE_SUB_C] [04:52:45] STATS ticks=390 symbols=39 pos=no daily_pnl=+0 drops=0
[MOVE_SUB_C] [04:53:47] STATS ticks=390 symbols=39 pos=no daily_pnl=+0 drops=0
[MOVE_SUB_C] [04:54:48] STATS ticks=390 symbols=39 pos=no daily_pnl=+0 drops=0
[MOVE_SUB_C] [04:55:50] STATS ticks=407 symbols=39 pos=no daily_pnl=+0 drops=0
[MOVE_SUB_C] [04:56:50] STATS ticks=749 symbols=39 pos=no daily_pnl=+0 drops=0
[MOVE_SUB_C] [04:57:50] STATS ticks=2061 symbols=39 pos=no daily_pnl=+0 drops=0
[MOVE_SUB_C] [04:58:50] STATS ticks=4162 symbols=39 pos=no daily_pnl=+0 drops=0
[MOVE_SUB_C] [04:59:50] STATS ticks=7320 symbols=39 pos=no daily_pnl=+0 drops=0
[MOVE_SUB_C] [05:00:50] STATS ticks=19071 symbols=39 pos=no daily_pnl=+0 drops=0
[MOVE_SUB_C] [05:00:59] new symbol CUPR — detector + movement_strike instantiated
[MOVE_SUB_C] [05:01:51] STATS ticks=26351 symbols=40 pos=no daily_pnl=+0 drops=0
[MOVE_SUB_C] [05:02:51] STATS ticks=30764 symbols=40 pos=no daily_pnl=+0 drops=0
[MOVE_SUB_C] [05:03:52] STATS ticks=38129 symbols=40 pos=no daily_pnl=+0 drops=0
[MOVE_SUB_C] [05:04:52] STATS ticks=41466 symbols=40 pos=no daily_pnl=+0 drops=0
[MOVE_SUB_C] [05:05:52] STATS ticks=46208 symbols=40 pos=no daily_pnl=+0 drops=0
[MOVE_SUB_C] [05:06:52] STATS ticks=48657 symbols=40 pos=no daily_pnl=+0 drops=0
[MOVE_SUB_C] [05:07:52] STATS ticks=52438 symbols=40 pos=no daily_pnl=+0 drops=0
[MOVE_SUB_C] [05:08:52] STATS ticks=56943 symbols=40 pos=no daily_pnl=+0 drops=0
[MOVE_SUB_C] [05:09:53] STATS ticks=61088 symbols=40 pos=no daily_pnl=+0 drops=0
[MOVE_SUB_C] [05:10:53] STATS ticks=64583 symbols=40 pos=no daily_pnl=+0 drops=0
[MOVE_SUB_C] [05:11:53] STATS ticks=67879 symbols=40 pos=no daily_pnl=+0 drops=0
[MOVE_SUB_C] [05:12:54] STATS ticks=69359 symbols=40 pos=no daily_pnl=+0 drops=0
[MOVE_SUB_C] [05:13:55] STATS ticks=70768 symbols=40 pos=no daily_pnl=+0 drops=0
[MOVE_SUB_C] [05:14:55] STATS ticks=71876 symbols=40 pos=no daily_pnl=+0 drops=0
[MOVE_SUB_C] [05:15:54] new symbol INV — detector + movement_strike instantiated
[MOVE_SUB_C] [05:15:55] STATS ticks=74801 symbols=41 pos=no daily_pnl=+0 drops=0
[MOVE_SUB_C] [05:16:55] STATS ticks=76962 symbols=41 pos=no daily_pnl=+0 drops=0
[MOVE_SUB_C] [05:17:56] STATS ticks=78188 symbols=41 pos=no daily_pnl=+0 drops=0
[MOVE_SUB_C] [05:18:56] STATS ticks=79806 symbols=41 pos=no daily_pnl=+0 drops=0
[MOVE_SUB_C] [05:19:56] STATS ticks=81488 symbols=41 pos=no daily_pnl=+0 drops=0
[MOVE_SUB_C] [05:20:56] STATS ticks=85149 symbols=41 pos=no daily_pnl=+0 drops=0
[MOVE_SUB_C] [05:21:57] STATS ticks=88553 symbols=41 pos=no daily_pnl=+0 drops=0
[MOVE_SUB_C] [05:22:57] STATS ticks=90263 symbols=41 pos=no daily_pnl=+0 drops=0
[MOVE_SUB_C] [05:23:58] STATS ticks=91686 symbols=41 pos=no daily_pnl=+0 drops=0
[MOVE_SUB_C] [05:24:58] STATS ticks=92831 symbols=41 pos=no daily_pnl=+0 drops=0
[MOVE_SUB_C] [05:25:53] new symbol AURE — detector + movement_strike instantiated
[MOVE_SUB_C] [05:25:56] new symbol KDK — detector + movement_strike instantiated
[MOVE_SUB_C] [05:25:58] STATS ticks=93893 symbols=43 pos=no daily_pnl=+0 drops=0
[MOVE_SUB_C] [05:26:59] STATS ticks=95183 symbols=43 pos=no daily_pnl=+0 drops=0
[MOVE_SUB_C] [05:28:00] STATS ticks=96257 symbols=43 pos=no daily_pnl=+0 drops=0
[MOVE_SUB_C] [05:29:00] STATS ticks=98063 symbols=43 pos=no daily_pnl=+0 drops=0
[MOVE_SUB_C] [05:30:00] STATS ticks=101046 symbols=43 pos=no daily_pnl=+0 drops=0
[MOVE_SUB_C] [05:31:01] STATS ticks=103170 symbols=43 pos=no daily_pnl=+0 drops=0
[MOVE_SUB_C] [05:32:01] STATS ticks=104388 symbols=43 pos=no daily_pnl=+0 drops=0
[MOVE_SUB_C] [05:33:01] STATS ticks=105437 symbols=43 pos=no daily_pnl=+0 drops=0
[MOVE_SUB_C] [05:34:01] STATS ticks=107120 symbols=43 pos=no daily_pnl=+0 drops=0
[MOVE_SUB_C] [05:35:02] STATS ticks=108564 symbols=43 pos=no daily_pnl=+0 drops=0
[MOVE_SUB_C] [05:35:34] new symbol PPCB — detector + movement_strike instantiated
[MOVE_SUB_C] [05:36:02] STATS ticks=109685 symbols=44 pos=no daily_pnl=+0 drops=0
[MOVE_SUB_C] [05:37:02] STATS ticks=112946 symbols=44 pos=no daily_pnl=+0 drops=0
[MOVE_SUB_C] [05:38:02] STATS ticks=114876 symbols=44 pos=no daily_pnl=+0 drops=0
[MOVE_SUB_C] [05:39:03] STATS ticks=116728 symbols=44 pos=no daily_pnl=+0 drops=0
[MOVE_SUB_C] [05:40:03] STATS ticks=118401 symbols=44 pos=no daily_pnl=+0 drops=0
[MOVE_SUB_C] [05:41:03] STATS ticks=119386 symbols=44 pos=no daily_pnl=+0 drops=0
[MOVE_SUB_C] [05:41:14] new symbol SPRO — detector + movement_strike instantiated
[MOVE_SUB_C] [05:42:03] STATS ticks=120345 symbols=45 pos=no daily_pnl=+0 drops=0
[MOVE_SUB_C] [05:43:03] STATS ticks=121162 symbols=45 pos=no daily_pnl=+0 drops=0
[MOVE_SUB_C] [05:44:04] STATS ticks=123577 symbols=45 pos=no daily_pnl=+0 drops=0
[MOVE_SUB_C] [05:45:04] STATS ticks=124500 symbols=45 pos=no daily_pnl=+0 drops=0
[MOVE_SUB_C] [05:46:04] STATS ticks=126219 symbols=45 pos=no daily_pnl=+0 drops=0
[MOVE_SUB_C] [05:47:04] STATS ticks=128893 symbols=45 pos=no daily_pnl=+0 drops=0
[MOVE_SUB_C] [05:48:04] STATS ticks=134545 symbols=45 pos=no daily_pnl=+0 drops=0
[MOVE_SUB_C] [05:49:04] STATS ticks=145454 symbols=45 pos=no daily_pnl=+0 drops=0
[MOVE_SUB_C] [05:50:04] STATS ticks=153306 symbols=45 pos=no daily_pnl=+0 drops=0
[MOVE_SUB_C] [05:51:04] STATS ticks=163775 symbols=45 pos=no daily_pnl=+0 drops=0
[MOVE_SUB_C] [05:52:05] STATS ticks=169267 symbols=45 pos=no daily_pnl=+0 drops=0
[MOVE_SUB_C] [05:53:05] STATS ticks=175810 symbols=45 pos=no daily_pnl=+0 drops=0
[MOVE_SUB_C] [05:54:05] STATS ticks=180874 symbols=45 pos=no daily_pnl=+0 drops=0
[MOVE_SUB_C] [05:55:05] STATS ticks=195364 symbols=45 pos=no daily_pnl=+0 drops=0
[MOVE_SUB_C] [05:56:05] STATS ticks=208588 symbols=45 pos=no daily_pnl=+0 drops=0
[MOVE_SUB_C] [05:57:05] STATS ticks=218437 symbols=45 pos=no daily_pnl=+0 drops=0
[MOVE_SUB_C] [05:58:05] STATS ticks=224707 symbols=45 pos=no daily_pnl=+0 drops=0
[MOVE_SUB_C] [05:59:06] STATS ticks=231410 symbols=45 pos=no daily_pnl=+0 drops=0
[MOVE_SUB_C] [06:00:06] STATS ticks=238533 symbols=45 pos=no daily_pnl=+0 drops=0
[MOVE_SUB_C] [06:00:43] new symbol WAI — detector + movement_strike instantiated
[MOVE_SUB_C] [06:01:06] STATS ticks=246318 symbols=46 pos=no daily_pnl=+0 drops=0
[MOVE_SUB_C] [06:02:06] STATS ticks=250442 symbols=46 pos=no daily_pnl=+0 drops=0
[MOVE_SUB_C] [06:03:06] STATS ticks=255754 symbols=46 pos=no daily_pnl=+0 drops=0
[MOVE_SUB_C] [06:04:07] STATS ticks=261114 symbols=46 pos=no daily_pnl=+0 drops=0
[MOVE_SUB_C] [06:05:07] STATS ticks=263627 symbols=46 pos=no daily_pnl=+0 drops=0
[MOVE_SUB_C] [06:05:43] new symbol KMRK — detector + movement_strike instantiated
[MOVE_SUB_C] [06:06:07] STATS ticks=266583 symbols=47 pos=no daily_pnl=+0 drops=0
[MOVE_SUB_C] [06:07:07] STATS ticks=268531 symbols=47 pos=no daily_pnl=+0 drops=0
[MOVE_SUB_C] [06:08:07] STATS ticks=270655 symbols=47 pos=no daily_pnl=+0 drops=0
[MOVE_SUB_C] [06:09:08] STATS ticks=272182 symbols=47 pos=no daily_pnl=+0 drops=0
[MOVE_SUB_C] [06:10:08] STATS ticks=274624 symbols=47 pos=no daily_pnl=+0 drops=0
[MOVE_SUB_C] [06:11:08] STATS ticks=281269 symbols=47 pos=no daily_pnl=+0 drops=0
[MOVE_SUB_C] [06:12:09] STATS ticks=287555 symbols=47 pos=no daily_pnl=+0 drops=0
[MOVE_SUB_C] [06:13:09] STATS ticks=291973 symbols=47 pos=no daily_pnl=+0 drops=0
[MOVE_SUB_C] [06:14:10] STATS ticks=295712 symbols=47 pos=no daily_pnl=+0 drops=0
[MOVE_SUB_C] [06:15:11] STATS ticks=299362 symbols=47 pos=no daily_pnl=+0 drops=0
[MOVE_SUB_C] [06:16:11] STATS ticks=302480 symbols=47 pos=no daily_pnl=+0 drops=0
[MOVE_SUB_C] [06:17:11] STATS ticks=306009 symbols=47 pos=no daily_pnl=+0 drops=0
[MOVE_SUB_C] [06:18:11] STATS ticks=309470 symbols=47 pos=no daily_pnl=+0 drops=0
[MOVE_SUB_C] [06:19:11] STATS ticks=312463 symbols=47 pos=no daily_pnl=+0 drops=0
[MOVE_SUB_C] [06:20:12] STATS ticks=314329 symbols=47 pos=no daily_pnl=+0 drops=0
[MOVE_SUB_C] [06:21:01] new symbol UUUU — detector + movement_strike instantiated
[MOVE_SUB_C] [06:21:12] STATS ticks=315640 symbols=48 pos=no daily_pnl=+0 drops=0
[MOVE_SUB_C] [06:21:13] new symbol SMCY — detector + movement_strike instantiated
[MOVE_SUB_C] [06:22:12] STATS ticks=317176 symbols=49 pos=no daily_pnl=+0 drops=0
[MOVE_SUB_C] [06:23:12] STATS ticks=320477 symbols=49 pos=no daily_pnl=+0 drops=0
[MOVE_SUB_C] [06:24:13] STATS ticks=324202 symbols=49 pos=no daily_pnl=+0 drops=0
[MOVE_SUB_C] [06:25:13] STATS ticks=328843 symbols=49 pos=no daily_pnl=+0 drops=0
[MOVE_SUB_C] [06:26:13] STATS ticks=332196 symbols=49 pos=no daily_pnl=+0 drops=0
[MOVE_SUB_C] [06:27:13] STATS ticks=333500 symbols=49 pos=no daily_pnl=+0 drops=0
[MOVE_SUB_C] [06:28:14] STATS ticks=336370 symbols=49 pos=no daily_pnl=+0 drops=0
[MOVE_SUB_C] [06:29:14] STATS ticks=339434 symbols=49 pos=no daily_pnl=+0 drops=0
[MOVE_SUB_C] [06:30:15] STATS ticks=341648 symbols=49 pos=no daily_pnl=+0 drops=0
[MOVE_SUB_C] [06:31:03] new symbol ONDL — detector + movement_strike instantiated
[MOVE_SUB_C] [06:31:15] STATS ticks=343129 symbols=50 pos=no daily_pnl=+0 drops=0
[MOVE_SUB_C] [06:32:15] STATS ticks=346820 symbols=50 pos=no daily_pnl=+0 drops=0
[MOVE_SUB_C] [06:33:15] STATS ticks=348641 symbols=50 pos=no daily_pnl=+0 drops=0
[MOVE_SUB_C] [06:34:16] STATS ticks=350055 symbols=50 pos=no daily_pnl=+0 drops=0
[MOVE_SUB_C] [06:35:16] STATS ticks=351705 symbols=50 pos=no daily_pnl=+0 drops=0
[MOVE_SUB_C] [06:36:16] STATS ticks=353387 symbols=50 pos=no daily_pnl=+0 drops=0
[MOVE_SUB_C] [06:37:16] STATS ticks=354457 symbols=50 pos=no daily_pnl=+0 drops=0
[MOVE_SUB_C] [06:38:17] STATS ticks=355337 symbols=50 pos=no daily_pnl=+0 drops=0
[MOVE_SUB_C] [06:39:17] STATS ticks=357264 symbols=50 pos=no daily_pnl=+0 drops=0
[MOVE_SUB_C] [06:40:18] STATS ticks=358759 symbols=50 pos=no daily_pnl=+0 drops=0
[MOVE_SUB_C] [06:41:18] STATS ticks=359528 symbols=50 pos=no daily_pnl=+0 drops=0
[MOVE_SUB_C] [06:42:18] STATS ticks=360710 symbols=50 pos=no daily_pnl=+0 drops=0
[MOVE_SUB_C] [06:43:19] STATS ticks=364068 symbols=50 pos=no daily_pnl=+0 drops=0
[MOVE_SUB_C] [06:44:19] STATS ticks=368355 symbols=50 pos=no daily_pnl=+0 drops=0
[MOVE_SUB_C] [06:45:19] STATS ticks=374648 symbols=50 pos=no daily_pnl=+0 drops=0
[MOVE_SUB_C] [06:46:19] STATS ticks=377877 symbols=50 pos=no daily_pnl=+0 drops=0
[MOVE_SUB_C] [06:47:20] STATS ticks=380850 symbols=50 pos=no daily_pnl=+0 drops=0
[MOVE_SUB_C] [06:48:20] STATS ticks=383804 symbols=50 pos=no daily_pnl=+0 drops=0
[MOVE_SUB_C] [06:49:21] STATS ticks=384947 symbols=50 pos=no daily_pnl=+0 drops=0
[MOVE_SUB_C] [06:50:21] STATS ticks=386471 symbols=50 pos=no daily_pnl=+0 drops=0
[MOVE_SUB_C] [06:51:21] STATS ticks=388021 symbols=50 pos=no daily_pnl=+0 drops=0
[MOVE_SUB_C] [06:52:21] STATS ticks=389211 symbols=50 pos=no daily_pnl=+0 drops=0
[MOVE_SUB_C] [06:53:22] STATS ticks=390461 symbols=50 pos=no daily_pnl=+0 drops=0
[MOVE_SUB_C] [06:54:22] STATS ticks=391549 symbols=50 pos=no daily_pnl=+0 drops=0
[MOVE_SUB_C] [06:55:22] STATS ticks=393101 symbols=50 pos=no daily_pnl=+0 drops=0
[MOVE_SUB_C] [06:55:48] new symbol WBX — detector + movement_strike instantiated
[MOVE_SUB_C] [06:56:23] STATS ticks=394442 symbols=51 pos=no daily_pnl=+0 drops=0
[MOVE_SUB_C] [06:57:23] STATS ticks=395817 symbols=51 pos=no daily_pnl=+0 drops=0
[MOVE_SUB_C] [06:58:23] STATS ticks=398458 symbols=51 pos=no daily_pnl=+0 drops=0
[MOVE_SUB_C] [06:59:24] STATS ticks=399843 symbols=51 pos=no daily_pnl=+0 drops=0
[MOVE_SUB_C] [07:00:04] new symbol CCHH — detector + movement_strike instantiated
[MOVE_SUB_C] [07:00:24] STATS ticks=402733 symbols=52 pos=no daily_pnl=+0 drops=0
[MOVE_SUB_C] [07:01:24] STATS ticks=409727 symbols=52 pos=no daily_pnl=+0 drops=0
[MOVE_SUB_C] [07:02:24] STATS ticks=412804 symbols=52 pos=no daily_pnl=+0 drops=0
[MOVE_SUB_C] [07:03:24] STATS ticks=415318 symbols=52 pos=no daily_pnl=+0 drops=0
[MOVE_SUB_C] [07:04:24] STATS ticks=418577 symbols=52 pos=no daily_pnl=+0 drops=0
[MOVE_SUB_C] [07:05:24] STATS ticks=420612 symbols=52 pos=no daily_pnl=+0 drops=0
[MOVE_SUB_C] [07:05:32] new symbol PPBT — detector + movement_strike instantiated
[MOVE_SUB_C] [07:05:38] new symbol AXTU — detector + movement_strike instantiated
[MOVE_SUB_C] [07:05:44] new symbol AMAU — detector + movement_strike instantiated
[MOVE_SUB_C] [07:06:17] new symbol SATG — detector + movement_strike instantiated
[MOVE_SUB_C] [07:06:24] STATS ticks=424382 symbols=56 pos=no daily_pnl=+0 drops=0
[MOVE_SUB_C] [07:07:24] STATS ticks=427337 symbols=56 pos=no daily_pnl=+0 drops=0
[MOVE_SUB_C] [07:08:24] STATS ticks=431013 symbols=56 pos=no daily_pnl=+0 drops=0
[MOVE_SUB_C] [07:09:24] STATS ticks=435726 symbols=56 pos=no daily_pnl=+0 drops=0
[MOVE_SUB_C] [07:10:25] STATS ticks=441834 symbols=56 pos=no daily_pnl=+0 drops=0
[MOVE_SUB_C] [07:11:25] STATS ticks=445845 symbols=56 pos=no daily_pnl=+0 drops=0
[MOVE_SUB_C] [07:12:25] STATS ticks=450926 symbols=56 pos=no daily_pnl=+0 drops=0
[MOVE_SUB_C] [07:13:25] STATS ticks=458709 symbols=56 pos=no daily_pnl=+0 drops=0
[MOVE_SUB_C] [07:14:25] STATS ticks=462542 symbols=56 pos=no daily_pnl=+0 drops=0
[MOVE_SUB_C] [07:15:25] STATS ticks=468315 symbols=56 pos=no daily_pnl=+0 drops=0
[MOVE_SUB_C] [07:16:15] new symbol EDHL — detector + movement_strike instantiated
[MOVE_SUB_C] [07:16:25] STATS ticks=473766 symbols=57 pos=no daily_pnl=+0 drops=0
[MOVE_SUB_C] [07:17:25] STATS ticks=479046 symbols=57 pos=no daily_pnl=+0 drops=0
[MOVE_SUB_C] [07:18:25] STATS ticks=483247 symbols=57 pos=no daily_pnl=+0 drops=0
[MOVE_SUB_C] [07:19:25] STATS ticks=488431 symbols=57 pos=no daily_pnl=+0 drops=0
[MOVE_SUB_C] [07:20:25] STATS ticks=492636 symbols=57 pos=no daily_pnl=+0 drops=0
[MOVE_SUB_C] [07:21:25] STATS ticks=495329 symbols=57 pos=no daily_pnl=+0 drops=0
[MOVE_SUB_C] [07:22:26] STATS ticks=497974 symbols=57 pos=no daily_pnl=+0 drops=0
[MOVE_SUB_C] [07:23:26] STATS ticks=501358 symbols=57 pos=no daily_pnl=+0 drops=0
[MOVE_SUB_C] [07:24:26] STATS ticks=503905 symbols=57 pos=no daily_pnl=+0 drops=0
[MOVE_SUB_C] [07:25:05] new symbol DTSS — detector + movement_strike instantiated
[MOVE_SUB_C] [07:25:26] STATS ticks=506077 symbols=58 pos=no daily_pnl=+0 drops=0
[MOVE_SUB_C] [07:26:26] STATS ticks=508067 symbols=58 pos=no daily_pnl=+0 drops=0
[MOVE_SUB_C] [07:27:26] STATS ticks=509829 symbols=58 pos=no daily_pnl=+0 drops=0
[MOVE_SUB_C] [07:28:27] STATS ticks=512015 symbols=58 pos=no daily_pnl=+0 drops=0
[MOVE_SUB_C] [07:29:27] STATS ticks=514176 symbols=58 pos=no daily_pnl=+0 drops=0
[MOVE_SUB_C] [07:30:27] STATS ticks=516699 symbols=58 pos=no daily_pnl=+0 drops=0
[MOVE_SUB_C] [07:31:27] STATS ticks=518318 symbols=58 pos=no daily_pnl=+0 drops=0
[MOVE_SUB_C] [07:31:58] new symbol QUCY — detector + movement_strike instantiated
[MOVE_SUB_C] [07:32:27] STATS ticks=520043 symbols=59 pos=no daily_pnl=+0 drops=0
[MOVE_SUB_C] [07:33:28] STATS ticks=521356 symbols=59 pos=no daily_pnl=+0 drops=0
[MOVE_SUB_C] [07:34:28] STATS ticks=522510 symbols=59 pos=no daily_pnl=+0 drops=0
[MOVE_SUB_C] [07:35:28] STATS ticks=523571 symbols=59 pos=no daily_pnl=+0 drops=0
[MOVE_SUB_C] [07:36:28] STATS ticks=524590 symbols=59 pos=no daily_pnl=+0 drops=0
[MOVE_SUB_C] [07:37:28] STATS ticks=525837 symbols=59 pos=no daily_pnl=+0 drops=0
[MOVE_SUB_C] [07:38:29] STATS ticks=527945 symbols=59 pos=no daily_pnl=+0 drops=0
[MOVE_SUB_C] [07:39:29] STATS ticks=530199 symbols=59 pos=no daily_pnl=+0 drops=0
[MOVE_SUB_C] [07:40:29] STATS ticks=531581 symbols=59 pos=no daily_pnl=+0 drops=0
[MOVE_SUB_C] [07:41:29] STATS ticks=533304 symbols=59 pos=no daily_pnl=+0 drops=0
[MOVE_SUB_C] [07:42:13] new symbol LICN — detector + movement_strike instantiated
[MOVE_SUB_C] [07:42:29] STATS ticks=535082 symbols=60 pos=no daily_pnl=+0 drops=0
[MOVE_SUB_C] [07:43:29] STATS ticks=536483 symbols=60 pos=no daily_pnl=+0 drops=0
[MOVE_SUB_C] [07:44:29] STATS ticks=537828 symbols=60 pos=no daily_pnl=+0 drops=0
[MOVE_SUB_C] [07:45:29] STATS ticks=539202 symbols=60 pos=no daily_pnl=+0 drops=0
[MOVE_SUB_C] [07:46:29] STATS ticks=540985 symbols=60 pos=no daily_pnl=+0 drops=0
[MOVE_SUB_C] [07:46:59] new symbol FRGT — detector + movement_strike instantiated
[MOVE_SUB_C] [07:47:30] STATS ticks=543633 symbols=61 pos=no daily_pnl=+0 drops=0
[MOVE_SUB_C] [07:48:30] STATS ticks=546342 symbols=61 pos=no daily_pnl=+0 drops=0
[MOVE_SUB_C] [07:49:30] STATS ticks=548222 symbols=61 pos=no daily_pnl=+0 drops=0
[MOVE_SUB_C] [07:50:30] STATS ticks=549518 symbols=61 pos=no daily_pnl=+0 drops=0
[MOVE_SUB_C] [07:51:30] STATS ticks=551518 symbols=61 pos=no daily_pnl=+0 drops=0
[MOVE_SUB_C] [07:52:00] new symbol MASK — detector + movement_strike instantiated
[MOVE_SUB_C] [07:52:30] STATS ticks=552823 symbols=62 pos=no daily_pnl=+0 drops=0
[MOVE_SUB_C] [07:52:36] new symbol VSA — detector + movement_strike instantiated
[MOVE_SUB_C] [07:53:31] STATS ticks=553984 symbols=63 pos=no daily_pnl=+0 drops=0
[MOVE_SUB_C] [07:54:31] STATS ticks=555921 symbols=63 pos=no daily_pnl=+0 drops=0
[MOVE_SUB_C] [07:55:31] STATS ticks=556740 symbols=63 pos=no daily_pnl=+0 drops=0
[MOVE_SUB_C] [07:56:31] STATS ticks=557779 symbols=63 pos=no daily_pnl=+0 drops=0
[MOVE_SUB_C] [07:57:31] STATS ticks=558861 symbols=63 pos=no daily_pnl=+0 drops=0
[MOVE_SUB_C] [07:58:31] STATS ticks=560151 symbols=63 pos=no daily_pnl=+0 drops=0
[MOVE_SUB_C] [07:59:32] STATS ticks=561323 symbols=63 pos=no daily_pnl=+0 drops=0
[MOVE_SUB_C] [08:00:32] STATS ticks=562686 symbols=63 pos=no daily_pnl=+0 drops=0
[MOVE_SUB_C] [08:01:32] STATS ticks=563594 symbols=63 pos=no daily_pnl=+0 drops=0
[MOVE_SUB_C] [08:01:57] new symbol FGL — detector + movement_strike instantiated
[MOVE_SUB_C] [08:02:17] new symbol DXC — detector + movement_strike instantiated
[MOVE_SUB_C] [08:02:32] STATS ticks=564857 symbols=65 pos=no daily_pnl=+0 drops=0
[MOVE_SUB_C] [08:03:32] STATS ticks=565981 symbols=65 pos=no daily_pnl=+0 drops=0
[MOVE_SUB_C] [08:04:32] STATS ticks=566765 symbols=65 pos=no daily_pnl=+0 drops=0
[MOVE_SUB_C] [08:05:33] STATS ticks=567657 symbols=65 pos=no daily_pnl=+0 drops=0
[MOVE_SUB_C] [08:06:33] STATS ticks=568588 symbols=65 pos=no daily_pnl=+0 drops=0
[MOVE_SUB_C] [08:07:00] new symbol VRA — detector + movement_strike instantiated
[MOVE_SUB_C] [08:07:11] new symbol CD — detector + movement_strike instantiated
[MOVE_SUB_C] [08:07:33] STATS ticks=570526 symbols=67 pos=no daily_pnl=+0 drops=0
[MOVE_SUB_C] [08:08:33] STATS ticks=573007 symbols=67 pos=no daily_pnl=+0 drops=0
[MOVE_SUB_C] [08:09:33] STATS ticks=575118 symbols=67 pos=no daily_pnl=+0 drops=0
[MOVE_SUB_C] [08:10:34] STATS ticks=576158 symbols=67 pos=no daily_pnl=+0 drops=0
[MOVE_SUB_C] [08:11:34] STATS ticks=577447 symbols=67 pos=no daily_pnl=+0 drops=0
[MOVE_SUB_C] [08:11:57] new symbol UBXG — detector + movement_strike instantiated
[MOVE_SUB_C] [08:12:34] STATS ticks=578911 symbols=68 pos=no daily_pnl=+0 drops=0
[MOVE_SUB_C] [08:12:36] new symbol UECG — detector + movement_strike instantiated
[MOVE_SUB_C] [08:13:34] STATS ticks=579924 symbols=69 pos=no daily_pnl=+0 drops=0
[MOVE_SUB_C] [08:14:34] STATS ticks=580900 symbols=69 pos=no daily_pnl=+0 drops=0
[MOVE_SUB_C] [08:15:34] STATS ticks=582089 symbols=69 pos=no daily_pnl=+0 drops=0
[MOVE_SUB_C] [08:16:35] STATS ticks=583083 symbols=69 pos=no daily_pnl=+0 drops=0
[MOVE_SUB_C] [08:17:35] STATS ticks=583993 symbols=69 pos=no daily_pnl=+0 drops=0
[MOVE_SUB_C] [08:18:35] STATS ticks=584865 symbols=69 pos=no daily_pnl=+0 drops=0
[MOVE_SUB_C] [08:19:35] STATS ticks=585659 symbols=69 pos=no daily_pnl=+0 drops=0
[MOVE_SUB_C] [08:20:35] STATS ticks=586649 symbols=69 pos=no daily_pnl=+0 drops=0
[MOVE_SUB_C] [08:21:36] STATS ticks=587719 symbols=69 pos=no daily_pnl=+0 drops=0
[MOVE_SUB_C] [08:22:36] STATS ticks=588913 symbols=69 pos=no daily_pnl=+0 drops=0
[MOVE_SUB_C] [08:23:36] STATS ticks=590207 symbols=69 pos=no daily_pnl=+0 drops=0
[MOVE_SUB_C] [08:24:36] STATS ticks=590985 symbols=69 pos=no daily_pnl=+0 drops=0
[MOVE_SUB_C] [08:25:36] STATS ticks=592327 symbols=69 pos=no daily_pnl=+0 drops=0
[MOVE_SUB_C] [08:26:36] STATS ticks=593414 symbols=69 pos=no daily_pnl=+0 drops=0
[MOVE_SUB_C] [08:27:36] STATS ticks=594305 symbols=69 pos=no daily_pnl=+0 drops=0
[MOVE_SUB_C] [08:28:37] STATS ticks=595206 symbols=69 pos=no daily_pnl=+0 drops=0
[MOVE_SUB_C] [08:29:37] STATS ticks=596368 symbols=69 pos=no daily_pnl=+0 drops=0
[MOVE_SUB_C] [08:30:37] STATS ticks=597866 symbols=69 pos=no daily_pnl=+0 drops=0
[MOVE_SUB_C] [08:31:37] STATS ticks=599661 symbols=69 pos=no daily_pnl=+0 drops=0
[MOVE_SUB_C] [08:32:20] new symbol NAKA — detector + movement_strike instantiated
[MOVE_SUB_C] [08:32:37] new symbol LASE — detector + movement_strike instantiated
[MOVE_SUB_C] [08:32:37] STATS ticks=601070 symbols=71 pos=no daily_pnl=+0 drops=0
[MOVE_SUB_C] [08:33:37] STATS ticks=602743 symbols=71 pos=no daily_pnl=+0 drops=0
[MOVE_SUB_C] [08:34:37] STATS ticks=604699 symbols=71 pos=no daily_pnl=+0 drops=0
[MOVE_SUB_C] [08:35:37] STATS ticks=606720 symbols=71 pos=no daily_pnl=+0 drops=0
[MOVE_SUB_C] [08:36:37] STATS ticks=611711 symbols=71 pos=no daily_pnl=+0 drops=0
[MOVE_SUB_C] [08:37:37] STATS ticks=617464 symbols=71 pos=no daily_pnl=+0 drops=0
[MOVE_SUB_C] [08:38:37] STATS ticks=621156 symbols=71 pos=no daily_pnl=+0 drops=0
[MOVE_SUB_C] [08:39:38] STATS ticks=624409 symbols=71 pos=no daily_pnl=+0 drops=0
[MOVE_SUB_C] [08:40:38] STATS ticks=627253 symbols=71 pos=no daily_pnl=+0 drops=0
[MOVE_SUB_C] [08:41:38] STATS ticks=630459 symbols=71 pos=no daily_pnl=+0 drops=0
[MOVE_SUB_C] [08:42:38] STATS ticks=631803 symbols=71 pos=no daily_pnl=+0 drops=0
[MOVE_SUB_C] [08:42:42] new symbol UUUG — detector + movement_strike instantiated
[MOVE_SUB_C] [08:42:45] new symbol DKI — detector + movement_strike instantiated
[MOVE_SUB_C] [08:43:38] STATS ticks=633835 symbols=73 pos=no daily_pnl=+0 drops=0
[MOVE_SUB_C] [08:44:38] STATS ticks=635604 symbols=73 pos=no daily_pnl=+0 drops=0
[MOVE_SUB_C] [08:45:39] STATS ticks=637419 symbols=73 pos=no daily_pnl=+0 drops=0
[MOVE_SUB_C] [08:46:39] STATS ticks=638798 symbols=73 pos=no daily_pnl=+0 drops=0
[MOVE_SUB_C] [08:47:24] new symbol WNW — detector + movement_strike instantiated
[MOVE_SUB_C] [08:47:39] STATS ticks=640133 symbols=74 pos=no daily_pnl=+0 drops=0
[MOVE_SUB_C] [08:48:39] STATS ticks=643724 symbols=74 pos=no daily_pnl=+0 drops=0
[MOVE_SUB_C] [08:49:39] STATS ticks=648475 symbols=74 pos=no daily_pnl=+0 drops=0
[MOVE_SUB_C] [08:50:40] STATS ticks=653278 symbols=74 pos=no daily_pnl=+0 drops=0
[MOVE_SUB_C] [08:51:40] STATS ticks=655814 symbols=74 pos=no daily_pnl=+0 drops=0
[MOVE_SUB_C] [08:52:27] new symbol DXST — detector + movement_strike instantiated
[MOVE_SUB_C] [08:52:40] STATS ticks=658428 symbols=75 pos=no daily_pnl=+0 drops=0
[MOVE_SUB_C] [08:53:40] STATS ticks=660627 symbols=75 pos=no daily_pnl=+0 drops=0
[MOVE_SUB_C] [08:54:40] STATS ticks=662380 symbols=75 pos=no daily_pnl=+0 drops=0
[MOVE_SUB_C] [08:55:41] STATS ticks=664589 symbols=75 pos=no daily_pnl=+0 drops=0
[MOVE_SUB_C] [08:56:41] STATS ticks=666084 symbols=75 pos=no daily_pnl=+0 drops=0
[MOVE_SUB_C] [08:57:41] STATS ticks=667812 symbols=75 pos=no daily_pnl=+0 drops=0
[MOVE_SUB_C] [08:58:41] STATS ticks=669747 symbols=75 pos=no daily_pnl=+0 drops=0
[MOVE_SUB_C] [08:59:41] STATS ticks=672402 symbols=75 pos=no daily_pnl=+0 drops=0
[MOVE_SUB_C] [09:00:41] STATS ticks=674475 symbols=75 pos=no daily_pnl=+0 drops=0
[MOVE_SUB_C] [09:01:42] STATS ticks=677187 symbols=75 pos=no daily_pnl=+0 drops=0
[MOVE_SUB_C] [09:02:34] new symbol RPGL — detector + movement_strike instantiated
[MOVE_SUB_C] [09:02:42] STATS ticks=679546 symbols=76 pos=no daily_pnl=+0 drops=0
[MOVE_SUB_C] [09:03:42] STATS ticks=681272 symbols=76 pos=no daily_pnl=+0 drops=0
[MOVE_SUB_C] [09:04:42] STATS ticks=682859 symbols=76 pos=no daily_pnl=+0 drops=0
[MOVE_SUB_C] [09:05:43] STATS ticks=684106 symbols=76 pos=no daily_pnl=+0 drops=0
[MOVE_SUB_C] [09:06:43] STATS ticks=685225 symbols=76 pos=no daily_pnl=+0 drops=0
[MOVE_SUB_C] [09:07:43] new symbol GLBS — detector + movement_strike instantiated
[MOVE_SUB_C] [09:07:43] STATS ticks=686462 symbols=77 pos=no daily_pnl=+0 drops=0
[MOVE_SUB_C] [09:08:43] STATS ticks=688920 symbols=77 pos=no daily_pnl=+0 drops=0
[MOVE_SUB_C] [09:09:43] STATS ticks=691931 symbols=77 pos=no daily_pnl=+0 drops=0
[MOVE_SUB_C] [09:10:43] STATS ticks=694691 symbols=77 pos=no daily_pnl=+0 drops=0
[MOVE_SUB_C] [09:11:43] STATS ticks=696692 symbols=77 pos=no daily_pnl=+0 drops=0
[MOVE_SUB_C] [09:12:44] STATS ticks=698511 symbols=77 pos=no daily_pnl=+0 drops=0
[MOVE_SUB_C] [09:13:44] STATS ticks=699875 symbols=77 pos=no daily_pnl=+0 drops=0
[MOVE_SUB_C] [09:14:44] STATS ticks=701178 symbols=77 pos=no daily_pnl=+0 drops=0
[MOVE_SUB_C] [09:15:44] STATS ticks=702521 symbols=77 pos=no daily_pnl=+0 drops=0
[MOVE_SUB_C] [09:16:44] STATS ticks=703721 symbols=77 pos=no daily_pnl=+0 drops=0
[MOVE_SUB_C] [09:17:44] STATS ticks=707587 symbols=77 pos=no daily_pnl=+0 drops=0
[MOVE_SUB_C] [09:18:44] STATS ticks=711259 symbols=77 pos=no daily_pnl=+0 drops=0
[MOVE_SUB_C] [09:19:44] STATS ticks=713719 symbols=77 pos=no daily_pnl=+0 drops=0
[MOVE_SUB_C] [09:20:44] STATS ticks=716136 symbols=77 pos=no daily_pnl=+0 drops=0
[MOVE_SUB_C] [09:21:45] STATS ticks=721624 symbols=77 pos=no daily_pnl=+0 drops=0
[MOVE_SUB_C] [09:22:45] STATS ticks=726900 symbols=77 pos=no daily_pnl=+0 drops=0
[MOVE_SUB_C] [09:23:45] STATS ticks=731103 symbols=77 pos=no daily_pnl=+0 drops=0
[MOVE_SUB_C] [09:24:46] STATS ticks=733233 symbols=77 pos=no daily_pnl=+0 drops=0
[MOVE_SUB_C] [09:25:46] STATS ticks=735066 symbols=77 pos=no daily_pnl=+0 drops=0
[MOVE_SUB_C] [09:26:46] STATS ticks=736816 symbols=77 pos=no daily_pnl=+0 drops=0
[MOVE_SUB_C] [09:27:26] new symbol FLYT — detector + movement_strike instantiated
[MOVE_SUB_C] [09:27:47] STATS ticks=738519 symbols=78 pos=no daily_pnl=+0 drops=0
[MOVE_SUB_C] [09:28:47] STATS ticks=740072 symbols=78 pos=no daily_pnl=+0 drops=0
[MOVE_SUB_C] [09:29:47] STATS ticks=742948 symbols=78 pos=no daily_pnl=+0 drops=0
[MOVE_SUB_C] [09:30:47] STATS ticks=750681 symbols=78 pos=no daily_pnl=+0 drops=0
[MOVE_SUB_C] [09:31:47] STATS ticks=775359 symbols=78 pos=no daily_pnl=+0 drops=0
[MOVE_SUB_C] [09:32:25] new symbol AIAI — detector + movement_strike instantiated
[MOVE_SUB_C] [09:32:42] new symbol DRVN — detector + movement_strike instantiated
[MOVE_SUB_C] [09:32:45] new symbol LZM — detector + movement_strike instantiated
[MOVE_SUB_C] [09:32:47] STATS ticks=803792 symbols=81 pos=no daily_pnl=+0 drops=0
[MOVE_SUB_C] [09:32:53] new symbol STAK — detector + movement_strike instantiated
[MOVE_SUB_C] [09:33:47] STATS ticks=828564 symbols=82 pos=no daily_pnl=+0 drops=0
[MOVE_SUB_C] [09:34:47] STATS ticks=849696 symbols=82 pos=no daily_pnl=+0 drops=0
[MOVE_SUB_C] [09:35:47] STATS ticks=863560 symbols=82 pos=no daily_pnl=+0 drops=0
[MOVE_SUB_C] [09:36:47] STATS ticks=875518 symbols=82 pos=no daily_pnl=+0 drops=0
[MOVE_SUB_C] [09:37:10] new symbol JZXN — detector + movement_strike instantiated
[MOVE_SUB_C] [09:37:16] new symbol HOFT — detector + movement_strike instantiated
[MOVE_SUB_C] [09:37:33] new symbol SFIX — detector + movement_strike instantiated
[MOVE_SUB_C] [09:37:47] STATS ticks=901277 symbols=85 pos=no daily_pnl=+0 drops=0
[MOVE_SUB_C] [09:37:50] new symbol BAK — detector + movement_strike instantiated
[MOVE_SUB_C] [09:38:48] STATS ticks=923079 symbols=86 pos=no daily_pnl=+0 drops=0
[MOVE_SUB_C] [09:39:48] STATS ticks=947726 symbols=86 pos=no daily_pnl=+0 drops=0
[MOVE_SUB_C] [09:40:48] STATS ticks=965273 symbols=86 pos=no daily_pnl=+0 drops=0
[MOVE_SUB_C] [09:41:48] STATS ticks=984038 symbols=86 pos=no daily_pnl=+0 drops=0
[MOVE_SUB_C] [09:42:22] new symbol OCG — detector + movement_strike instantiated
[MOVE_SUB_C] [09:42:25] new symbol INDP — detector + movement_strike instantiated
[MOVE_SUB_C] [09:42:48] STATS ticks=997518 symbols=88 pos=no daily_pnl=+0 drops=0
[MOVE_SUB_C] [09:43:48] STATS ticks=1030085 symbols=88 pos=no daily_pnl=+0 drops=0
[MOVE_SUB_C] [09:44:48] STATS ticks=1054403 symbols=88 pos=no daily_pnl=+0 drops=0
[MOVE_SUB_C] [09:45:48] STATS ticks=1070268 symbols=88 pos=no daily_pnl=+0 drops=0
[MOVE_SUB_C] [09:46:48] STATS ticks=1094974 symbols=88 pos=no daily_pnl=+0 drops=0
[MOVE_SUB_C] [09:47:48] STATS ticks=1107203 symbols=88 pos=no daily_pnl=+0 drops=0
[MOVE_SUB_C] [09:47:51] new symbol SPCE — detector + movement_strike instantiated
[MOVE_SUB_C] [09:48:49] STATS ticks=1120811 symbols=89 pos=no daily_pnl=+0 drops=0
[MOVE_SUB_C] [09:49:49] STATS ticks=1129853 symbols=89 pos=no daily_pnl=+0 drops=0
[MOVE_SUB_C] [09:50:43] new symbol VELO — detector + movement_strike instantiated
[MOVE_SUB_C] [09:50:47] new symbol NAVN — detector + movement_strike instantiated
[MOVE_SUB_C] [09:50:49] STATS ticks=1149457 symbols=91 pos=no daily_pnl=+0 drops=0
[MOVE_SUB_C] [09:50:57] new symbol UMAC — detector + movement_strike instantiated
[MOVE_SUB_C] [09:51:04] new symbol LUNR — detector + movement_strike instantiated
[MOVE_SUB_C] [09:51:06] new symbol SNXX — detector + movement_strike instantiated
[MOVE_SUB_C] [09:51:12] new symbol HIMX — detector + movement_strike instantiated
[MOVE_SUB_C] [09:51:16] new symbol AXTX — detector + movement_strike instantiated
[MOVE_SUB_C] [09:51:49] STATS ticks=1163950 symbols=96 pos=no daily_pnl=+0 drops=0
[MOVE_SUB_C] [09:52:42] new symbol GITS — detector + movement_strike instantiated
[MOVE_SUB_C] [09:52:49] STATS ticks=1170245 symbols=97 pos=no daily_pnl=+0 drops=0
[MOVE_SUB_C] [09:53:49] STATS ticks=1178743 symbols=97 pos=no daily_pnl=+0 drops=0
[MOVE_SUB_C] [09:54:49] STATS ticks=1185069 symbols=97 pos=no daily_pnl=+0 drops=0
[MOVE_SUB_C] [09:55:49] STATS ticks=1192553 symbols=97 pos=no daily_pnl=+0 drops=0
[MOVE_SUB_C] [09:56:49] STATS ticks=1201891 symbols=97 pos=no daily_pnl=+0 drops=0
[MOVE_SUB_C] [09:57:24] new symbol BESS — detector + movement_strike instantiated
[MOVE_SUB_C] [09:57:49] STATS ticks=1215532 symbols=98 pos=no daily_pnl=+0 drops=0
[MOVE_SUB_C] [09:57:52] new symbol HOUR — detector + movement_strike instantiated
[MOVE_SUB_C] [09:58:49] STATS ticks=1227165 symbols=99 pos=no daily_pnl=+0 drops=0
[MOVE_SUB_C] [09:59:49] STATS ticks=1244500 symbols=99 pos=no daily_pnl=+0 drops=0
[MOVE_SUB_C] [10:00:49] STATS ticks=1253266 symbols=99 pos=no daily_pnl=+0 drops=0
[MOVE_SUB_C] [10:01:49] STATS ticks=1259795 symbols=99 pos=no daily_pnl=+0 drops=0
[MOVE_SUB_C] [10:02:35] new symbol RGNT — detector + movement_strike instantiated
[MOVE_SUB_C] [10:02:44] new symbol BGDE — detector + movement_strike instantiated
[MOVE_SUB_C] [10:02:47] new symbol CPSH — detector + movement_strike instantiated
[MOVE_SUB_C] [10:02:50] STATS ticks=1267011 symbols=102 pos=no daily_pnl=+0 drops=0
[MOVE_SUB_C] [10:03:50] STATS ticks=1275582 symbols=102 pos=no daily_pnl=+0 drops=0
[MOVE_SUB_C] [10:04:50] STATS ticks=1281375 symbols=102 pos=no daily_pnl=+0 drops=0
[MOVE_SUB_C] [10:05:46] new symbol WCT — detector + movement_strike instantiated
[MOVE_SUB_C] [10:05:50] STATS ticks=1288775 symbols=103 pos=no daily_pnl=+0 drops=0
[MOVE_SUB_C] [10:06:02] new symbol CRMT — detector + movement_strike instantiated
[MOVE_SUB_C] [10:06:09] new symbol ASTI — detector + movement_strike instantiated
[MOVE_SUB_C] [10:06:23] new symbol IRE — detector + movement_strike instantiated
[MOVE_SUB_C] [10:06:50] STATS ticks=1296488 symbols=106 pos=no daily_pnl=+0 drops=0
[MOVE_SUB_C] [10:07:24] new symbol AMPG.RT.B — detector + movement_strike instantiated
[MOVE_SUB_C] [10:07:50] STATS ticks=1302982 symbols=107 pos=no daily_pnl=+0 drops=0
[MOVE_SUB_C] [10:08:50] STATS ticks=1306831 symbols=107 pos=no daily_pnl=+0 drops=0
[MOVE_SUB_C] [10:09:50] STATS ticks=1310816 symbols=107 pos=no daily_pnl=+0 drops=0
[MOVE_SUB_C] [10:10:50] STATS ticks=1316097 symbols=107 pos=no daily_pnl=+0 drops=0
[MOVE_SUB_C] [10:11:50] STATS ticks=1330668 symbols=107 pos=no daily_pnl=+0 drops=0
[MOVE_SUB_C] [10:12:50] STATS ticks=1342753 symbols=107 pos=no daily_pnl=+0 drops=0
[MOVE_SUB_C] [10:13:51] STATS ticks=1360105 symbols=107 pos=no daily_pnl=+0 drops=0
[MOVE_SUB_C] [10:14:51] STATS ticks=1376325 symbols=107 pos=no daily_pnl=+0 drops=0
[MOVE_SUB_C] [10:15:51] STATS ticks=1410990 symbols=107 pos=no daily_pnl=+0 drops=0
[MOVE_SUB_C] [10:16:51] STATS ticks=1427337 symbols=107 pos=no daily_pnl=+0 drops=0
[MOVE_SUB_C] [10:17:48] new symbol HTCO — detector + movement_strike instantiated
[MOVE_SUB_C] [10:17:51] STATS ticks=1438768 symbols=108 pos=no daily_pnl=+0 drops=0
[MOVE_SUB_C] [10:18:51] STATS ticks=1454353 symbols=108 pos=no daily_pnl=+0 drops=0
[MOVE_SUB_C] [10:19:51] STATS ticks=1465461 symbols=108 pos=no daily_pnl=+0 drops=0
[MOVE_SUB_C] [10:20:51] STATS ticks=1482331 symbols=108 pos=no daily_pnl=+0 drops=0
[MOVE_SUB_C] [10:21:03] new symbol SUPV — detector + movement_strike instantiated
[MOVE_SUB_C] [10:21:11] new symbol NRIX — detector + movement_strike instantiated
[MOVE_SUB_C] [10:21:22] new symbol CORD — detector + movement_strike instantiated
[MOVE_SUB_C] [10:21:26] new symbol PGEN — detector + movement_strike instantiated
[MOVE_SUB_C] [10:21:51] STATS ticks=1489757 symbols=112 pos=no daily_pnl=+0 drops=0
[MOVE_SUB_C] [10:22:17] new symbol AMPG.RT.A — detector + movement_strike instantiated
[MOVE_SUB_C] [10:22:51] STATS ticks=1496610 symbols=113 pos=no daily_pnl=+0 drops=0
[MOVE_SUB_C] [10:23:51] STATS ticks=1500932 symbols=113 pos=no daily_pnl=+0 drops=0
[MOVE_SUB_C] [10:24:51] STATS ticks=1505860 symbols=113 pos=no daily_pnl=+0 drops=0
[MOVE_SUB_C] [10:25:51] STATS ticks=1510627 symbols=113 pos=no daily_pnl=+0 drops=0
[MOVE_SUB_C] [10:26:51] STATS ticks=1514850 symbols=113 pos=no daily_pnl=+0 drops=0
[MOVE_SUB_C] [10:27:52] STATS ticks=1523546 symbols=113 pos=no daily_pnl=+0 drops=0
[MOVE_SUB_C] [10:28:52] STATS ticks=1531209 symbols=113 pos=no daily_pnl=+0 drops=0
[MOVE_SUB_C] [10:29:52] STATS ticks=1537860 symbols=113 pos=no daily_pnl=+0 drops=0
[MOVE_SUB_C] [10:30:52] STATS ticks=1543682 symbols=113 pos=no daily_pnl=+0 drops=0
[MOVE_SUB_C] [10:31:52] STATS ticks=1554743 symbols=113 pos=no daily_pnl=+0 drops=0
[MOVE_SUB_C] [10:32:46] new symbol ATXG — detector + movement_strike instantiated
[MOVE_SUB_C] [10:32:49] new symbol PN — detector + movement_strike instantiated
[MOVE_SUB_C] [10:32:52] STATS ticks=1568360 symbols=115 pos=no daily_pnl=+0 drops=0
[MOVE_SUB_C] [10:33:52] STATS ticks=1582343 symbols=115 pos=no daily_pnl=+0 drops=0
[MOVE_SUB_C] [10:34:52] STATS ticks=1593027 symbols=115 pos=no daily_pnl=+0 drops=0
[MOVE_SUB_C] [10:35:52] STATS ticks=1605057 symbols=115 pos=no daily_pnl=+0 drops=0
[MOVE_SUB_C] [10:35:56] new symbol AADX — detector + movement_strike instantiated
[MOVE_SUB_C] [10:36:02] new symbol PMAX — detector + movement_strike instantiated
[MOVE_SUB_C] [10:36:12] new symbol TEO — detector + movement_strike instantiated
[MOVE_SUB_C] [10:36:53] STATS ticks=1611219 symbols=118 pos=no daily_pnl=+0 drops=0
[MOVE_SUB_C] [10:37:53] STATS ticks=1615865 symbols=118 pos=no daily_pnl=+0 drops=0
[MOVE_SUB_C] [10:38:53] STATS ticks=1627548 symbols=118 pos=no daily_pnl=+0 drops=0
[MOVE_SUB_C] [10:39:53] STATS ticks=1632061 symbols=118 pos=no daily_pnl=+0 drops=0
[MOVE_SUB_C] [10:40:53] STATS ticks=1639377 symbols=118 pos=no daily_pnl=+0 drops=0
[MOVE_SUB_C] [10:41:53] STATS ticks=1646248 symbols=118 pos=no daily_pnl=+0 drops=0
[MOVE_SUB_C] [10:42:53] STATS ticks=1650738 symbols=118 pos=no daily_pnl=+0 drops=0
[MOVE_SUB_C] [10:42:58] new symbol SBFM — detector + movement_strike instantiated
[MOVE_SUB_C] [10:43:54] STATS ticks=1654984 symbols=119 pos=no daily_pnl=+0 drops=0
[MOVE_SUB_C] [10:44:54] STATS ticks=1664363 symbols=119 pos=no daily_pnl=+0 drops=0
[MOVE_SUB_C] [10:45:54] STATS ticks=1668930 symbols=119 pos=no daily_pnl=+0 drops=0
[MOVE_SUB_C] [10:46:54] STATS ticks=1680152 symbols=119 pos=no daily_pnl=+0 drops=0
[MOVE_SUB_C] [10:47:54] STATS ticks=1701869 symbols=119 pos=no daily_pnl=+0 drops=0
[MOVE_SUB_C] [10:48:54] STATS ticks=1710962 symbols=119 pos=no daily_pnl=+0 drops=0
[MOVE_SUB_C] [10:49:54] STATS ticks=1715239 symbols=119 pos=no daily_pnl=+0 drops=0
[MOVE_SUB_C] [10:50:55] STATS ticks=1719023 symbols=119 pos=no daily_pnl=+0 drops=0
[MOVE_SUB_C] [10:51:55] STATS ticks=1728099 symbols=119 pos=no daily_pnl=+0 drops=0
[MOVE_SUB_C] [10:52:55] STATS ticks=1732246 symbols=119 pos=no daily_pnl=+0 drops=0
[MOVE_SUB_C] [10:53:55] STATS ticks=1737409 symbols=119 pos=no daily_pnl=+0 drops=0
[MOVE_SUB_C] [10:54:55] STATS ticks=1743798 symbols=119 pos=no daily_pnl=+0 drops=0
[MOVE_SUB_C] [10:55:55] STATS ticks=1747570 symbols=119 pos=no daily_pnl=+0 drops=0
[MOVE_SUB_C] [10:56:55] STATS ticks=1750611 symbols=119 pos=no daily_pnl=+0 drops=0
[MOVE_SUB_C] [10:57:55] STATS ticks=1754070 symbols=119 pos=no daily_pnl=+0 drops=0
[MOVE_SUB_C] [10:58:55] STATS ticks=1759528 symbols=119 pos=no daily_pnl=+0 drops=0
[MOVE_SUB_C] [10:59:55] STATS ticks=1762846 symbols=119 pos=no daily_pnl=+0 drops=0
[MOVE_SUB_C] [11:00:55] STATS ticks=1768294 symbols=119 pos=no daily_pnl=+0 drops=0
[MOVE_SUB_C] [11:01:56] STATS ticks=1771972 symbols=119 pos=no daily_pnl=+0 drops=0
[MOVE_SUB_C] [11:02:56] STATS ticks=1777161 symbols=119 pos=no daily_pnl=+0 drops=0
[MOVE_SUB_C] [11:03:56] STATS ticks=1781890 symbols=119 pos=no daily_pnl=+0 drops=0
[MOVE_SUB_C] [11:04:56] STATS ticks=1785583 symbols=119 pos=no daily_pnl=+0 drops=0
[MOVE_SUB_C] [11:05:56] STATS ticks=1787764 symbols=119 pos=no daily_pnl=+0 drops=0
[MOVE_SUB_C] [11:06:56] STATS ticks=1790579 symbols=119 pos=no daily_pnl=+0 drops=0
[MOVE_SUB_C] [11:07:56] STATS ticks=1793717 symbols=119 pos=no daily_pnl=+0 drops=0
[MOVE_SUB_C] [11:08:56] STATS ticks=1796078 symbols=119 pos=no daily_pnl=+0 drops=0
[MOVE_SUB_C] [11:09:56] STATS ticks=1798338 symbols=119 pos=no daily_pnl=+0 drops=0
[MOVE_SUB_C] [11:10:56] STATS ticks=1800334 symbols=119 pos=no daily_pnl=+0 drops=0
[MOVE_SUB_C] [11:11:57] STATS ticks=1803642 symbols=119 pos=no daily_pnl=+0 drops=0
[MOVE_SUB_C] [11:12:57] STATS ticks=1806784 symbols=119 pos=no daily_pnl=+0 drops=0
[MOVE_SUB_C] [11:13:57] STATS ticks=1811996 symbols=119 pos=no daily_pnl=+0 drops=0
[MOVE_SUB_C] [11:14:57] STATS ticks=1814745 symbols=119 pos=no daily_pnl=+0 drops=0
[MOVE_SUB_C] [11:15:57] STATS ticks=1817872 symbols=119 pos=no daily_pnl=+0 drops=0
[MOVE_SUB_C] [11:16:58] STATS ticks=1821775 symbols=119 pos=no daily_pnl=+0 drops=0
[MOVE_SUB_C] [11:17:52] new symbol NYC — detector + movement_strike instantiated
[MOVE_SUB_C] [11:17:58] STATS ticks=1823715 symbols=120 pos=no daily_pnl=+0 drops=0
[MOVE_SUB_C] [11:18:58] STATS ticks=1825780 symbols=120 pos=no daily_pnl=+0 drops=0
[MOVE_SUB_C] [11:19:58] STATS ticks=1827825 symbols=120 pos=no daily_pnl=+0 drops=0
[MOVE_SUB_C] [11:20:58] STATS ticks=1830904 symbols=120 pos=no daily_pnl=+0 drops=0
[MOVE_SUB_C] [11:21:26] new symbol BBAR — detector + movement_strike instantiated
[MOVE_SUB_C] [11:21:58] STATS ticks=1836236 symbols=121 pos=no daily_pnl=+0 drops=0
[MOVE_SUB_C] [11:22:58] STATS ticks=1841328 symbols=121 pos=no daily_pnl=+0 drops=0
[MOVE_SUB_C] [11:23:59] STATS ticks=1844691 symbols=121 pos=no daily_pnl=+0 drops=0
[MOVE_SUB_C] [11:24:59] STATS ticks=1847110 symbols=121 pos=no daily_pnl=+0 drops=0
[MOVE_SUB_C] [11:25:59] STATS ticks=1849552 symbols=121 pos=no daily_pnl=+0 drops=0
[MOVE_SUB_C] [11:26:59] STATS ticks=1851474 symbols=121 pos=no daily_pnl=+0 drops=0
[MOVE_SUB_C] [11:27:59] STATS ticks=1853597 symbols=121 pos=no daily_pnl=+0 drops=0
[MOVE_SUB_C] [11:28:59] STATS ticks=1856568 symbols=121 pos=no daily_pnl=+0 drops=0
[MOVE_SUB_C] [11:29:59] STATS ticks=1859992 symbols=121 pos=no daily_pnl=+0 drops=0
[MOVE_SUB_C] [11:30:59] STATS ticks=1863566 symbols=121 pos=no daily_pnl=+0 drops=0
[MOVE_SUB_C] [11:31:59] STATS ticks=1866027 symbols=121 pos=no daily_pnl=+0 drops=0
[MOVE_SUB_C] [11:32:59] STATS ticks=1868070 symbols=121 pos=no daily_pnl=+0 drops=0
[MOVE_SUB_C] [11:34:00] STATS ticks=1870867 symbols=121 pos=no daily_pnl=+0 drops=0
[MOVE_SUB_C] [11:35:00] STATS ticks=1872496 symbols=121 pos=no daily_pnl=+0 drops=0
[MOVE_SUB_C] [11:36:00] STATS ticks=1874032 symbols=121 pos=no daily_pnl=+0 drops=0
[MOVE_SUB_C] [11:36:04] new symbol FABC — detector + movement_strike instantiated
[MOVE_SUB_C] [11:37:00] STATS ticks=1875584 symbols=122 pos=no daily_pnl=+0 drops=0
[MOVE_SUB_C] [11:38:00] STATS ticks=1877337 symbols=122 pos=no daily_pnl=+0 drops=0
[MOVE_SUB_C] [11:39:01] STATS ticks=1880554 symbols=122 pos=no daily_pnl=+0 drops=0
[MOVE_SUB_C] [11:40:01] STATS ticks=1882237 symbols=122 pos=no daily_pnl=+0 drops=0
[MOVE_SUB_C] [11:41:01] STATS ticks=1884468 symbols=122 pos=no daily_pnl=+0 drops=0
[MOVE_SUB_C] [11:42:01] STATS ticks=1886574 symbols=122 pos=no daily_pnl=+0 drops=0
[MOVE_SUB_C] [11:43:01] STATS ticks=1888571 symbols=122 pos=no daily_pnl=+0 drops=0
[MOVE_SUB_C] [11:44:01] STATS ticks=1889847 symbols=122 pos=no daily_pnl=+0 drops=0
[MOVE_SUB_C] [11:45:01] STATS ticks=1891051 symbols=122 pos=no daily_pnl=+0 drops=0
[MOVE_SUB_C] [11:46:01] STATS ticks=1893006 symbols=122 pos=no daily_pnl=+0 drops=0
[MOVE_SUB_C] [11:47:01] STATS ticks=1895899 symbols=122 pos=no daily_pnl=+0 drops=0
[MOVE_SUB_C] [11:47:56] new symbol ADIL — detector + movement_strike instantiated
[MOVE_SUB_C] [11:48:02] STATS ticks=1897993 symbols=123 pos=no daily_pnl=+0 drops=0
[MOVE_SUB_C] [11:49:02] STATS ticks=1899406 symbols=123 pos=no daily_pnl=+0 drops=0
[MOVE_SUB_C] [11:50:03] STATS ticks=1901412 symbols=123 pos=no daily_pnl=+0 drops=0
[MOVE_SUB_C] [11:51:03] STATS ticks=1902623 symbols=123 pos=no daily_pnl=+0 drops=0
[MOVE_SUB_C] [11:52:03] STATS ticks=1904264 symbols=123 pos=no daily_pnl=+0 drops=0
[MOVE_SUB_C] [11:53:03] STATS ticks=1905426 symbols=123 pos=no daily_pnl=+0 drops=0
[MOVE_SUB_C] [11:54:03] STATS ticks=1906917 symbols=123 pos=no daily_pnl=+0 drops=0
[MOVE_SUB_C] [11:55:03] STATS ticks=1907969 symbols=123 pos=no daily_pnl=+0 drops=0
[MOVE_SUB_C] [11:56:04] STATS ticks=1909418 symbols=123 pos=no daily_pnl=+0 drops=0
[MOVE_SUB_C] [11:57:04] STATS ticks=1912095 symbols=123 pos=no daily_pnl=+0 drops=0
[MOVE_SUB_C] [11:57:14] new symbol GELS — detector + movement_strike instantiated
[MOVE_SUB_C] [11:58:04] STATS ticks=1913497 symbols=124 pos=no daily_pnl=+0 drops=0
[MOVE_SUB_C] [11:58:05] new symbol RFL — detector + movement_strike instantiated
[MOVE_SUB_C] [11:59:04] STATS ticks=1915129 symbols=125 pos=no daily_pnl=+0 drops=0
[MOVE_SUB_C] [12:00:04] STATS ticks=1916224 symbols=125 pos=no daily_pnl=+0 drops=0
[MOVE_SUB_C] [12:01:04] STATS ticks=1917422 symbols=125 pos=no daily_pnl=+0 drops=0
[MOVE_SUB_C] [12:02:04] STATS ticks=1918628 symbols=125 pos=no daily_pnl=+0 drops=0
[MOVE_SUB_C] [12:03:04] STATS ticks=1920024 symbols=125 pos=no daily_pnl=+0 drops=0
[MOVE_SUB_C] [12:04:04] STATS ticks=1922063 symbols=125 pos=no daily_pnl=+0 drops=0
[MOVE_SUB_C] [12:05:04] STATS ticks=1923995 symbols=125 pos=no daily_pnl=+0 drops=0
[MOVE_SUB_C] [12:06:05] STATS ticks=1925450 symbols=125 pos=no daily_pnl=+0 drops=0
[MOVE_SUB_C] [12:07:05] STATS ticks=1927260 symbols=125 pos=no daily_pnl=+0 drops=0
[MOVE_SUB_C] [12:08:05] STATS ticks=1931943 symbols=125 pos=no daily_pnl=+0 drops=0
[MOVE_SUB_C] [12:09:05] STATS ticks=1935607 symbols=125 pos=no daily_pnl=+0 drops=0
[MOVE_SUB_C] [12:10:05] STATS ticks=1939090 symbols=125 pos=no daily_pnl=+0 drops=0
[MOVE_SUB_C] [12:11:05] STATS ticks=1941186 symbols=125 pos=no daily_pnl=+0 drops=0
[MOVE_SUB_C] [12:12:05] STATS ticks=1943833 symbols=125 pos=no daily_pnl=+0 drops=0
[MOVE_SUB_C] [12:13:06] STATS ticks=1947672 symbols=125 pos=no daily_pnl=+0 drops=0
[MOVE_SUB_C] [12:14:06] STATS ticks=1949724 symbols=125 pos=no daily_pnl=+0 drops=0
[MOVE_SUB_C] [12:15:06] STATS ticks=1951194 symbols=125 pos=no daily_pnl=+0 drops=0
[MOVE_SUB_C] [12:16:06] STATS ticks=1952836 symbols=125 pos=no daily_pnl=+0 drops=0
[MOVE_SUB_C] [12:17:06] STATS ticks=1954618 symbols=125 pos=no daily_pnl=+0 drops=0
[MOVE_SUB_C] [12:18:06] STATS ticks=1955904 symbols=125 pos=no daily_pnl=+0 drops=0
[MOVE_SUB_C] [12:19:06] STATS ticks=1956964 symbols=125 pos=no daily_pnl=+0 drops=0
[MOVE_SUB_C] [12:20:07] STATS ticks=1958132 symbols=125 pos=no daily_pnl=+0 drops=0
[MOVE_SUB_C] [12:21:07] STATS ticks=1958991 symbols=125 pos=no daily_pnl=+0 drops=0
[MOVE_SUB_C] [12:21:12] new symbol XOS — detector + movement_strike instantiated
[MOVE_SUB_C] [12:22:07] STATS ticks=1959772 symbols=126 pos=no daily_pnl=+0 drops=0
[MOVE_SUB_C] [12:23:01] new symbol EDSA — detector + movement_strike instantiated
[MOVE_SUB_C] [12:23:07] STATS ticks=1960733 symbols=127 pos=no daily_pnl=+0 drops=0
[MOVE_SUB_C] [12:24:07] STATS ticks=1962793 symbols=127 pos=no daily_pnl=+0 drops=0
[MOVE_SUB_C] [12:25:07] STATS ticks=1968429 symbols=127 pos=no daily_pnl=+0 drops=0
[MOVE_SUB_C] [12:26:07] STATS ticks=1975752 symbols=127 pos=no daily_pnl=+0 drops=0
[MOVE_SUB_C] [12:27:08] STATS ticks=1978604 symbols=127 pos=no daily_pnl=+0 drops=0
[MOVE_SUB_C] [12:28:08] STATS ticks=1980082 symbols=127 pos=no daily_pnl=+0 drops=0
[MOVE_SUB_C] [12:29:08] STATS ticks=1981363 symbols=127 pos=no daily_pnl=+0 drops=0
[MOVE_SUB_C] [12:30:08] STATS ticks=1982664 symbols=127 pos=no daily_pnl=+0 drops=0
[MOVE_SUB_C] [12:31:09] STATS ticks=1983990 symbols=127 pos=no daily_pnl=+0 drops=0
[MOVE_SUB_C] [12:32:09] STATS ticks=1985228 symbols=127 pos=no daily_pnl=+0 drops=0
[MOVE_SUB_C] [12:32:56] new symbol CPNX — detector + movement_strike instantiated
[MOVE_SUB_C] [12:33:07] new symbol CTW — detector + movement_strike instantiated
[MOVE_SUB_C] [12:33:09] STATS ticks=1986595 symbols=129 pos=no daily_pnl=+0 drops=0
[MOVE_SUB_C] [12:34:09] STATS ticks=1988299 symbols=129 pos=no daily_pnl=+0 drops=0
[MOVE_SUB_C] [12:35:10] STATS ticks=1989886 symbols=129 pos=no daily_pnl=+0 drops=0
[MOVE_SUB_C] [12:36:10] STATS ticks=1991437 symbols=129 pos=no daily_pnl=+0 drops=0
[MOVE_SUB_C] [12:36:27] new symbol SPIR — detector + movement_strike instantiated
[MOVE_SUB_C] [12:37:10] STATS ticks=1993087 symbols=130 pos=no daily_pnl=+0 drops=0
[MOVE_SUB_C] [12:38:10] STATS ticks=1994186 symbols=130 pos=no daily_pnl=+0 drops=0
[MOVE_SUB_C] [12:39:10] STATS ticks=1995173 symbols=130 pos=no daily_pnl=+0 drops=0
[MOVE_SUB_C] [12:40:11] STATS ticks=1995749 symbols=130 pos=no daily_pnl=+0 drops=0
[MOVE_SUB_C] [12:41:11] STATS ticks=1997194 symbols=130 pos=no daily_pnl=+0 drops=0
[MOVE_SUB_C] [12:42:11] STATS ticks=1998150 symbols=130 pos=no daily_pnl=+0 drops=0
[MOVE_SUB_C] [12:43:11] STATS ticks=1999009 symbols=130 pos=no daily_pnl=+0 drops=0
[MOVE_SUB_C] [12:44:11] STATS ticks=1999924 symbols=130 pos=no daily_pnl=+0 drops=0
[MOVE_SUB_C] [12:45:11] STATS ticks=2000750 symbols=130 pos=no daily_pnl=+0 drops=0
[MOVE_SUB_C] [12:46:12] STATS ticks=2002418 symbols=130 pos=no daily_pnl=+0 drops=0
[MOVE_SUB_C] [12:47:12] STATS ticks=2004073 symbols=130 pos=no daily_pnl=+0 drops=0
[MOVE_SUB_C] [12:48:12] STATS ticks=2005502 symbols=130 pos=no daily_pnl=+0 drops=0
[MOVE_SUB_C] [12:49:12] STATS ticks=2006367 symbols=130 pos=no daily_pnl=+0 drops=0
[MOVE_SUB_C] [12:50:12] STATS ticks=2007294 symbols=130 pos=no daily_pnl=+0 drops=0
[MOVE_SUB_C] [12:51:12] STATS ticks=2009179 symbols=130 pos=no daily_pnl=+0 drops=0
[MOVE_SUB_C] [12:52:12] STATS ticks=2010401 symbols=130 pos=no daily_pnl=+0 drops=0
[MOVE_SUB_C] [12:53:05] new symbol SXTC — detector + movement_strike instantiated
[MOVE_SUB_C] [12:53:13] STATS ticks=2011296 symbols=131 pos=no daily_pnl=+0 drops=0
[MOVE_SUB_C] [12:54:13] STATS ticks=2011924 symbols=131 pos=no daily_pnl=+0 drops=0
[MOVE_SUB_C] [12:55:13] STATS ticks=2012464 symbols=131 pos=no daily_pnl=+0 drops=0
[MOVE_SUB_C] [12:56:13] STATS ticks=2012843 symbols=131 pos=no daily_pnl=+0 drops=0
[MOVE_SUB_C] [12:57:14] STATS ticks=2013615 symbols=131 pos=no daily_pnl=+0 drops=0
[MOVE_SUB_C] [12:58:14] STATS ticks=2014229 symbols=131 pos=no daily_pnl=+0 drops=0
[MOVE_SUB_C] [12:59:15] STATS ticks=2014860 symbols=131 pos=no daily_pnl=+0 drops=0
[MOVE_SUB_C] [13:00:15] STATS ticks=2015426 symbols=131 pos=no daily_pnl=+0 drops=0
[MOVE_SUB_C] [13:01:16] STATS ticks=2016147 symbols=131 pos=no daily_pnl=+0 drops=0
[MOVE_SUB_C] [13:02:16] STATS ticks=2016852 symbols=131 pos=no daily_pnl=+0 drops=0
[MOVE_SUB_C] [13:03:16] STATS ticks=2017813 symbols=131 pos=no daily_pnl=+0 drops=0
[MOVE_SUB_C] [13:04:16] STATS ticks=2018675 symbols=131 pos=no daily_pnl=+0 drops=0
[MOVE_SUB_C] [13:05:17] STATS ticks=2019840 symbols=131 pos=no daily_pnl=+0 drops=0
[MOVE_SUB_C] [13:06:17] STATS ticks=2020556 symbols=131 pos=no daily_pnl=+0 drops=0
[MOVE_SUB_C] [13:07:17] STATS ticks=2021116 symbols=131 pos=no daily_pnl=+0 drops=0
[MOVE_SUB_C] [13:08:18] STATS ticks=2021905 symbols=131 pos=no daily_pnl=+0 drops=0
[MOVE_SUB_C] [13:09:18] STATS ticks=2022386 symbols=131 pos=no daily_pnl=+0 drops=0
[MOVE_SUB_C] [13:10:18] STATS ticks=2022867 symbols=131 pos=no daily_pnl=+0 drops=0
[MOVE_SUB_C] [13:11:18] STATS ticks=2023409 symbols=131 pos=no daily_pnl=+0 drops=0
[MOVE_SUB_C] [13:12:19] STATS ticks=2024141 symbols=131 pos=no daily_pnl=+0 drops=0
[MOVE_SUB_C] [13:13:20] STATS ticks=2025920 symbols=131 pos=no daily_pnl=+0 drops=0
[MOVE_SUB_C] [13:14:20] STATS ticks=2026857 symbols=131 pos=no daily_pnl=+0 drops=0
[MOVE_SUB_C] [13:15:20] STATS ticks=2027845 symbols=131 pos=no daily_pnl=+0 drops=0
[MOVE_SUB_C] [13:16:21] STATS ticks=2028557 symbols=131 pos=no daily_pnl=+0 drops=0
[MOVE_SUB_C] [13:17:21] STATS ticks=2029115 symbols=131 pos=no daily_pnl=+0 drops=0
[MOVE_SUB_C] [13:18:22] STATS ticks=2029590 symbols=131 pos=no daily_pnl=+0 drops=0
[MOVE_SUB_C] [13:19:22] STATS ticks=2030064 symbols=131 pos=no daily_pnl=+0 drops=0
[MOVE_SUB_C] [13:20:23] STATS ticks=2030560 symbols=131 pos=no daily_pnl=+0 drops=0
[MOVE_SUB_C] [13:21:23] STATS ticks=2031136 symbols=131 pos=no daily_pnl=+0 drops=0
[MOVE_SUB_C] [13:21:33] new symbol NUAI — detector + movement_strike instantiated
[MOVE_SUB_C] [13:22:23] STATS ticks=2031706 symbols=132 pos=no daily_pnl=+0 drops=0
[MOVE_SUB_C] [13:23:24] STATS ticks=2032871 symbols=132 pos=no daily_pnl=+0 drops=0
[MOVE_SUB_C] [13:24:24] STATS ticks=2033978 symbols=132 pos=no daily_pnl=+0 drops=0
[MOVE_SUB_C] [13:25:24] STATS ticks=2035009 symbols=132 pos=no daily_pnl=+0 drops=0
[MOVE_SUB_C] [13:26:24] STATS ticks=2036076 symbols=132 pos=no daily_pnl=+0 drops=0
[MOVE_SUB_C] [13:27:24] STATS ticks=2036856 symbols=132 pos=no daily_pnl=+0 drops=0
[MOVE_SUB_C] [13:28:24] STATS ticks=2037502 symbols=132 pos=no daily_pnl=+0 drops=0
[MOVE_SUB_C] [13:29:25] STATS ticks=2037993 symbols=132 pos=no daily_pnl=+0 drops=0
[MOVE_SUB_C] [13:30:25] STATS ticks=2039046 symbols=132 pos=no daily_pnl=+0 drops=0
[MOVE_SUB_C] [13:31:25] STATS ticks=2039782 symbols=132 pos=no daily_pnl=+0 drops=0
[MOVE_SUB_C] [13:32:26] STATS ticks=2040327 symbols=132 pos=no daily_pnl=+0 drops=0
[MOVE_SUB_C] [13:33:08] new symbol GOAI — detector + movement_strike instantiated
[MOVE_SUB_C] [13:33:26] STATS ticks=2041173 symbols=133 pos=no daily_pnl=+0 drops=0
[MOVE_SUB_C] [13:34:26] STATS ticks=2041774 symbols=133 pos=no daily_pnl=+0 drops=0
[MOVE_SUB_C] [13:35:27] STATS ticks=2042323 symbols=133 pos=no daily_pnl=+0 drops=0
[MOVE_SUB_C] [13:36:17] new symbol PLU — detector + movement_strike instantiated
[MOVE_SUB_C] [13:36:27] STATS ticks=2043046 symbols=134 pos=no daily_pnl=+0 drops=0
[MOVE_SUB_C] [13:37:28] STATS ticks=2043877 symbols=134 pos=no daily_pnl=+0 drops=0
[MOVE_SUB_C] [13:38:28] STATS ticks=2045169 symbols=134 pos=no daily_pnl=+0 drops=0
[MOVE_SUB_C] [13:39:28] STATS ticks=2048259 symbols=134 pos=no daily_pnl=+0 drops=0
[MOVE_SUB_C] [13:40:28] STATS ticks=2051112 symbols=134 pos=no daily_pnl=+0 drops=0
[MOVE_SUB_C] [13:41:28] STATS ticks=2054997 symbols=134 pos=no daily_pnl=+0 drops=0
[MOVE_SUB_C] [13:42:28] STATS ticks=2058194 symbols=134 pos=no daily_pnl=+0 drops=0
[MOVE_SUB_C] [13:43:28] STATS ticks=2060254 symbols=134 pos=no daily_pnl=+0 drops=0
[MOVE_SUB_C] [13:44:28] STATS ticks=2062201 symbols=134 pos=no daily_pnl=+0 drops=0
[MOVE_SUB_C] [13:45:29] STATS ticks=2064398 symbols=134 pos=no daily_pnl=+0 drops=0
[MOVE_SUB_C] [13:46:29] STATS ticks=2066161 symbols=134 pos=no daily_pnl=+0 drops=0
[MOVE_SUB_C] [13:47:29] STATS ticks=2067371 symbols=134 pos=no daily_pnl=+0 drops=0
[MOVE_SUB_C] [13:48:14] new symbol PCSA — detector + movement_strike instantiated
[MOVE_SUB_C] [13:48:29] STATS ticks=2070428 symbols=135 pos=no daily_pnl=+0 drops=0
[MOVE_SUB_C] [13:49:29] STATS ticks=2071522 symbols=135 pos=no daily_pnl=+0 drops=0
[MOVE_SUB_C] [13:50:30] STATS ticks=2072644 symbols=135 pos=no daily_pnl=+0 drops=0
[MOVE_SUB_C] [13:51:30] new symbol GLXU — detector + movement_strike instantiated
[MOVE_SUB_C] [13:51:30] STATS ticks=2074681 symbols=136 pos=no daily_pnl=+0 drops=0
[MOVE_SUB_C] [13:52:31] STATS ticks=2075560 symbols=136 pos=no daily_pnl=+0 drops=0
[MOVE_SUB_C] [13:53:31] STATS ticks=2076550 symbols=136 pos=no daily_pnl=+0 drops=0
[MOVE_SUB_C] [13:54:31] STATS ticks=2077325 symbols=136 pos=no daily_pnl=+0 drops=0
[MOVE_SUB_C] [13:55:31] STATS ticks=2077872 symbols=136 pos=no daily_pnl=+0 drops=0
[MOVE_SUB_C] [13:56:31] STATS ticks=2078529 symbols=136 pos=no daily_pnl=+0 drops=0
[MOVE_SUB_C] [13:57:31] STATS ticks=2079179 symbols=136 pos=no daily_pnl=+0 drops=0
[MOVE_SUB_C] [13:58:33] STATS ticks=2079917 symbols=136 pos=no daily_pnl=+0 drops=0
[MOVE_SUB_C] [13:59:33] STATS ticks=2080951 symbols=136 pos=no daily_pnl=+0 drops=0
[MOVE_SUB_C] [14:00:33] STATS ticks=2081921 symbols=136 pos=no daily_pnl=+0 drops=0
[MOVE_SUB_C] [14:01:33] STATS ticks=2082548 symbols=136 pos=no daily_pnl=+0 drops=0
[MOVE_SUB_C] [14:02:34] STATS ticks=2083119 symbols=136 pos=no daily_pnl=+0 drops=0
[MOVE_SUB_C] [14:03:34] STATS ticks=2083773 symbols=136 pos=no daily_pnl=+0 drops=0
[MOVE_SUB_C] [14:04:34] STATS ticks=2084524 symbols=136 pos=no daily_pnl=+0 drops=0
[MOVE_SUB_C] [14:05:34] STATS ticks=2085469 symbols=136 pos=no daily_pnl=+0 drops=0
[MOVE_SUB_C] [14:06:34] STATS ticks=2086903 symbols=136 pos=no daily_pnl=+0 drops=0
[MOVE_SUB_C] [14:07:34] STATS ticks=2088963 symbols=136 pos=no daily_pnl=+0 drops=0
[MOVE_SUB_C] [14:08:34] STATS ticks=2090358 symbols=136 pos=no daily_pnl=+0 drops=0
[MOVE_SUB_C] [14:09:34] STATS ticks=2091700 symbols=136 pos=no daily_pnl=+0 drops=0
[MOVE_SUB_C] [14:10:35] STATS ticks=2093464 symbols=136 pos=no daily_pnl=+0 drops=0
[MOVE_SUB_C] [14:11:35] STATS ticks=2096338 symbols=136 pos=no daily_pnl=+0 drops=0
[MOVE_SUB_C] [14:12:36] STATS ticks=2099632 symbols=136 pos=no daily_pnl=+0 drops=0
[MOVE_SUB_C] [14:13:36] STATS ticks=2101624 symbols=136 pos=no daily_pnl=+0 drops=0
[MOVE_SUB_C] [14:14:37] STATS ticks=2103253 symbols=136 pos=no daily_pnl=+0 drops=0
[MOVE_SUB_C] [14:15:37] STATS ticks=2105353 symbols=136 pos=no daily_pnl=+0 drops=0
[MOVE_SUB_C] [14:16:37] STATS ticks=2107360 symbols=136 pos=no daily_pnl=+0 drops=0
[MOVE_SUB_C] [14:17:37] STATS ticks=2109434 symbols=136 pos=no daily_pnl=+0 drops=0
[MOVE_SUB_C] [14:18:37] STATS ticks=2111170 symbols=136 pos=no daily_pnl=+0 drops=0
[MOVE_SUB_C] [14:19:38] STATS ticks=2112283 symbols=136 pos=no daily_pnl=+0 drops=0
[MOVE_SUB_C] [14:20:38] STATS ticks=2113599 symbols=136 pos=no daily_pnl=+0 drops=0
[MOVE_SUB_C] [14:21:32] new symbol ASTC — detector + movement_strike instantiated
[MOVE_SUB_C] [14:21:34] new symbol SPKL — detector + movement_strike instantiated
[MOVE_SUB_C] [14:21:38] STATS ticks=2114678 symbols=138 pos=no daily_pnl=+0 drops=0
[MOVE_SUB_C] [14:22:38] STATS ticks=2115763 symbols=138 pos=no daily_pnl=+0 drops=0
[MOVE_SUB_C] [14:23:38] STATS ticks=2118060 symbols=138 pos=no daily_pnl=+0 drops=0
[MOVE_SUB_C] [14:24:39] STATS ticks=2119345 symbols=138 pos=no daily_pnl=+0 drops=0
[MOVE_SUB_C] [14:25:39] STATS ticks=2121221 symbols=138 pos=no daily_pnl=+0 drops=0
[MOVE_SUB_C] [14:26:39] STATS ticks=2122547 symbols=138 pos=no daily_pnl=+0 drops=0
[MOVE_SUB_C] [14:27:40] STATS ticks=2123783 symbols=138 pos=no daily_pnl=+0 drops=0
[MOVE_SUB_C] [14:28:40] STATS ticks=2124683 symbols=138 pos=no daily_pnl=+0 drops=0
[MOVE_SUB_C] [14:29:40] STATS ticks=2125255 symbols=138 pos=no daily_pnl=+0 drops=0
[MOVE_SUB_C] [14:30:40] STATS ticks=2126072 symbols=138 pos=no daily_pnl=+0 drops=0
[MOVE_SUB_C] [14:31:41] STATS ticks=2126797 symbols=138 pos=no daily_pnl=+0 drops=0
[MOVE_SUB_C] [14:32:41] STATS ticks=2128744 symbols=138 pos=no daily_pnl=+0 drops=0
[MOVE_SUB_C] [14:33:41] STATS ticks=2129948 symbols=138 pos=no daily_pnl=+0 drops=0
[MOVE_SUB_C] [14:34:41] STATS ticks=2132689 symbols=138 pos=no daily_pnl=+0 drops=0
[MOVE_SUB_C] [14:35:42] STATS ticks=2135361 symbols=138 pos=no daily_pnl=+0 drops=0
[MOVE_SUB_C] [14:36:42] STATS ticks=2137820 symbols=138 pos=no daily_pnl=+0 drops=0
[MOVE_SUB_C] [14:37:43] STATS ticks=2139288 symbols=138 pos=no daily_pnl=+0 drops=0
[MOVE_SUB_C] [14:38:43] STATS ticks=2140578 symbols=138 pos=no daily_pnl=+0 drops=0
[MOVE_SUB_C] [14:39:43] STATS ticks=2141782 symbols=138 pos=no daily_pnl=+0 drops=0
[MOVE_SUB_C] [14:40:43] STATS ticks=2142642 symbols=138 pos=no daily_pnl=+0 drops=0
[MOVE_SUB_C] [14:41:43] STATS ticks=2143497 symbols=138 pos=no daily_pnl=+0 drops=0
[MOVE_SUB_C] [14:42:44] STATS ticks=2145189 symbols=138 pos=no daily_pnl=+0 drops=0
[MOVE_SUB_C] [14:43:44] STATS ticks=2146354 symbols=138 pos=no daily_pnl=+0 drops=0
[MOVE_SUB_C] [14:44:44] STATS ticks=2147418 symbols=138 pos=no daily_pnl=+0 drops=0
[MOVE_SUB_C] [14:45:44] STATS ticks=2149177 symbols=138 pos=no daily_pnl=+0 drops=0
[MOVE_SUB_C] [14:46:45] STATS ticks=2150609 symbols=138 pos=no daily_pnl=+0 drops=0
[MOVE_SUB_C] [14:47:45] STATS ticks=2151473 symbols=138 pos=no daily_pnl=+0 drops=0
[MOVE_SUB_C] [14:48:45] STATS ticks=2152085 symbols=138 pos=no daily_pnl=+0 drops=0
[MOVE_SUB_C] [14:49:45] STATS ticks=2153510 symbols=138 pos=no daily_pnl=+0 drops=0
[MOVE_SUB_C] [14:50:45] STATS ticks=2155132 symbols=138 pos=no daily_pnl=+0 drops=0
[MOVE_SUB_C] [14:51:45] STATS ticks=2156252 symbols=138 pos=no daily_pnl=+0 drops=0
[MOVE_SUB_C] [14:52:46] STATS ticks=2157594 symbols=138 pos=no daily_pnl=+0 drops=0
[MOVE_SUB_C] [14:53:46] STATS ticks=2158486 symbols=138 pos=no daily_pnl=+0 drops=0
[MOVE_SUB_C] [14:54:46] STATS ticks=2159426 symbols=138 pos=no daily_pnl=+0 drops=0
[MOVE_SUB_C] [14:55:47] STATS ticks=2160089 symbols=138 pos=no daily_pnl=+0 drops=0
[MOVE_SUB_C] [14:56:47] STATS ticks=2160807 symbols=138 pos=no daily_pnl=+0 drops=0
[MOVE_SUB_C] [14:57:47] STATS ticks=2161856 symbols=138 pos=no daily_pnl=+0 drops=0
[MOVE_SUB_C] [14:58:47] STATS ticks=2163250 symbols=138 pos=no daily_pnl=+0 drops=0
[MOVE_SUB_C] [14:59:47] STATS ticks=2164576 symbols=138 pos=no daily_pnl=+0 drops=0
[MOVE_SUB_C] [15:00:47] STATS ticks=2165529 symbols=138 pos=no daily_pnl=+0 drops=0
[MOVE_SUB_C] [15:01:47] STATS ticks=2168071 symbols=138 pos=no daily_pnl=+0 drops=0
[MOVE_SUB_C] [15:02:48] STATS ticks=2170836 symbols=138 pos=no daily_pnl=+0 drops=0
[MOVE_SUB_C] [15:03:48] STATS ticks=2174814 symbols=138 pos=no daily_pnl=+0 drops=0
