Wrote: /Users/duffy/warrior_bot_v2/cowork_reports/2026-09-23_abc_daily_report.md
# A/B/C Daily Report — 2026-09-23

Per `cowork_reports/2026-05-23_live_abc_fade_gate_test_directive.md`.

## Account / log snapshot

| Variant | Label | Equity | Day P&L | Day orders (buy/total) | Log entries | Gate blocks | Regime triggers |
|---|---|---:|---:|---:|---:|---:|---:|
| A | FIRESTORM-gate | err: {"message": "unautho | err: {"message": "unautho | err: {"message": "unautho | 0 | 0 | 0 |
| B | FIRESTORM-gate + Track A | err: {"message": "unautho | err: {"message": "unautho | err: {"message": "unautho | — | — | — |
| C | REENTRY-loss-gate | +$1,817.41 | +$0.00 | 0 / 0 | 0 | 0 | 0 |

### Variant A — FIRESTORM-gate

- MOVE_STRIKE entries: 0
- REGIME_SHIFT entries: 0
- Exits: 0
- Regime-shift partials fired: 0
- Fade-gate blocks: 0 (0 unique symbols)

### Variant B — FIRESTORM-gate + Track A

- log error: `no_log` (path: `/Users/duffy/warrior_bot_v2/logs/2026-09-23_move_strike_subbot_B.log`)

### Variant C — REENTRY-loss-gate

- MOVE_STRIKE entries: 0
- REGIME_SHIFT entries: 0
- Exits: 0
- Regime-shift partials fired: 0
- Fade-gate blocks: 0 (0 unique symbols)

## Data Quality Audit

- Audit lines parsed: 13731
- Symbols flagged HEURISTIC_SUSPECT: 9
- Symbols with DIRECT_QUERY_WEDGE events: 0

| Symbol | OK | Suspect | Wedge | Min obs/truth | Last obs vs truth |
|---|---:|---:|---:|---:|---|
| DCOY | 204 | 885 | 0 | n/a | n/a |
| HAO | 205 | 885 | 0 | n/a | n/a |
| IONL | 205 | 885 | 0 | n/a | n/a |
| IPDN | 205 | 885 | 0 | n/a | n/a |
| WHLR | 43 | 885 | 0 | n/a | n/a |
| KIDZ | 131 | 726 | 0 | n/a | n/a |
| TNMG | 262 | 575 | 0 | n/a | n/a |
| LRHC | 694 | 185 | 0 | n/a | n/a |
| IMCC | 619 | 106 | 0 | n/a | n/a |

## Running totals (cumulative)

| Variant | Days | Cumulative P&L |
|---|---:|---:|
| A | 78 | +$1,662.94 |
| B | 78 | -$4,183.34 |
| C | 78 | +$331.63 |

