Wrote: /Users/duffy/warrior_bot_v2/cowork_reports/2026-07-17_abc_daily_report.md
# A/B/C Daily Report — 2026-07-17

Per `cowork_reports/2026-05-23_live_abc_fade_gate_test_directive.md`.

⚠️ **DATA QUALITY DEGRADED** — one or more symbols had `DIRECT_QUERY_WEDGE` audit events today. Variant comparison below reflects partial data. See Data Quality Audit section.

## Account / log snapshot

| Variant | Label | Equity | Day P&L | Day orders (buy/total) | Log entries | Gate blocks | Regime triggers |
|---|---|---:|---:|---:|---:|---:|---:|
| A | FIRESTORM-gate | +$5,000.00 | +$0.00 | 0 / 0 | 0 | 974 | 0 |
| B | FIRESTORM-gate + Track A | err: {"message": "unautho | err: {"message": "unautho | err: {"message": "unautho | — | — | — |
| C | REENTRY-loss-gate | +$1,724.54 | +$0.00 | 0 / 0 | 0 | 974 | 0 |

### Variant A — FIRESTORM-gate

- MOVE_STRIKE entries: 0
- REGIME_SHIFT entries: 0
- Exits: 0
- Regime-shift partials fired: 0
- Fade-gate blocks: 0 (0 unique symbols)
- FIRESTORM-gate blocks: 974 (1 unique symbols)

### Variant B — FIRESTORM-gate + Track A

- log error: `no_log` (path: `/Users/duffy/warrior_bot_v2/logs/2026-07-17_move_strike_subbot_B.log`)

### Variant C — REENTRY-loss-gate

- MOVE_STRIKE entries: 0
- REGIME_SHIFT entries: 0
- Exits: 0
- Regime-shift partials fired: 0
- Fade-gate blocks: 0 (0 unique symbols)
- FIRESTORM-gate blocks: 974 (1 unique symbols)

## Data Quality Audit

- Audit lines parsed: 2389
- Symbols flagged HEURISTIC_SUSPECT: 2
- Symbols with DIRECT_QUERY_WEDGE events: 3

| Symbol | OK | Suspect | Wedge | Min obs/truth | Last obs vs truth |
|---|---:|---:|---:|---:|---|
| KLRS | 181 | 158 | 1 | 0.010 | 4500 / 533 |
| SKHX | 327 | 0 | 1 | 0.000 | 21698 / 22133 |
| SNXX | 339 | 0 | 1 | 0.099 | 55927 / 45505 |
| LEDS | 266 | 74 | 0 | 0.130 | 61215 / 10000 |

## Running totals (cumulative)

| Variant | Days | Cumulative P&L |
|---|---:|---:|
| A | 39 | +$2,069.17 |
| B | 39 | -$4,183.34 |
| C | 39 | +$238.65 |

