Wrote: /Users/duffy/warrior_bot_v2/cowork_reports/2026-06-03_abc_daily_report.md
# A/B/C Daily Report — 2026-06-03

Per `cowork_reports/2026-05-23_live_abc_fade_gate_test_directive.md`.

⚠️ **DATA QUALITY DEGRADED** — one or more symbols had `DIRECT_QUERY_WEDGE` audit events today. Variant comparison below reflects partial data. See Data Quality Audit section.

## Account / log snapshot

| Variant | Label | Equity | Day P&L | Day orders (buy/total) | Log entries | Gate blocks | Regime triggers |
|---|---|---:|---:|---:|---:|---:|---:|
| A | FIRESTORM-gate | +$29,937.71 | +$66.66 | 1 / 2 | 1 | 42166 | 0 |
| B | FIRESTORM-gate + Track A | +$29,734.82 | +$22.00 | 3 / 4 | 3 | 42178 | 0 |
| C | REENTRY-loss-gate | +$25,466.37 | -$309.16 | 14 / 30 | 15 | 13 | 3 |

### Variant A — FIRESTORM-gate

- MOVE_STRIKE entries: 1
- REGIME_SHIFT entries: 0
- Exits: 1
- Regime-shift partials fired: 0
- Fade-gate blocks: 0 (0 unique symbols)
- FIRESTORM-gate blocks: 42166 (3 unique symbols)
- Symbols traded: WCT

### Variant B — FIRESTORM-gate + Track A

- MOVE_STRIKE entries: 3
- REGIME_SHIFT entries: 0
- Exits: 1
- Regime-shift partials fired: 0
- Fade-gate blocks: 0 (0 unique symbols)
- FIRESTORM-gate blocks: 42178 (3 unique symbols)
- Symbols traded: WCT

### Variant C — REENTRY-loss-gate

- MOVE_STRIKE entries: 12
- REGIME_SHIFT entries: 3
- Exits: 14
- Regime-shift partials fired: 2
- Fade-gate blocks: 0 (0 unique symbols)
- REENTRY-loss-gate blocks: 13 (3 unique symbols)
- Symbols traded: FOXX, WCT, XOS

## Data Quality Audit

- Audit lines parsed: 2806
- Symbols flagged HEURISTIC_SUSPECT: 1
- Symbols with DIRECT_QUERY_WEDGE events: 2

| Symbol | OK | Suspect | Wedge | Min obs/truth | Last obs vs truth |
|---|---:|---:|---:|---:|---|
| FOXX | 242 | 0 | 1 | 0.000 | 119926 / 133128 |
| XOS | 777 | 0 | 1 | 0.090 | 114608 / 113322 |
| WCT | 981 | 3 | 0 | 0.147 | 50977 / 31781 |

## Running totals (cumulative)

| Variant | Days | Cumulative P&L |
|---|---:|---:|
| A | 8 | +$189.46 |
| B | 8 | -$3,188.11 |
| C | 8 | -$4,526.64 |

