[MOVE_SUB_A] Alpaca PAPER connected — account=PA3700N6RNS2 equity=$32,904
[MOVE_SUB_A] starting consume loop
[MOVE_SUB_A] [04:00:34] connected to engine (/tmp/warrior_engine.sock) attempt=1
[MOVE_SUB_A] [04:01:34] STATS ticks=0 symbols=0 pos=no daily_pnl=+0 drops=0
[MOVE_SUB_A] [04:02:34] STATS ticks=0 symbols=0 pos=no daily_pnl=+0 drops=0
[MOVE_SUB_A] [04:03:34] STATS ticks=0 symbols=0 pos=no daily_pnl=+0 drops=0
[MOVE_SUB_A] [04:04:34] STATS ticks=0 symbols=0 pos=no daily_pnl=+0 drops=0
[MOVE_SUB_A] [04:05:20] new symbol MSW — detector + movement_strike instantiated
[MOVE_SUB_A] [04:05:23] new symbol HWH — detector + movement_strike instantiated
[MOVE_SUB_A] [04:05:26] new symbol CIIT — detector + movement_strike instantiated
[MOVE_SUB_A] [04:05:29] new symbol AZI — detector + movement_strike instantiated
[MOVE_SUB_A] [04:05:32] new symbol XOS — detector + movement_strike instantiated
[MOVE_SUB_A] [04:05:35] new symbol SMCZ — detector + movement_strike instantiated
[MOVE_SUB_A] [04:05:35] STATS ticks=14 symbols=6 pos=no daily_pnl=+0 drops=0
[MOVE_SUB_A] [04:05:38] new symbol SOXS — detector + movement_strike instantiated
[MOVE_SUB_A] [04:05:41] new symbol SNDQ — detector + movement_strike instantiated
[MOVE_SUB_A] [04:05:44] new symbol TECS — detector + movement_strike instantiated
[MOVE_SUB_A] [04:05:46] new symbol CORD — detector + movement_strike instantiated
[MOVE_SUB_A] [04:05:49] new symbol DAMD — detector + movement_strike instantiated
[MOVE_SUB_A] [04:05:52] new symbol IONZ — detector + movement_strike instantiated
[MOVE_SUB_A] [04:05:55] new symbol UK — detector + movement_strike instantiated
[MOVE_SUB_A] [04:05:58] new symbol MUD — detector + movement_strike instantiated
[MOVE_SUB_A] [04:06:01] new symbol CRCD — detector + movement_strike instantiated
[MOVE_SUB_A] [04:06:04] new symbol UVIX — detector + movement_strike instantiated
[MOVE_SUB_A] [04:06:07] new symbol BILI — detector + movement_strike instantiated
[MOVE_SUB_A] [04:06:09] new symbol RKLZ — detector + movement_strike instantiated
[MOVE_SUB_A] [04:06:12] new symbol QBTZ — detector + movement_strike instantiated
[MOVE_SUB_A] [04:06:15] new symbol RGTZ — detector + movement_strike instantiated
[MOVE_SUB_A] [04:06:35] STATS ticks=44 symbols=20 pos=no daily_pnl=+0 drops=0
[MOVE_SUB_A] [04:07:35] STATS ticks=44 symbols=20 pos=no daily_pnl=+0 drops=0
[MOVE_SUB_A] [04:08:35] STATS ticks=44 symbols=20 pos=no daily_pnl=+0 drops=0
[MOVE_SUB_A] [04:09:35] STATS ticks=44 symbols=20 pos=no daily_pnl=+0 drops=0
[MOVE_SUB_A] [04:10:37] new symbol FUTG — detector + movement_strike instantiated
[MOVE_SUB_A] [04:10:37] STATS ticks=56 symbols=21 pos=no daily_pnl=+0 drops=0
[MOVE_SUB_A] [04:11:05] new symbol NVD — detector + movement_strike instantiated
[MOVE_SUB_A] [04:11:38] STATS ticks=83 symbols=22 pos=no daily_pnl=+0 drops=0
[MOVE_SUB_A] [04:12:38] STATS ticks=83 symbols=22 pos=no daily_pnl=+0 drops=0
[MOVE_SUB_A] [04:13:38] STATS ticks=83 symbols=22 pos=no daily_pnl=+0 drops=0
[MOVE_SUB_A] [04:14:39] STATS ticks=83 symbols=22 pos=no daily_pnl=+0 drops=0
[MOVE_SUB_A] [04:15:40] STATS ticks=97 symbols=22 pos=no daily_pnl=+0 drops=0
[MOVE_SUB_A] [04:16:10] new symbol IREZ — detector + movement_strike instantiated
[MOVE_SUB_A] [04:16:40] STATS ticks=326 symbols=23 pos=no daily_pnl=+0 drops=0
[MOVE_SUB_A] [04:17:40] STATS ticks=3512 symbols=23 pos=no daily_pnl=+0 drops=0
[MOVE_SUB_A] [04:18:40] STATS ticks=12157 symbols=23 pos=no daily_pnl=+0 drops=0
[MOVE_SUB_A] [04:19:40] STATS ticks=18897 symbols=23 pos=no daily_pnl=+0 drops=0
[MOVE_SUB_A] [04:20:29] new symbol HCAI — detector + movement_strike instantiated
[MOVE_SUB_A] [04:20:40] STATS ticks=29004 symbols=24 pos=no daily_pnl=+0 drops=0
[MOVE_SUB_A] [04:21:41] STATS ticks=47882 symbols=24 pos=no daily_pnl=+0 drops=0
[MOVE_SUB_A] [04:22:41] STATS ticks=57283 symbols=24 pos=no daily_pnl=+0 drops=0
[MOVE_SUB_A] [04:23:42] STATS ticks=67553 symbols=24 pos=no daily_pnl=+0 drops=0
[MOVE_SUB_A] [04:24:42] STATS ticks=76527 symbols=24 pos=no daily_pnl=+0 drops=0
[MOVE_SUB_A] [04:25:42] STATS ticks=82182 symbols=24 pos=no daily_pnl=+0 drops=0
[MOVE_SUB_A] [04:26:42] STATS ticks=91502 symbols=24 pos=no daily_pnl=+0 drops=0
[MOVE_SUB_A] [04:27:42] STATS ticks=96619 symbols=24 pos=no daily_pnl=+0 drops=0
[MOVE_SUB_A] [04:28:42] STATS ticks=101856 symbols=24 pos=no daily_pnl=+0 drops=0
[MOVE_SUB_A] [04:29:42] STATS ticks=105487 symbols=24 pos=no daily_pnl=+0 drops=0
[MOVE_SUB_A] [04:30:32] new symbol BGLC — detector + movement_strike instantiated
[MOVE_SUB_A] [04:30:42] STATS ticks=109760 symbols=25 pos=no daily_pnl=+0 drops=0
[MOVE_SUB_A] [04:30:44] new symbol STAK — detector + movement_strike instantiated
[MOVE_SUB_A] [04:31:43] STATS ticks=115036 symbols=26 pos=no daily_pnl=+0 drops=0
[MOVE_SUB_A] [04:32:43] STATS ticks=118343 symbols=26 pos=no daily_pnl=+0 drops=0
[MOVE_SUB_A] [04:33:43] STATS ticks=129549 symbols=26 pos=no daily_pnl=+0 drops=0
[MOVE_SUB_A] [04:34:43] STATS ticks=140137 symbols=26 pos=no daily_pnl=+0 drops=0
[MOVE_SUB_A] [04:35:31] new symbol AMSS — detector + movement_strike instantiated
[MOVE_SUB_A] [04:35:44] STATS ticks=149313 symbols=27 pos=no daily_pnl=+0 drops=0
[MOVE_SUB_A] [04:36:44] STATS ticks=157345 symbols=27 pos=no daily_pnl=+0 drops=0
[MOVE_SUB_A] [04:37:44] STATS ticks=175087 symbols=27 pos=no daily_pnl=+0 drops=0
[MOVE_SUB_A] [04:38:44] STATS ticks=183070 symbols=27 pos=no daily_pnl=+0 drops=0
[MOVE_SUB_A] [04:39:45] STATS ticks=196367 symbols=27 pos=no daily_pnl=+0 drops=0
[MOVE_SUB_A] [04:40:37] new symbol GRAN — detector + movement_strike instantiated
[MOVE_SUB_A] [04:40:45] STATS ticks=210577 symbols=28 pos=no daily_pnl=+0 drops=0
[MOVE_SUB_A] [04:41:45] STATS ticks=223972 symbols=28 pos=no daily_pnl=+0 drops=0
[MOVE_SUB_A] [04:42:45] STATS ticks=230445 symbols=28 pos=no daily_pnl=+0 drops=0
[MOVE_SUB_A] [04:43:46] STATS ticks=236950 symbols=28 pos=no daily_pnl=+0 drops=0
[MOVE_SUB_A] [04:44:46] STATS ticks=241249 symbols=28 pos=no daily_pnl=+0 drops=0
[MOVE_SUB_A] [04:45:37] new symbol CHR — detector + movement_strike instantiated
[MOVE_SUB_A] [04:45:46] STATS ticks=248491 symbols=29 pos=no daily_pnl=+0 drops=0
[MOVE_SUB_A] [04:45:48] new symbol DAIC — detector + movement_strike instantiated
[MOVE_SUB_A] [04:46:16] new symbol ASTN — detector + movement_strike instantiated
[MOVE_SUB_A] [04:46:46] STATS ticks=255178 symbols=31 pos=no daily_pnl=+0 drops=0
[MOVE_SUB_A] [04:47:46] STATS ticks=258395 symbols=31 pos=no daily_pnl=+0 drops=0
[MOVE_SUB_A] [04:48:46] STATS ticks=263813 symbols=31 pos=no daily_pnl=+0 drops=0
[MOVE_SUB_A] [04:49:47] STATS ticks=268181 symbols=31 pos=no daily_pnl=+0 drops=0
[MOVE_SUB_A] [04:50:45] new symbol HTCO — detector + movement_strike instantiated
[MOVE_SUB_A] [04:50:47] STATS ticks=272700 symbols=32 pos=no daily_pnl=+0 drops=0
[MOVE_SUB_A] [04:51:48] STATS ticks=276533 symbols=32 pos=no daily_pnl=+0 drops=0
[MOVE_SUB_A] [04:52:48] STATS ticks=279203 symbols=32 pos=no daily_pnl=+0 drops=0
[MOVE_SUB_A] [04:53:48] STATS ticks=281892 symbols=32 pos=no daily_pnl=+0 drops=0
[MOVE_SUB_A] [04:54:48] STATS ticks=284039 symbols=32 pos=no daily_pnl=+0 drops=0
[MOVE_SUB_A] [04:55:32] new symbol CDTG — detector + movement_strike instantiated
[MOVE_SUB_A] [04:55:49] STATS ticks=285935 symbols=33 pos=no daily_pnl=+0 drops=0
[MOVE_SUB_A] [04:56:49] STATS ticks=289233 symbols=33 pos=no daily_pnl=+0 drops=0
[MOVE_SUB_A] [04:57:49] STATS ticks=293273 symbols=33 pos=no daily_pnl=+0 drops=0
[MOVE_SUB_A] [04:58:49] STATS ticks=295910 symbols=33 pos=no daily_pnl=+0 drops=0
[MOVE_SUB_A] [04:59:49] STATS ticks=300166 symbols=33 pos=no daily_pnl=+0 drops=0
[MOVE_SUB_A] [05:00:50] STATS ticks=304690 symbols=33 pos=no daily_pnl=+0 drops=0
[MOVE_SUB_A] [05:01:50] STATS ticks=307808 symbols=33 pos=no daily_pnl=+0 drops=0
[MOVE_SUB_A] [05:02:50] STATS ticks=312231 symbols=33 pos=no daily_pnl=+0 drops=0
[MOVE_SUB_A] [05:03:50] STATS ticks=315805 symbols=33 pos=no daily_pnl=+0 drops=0
[MOVE_SUB_A] [05:04:51] STATS ticks=317783 symbols=33 pos=no daily_pnl=+0 drops=0
[MOVE_SUB_A] [05:05:51] STATS ticks=321311 symbols=33 pos=no daily_pnl=+0 drops=0
[MOVE_SUB_A] [05:06:51] STATS ticks=325779 symbols=33 pos=no daily_pnl=+0 drops=0
[MOVE_SUB_A] [05:07:51] STATS ticks=330051 symbols=33 pos=no daily_pnl=+0 drops=0
[MOVE_SUB_A] [05:08:51] STATS ticks=333762 symbols=33 pos=no daily_pnl=+0 drops=0
[MOVE_SUB_A] [05:09:51] STATS ticks=335819 symbols=33 pos=no daily_pnl=+0 drops=0
[MOVE_SUB_A] [05:10:47] new symbol CTNT — detector + movement_strike instantiated
[MOVE_SUB_A] [05:10:51] STATS ticks=337923 symbols=34 pos=no daily_pnl=+0 drops=0
[MOVE_SUB_A] [05:11:52] STATS ticks=339343 symbols=34 pos=no daily_pnl=+0 drops=0
[MOVE_SUB_A] [05:12:52] STATS ticks=340907 symbols=34 pos=no daily_pnl=+0 drops=0
[MOVE_SUB_A] [05:13:52] STATS ticks=342990 symbols=34 pos=no daily_pnl=+0 drops=0
[MOVE_SUB_A] [05:14:52] STATS ticks=344081 symbols=34 pos=no daily_pnl=+0 drops=0
[MOVE_SUB_A] [05:15:34] new symbol WCT — detector + movement_strike instantiated
[MOVE_SUB_A] [05:15:53] STATS ticks=345164 symbols=35 pos=no daily_pnl=+0 drops=0
[MOVE_SUB_A] [05:16:07] new symbol NBIZ — detector + movement_strike instantiated
[MOVE_SUB_A] [05:16:53] STATS ticks=347754 symbols=36 pos=no daily_pnl=+0 drops=0
[MOVE_SUB_A] [05:17:53] STATS ticks=349293 symbols=36 pos=no daily_pnl=+0 drops=0
[MOVE_SUB_A] [05:18:53] STATS ticks=351064 symbols=36 pos=no daily_pnl=+0 drops=0
[MOVE_SUB_A] [05:19:53] STATS ticks=354388 symbols=36 pos=no daily_pnl=+0 drops=0
[MOVE_SUB_A] [05:20:53] STATS ticks=355963 symbols=36 pos=no daily_pnl=+0 drops=0
[MOVE_SUB_A] [05:21:54] STATS ticks=357479 symbols=36 pos=no daily_pnl=+0 drops=0
[MOVE_SUB_A] [05:22:54] STATS ticks=359311 symbols=36 pos=no daily_pnl=+0 drops=0
[MOVE_SUB_A] [05:23:54] STATS ticks=360589 symbols=36 pos=no daily_pnl=+0 drops=0
[MOVE_SUB_A] [05:24:55] STATS ticks=361817 symbols=36 pos=no daily_pnl=+0 drops=0
[MOVE_SUB_A] [05:25:55] STATS ticks=363070 symbols=36 pos=no daily_pnl=+0 drops=0
[MOVE_SUB_A] [05:26:55] STATS ticks=364493 symbols=36 pos=no daily_pnl=+0 drops=0
[MOVE_SUB_A] [05:27:56] STATS ticks=365728 symbols=36 pos=no daily_pnl=+0 drops=0
[MOVE_SUB_A] [05:28:56] STATS ticks=366532 symbols=36 pos=no daily_pnl=+0 drops=0
[MOVE_SUB_A] [05:29:57] STATS ticks=368742 symbols=36 pos=no daily_pnl=+0 drops=0
[MOVE_SUB_A] [05:30:42] new symbol EDHL — detector + movement_strike instantiated
[MOVE_SUB_A] [05:30:57] STATS ticks=369801 symbols=37 pos=no daily_pnl=+0 drops=0
[MOVE_SUB_A] [05:31:57] STATS ticks=370832 symbols=37 pos=no daily_pnl=+0 drops=0
[MOVE_SUB_A] [05:32:57] STATS ticks=372347 symbols=37 pos=no daily_pnl=+0 drops=0
[MOVE_SUB_A] [05:33:57] STATS ticks=375072 symbols=37 pos=no daily_pnl=+0 drops=0
[MOVE_SUB_A] [05:34:58] STATS ticks=377034 symbols=37 pos=no daily_pnl=+0 drops=0
[MOVE_SUB_A] [05:35:36] new symbol CHSN — detector + movement_strike instantiated
[MOVE_SUB_A] [05:35:45] new symbol SPHL — detector + movement_strike instantiated
[MOVE_SUB_A] [05:35:58] STATS ticks=378284 symbols=39 pos=no daily_pnl=+0 drops=0
[MOVE_SUB_A] [05:36:59] STATS ticks=379563 symbols=39 pos=no daily_pnl=+0 drops=0
[MOVE_SUB_A] [05:37:59] STATS ticks=380342 symbols=39 pos=no daily_pnl=+0 drops=0
[MOVE_SUB_A] [05:38:59] STATS ticks=381222 symbols=39 pos=no daily_pnl=+0 drops=0
[MOVE_SUB_A] [05:39:59] STATS ticks=382938 symbols=39 pos=no daily_pnl=+0 drops=0
[MOVE_SUB_A] [05:41:00] STATS ticks=383942 symbols=39 pos=no daily_pnl=+0 drops=0
[MOVE_SUB_A] [05:42:00] STATS ticks=385193 symbols=39 pos=no daily_pnl=+0 drops=0
[MOVE_SUB_A] [05:43:00] STATS ticks=387071 symbols=39 pos=no daily_pnl=+0 drops=0
[MOVE_SUB_A] [05:44:01] STATS ticks=389009 symbols=39 pos=no daily_pnl=+0 drops=0
[MOVE_SUB_A] [05:45:01] STATS ticks=390327 symbols=39 pos=no daily_pnl=+0 drops=0
[MOVE_SUB_A] [05:46:01] STATS ticks=391558 symbols=39 pos=no daily_pnl=+0 drops=0
[MOVE_SUB_A] [05:47:02] STATS ticks=392722 symbols=39 pos=no daily_pnl=+0 drops=0
[MOVE_SUB_A] [05:48:02] STATS ticks=393495 symbols=39 pos=no daily_pnl=+0 drops=0
[MOVE_SUB_A] [05:49:03] STATS ticks=396004 symbols=39 pos=no daily_pnl=+0 drops=0
[MOVE_SUB_A] [05:50:03] STATS ticks=400220 symbols=39 pos=no daily_pnl=+0 drops=0
[MOVE_SUB_A] [05:51:03] STATS ticks=404358 symbols=39 pos=no daily_pnl=+0 drops=0
[MOVE_SUB_A] [05:52:03] STATS ticks=407285 symbols=39 pos=no daily_pnl=+0 drops=0
[MOVE_SUB_A] [05:53:04] STATS ticks=411196 symbols=39 pos=no daily_pnl=+0 drops=0
[MOVE_SUB_A] [05:54:04] STATS ticks=415976 symbols=39 pos=no daily_pnl=+0 drops=0
[MOVE_SUB_A] [05:55:04] STATS ticks=418263 symbols=39 pos=no daily_pnl=+0 drops=0
[MOVE_SUB_A] [05:56:05] STATS ticks=421383 symbols=39 pos=no daily_pnl=+0 drops=0
[MOVE_SUB_A] [05:57:05] STATS ticks=422885 symbols=39 pos=no daily_pnl=+0 drops=0
[MOVE_SUB_A] [05:58:05] STATS ticks=424144 symbols=39 pos=no daily_pnl=+0 drops=0
[MOVE_SUB_A] [05:59:05] STATS ticks=426428 symbols=39 pos=no daily_pnl=+0 drops=0
[MOVE_SUB_A] [06:00:06] STATS ticks=428292 symbols=39 pos=no daily_pnl=+0 drops=0
[MOVE_SUB_A] [06:01:06] STATS ticks=430161 symbols=39 pos=no daily_pnl=+0 drops=0
[MOVE_SUB_A] [06:02:06] STATS ticks=433042 symbols=39 pos=no daily_pnl=+0 drops=0
[MOVE_SUB_A] [06:03:06] STATS ticks=435067 symbols=39 pos=no daily_pnl=+0 drops=0
[MOVE_SUB_A] [06:04:06] STATS ticks=436508 symbols=39 pos=no daily_pnl=+0 drops=0
[MOVE_SUB_A] [06:05:06] STATS ticks=438403 symbols=39 pos=no daily_pnl=+0 drops=0
[MOVE_SUB_A] [06:06:06] STATS ticks=439879 symbols=39 pos=no daily_pnl=+0 drops=0
[MOVE_SUB_A] [06:07:06] STATS ticks=443013 symbols=39 pos=no daily_pnl=+0 drops=0
[MOVE_SUB_A] [06:08:07] STATS ticks=444688 symbols=39 pos=no daily_pnl=+0 drops=0
[MOVE_SUB_A] [06:09:07] STATS ticks=446205 symbols=39 pos=no daily_pnl=+0 drops=0
[MOVE_SUB_A] [06:10:07] STATS ticks=448268 symbols=39 pos=no daily_pnl=+0 drops=0
[MOVE_SUB_A] [06:10:42] new symbol RDGT — detector + movement_strike instantiated
[MOVE_SUB_A] [06:11:07] STATS ticks=452789 symbols=40 pos=no daily_pnl=+0 drops=0
[MOVE_SUB_A] [06:12:07] STATS ticks=457694 symbols=40 pos=no daily_pnl=+0 drops=0
[MOVE_SUB_A] [06:13:07] STATS ticks=461145 symbols=40 pos=no daily_pnl=+0 drops=0
[MOVE_SUB_A] [06:14:07] STATS ticks=463190 symbols=40 pos=no daily_pnl=+0 drops=0
[MOVE_SUB_A] [06:15:08] STATS ticks=466521 symbols=40 pos=no daily_pnl=+0 drops=0
[MOVE_SUB_A] [06:16:08] STATS ticks=468739 symbols=40 pos=no daily_pnl=+0 drops=0
[MOVE_SUB_A] [06:17:08] STATS ticks=470750 symbols=40 pos=no daily_pnl=+0 drops=0
[MOVE_SUB_A] [06:18:08] STATS ticks=473072 symbols=40 pos=no daily_pnl=+0 drops=0
[MOVE_SUB_A] [06:19:08] STATS ticks=474983 symbols=40 pos=no daily_pnl=+0 drops=0
[MOVE_SUB_A] [06:20:08] STATS ticks=476476 symbols=40 pos=no daily_pnl=+0 drops=0
[MOVE_SUB_A] [06:21:09] STATS ticks=478573 symbols=40 pos=no daily_pnl=+0 drops=0
[MOVE_SUB_A] [06:22:09] STATS ticks=480219 symbols=40 pos=no daily_pnl=+0 drops=0
[MOVE_SUB_A] [06:23:10] STATS ticks=481068 symbols=40 pos=no daily_pnl=+0 drops=0
[MOVE_SUB_A] [06:24:10] STATS ticks=482138 symbols=40 pos=no daily_pnl=+0 drops=0
[MOVE_SUB_A] [06:25:10] STATS ticks=483912 symbols=40 pos=no daily_pnl=+0 drops=0
[MOVE_SUB_A] [06:25:51] new symbol CUPR — detector + movement_strike instantiated
[MOVE_SUB_A] [06:26:10] STATS ticks=485738 symbols=41 pos=no daily_pnl=+0 drops=0
[MOVE_SUB_A] [06:27:11] STATS ticks=487222 symbols=41 pos=no daily_pnl=+0 drops=0
[MOVE_SUB_A] [06:28:11] STATS ticks=489942 symbols=41 pos=no daily_pnl=+0 drops=0
[MOVE_SUB_A] [06:29:11] STATS ticks=491556 symbols=41 pos=no daily_pnl=+0 drops=0
[MOVE_SUB_A] [06:30:11] STATS ticks=493274 symbols=41 pos=no daily_pnl=+0 drops=0
[MOVE_SUB_A] [06:31:12] STATS ticks=494763 symbols=41 pos=no daily_pnl=+0 drops=0
[MOVE_SUB_A] [06:32:12] STATS ticks=495478 symbols=41 pos=no daily_pnl=+0 drops=0
[MOVE_SUB_A] [06:33:12] STATS ticks=497054 symbols=41 pos=no daily_pnl=+0 drops=0
[MOVE_SUB_A] [06:34:12] STATS ticks=497913 symbols=41 pos=no daily_pnl=+0 drops=0
[MOVE_SUB_A] [06:35:12] STATS ticks=499080 symbols=41 pos=no daily_pnl=+0 drops=0
[MOVE_SUB_A] [06:36:13] STATS ticks=500020 symbols=41 pos=no daily_pnl=+0 drops=0
[MOVE_SUB_A] [06:37:13] STATS ticks=500897 symbols=41 pos=no daily_pnl=+0 drops=0
[MOVE_SUB_A] [06:38:13] STATS ticks=501799 symbols=41 pos=no daily_pnl=+0 drops=0
[MOVE_SUB_A] [06:39:14] STATS ticks=502824 symbols=41 pos=no daily_pnl=+0 drops=0
[MOVE_SUB_A] [06:40:14] STATS ticks=504396 symbols=41 pos=no daily_pnl=+0 drops=0
[MOVE_SUB_A] [06:41:14] STATS ticks=505056 symbols=41 pos=no daily_pnl=+0 drops=0
[MOVE_SUB_A] [06:41:15] new symbol EIDO — detector + movement_strike instantiated
[MOVE_SUB_A] [06:42:15] STATS ticks=505814 symbols=42 pos=no daily_pnl=+0 drops=0
[MOVE_SUB_A] [06:43:15] STATS ticks=506690 symbols=42 pos=no daily_pnl=+0 drops=0
[MOVE_SUB_A] [06:44:15] STATS ticks=507348 symbols=42 pos=no daily_pnl=+0 drops=0
[MOVE_SUB_A] [06:45:15] STATS ticks=508274 symbols=42 pos=no daily_pnl=+0 drops=0
[MOVE_SUB_A] [06:46:15] STATS ticks=509253 symbols=42 pos=no daily_pnl=+0 drops=0
[MOVE_SUB_A] [06:47:16] STATS ticks=510061 symbols=42 pos=no daily_pnl=+0 drops=0
[MOVE_SUB_A] [06:48:17] STATS ticks=510606 symbols=42 pos=no daily_pnl=+0 drops=0
[MOVE_SUB_A] [06:49:17] STATS ticks=511201 symbols=42 pos=no daily_pnl=+0 drops=0
[MOVE_SUB_A] [06:50:18] STATS ticks=511723 symbols=42 pos=no daily_pnl=+0 drops=0
[MOVE_SUB_A] [06:51:18] STATS ticks=512252 symbols=42 pos=no daily_pnl=+0 drops=0
[MOVE_SUB_A] [06:52:19] STATS ticks=512943 symbols=42 pos=no daily_pnl=+0 drops=0
[MOVE_SUB_A] [06:53:19] STATS ticks=514007 symbols=42 pos=no daily_pnl=+0 drops=0
[MOVE_SUB_A] [06:54:19] STATS ticks=515423 symbols=42 pos=no daily_pnl=+0 drops=0
[MOVE_SUB_A] [06:55:19] STATS ticks=516079 symbols=42 pos=no daily_pnl=+0 drops=0
[MOVE_SUB_A] [06:55:34] new symbol VSME — detector + movement_strike instantiated
[MOVE_SUB_A] [06:56:19] STATS ticks=518153 symbols=43 pos=no daily_pnl=+0 drops=0
[MOVE_SUB_A] [06:57:19] STATS ticks=519109 symbols=43 pos=no daily_pnl=+0 drops=0
[MOVE_SUB_A] [06:58:20] STATS ticks=519802 symbols=43 pos=no daily_pnl=+0 drops=0
[MOVE_SUB_A] [06:59:20] STATS ticks=520586 symbols=43 pos=no daily_pnl=+0 drops=0
[MOVE_SUB_A] [07:00:20] STATS ticks=521983 symbols=43 pos=no daily_pnl=+0 drops=0
[MOVE_SUB_A] [07:01:20] STATS ticks=524388 symbols=43 pos=no daily_pnl=+0 drops=0
[MOVE_SUB_A] [07:02:20] STATS ticks=536622 symbols=43 pos=no daily_pnl=+0 drops=0
[MOVE_SUB_A] [07:02:34] new symbol FAC — detector + movement_strike instantiated
[MOVE_SUB_A] [07:03:20] STATS ticks=549507 symbols=44 pos=no daily_pnl=+0 drops=0
[MOVE_SUB_A] [07:04:21] STATS ticks=558561 symbols=44 pos=no daily_pnl=+0 drops=0
[MOVE_SUB_A] [07:05:21] STATS ticks=572399 symbols=44 pos=no daily_pnl=+0 drops=0
[MOVE_SUB_A] [07:06:21] STATS ticks=583209 symbols=44 pos=no daily_pnl=+0 drops=0
[MOVE_SUB_A] [07:07:21] STATS ticks=612147 symbols=44 pos=no daily_pnl=+0 drops=0
[MOVE_SUB_A] [07:08:21] STATS ticks=637445 symbols=44 pos=no daily_pnl=+0 drops=0
[MOVE_SUB_A] [07:09:21] STATS ticks=661359 symbols=44 pos=no daily_pnl=+0 drops=0
[MOVE_SUB_A] [07:10:22] STATS ticks=677747 symbols=44 pos=no daily_pnl=+0 drops=0
[MOVE_SUB_A] [07:11:22] STATS ticks=689436 symbols=44 pos=no daily_pnl=+0 drops=0
[MOVE_SUB_A] [07:12:22] STATS ticks=706989 symbols=44 pos=no daily_pnl=+0 drops=0
[MOVE_SUB_A] [07:13:22] STATS ticks=715883 symbols=44 pos=no daily_pnl=+0 drops=0
[MOVE_SUB_A] [07:14:22] STATS ticks=730312 symbols=44 pos=no daily_pnl=+0 drops=0
[MOVE_SUB_A] [07:15:22] STATS ticks=762274 symbols=44 pos=no daily_pnl=+0 drops=0
[MOVE_SUB_A] [07:16:23] STATS ticks=776891 symbols=44 pos=no daily_pnl=+0 drops=0
[MOVE_SUB_A] [07:17:23] STATS ticks=799945 symbols=44 pos=no daily_pnl=+0 drops=0
[MOVE_SUB_A] [07:18:23] STATS ticks=819723 symbols=44 pos=no daily_pnl=+0 drops=0
[MOVE_SUB_A] [07:19:23] STATS ticks=830902 symbols=44 pos=no daily_pnl=+0 drops=0
[MOVE_SUB_A] [07:20:23] STATS ticks=839394 symbols=44 pos=no daily_pnl=+0 drops=0
[MOVE_SUB_A] [07:21:23] STATS ticks=849465 symbols=44 pos=no daily_pnl=+0 drops=0
[MOVE_SUB_A] [07:21:51] new symbol KIDZ — detector + movement_strike instantiated
[MOVE_SUB_A] [07:22:23] STATS ticks=860709 symbols=45 pos=no daily_pnl=+0 drops=0
[MOVE_SUB_A] [07:23:23] STATS ticks=868932 symbols=45 pos=no daily_pnl=+0 drops=0
[MOVE_SUB_A] [07:24:24] STATS ticks=875930 symbols=45 pos=no daily_pnl=+0 drops=0
[MOVE_SUB_A] [07:25:24] STATS ticks=880925 symbols=45 pos=no daily_pnl=+0 drops=0
[MOVE_SUB_A] [07:26:24] STATS ticks=888379 symbols=45 pos=no daily_pnl=+0 drops=0
[MOVE_SUB_A] [07:26:47] new symbol GCDT — detector + movement_strike instantiated
[MOVE_SUB_A] [07:27:24] STATS ticks=893759 symbols=46 pos=no daily_pnl=+0 drops=0
[MOVE_SUB_A] [07:28:25] STATS ticks=898765 symbols=46 pos=no daily_pnl=+0 drops=0
[MOVE_SUB_A] [07:29:25] STATS ticks=903409 symbols=46 pos=no daily_pnl=+0 drops=0
[MOVE_SUB_A] [07:30:25] STATS ticks=908201 symbols=46 pos=no daily_pnl=+0 drops=0
[MOVE_SUB_A] [07:31:26] STATS ticks=911624 symbols=46 pos=no daily_pnl=+0 drops=0
[MOVE_SUB_A] [07:32:26] STATS ticks=915075 symbols=46 pos=no daily_pnl=+0 drops=0
[MOVE_SUB_A] [07:33:26] STATS ticks=930854 symbols=46 pos=no daily_pnl=+0 drops=0
[MOVE_SUB_A] [07:34:26] STATS ticks=938608 symbols=46 pos=no daily_pnl=+0 drops=0
[MOVE_SUB_A] [07:35:26] STATS ticks=943514 symbols=46 pos=no daily_pnl=+0 drops=0
[MOVE_SUB_A] [07:36:26] STATS ticks=953373 symbols=46 pos=no daily_pnl=+0 drops=0
[MOVE_SUB_A] [07:37:26] STATS ticks=966589 symbols=46 pos=no daily_pnl=+0 drops=0
[MOVE_SUB_A] [07:38:26] STATS ticks=987280 symbols=46 pos=no daily_pnl=+0 drops=0
[MOVE_SUB_A] [07:39:26] STATS ticks=1003872 symbols=46 pos=no daily_pnl=+0 drops=0
[MOVE_SUB_A] [07:40:27] STATS ticks=1017614 symbols=46 pos=no daily_pnl=+0 drops=0
[MOVE_SUB_A] [07:41:27] STATS ticks=1046044 symbols=46 pos=no daily_pnl=+0 drops=0
[MOVE_SUB_A] [07:42:16] new symbol DSY — detector + movement_strike instantiated
[MOVE_SUB_A] [07:42:27] STATS ticks=1076983 symbols=47 pos=no daily_pnl=+0 drops=0
[MOVE_SUB_A] [07:43:27] STATS ticks=1105211 symbols=47 pos=no daily_pnl=+0 drops=0
[MOVE_SUB_A] [07:44:27] STATS ticks=1123337 symbols=47 pos=no daily_pnl=+0 drops=0
[MOVE_SUB_A] [07:45:27] STATS ticks=1138199 symbols=47 pos=no daily_pnl=+0 drops=0
[MOVE_SUB_A] [07:46:27] STATS ticks=1151196 symbols=47 pos=no daily_pnl=+0 drops=0
[MOVE_SUB_A] [07:47:10] new symbol PMAX — detector + movement_strike instantiated
[MOVE_SUB_A] [07:47:27] STATS ticks=1159693 symbols=48 pos=no daily_pnl=+0 drops=0
[MOVE_SUB_A] [07:48:27] STATS ticks=1171397 symbols=48 pos=no daily_pnl=+0 drops=0
[MOVE_SUB_A] [07:49:27] STATS ticks=1180376 symbols=48 pos=no daily_pnl=+0 drops=0
[MOVE_SUB_A] [07:50:27] STATS ticks=1188679 symbols=48 pos=no daily_pnl=+0 drops=0
[MOVE_SUB_A] [07:51:28] STATS ticks=1195082 symbols=48 pos=no daily_pnl=+0 drops=0
[MOVE_SUB_A] [07:52:28] STATS ticks=1201245 symbols=48 pos=no daily_pnl=+0 drops=0
[MOVE_SUB_A] [07:53:28] STATS ticks=1210537 symbols=48 pos=no daily_pnl=+0 drops=0
[MOVE_SUB_A] [07:54:07] new symbol DOGZ — detector + movement_strike instantiated
[MOVE_SUB_A] [07:54:28] STATS ticks=1226640 symbols=49 pos=no daily_pnl=+0 drops=0
[MOVE_SUB_A] [07:55:28] STATS ticks=1264796 symbols=49 pos=no daily_pnl=+0 drops=0
[MOVE_SUB_A] [07:56:28] STATS ticks=1289841 symbols=49 pos=no daily_pnl=+0 drops=0
[MOVE_SUB_A] [07:57:28] STATS ticks=1312214 symbols=49 pos=no daily_pnl=+0 drops=0
[MOVE_SUB_A] [07:58:28] STATS ticks=1333369 symbols=49 pos=no daily_pnl=+0 drops=0
[MOVE_SUB_A] [07:59:28] STATS ticks=1348517 symbols=49 pos=no daily_pnl=+0 drops=0
[MOVE_SUB_A] [08:00:29] STATS ticks=1366850 symbols=49 pos=no daily_pnl=+0 drops=0
[MOVE_SUB_A] [08:01:29] STATS ticks=1376633 symbols=49 pos=no daily_pnl=+0 drops=0
[MOVE_SUB_A] [08:01:55] new symbol CLWT — detector + movement_strike instantiated
[MOVE_SUB_A] [08:02:29] STATS ticks=1389135 symbols=50 pos=no daily_pnl=+0 drops=0
[MOVE_SUB_A] [08:03:29] STATS ticks=1395905 symbols=50 pos=no daily_pnl=+0 drops=0
[MOVE_SUB_A] [08:04:29] STATS ticks=1404143 symbols=50 pos=no daily_pnl=+0 drops=0
[MOVE_SUB_A] [08:05:29] STATS ticks=1420869 symbols=50 pos=no daily_pnl=+0 drops=0
[MOVE_SUB_A] [08:06:29] STATS ticks=1448716 symbols=50 pos=no daily_pnl=+0 drops=0
[MOVE_SUB_A] [08:07:21] new symbol LSTA — detector + movement_strike instantiated
[MOVE_SUB_A] [08:07:29] STATS ticks=1483377 symbols=51 pos=no daily_pnl=+0 drops=0
[MOVE_SUB_A] [08:08:29] STATS ticks=1504155 symbols=51 pos=no daily_pnl=+0 drops=0
[MOVE_SUB_A] [08:09:29] STATS ticks=1524709 symbols=51 pos=no daily_pnl=+0 drops=0
[MOVE_SUB_A] [08:10:29] STATS ticks=1542057 symbols=51 pos=no daily_pnl=+0 drops=0
[MOVE_SUB_A] [08:11:29] STATS ticks=1560775 symbols=51 pos=no daily_pnl=+0 drops=0
[MOVE_SUB_A] [08:11:56] new symbol ILAG — detector + movement_strike instantiated
[MOVE_SUB_A] [08:12:04] new symbol SNTG — detector + movement_strike instantiated
[MOVE_SUB_A] [08:12:29] STATS ticks=1574156 symbols=53 pos=no daily_pnl=+0 drops=0
[MOVE_SUB_A] [08:13:29] STATS ticks=1588919 symbols=53 pos=no daily_pnl=+0 drops=0
[MOVE_SUB_A] [08:14:29] STATS ticks=1601168 symbols=53 pos=no daily_pnl=+0 drops=0
[MOVE_SUB_A] [08:15:29] STATS ticks=1615766 symbols=53 pos=no daily_pnl=+0 drops=0
[MOVE_SUB_A] [08:16:30] STATS ticks=1649352 symbols=53 pos=no daily_pnl=+0 drops=0
[MOVE_SUB_A] [08:17:30] STATS ticks=1671744 symbols=53 pos=no daily_pnl=+0 drops=0
[MOVE_SUB_A] [08:18:30] STATS ticks=1690294 symbols=53 pos=no daily_pnl=+0 drops=0
[MOVE_SUB_A] [08:19:30] STATS ticks=1707907 symbols=53 pos=no daily_pnl=+0 drops=0
[MOVE_SUB_A] [08:20:30] STATS ticks=1725119 symbols=53 pos=no daily_pnl=+0 drops=0
[MOVE_SUB_A] [08:21:30] STATS ticks=1737005 symbols=53 pos=no daily_pnl=+0 drops=0
[MOVE_SUB_A] [08:22:30] STATS ticks=1747850 symbols=53 pos=no daily_pnl=+0 drops=0
[MOVE_SUB_A] [08:23:30] STATS ticks=1758950 symbols=53 pos=no daily_pnl=+0 drops=0
[MOVE_SUB_A] [08:24:30] STATS ticks=1771000 symbols=53 pos=no daily_pnl=+0 drops=0
[MOVE_SUB_A] [08:25:30] STATS ticks=1780662 symbols=53 pos=no daily_pnl=+0 drops=0
[MOVE_SUB_A] [08:26:31] STATS ticks=1786559 symbols=53 pos=no daily_pnl=+0 drops=0
[MOVE_SUB_A] [08:27:31] STATS ticks=1795633 symbols=53 pos=no daily_pnl=+0 drops=0
[MOVE_SUB_A] [08:27:40] new symbol QH — detector + movement_strike instantiated
[MOVE_SUB_A] [08:28:31] STATS ticks=1801189 symbols=54 pos=no daily_pnl=+0 drops=0
[MOVE_SUB_A] [08:29:31] STATS ticks=1806493 symbols=54 pos=no daily_pnl=+0 drops=0
[MOVE_SUB_A] [08:30:31] STATS ticks=1810500 symbols=54 pos=no daily_pnl=+0 drops=0
[MOVE_SUB_A] [08:31:31] STATS ticks=1820913 symbols=54 pos=no daily_pnl=+0 drops=0
[MOVE_SUB_A] [08:32:32] STATS ticks=1825514 symbols=54 pos=no daily_pnl=+0 drops=0
[MOVE_SUB_A] [08:33:06] new symbol AAOG — detector + movement_strike instantiated
[MOVE_SUB_A] [08:33:23] new symbol IXHL — detector + movement_strike instantiated
[MOVE_SUB_A] [08:33:32] STATS ticks=1831601 symbols=56 pos=no daily_pnl=+0 drops=0
[MOVE_SUB_A] [08:34:32] STATS ticks=1838208 symbols=56 pos=no daily_pnl=+0 drops=0
[MOVE_SUB_A] [08:35:32] STATS ticks=1844830 symbols=56 pos=no daily_pnl=+0 drops=0
[MOVE_SUB_A] [08:36:32] STATS ticks=1850738 symbols=56 pos=no daily_pnl=+0 drops=0
[MOVE_SUB_A] [08:37:32] STATS ticks=1856111 symbols=56 pos=no daily_pnl=+0 drops=0
[MOVE_SUB_A] [08:38:11] new symbol CLOV — detector + movement_strike instantiated
[MOVE_SUB_A] [08:38:18] new symbol INDP — detector + movement_strike instantiated
[MOVE_SUB_A] [08:38:21] new symbol DQ — detector + movement_strike instantiated
[MOVE_SUB_A] [08:38:32] STATS ticks=1860243 symbols=59 pos=no daily_pnl=+0 drops=0
[MOVE_SUB_A] [08:39:32] STATS ticks=1863864 symbols=59 pos=no daily_pnl=+0 drops=0
[MOVE_SUB_A] [08:40:32] STATS ticks=1868598 symbols=59 pos=no daily_pnl=+0 drops=0
[MOVE_SUB_A] [08:41:33] STATS ticks=1872262 symbols=59 pos=no daily_pnl=+0 drops=0
[MOVE_SUB_A] [08:42:33] STATS ticks=1875392 symbols=59 pos=no daily_pnl=+0 drops=0
[MOVE_SUB_A] [08:43:09] new symbol LAKE — detector + movement_strike instantiated
[MOVE_SUB_A] [08:43:33] STATS ticks=1879289 symbols=60 pos=no daily_pnl=+0 drops=0
[MOVE_SUB_A] [08:44:33] STATS ticks=1882211 symbols=60 pos=no daily_pnl=+0 drops=0
[MOVE_SUB_A] [08:45:04] new symbol FLD — detector + movement_strike instantiated
[MOVE_SUB_A] [08:45:33] STATS ticks=1885401 symbols=61 pos=no daily_pnl=+0 drops=0
[MOVE_SUB_A] [08:46:33] STATS ticks=1890589 symbols=61 pos=no daily_pnl=+0 drops=0
[MOVE_SUB_A] [08:47:33] STATS ticks=1901447 symbols=61 pos=no daily_pnl=+0 drops=0
[MOVE_SUB_A] [08:48:19] new symbol SATL — detector + movement_strike instantiated
[MOVE_SUB_A] [08:48:24] new symbol BORR — detector + movement_strike instantiated
[MOVE_SUB_A] [08:48:33] STATS ticks=1910856 symbols=63 pos=no daily_pnl=+0 drops=0
[MOVE_SUB_A] [08:49:33] STATS ticks=1917610 symbols=63 pos=no daily_pnl=+0 drops=0
[MOVE_SUB_A] [08:50:33] STATS ticks=1925686 symbols=63 pos=no daily_pnl=+0 drops=0
[MOVE_SUB_A] [08:51:33] STATS ticks=1935810 symbols=63 pos=no daily_pnl=+0 drops=0
[MOVE_SUB_A] [08:52:33] STATS ticks=1950897 symbols=63 pos=no daily_pnl=+0 drops=0
[MOVE_SUB_A] [08:53:34] STATS ticks=1969688 symbols=63 pos=no daily_pnl=+0 drops=0
[MOVE_SUB_A] [08:54:34] STATS ticks=1983074 symbols=63 pos=no daily_pnl=+0 drops=0
[MOVE_SUB_A] [08:55:34] STATS ticks=1992391 symbols=63 pos=no daily_pnl=+0 drops=0
[MOVE_SUB_A] [08:56:34] STATS ticks=2000179 symbols=63 pos=no daily_pnl=+0 drops=0
[MOVE_SUB_A] [08:57:34] STATS ticks=2008499 symbols=63 pos=no daily_pnl=+0 drops=0
[MOVE_SUB_A] [08:57:49] new symbol CHNR — detector + movement_strike instantiated
[MOVE_SUB_A] [08:58:19] new symbol SPRO — detector + movement_strike instantiated
[MOVE_SUB_A] [08:58:34] STATS ticks=2015184 symbols=65 pos=no daily_pnl=+0 drops=0
[MOVE_SUB_A] [08:59:34] STATS ticks=2022144 symbols=65 pos=no daily_pnl=+0 drops=0
[MOVE_SUB_A] [09:00:34] STATS ticks=2030880 symbols=65 pos=no daily_pnl=+0 drops=0
[MOVE_SUB_A] [09:01:34] STATS ticks=2038624 symbols=65 pos=no daily_pnl=+0 drops=0
[MOVE_SUB_A] [09:02:34] STATS ticks=2043596 symbols=65 pos=no daily_pnl=+0 drops=0
[MOVE_SUB_A] [09:02:46] new symbol LUD — detector + movement_strike instantiated
[MOVE_SUB_A] [09:03:34] STATS ticks=2047942 symbols=66 pos=no daily_pnl=+0 drops=0
[MOVE_SUB_A] [09:04:34] STATS ticks=2052394 symbols=66 pos=no daily_pnl=+0 drops=0
[MOVE_SUB_A] [09:05:34] STATS ticks=2057534 symbols=66 pos=no daily_pnl=+0 drops=0
[MOVE_SUB_A] [09:06:34] STATS ticks=2061708 symbols=66 pos=no daily_pnl=+0 drops=0
[MOVE_SUB_A] [09:07:35] STATS ticks=2064768 symbols=66 pos=no daily_pnl=+0 drops=0
[MOVE_SUB_A] [09:08:22] new symbol CNTN — detector + movement_strike instantiated
[MOVE_SUB_A] [09:08:35] STATS ticks=2071807 symbols=67 pos=no daily_pnl=+0 drops=0
[MOVE_SUB_A] [09:09:05] new symbol NVNI — detector + movement_strike instantiated
[MOVE_SUB_A] [09:09:35] STATS ticks=2075258 symbols=68 pos=no daily_pnl=+0 drops=0
[MOVE_SUB_A] [09:10:35] STATS ticks=2081158 symbols=68 pos=no daily_pnl=+0 drops=0
[MOVE_SUB_A] [09:11:35] STATS ticks=2095948 symbols=68 pos=no daily_pnl=+0 drops=0
[MOVE_SUB_A] [09:12:35] STATS ticks=2104007 symbols=68 pos=no daily_pnl=+0 drops=0
[MOVE_SUB_A] [09:13:18] new symbol RETO — detector + movement_strike instantiated
[MOVE_SUB_A] [09:13:35] STATS ticks=2120843 symbols=69 pos=no daily_pnl=+0 drops=0
[MOVE_SUB_A] [09:14:35] STATS ticks=2135731 symbols=69 pos=no daily_pnl=+0 drops=0
[MOVE_SUB_A] [09:15:35] STATS ticks=2145021 symbols=69 pos=no daily_pnl=+0 drops=0
[MOVE_SUB_A] [09:16:35] STATS ticks=2157608 symbols=69 pos=no daily_pnl=+0 drops=0
[MOVE_SUB_A] [09:17:35] STATS ticks=2168870 symbols=69 pos=no daily_pnl=+0 drops=0
[MOVE_SUB_A] [09:18:36] STATS ticks=2181199 symbols=69 pos=no daily_pnl=+0 drops=0
[MOVE_SUB_A] [09:19:36] STATS ticks=2195888 symbols=69 pos=no daily_pnl=+0 drops=0
[MOVE_SUB_A] [09:20:36] STATS ticks=2206105 symbols=69 pos=no daily_pnl=+0 drops=0
[MOVE_SUB_A] [09:21:36] STATS ticks=2216568 symbols=69 pos=no daily_pnl=+0 drops=0
[MOVE_SUB_A] [09:22:36] STATS ticks=2227135 symbols=69 pos=no daily_pnl=+0 drops=0
[MOVE_SUB_A] [09:23:36] STATS ticks=2233513 symbols=69 pos=no daily_pnl=+0 drops=0
[MOVE_SUB_A] [09:24:36] STATS ticks=2240317 symbols=69 pos=no daily_pnl=+0 drops=0
[MOVE_SUB_A] [09:25:36] STATS ticks=2246215 symbols=69 pos=no daily_pnl=+0 drops=0
[MOVE_SUB_A] [09:26:36] STATS ticks=2252677 symbols=69 pos=no daily_pnl=+0 drops=0
[MOVE_SUB_A] [09:27:36] STATS ticks=2259248 symbols=69 pos=no daily_pnl=+0 drops=0
[MOVE_SUB_A] [09:28:19] new symbol ARTV — detector + movement_strike instantiated
[MOVE_SUB_A] [09:28:37] STATS ticks=2264398 symbols=70 pos=no daily_pnl=+0 drops=0
[MOVE_SUB_A] [09:29:37] STATS ticks=2272466 symbols=70 pos=no daily_pnl=+0 drops=0
[MOVE_SUB_A] [09:30:37] STATS ticks=2293544 symbols=70 pos=no daily_pnl=+0 drops=0
[MOVE_SUB_A] [09:31:37] STATS ticks=2303350 symbols=70 pos=no daily_pnl=+0 drops=0
[MOVE_SUB_A] [09:32:37] STATS ticks=2305412 symbols=70 pos=no daily_pnl=+0 drops=0
[MOVE_SUB_A] [09:33:00] new symbol YB — detector + movement_strike instantiated
[MOVE_SUB_A] [09:33:03] new symbol PLBL — detector + movement_strike instantiated
[MOVE_SUB_A] [09:33:12] new symbol PCSA — detector + movement_strike instantiated
[MOVE_SUB_A] [09:33:15] new symbol GOAI — detector + movement_strike instantiated
[MOVE_SUB_A] [09:33:37] STATS ticks=2307060 symbols=74 pos=no daily_pnl=+0 drops=0
[MOVE_SUB_A] [09:34:37] STATS ticks=2315702 symbols=74 pos=no daily_pnl=+0 drops=0
[MOVE_SUB_A] [09:35:37] STATS ticks=2326479 symbols=74 pos=no daily_pnl=+0 drops=0
[MOVE_SUB_A] [09:36:38] STATS ticks=2346994 symbols=74 pos=no daily_pnl=+0 drops=0
[MOVE_SUB_A] [09:37:38] STATS ticks=2366988 symbols=74 pos=no daily_pnl=+0 drops=0
[MOVE_SUB_A] [09:37:48] new symbol MTEN — detector + movement_strike instantiated
[MOVE_SUB_A] [09:38:14] new symbol SDOT — detector + movement_strike instantiated
[MOVE_SUB_A] [09:38:34] new symbol HODU — detector + movement_strike instantiated
[MOVE_SUB_A] [09:38:38] STATS ticks=2377722 symbols=77 pos=no daily_pnl=+0 drops=0
[MOVE_SUB_A] [09:39:39] STATS ticks=2386176 symbols=77 pos=no daily_pnl=+0 drops=0
[MOVE_SUB_A] [09:40:39] STATS ticks=2400388 symbols=77 pos=no daily_pnl=+0 drops=0
[MOVE_SUB_A] [09:41:40] STATS ticks=2410946 symbols=77 pos=no daily_pnl=+0 drops=0
[MOVE_SUB_A] [09:42:40] STATS ticks=2418891 symbols=77 pos=no daily_pnl=+0 drops=0
[MOVE_SUB_A] [09:43:03] new symbol AXTU — detector + movement_strike instantiated
[MOVE_SUB_A] [09:43:12] new symbol MSC — detector + movement_strike instantiated
[MOVE_SUB_A] [09:43:23] new symbol DKI — detector + movement_strike instantiated
[MOVE_SUB_A] [09:43:40] STATS ticks=2442489 symbols=80 pos=no daily_pnl=+0 drops=0
[MOVE_SUB_A] [09:44:42] STATS ticks=2453825 symbols=80 pos=no daily_pnl=+0 drops=0
[MOVE_SUB_A] [09:45:42] STATS ticks=2464859 symbols=80 pos=no daily_pnl=+0 drops=0
[MOVE_SUB_A] [09:46:42] STATS ticks=2471862 symbols=80 pos=no daily_pnl=+0 drops=0
[MOVE_SUB_A] [09:47:42] STATS ticks=2478568 symbols=80 pos=no daily_pnl=+0 drops=0
[MOVE_SUB_A] [09:48:21] new symbol RNAC — detector + movement_strike instantiated
[MOVE_SUB_A] [09:48:23] new symbol RXT — detector + movement_strike instantiated
[MOVE_SUB_A] [09:48:32] new symbol CBRG — detector + movement_strike instantiated
[MOVE_SUB_A] [09:48:42] STATS ticks=2488537 symbols=83 pos=no daily_pnl=+0 drops=0
[MOVE_SUB_A] [09:48:53] new symbol AXTX — detector + movement_strike instantiated
[MOVE_SUB_A] [09:49:05] new symbol ROBN — detector + movement_strike instantiated
[MOVE_SUB_A] [09:49:07] new symbol OCC — detector + movement_strike instantiated
[MOVE_SUB_A] [09:49:15] new symbol HYLN — detector + movement_strike instantiated
[MOVE_SUB_A] [09:49:19] new symbol STI — detector + movement_strike instantiated
[MOVE_SUB_A] [09:49:23] new symbol RGTX — detector + movement_strike instantiated
[MOVE_SUB_A] [09:49:25] new symbol QBTX — detector + movement_strike instantiated
[MOVE_SUB_A] [09:49:27] new symbol AMPG — detector + movement_strike instantiated
[MOVE_SUB_A] [09:49:29] new symbol SG — detector + movement_strike instantiated
[MOVE_SUB_A] [09:49:31] new symbol SIDU — detector + movement_strike instantiated
[MOVE_SUB_A] [09:49:33] new symbol FLNC — detector + movement_strike instantiated
[MOVE_SUB_A] [09:49:35] new symbol IRE — detector + movement_strike instantiated
[MOVE_SUB_A] [09:49:42] STATS ticks=2496826 symbols=95 pos=no daily_pnl=+0 drops=0
[MOVE_SUB_A] [09:50:43] STATS ticks=2505850 symbols=95 pos=no daily_pnl=+0 drops=0
[MOVE_SUB_A] [09:51:43] STATS ticks=2525753 symbols=95 pos=no daily_pnl=+0 drops=0
[MOVE_SUB_A] [09:52:43] STATS ticks=2527490 symbols=95 pos=no daily_pnl=+0 drops=0
[MOVE_SUB_A] [09:53:43] STATS ticks=2528904 symbols=95 pos=no daily_pnl=+0 drops=0
[MOVE_SUB_A] [09:54:43] STATS ticks=2530192 symbols=95 pos=no daily_pnl=+0 drops=0
[MOVE_SUB_A] [09:55:43] STATS ticks=2531826 symbols=95 pos=no daily_pnl=+0 drops=0
[MOVE_SUB_A] [09:56:43] STATS ticks=2533261 symbols=95 pos=no daily_pnl=+0 drops=0
[MOVE_SUB_A] [09:57:43] STATS ticks=2534936 symbols=95 pos=no daily_pnl=+0 drops=0
[MOVE_SUB_A] [09:58:26] new symbol LMNX — detector + movement_strike instantiated
[MOVE_SUB_A] [09:58:43] STATS ticks=2536667 symbols=96 pos=no daily_pnl=+0 drops=0
[MOVE_SUB_A] [09:59:43] STATS ticks=2542607 symbols=96 pos=no daily_pnl=+0 drops=0
[MOVE_SUB_A] [10:00:44] STATS ticks=2544258 symbols=96 pos=no daily_pnl=+0 drops=0
[MOVE_SUB_A] [10:01:44] STATS ticks=2548789 symbols=96 pos=no daily_pnl=+0 drops=0
[MOVE_SUB_A] [10:02:44] STATS ticks=2559895 symbols=96 pos=no daily_pnl=+0 drops=0
[MOVE_SUB_A] [10:03:44] STATS ticks=2566671 symbols=96 pos=no daily_pnl=+0 drops=0
[MOVE_SUB_A] [10:04:29] new symbol EH — detector + movement_strike instantiated
[MOVE_SUB_A] [10:04:33] new symbol BULL — detector + movement_strike instantiated
[MOVE_SUB_A] [10:04:37] new symbol OPEN — detector + movement_strike instantiated
[MOVE_SUB_A] [10:04:39] new symbol ALTO — detector + movement_strike instantiated
[MOVE_SUB_A] [10:04:45] STATS ticks=2574314 symbols=100 pos=no daily_pnl=+0 drops=0
[MOVE_SUB_A] [10:05:45] STATS ticks=2584229 symbols=100 pos=no daily_pnl=+0 drops=0
[MOVE_SUB_A] [10:06:45] STATS ticks=2590983 symbols=100 pos=no daily_pnl=+0 drops=0
[MOVE_SUB_A] [10:07:45] STATS ticks=2597912 symbols=100 pos=no daily_pnl=+0 drops=0
[MOVE_SUB_A] [10:08:45] STATS ticks=2603624 symbols=100 pos=no daily_pnl=+0 drops=0
[MOVE_SUB_A] [10:09:45] STATS ticks=2611339 symbols=100 pos=no daily_pnl=+0 drops=0
[MOVE_SUB_A] [10:10:45] STATS ticks=2621714 symbols=100 pos=no daily_pnl=+0 drops=0
[MOVE_SUB_A] [10:11:46] STATS ticks=2629601 symbols=100 pos=no daily_pnl=+0 drops=0
[MOVE_SUB_A] [10:12:46] STATS ticks=2635898 symbols=100 pos=no daily_pnl=+0 drops=0
[MOVE_SUB_A] [10:13:35] new symbol OPEX — detector + movement_strike instantiated
[MOVE_SUB_A] [10:13:46] STATS ticks=2640103 symbols=101 pos=no daily_pnl=+0 drops=0
[MOVE_SUB_A] [10:14:46] STATS ticks=2643519 symbols=101 pos=no daily_pnl=+0 drops=0
[MOVE_SUB_A] [10:15:46] STATS ticks=2647571 symbols=101 pos=no daily_pnl=+0 drops=0
[MOVE_SUB_A] [10:16:46] STATS ticks=2655411 symbols=101 pos=no daily_pnl=+0 drops=0
[MOVE_SUB_A] [10:17:46] STATS ticks=2671125 symbols=101 pos=no daily_pnl=+0 drops=0
[MOVE_SUB_A] [10:18:30] new symbol WFF — detector + movement_strike instantiated
[MOVE_SUB_A] [10:18:46] STATS ticks=2690092 symbols=102 pos=no daily_pnl=+0 drops=0
[MOVE_SUB_A] [10:19:39] new symbol ADMA — detector + movement_strike instantiated
[MOVE_SUB_A] [10:19:43] new symbol ALOY — detector + movement_strike instantiated
[MOVE_SUB_A] [10:19:46] STATS ticks=2708454 symbols=104 pos=no daily_pnl=+0 drops=0
[MOVE_SUB_A] [10:20:46] STATS ticks=2718023 symbols=104 pos=no daily_pnl=+0 drops=0
[MOVE_SUB_A] [10:21:46] STATS ticks=2731036 symbols=104 pos=no daily_pnl=+0 drops=0
[MOVE_SUB_A] [10:22:48] STATS ticks=2740366 symbols=104 pos=no daily_pnl=+0 drops=0
[MOVE_SUB_A] [10:23:48] STATS ticks=2747299 symbols=104 pos=no daily_pnl=+0 drops=0
[MOVE_SUB_A] [10:24:48] STATS ticks=2759057 symbols=104 pos=no daily_pnl=+0 drops=0
[MOVE_SUB_A] [10:25:48] STATS ticks=2773168 symbols=104 pos=no daily_pnl=+0 drops=0
[MOVE_SUB_A] [10:26:48] STATS ticks=2782904 symbols=104 pos=no daily_pnl=+0 drops=0
[MOVE_SUB_A] [10:27:48] STATS ticks=2791088 symbols=104 pos=no daily_pnl=+0 drops=0
[MOVE_SUB_A] [10:28:48] STATS ticks=2802487 symbols=104 pos=no daily_pnl=+0 drops=0
[MOVE_SUB_A] [10:29:48] STATS ticks=2809941 symbols=104 pos=no daily_pnl=+0 drops=0
[MOVE_SUB_A] [10:30:49] STATS ticks=2817840 symbols=104 pos=no daily_pnl=+0 drops=0
[MOVE_SUB_A] [10:31:49] STATS ticks=2823260 symbols=104 pos=no daily_pnl=+0 drops=0
[MOVE_SUB_A] [10:32:49] STATS ticks=2827920 symbols=104 pos=no daily_pnl=+0 drops=0
[MOVE_SUB_A] [10:33:49] STATS ticks=2833366 symbols=104 pos=no daily_pnl=+0 drops=0
[MOVE_SUB_A] [10:34:20] new symbol ENHA — detector + movement_strike instantiated
[MOVE_SUB_A] [10:34:41] new symbol POEL — detector + movement_strike instantiated
[MOVE_SUB_A] [10:34:43] new symbol SNXX — detector + movement_strike instantiated
[MOVE_SUB_A] [10:34:49] STATS ticks=2838681 symbols=107 pos=no daily_pnl=+0 drops=0
[MOVE_SUB_A] [10:35:49] STATS ticks=2845305 symbols=107 pos=no daily_pnl=+0 drops=0
[MOVE_SUB_A] [10:36:49] STATS ticks=2853288 symbols=107 pos=no daily_pnl=+0 drops=0
[MOVE_SUB_A] [10:37:49] STATS ticks=2858566 symbols=107 pos=no daily_pnl=+0 drops=0
[MOVE_SUB_A] [10:38:49] STATS ticks=2863391 symbols=107 pos=no daily_pnl=+0 drops=0
[MOVE_SUB_A] [10:39:50] STATS ticks=2867345 symbols=107 pos=no daily_pnl=+0 drops=0
[MOVE_SUB_A] [10:40:50] STATS ticks=2871910 symbols=107 pos=no daily_pnl=+0 drops=0
[MOVE_SUB_A] [10:41:50] STATS ticks=2876607 symbols=107 pos=no daily_pnl=+0 drops=0
[MOVE_SUB_A] [10:42:50] STATS ticks=2880235 symbols=107 pos=no daily_pnl=+0 drops=0
[MOVE_SUB_A] [10:43:28] new symbol AMPG.RT.A — detector + movement_strike instantiated
[MOVE_SUB_A] [10:43:50] STATS ticks=2883583 symbols=108 pos=no daily_pnl=+0 drops=0
[MOVE_SUB_A] [10:44:50] STATS ticks=2887046 symbols=108 pos=no daily_pnl=+0 drops=0
[MOVE_SUB_A] [10:45:50] STATS ticks=2891281 symbols=108 pos=no daily_pnl=+0 drops=0
[MOVE_SUB_A] [10:46:50] STATS ticks=2896913 symbols=108 pos=no daily_pnl=+0 drops=0
[MOVE_SUB_A] [10:47:50] STATS ticks=2899939 symbols=108 pos=no daily_pnl=+0 drops=0
[MOVE_SUB_A] [10:48:50] STATS ticks=2903513 symbols=108 pos=no daily_pnl=+0 drops=0
[MOVE_SUB_A] [10:49:42] new symbol PLAY — detector + movement_strike instantiated
[MOVE_SUB_A] [10:49:46] new symbol WTI — detector + movement_strike instantiated
[MOVE_SUB_A] [10:49:50] STATS ticks=2906725 symbols=110 pos=no daily_pnl=+0 drops=0
[MOVE_SUB_A] [10:50:50] STATS ticks=2913614 symbols=110 pos=no daily_pnl=+0 drops=0
[MOVE_SUB_A] [10:51:51] STATS ticks=2925023 symbols=110 pos=no daily_pnl=+0 drops=0
[MOVE_SUB_A] [10:52:51] STATS ticks=2929947 symbols=110 pos=no daily_pnl=+0 drops=0
[MOVE_SUB_A] [10:53:48] new symbol LICN — detector + movement_strike instantiated
[MOVE_SUB_A] [10:53:51] STATS ticks=2934809 symbols=111 pos=no daily_pnl=+0 drops=0
[MOVE_SUB_A] [10:54:51] STATS ticks=2938477 symbols=111 pos=no daily_pnl=+0 drops=0
[MOVE_SUB_A] [10:55:51] STATS ticks=2943520 symbols=111 pos=no daily_pnl=+0 drops=0
[MOVE_SUB_A] [10:56:51] STATS ticks=2946462 symbols=111 pos=no daily_pnl=+0 drops=0
[MOVE_SUB_A] [10:57:51] STATS ticks=2948981 symbols=111 pos=no daily_pnl=+0 drops=0
[MOVE_SUB_A] [10:58:51] STATS ticks=2952493 symbols=111 pos=no daily_pnl=+0 drops=0
[MOVE_SUB_A] [10:59:51] STATS ticks=2957059 symbols=111 pos=no daily_pnl=+0 drops=0
[MOVE_SUB_A] [11:00:51] STATS ticks=2960106 symbols=111 pos=no daily_pnl=+0 drops=0
[MOVE_SUB_A] [11:01:52] STATS ticks=2964057 symbols=111 pos=no daily_pnl=+0 drops=0
[MOVE_SUB_A] [11:02:52] STATS ticks=2968905 symbols=111 pos=no daily_pnl=+0 drops=0
[MOVE_SUB_A] [11:03:45] new symbol UBXG — detector + movement_strike instantiated
[MOVE_SUB_A] [11:03:52] STATS ticks=2971595 symbols=112 pos=no daily_pnl=+0 drops=0
[MOVE_SUB_A] [11:04:34] new symbol HOOG — detector + movement_strike instantiated
[MOVE_SUB_A] [11:04:53] STATS ticks=2973700 symbols=113 pos=no daily_pnl=+0 drops=0
[MOVE_SUB_A] [11:05:53] STATS ticks=2976012 symbols=113 pos=no daily_pnl=+0 drops=0
[MOVE_SUB_A] [11:06:53] STATS ticks=2980358 symbols=113 pos=no daily_pnl=+0 drops=0
[MOVE_SUB_A] [11:07:53] STATS ticks=2983660 symbols=113 pos=no daily_pnl=+0 drops=0
[MOVE_SUB_A] [11:08:05] new symbol KMRK — detector + movement_strike instantiated
[MOVE_SUB_A] [11:08:53] STATS ticks=2986696 symbols=114 pos=no daily_pnl=+0 drops=0
[MOVE_SUB_A] [11:09:53] STATS ticks=2989001 symbols=114 pos=no daily_pnl=+0 drops=0
[MOVE_SUB_A] [11:10:53] STATS ticks=2991575 symbols=114 pos=no daily_pnl=+0 drops=0
[MOVE_SUB_A] [11:11:53] STATS ticks=2994903 symbols=114 pos=no daily_pnl=+0 drops=0
[MOVE_SUB_A] [11:12:53] STATS ticks=3000848 symbols=114 pos=no daily_pnl=+0 drops=0
[MOVE_SUB_A] [11:13:42] new symbol LGCL — detector + movement_strike instantiated
[MOVE_SUB_A] [11:13:48] new symbol CAMP — detector + movement_strike instantiated
[MOVE_SUB_A] [11:13:54] STATS ticks=3002380 symbols=116 pos=no daily_pnl=+0 drops=0
[MOVE_SUB_A] [11:14:54] STATS ticks=3004083 symbols=116 pos=no daily_pnl=+0 drops=0
[MOVE_SUB_A] [11:15:55] STATS ticks=3005694 symbols=116 pos=no daily_pnl=+0 drops=0
[MOVE_SUB_A] [11:16:55] STATS ticks=3007012 symbols=116 pos=no daily_pnl=+0 drops=0
[MOVE_SUB_A] [11:17:55] STATS ticks=3012558 symbols=116 pos=no daily_pnl=+0 drops=0
[MOVE_SUB_A] [11:18:55] STATS ticks=3019794 symbols=116 pos=no daily_pnl=+0 drops=0
[MOVE_SUB_A] [11:19:55] STATS ticks=3024685 symbols=116 pos=no daily_pnl=+0 drops=0
[MOVE_SUB_A] [11:20:56] STATS ticks=3030498 symbols=116 pos=no daily_pnl=+0 drops=0
[MOVE_SUB_A] [11:21:56] STATS ticks=3034340 symbols=116 pos=no daily_pnl=+0 drops=0
[MOVE_SUB_A] [11:22:56] STATS ticks=3037852 symbols=116 pos=no daily_pnl=+0 drops=0
[MOVE_SUB_A] [11:23:56] STATS ticks=3041739 symbols=116 pos=no daily_pnl=+0 drops=0
[MOVE_SUB_A] [11:24:56] STATS ticks=3043758 symbols=116 pos=no daily_pnl=+0 drops=0
[MOVE_SUB_A] [11:25:56] STATS ticks=3046015 symbols=116 pos=no daily_pnl=+0 drops=0
[MOVE_SUB_A] [11:26:56] STATS ticks=3048202 symbols=116 pos=no daily_pnl=+0 drops=0
[MOVE_SUB_A] [11:27:56] STATS ticks=3050400 symbols=116 pos=no daily_pnl=+0 drops=0
[MOVE_SUB_A] [11:28:50] new symbol TGL — detector + movement_strike instantiated
[MOVE_SUB_A] [11:28:56] STATS ticks=3051995 symbols=117 pos=no daily_pnl=+0 drops=0
[MOVE_SUB_A] [11:29:56] STATS ticks=3054059 symbols=117 pos=no daily_pnl=+0 drops=0
[MOVE_SUB_A] [11:30:56] STATS ticks=3055894 symbols=117 pos=no daily_pnl=+0 drops=0
[MOVE_SUB_A] [11:31:56] STATS ticks=3058896 symbols=117 pos=no daily_pnl=+0 drops=0
[MOVE_SUB_A] [11:32:56] STATS ticks=3069226 symbols=117 pos=no daily_pnl=+0 drops=0
[MOVE_SUB_A] [11:33:56] STATS ticks=3077794 symbols=117 pos=no daily_pnl=+0 drops=0
[MOVE_SUB_A] [11:34:53] new symbol VELO — detector + movement_strike instantiated
[MOVE_SUB_A] [11:34:56] STATS ticks=3084020 symbols=118 pos=no daily_pnl=+0 drops=0
[MOVE_SUB_A] [11:35:57] STATS ticks=3089936 symbols=118 pos=no daily_pnl=+0 drops=0
[MOVE_SUB_A] [11:36:57] STATS ticks=3096820 symbols=118 pos=no daily_pnl=+0 drops=0
[MOVE_SUB_A] [11:37:57] STATS ticks=3098815 symbols=118 pos=no daily_pnl=+0 drops=0
[MOVE_SUB_A] [11:38:12] new symbol RAY — detector + movement_strike instantiated
[MOVE_SUB_A] [11:38:28] new symbol SFHG — detector + movement_strike instantiated
[MOVE_SUB_A] [11:38:57] STATS ticks=3100412 symbols=120 pos=no daily_pnl=+0 drops=0
[MOVE_SUB_A] [11:39:57] STATS ticks=3102223 symbols=120 pos=no daily_pnl=+0 drops=0
[MOVE_SUB_A] [11:40:57] STATS ticks=3105545 symbols=120 pos=no daily_pnl=+0 drops=0
[MOVE_SUB_A] [11:41:58] STATS ticks=3110199 symbols=120 pos=no daily_pnl=+0 drops=0
[MOVE_SUB_A] [11:42:58] STATS ticks=3118714 symbols=120 pos=no daily_pnl=+0 drops=0
[MOVE_SUB_A] [11:43:58] STATS ticks=3127509 symbols=120 pos=no daily_pnl=+0 drops=0
[MOVE_SUB_A] [11:44:58] STATS ticks=3134145 symbols=120 pos=no daily_pnl=+0 drops=0
[MOVE_SUB_A] [11:45:58] STATS ticks=3139695 symbols=120 pos=no daily_pnl=+0 drops=0
[MOVE_SUB_A] [11:46:58] STATS ticks=3144134 symbols=120 pos=no daily_pnl=+0 drops=0
[MOVE_SUB_A] [11:47:58] STATS ticks=3149542 symbols=120 pos=no daily_pnl=+0 drops=0
[MOVE_SUB_A] [11:48:58] STATS ticks=3154053 symbols=120 pos=no daily_pnl=+0 drops=0
[MOVE_SUB_A] [11:49:58] STATS ticks=3158526 symbols=120 pos=no daily_pnl=+0 drops=0
[MOVE_SUB_A] [11:50:58] STATS ticks=3164225 symbols=120 pos=no daily_pnl=+0 drops=0
[MOVE_SUB_A] [11:51:58] STATS ticks=3169543 symbols=120 pos=no daily_pnl=+0 drops=0
[MOVE_SUB_A] [11:52:59] STATS ticks=3173555 symbols=120 pos=no daily_pnl=+0 drops=0
[MOVE_SUB_A] [11:53:59] STATS ticks=3177081 symbols=120 pos=no daily_pnl=+0 drops=0
[MOVE_SUB_A] [11:55:00] STATS ticks=3179991 symbols=120 pos=no daily_pnl=+0 drops=0
[MOVE_SUB_A] [11:56:00] STATS ticks=3182213 symbols=120 pos=no daily_pnl=+0 drops=0
[MOVE_SUB_A] [11:57:00] STATS ticks=3185086 symbols=120 pos=no daily_pnl=+0 drops=0
[MOVE_SUB_A] [11:58:00] STATS ticks=3186876 symbols=120 pos=no daily_pnl=+0 drops=0
[MOVE_SUB_A] [11:59:00] STATS ticks=3188710 symbols=120 pos=no daily_pnl=+0 drops=0
[MOVE_SUB_A] [12:00:00] STATS ticks=3190776 symbols=120 pos=no daily_pnl=+0 drops=0
[MOVE_SUB_A] [12:01:00] STATS ticks=3192705 symbols=120 pos=no daily_pnl=+0 drops=0
[MOVE_SUB_A] [12:02:00] STATS ticks=3196621 symbols=120 pos=no daily_pnl=+0 drops=0
[MOVE_SUB_A] [12:03:00] STATS ticks=3200041 symbols=120 pos=no daily_pnl=+0 drops=0
[MOVE_SUB_A] [12:03:36] new symbol FLYE — detector + movement_strike instantiated
[MOVE_SUB_A] [12:03:53] new symbol CRE — detector + movement_strike instantiated
[MOVE_SUB_A] [12:04:00] STATS ticks=3204044 symbols=122 pos=no daily_pnl=+0 drops=0
[MOVE_SUB_A] [12:05:00] STATS ticks=3209710 symbols=122 pos=no daily_pnl=+0 drops=0
[MOVE_SUB_A] [12:06:02] STATS ticks=3214953 symbols=122 pos=no daily_pnl=+0 drops=0
[MOVE_SUB_A] [12:07:03] STATS ticks=3218202 symbols=122 pos=no daily_pnl=+0 drops=0
[MOVE_SUB_A] [12:08:03] STATS ticks=3222895 symbols=122 pos=no daily_pnl=+0 drops=0
[MOVE_SUB_A] [12:08:50] new symbol SORA — detector + movement_strike instantiated
[MOVE_SUB_A] [12:09:03] STATS ticks=3227814 symbols=123 pos=no daily_pnl=+0 drops=0
[MOVE_SUB_A] [12:10:03] STATS ticks=3230761 symbols=123 pos=no daily_pnl=+0 drops=0
[MOVE_SUB_A] [12:11:03] STATS ticks=3233615 symbols=123 pos=no daily_pnl=+0 drops=0
[MOVE_SUB_A] [12:12:03] STATS ticks=3236419 symbols=123 pos=no daily_pnl=+0 drops=0
[MOVE_SUB_A] [12:13:04] STATS ticks=3238587 symbols=123 pos=no daily_pnl=+0 drops=0
[MOVE_SUB_A] [12:14:04] STATS ticks=3241612 symbols=123 pos=no daily_pnl=+0 drops=0
[MOVE_SUB_A] [12:15:04] STATS ticks=3244252 symbols=123 pos=no daily_pnl=+0 drops=0
[MOVE_SUB_A] [12:16:04] STATS ticks=3246541 symbols=123 pos=no daily_pnl=+0 drops=0
[MOVE_SUB_A] [12:17:04] STATS ticks=3249094 symbols=123 pos=no daily_pnl=+0 drops=0
[MOVE_SUB_A] [12:18:04] STATS ticks=3251841 symbols=123 pos=no daily_pnl=+0 drops=0
[MOVE_SUB_A] [12:19:04] STATS ticks=3254224 symbols=123 pos=no daily_pnl=+0 drops=0
[MOVE_SUB_A] [12:20:04] STATS ticks=3256211 symbols=123 pos=no daily_pnl=+0 drops=0
[MOVE_SUB_A] [12:21:04] STATS ticks=3258838 symbols=123 pos=no daily_pnl=+0 drops=0
[MOVE_SUB_A] [12:22:05] STATS ticks=3260964 symbols=123 pos=no daily_pnl=+0 drops=0
[MOVE_SUB_A] [12:23:05] STATS ticks=3263197 symbols=123 pos=no daily_pnl=+0 drops=0
[MOVE_SUB_A] [12:23:16] new symbol BATL — detector + movement_strike instantiated
[MOVE_SUB_A] [12:24:05] STATS ticks=3264643 symbols=124 pos=no daily_pnl=+0 drops=0
[MOVE_SUB_A] [12:25:05] STATS ticks=3266645 symbols=124 pos=no daily_pnl=+0 drops=0
[MOVE_SUB_A] [12:26:06] STATS ticks=3269182 symbols=124 pos=no daily_pnl=+0 drops=0
[MOVE_SUB_A] [12:27:06] STATS ticks=3272110 symbols=124 pos=no daily_pnl=+0 drops=0
[MOVE_SUB_A] [12:28:06] STATS ticks=3274147 symbols=124 pos=no daily_pnl=+0 drops=0
[MOVE_SUB_A] [12:29:06] STATS ticks=3276309 symbols=124 pos=no daily_pnl=+0 drops=0
[MOVE_SUB_A] [12:30:06] STATS ticks=3278210 symbols=124 pos=no daily_pnl=+0 drops=0
[MOVE_SUB_A] [12:31:06] STATS ticks=3279955 symbols=124 pos=no daily_pnl=+0 drops=0
[MOVE_SUB_A] [12:32:06] STATS ticks=3281719 symbols=124 pos=no daily_pnl=+0 drops=0
[MOVE_SUB_A] [12:33:06] STATS ticks=3283219 symbols=124 pos=no daily_pnl=+0 drops=0
[MOVE_SUB_A] [12:33:24] new symbol SKYQ — detector + movement_strike instantiated
[MOVE_SUB_A] [12:34:06] STATS ticks=3284781 symbols=125 pos=no daily_pnl=+0 drops=0
[MOVE_SUB_A] [12:34:52] new symbol GMRS — detector + movement_strike instantiated
[MOVE_SUB_A] [12:34:58] new symbol INDO — detector + movement_strike instantiated
[MOVE_SUB_A] [12:35:06] STATS ticks=3286402 symbols=127 pos=no daily_pnl=+0 drops=0
[MOVE_SUB_A] [12:36:07] STATS ticks=3287954 symbols=127 pos=no daily_pnl=+0 drops=0
[MOVE_SUB_A] [12:37:07] STATS ticks=3289317 symbols=127 pos=no daily_pnl=+0 drops=0
[MOVE_SUB_A] [12:38:07] STATS ticks=3290446 symbols=127 pos=no daily_pnl=+0 drops=0
[MOVE_SUB_A] [12:39:07] STATS ticks=3291630 symbols=127 pos=no daily_pnl=+0 drops=0
[MOVE_SUB_A] [12:40:07] STATS ticks=3292998 symbols=127 pos=no daily_pnl=+0 drops=0
[MOVE_SUB_A] [12:41:07] STATS ticks=3294288 symbols=127 pos=no daily_pnl=+0 drops=0
[MOVE_SUB_A] [12:42:07] STATS ticks=3296058 symbols=127 pos=no daily_pnl=+0 drops=0
[MOVE_SUB_A] [12:43:08] STATS ticks=3297691 symbols=127 pos=no daily_pnl=+0 drops=0
[MOVE_SUB_A] [12:44:08] STATS ticks=3299644 symbols=127 pos=no daily_pnl=+0 drops=0
[MOVE_SUB_A] [12:45:08] STATS ticks=3301311 symbols=127 pos=no daily_pnl=+0 drops=0
[MOVE_SUB_A] [12:46:08] STATS ticks=3302563 symbols=127 pos=no daily_pnl=+0 drops=0
[MOVE_SUB_A] [12:47:08] STATS ticks=3304301 symbols=127 pos=no daily_pnl=+0 drops=0
[MOVE_SUB_A] [12:48:08] STATS ticks=3305682 symbols=127 pos=no daily_pnl=+0 drops=0
[MOVE_SUB_A] [12:49:08] STATS ticks=3306875 symbols=127 pos=no daily_pnl=+0 drops=0
[MOVE_SUB_A] [12:49:48] new symbol ANNA — detector + movement_strike instantiated
[MOVE_SUB_A] [12:49:58] new symbol GLND — detector + movement_strike instantiated
[MOVE_SUB_A] [12:50:09] STATS ticks=3308047 symbols=129 pos=no daily_pnl=+0 drops=0
[MOVE_SUB_A] [12:51:09] STATS ticks=3309101 symbols=129 pos=no daily_pnl=+0 drops=0
[MOVE_SUB_A] [12:52:09] STATS ticks=3309988 symbols=129 pos=no daily_pnl=+0 drops=0
[MOVE_SUB_A] [12:53:09] STATS ticks=3311904 symbols=129 pos=no daily_pnl=+0 drops=0
[MOVE_SUB_A] [12:54:09] STATS ticks=3315521 symbols=129 pos=no daily_pnl=+0 drops=0
[MOVE_SUB_A] [12:55:09] STATS ticks=3320371 symbols=129 pos=no daily_pnl=+0 drops=0
[MOVE_SUB_A] [12:56:09] STATS ticks=3324019 symbols=129 pos=no daily_pnl=+0 drops=0
[MOVE_SUB_A] [12:57:09] STATS ticks=3326356 symbols=129 pos=no daily_pnl=+0 drops=0
[MOVE_SUB_A] [12:58:09] STATS ticks=3329018 symbols=129 pos=no daily_pnl=+0 drops=0
[MOVE_SUB_A] [12:59:09] STATS ticks=3331913 symbols=129 pos=no daily_pnl=+0 drops=0
[MOVE_SUB_A] [13:00:10] STATS ticks=3335548 symbols=129 pos=no daily_pnl=+0 drops=0
[MOVE_SUB_A] [13:01:10] STATS ticks=3342863 symbols=129 pos=no daily_pnl=+0 drops=0
[MOVE_SUB_A] [13:02:10] STATS ticks=3350605 symbols=129 pos=no daily_pnl=+0 drops=0
[MOVE_SUB_A] [13:03:10] STATS ticks=3359264 symbols=129 pos=no daily_pnl=+0 drops=0
[MOVE_SUB_A] [13:03:44] new symbol MLAC — detector + movement_strike instantiated
[MOVE_SUB_A] [13:04:10] STATS ticks=3368669 symbols=130 pos=no daily_pnl=+0 drops=0
[MOVE_SUB_A] [13:04:44] new symbol FRMI — detector + movement_strike instantiated
[MOVE_SUB_A] [13:05:05] new symbol OPTX — detector + movement_strike instantiated
[MOVE_SUB_A] [13:05:10] STATS ticks=3376858 symbols=132 pos=no daily_pnl=+0 drops=0
[MOVE_SUB_A] [13:06:10] STATS ticks=3382603 symbols=132 pos=no daily_pnl=+0 drops=0
[MOVE_SUB_A] [13:07:10] STATS ticks=3386799 symbols=132 pos=no daily_pnl=+0 drops=0
[MOVE_SUB_A] [13:08:11] STATS ticks=3390987 symbols=132 pos=no daily_pnl=+0 drops=0
[MOVE_SUB_A] [13:09:11] STATS ticks=3392420 symbols=132 pos=no daily_pnl=+0 drops=0
[MOVE_SUB_A] [13:10:11] STATS ticks=3393635 symbols=132 pos=no daily_pnl=+0 drops=0
[MOVE_SUB_A] [13:11:11] STATS ticks=3396954 symbols=132 pos=no daily_pnl=+0 drops=0
[MOVE_SUB_A] [13:12:11] STATS ticks=3398985 symbols=132 pos=no daily_pnl=+0 drops=0
[MOVE_SUB_A] [13:13:11] STATS ticks=3400399 symbols=132 pos=no daily_pnl=+0 drops=0
[MOVE_SUB_A] [13:14:12] STATS ticks=3405704 symbols=132 pos=no daily_pnl=+0 drops=0
[MOVE_SUB_A] [13:15:12] STATS ticks=3410105 symbols=132 pos=no daily_pnl=+0 drops=0
[MOVE_SUB_A] [13:16:13] STATS ticks=3411644 symbols=132 pos=no daily_pnl=+0 drops=0
[MOVE_SUB_A] [13:17:13] STATS ticks=3411644 symbols=132 pos=no daily_pnl=+0 drops=0
[MOVE_SUB_A] [13:18:13] STATS ticks=3411644 symbols=132 pos=no daily_pnl=+0 drops=0
[MOVE_SUB_A] socket closed by peer — reconnecting
[MOVE_SUB_A] engine socket not ready yet (ConnectionRefusedError(61, 'Connection refused')) — retrying every 2s
[MOVE_SUB_A] [13:19:00] connected to engine (/tmp/warrior_engine.sock) attempt=15
[MOVE_SUB_A] [13:19:15] STATS ticks=3411644 symbols=132 pos=no daily_pnl=+0 drops=0
[MOVE_SUB_A] [13:20:15] STATS ticks=3411644 symbols=132 pos=no daily_pnl=+0 drops=0
[MOVE_SUB_A] Alpaca PAPER connected — account=PA3700N6RNS2 equity=$32,904
[MOVE_SUB_A] starting consume loop
[MOVE_SUB_A] [14:00:29] connected to engine (/tmp/warrior_engine.sock) attempt=1
[MOVE_SUB_A] socket closed by peer — reconnecting
[MOVE_SUB_A] engine socket not ready yet (ConnectionRefusedError(61, 'Connection refused')) — retrying every 2s
[MOVE_SUB_A] [14:01:45] connected to engine (/tmp/warrior_engine.sock) attempt=17
[MOVE_SUB_A] [14:01:50] STATS ticks=0 symbols=0 pos=no daily_pnl=+0 drops=0
[MOVE_SUB_A] [14:02:50] STATS ticks=0 symbols=0 pos=no daily_pnl=+0 drops=0
[MOVE_SUB_A] [14:03:50] STATS ticks=0 symbols=0 pos=no daily_pnl=+0 drops=0
[MOVE_SUB_A] [14:04:50] STATS ticks=0 symbols=0 pos=no daily_pnl=+0 drops=0
[MOVE_SUB_A] [14:05:50] STATS ticks=0 symbols=0 pos=no daily_pnl=+0 drops=0
[MOVE_SUB_A] [14:06:50] STATS ticks=0 symbols=0 pos=no daily_pnl=+0 drops=0
[MOVE_SUB_A] [14:07:51] STATS ticks=0 symbols=0 pos=no daily_pnl=+0 drops=0
[MOVE_SUB_A] [14:08:51] STATS ticks=0 symbols=0 pos=no daily_pnl=+0 drops=0
[MOVE_SUB_A] [14:09:51] STATS ticks=0 symbols=0 pos=no daily_pnl=+0 drops=0
[MOVE_SUB_A] [14:10:51] STATS ticks=0 symbols=0 pos=no daily_pnl=+0 drops=0
[MOVE_SUB_A] socket closed by peer — reconnecting
[MOVE_SUB_A] engine socket not ready yet (ConnectionRefusedError(61, 'Connection refused')) — retrying every 2s
[MOVE_SUB_A] [14:12:00] connected to engine (/tmp/warrior_engine.sock) attempt=24
[MOVE_SUB_A] [14:12:05] STATS ticks=0 symbols=0 pos=no daily_pnl=+0 drops=0
[MOVE_SUB_A] socket closed by peer — reconnecting
[MOVE_SUB_A] engine socket not ready yet (ConnectionRefusedError(61, 'Connection refused')) — retrying every 2s
[MOVE_SUB_A] Alpaca PAPER connected — account=PA3700N6RNS2 equity=$32,904
[MOVE_SUB_A] starting consume loop
[MOVE_SUB_A] [14:13:50] connected to engine (/tmp/warrior_engine.sock) attempt=1
[MOVE_SUB_A] socket closed by peer — reconnecting
[MOVE_SUB_A] engine socket not ready yet (ConnectionRefusedError(61, 'Connection refused')) — retrying every 2s
[MOVE_SUB_A] [14:15:06] connected to engine (/tmp/warrior_engine.sock) attempt=17
[MOVE_SUB_A] [14:15:11] STATS ticks=0 symbols=0 pos=no daily_pnl=+0 drops=0
[MOVE_SUB_A] [14:16:12] STATS ticks=0 symbols=0 pos=no daily_pnl=+0 drops=0
[MOVE_SUB_A] [14:17:12] STATS ticks=0 symbols=0 pos=no daily_pnl=+0 drops=0
[MOVE_SUB_A] [14:18:12] STATS ticks=0 symbols=0 pos=no daily_pnl=+0 drops=0
[MOVE_SUB_A] [14:19:12] STATS ticks=0 symbols=0 pos=no daily_pnl=+0 drops=0
[MOVE_SUB_A] [14:20:12] STATS ticks=0 symbols=0 pos=no daily_pnl=+0 drops=0
[MOVE_SUB_A] [14:21:12] STATS ticks=0 symbols=0 pos=no daily_pnl=+0 drops=0
[MOVE_SUB_A] [14:22:12] STATS ticks=0 symbols=0 pos=no daily_pnl=+0 drops=0
[MOVE_SUB_A] [14:23:12] STATS ticks=0 symbols=0 pos=no daily_pnl=+0 drops=0
[MOVE_SUB_A] [14:24:12] STATS ticks=0 symbols=0 pos=no daily_pnl=+0 drops=0
[MOVE_SUB_A] socket closed by peer — reconnecting
[MOVE_SUB_A] engine socket not ready yet (ConnectionRefusedError(61, 'Connection refused')) — retrying every 2s
[MOVE_SUB_A] [14:25:22] connected to engine (/tmp/warrior_engine.sock) attempt=24
[MOVE_SUB_A] [14:25:27] STATS ticks=0 symbols=0 pos=no daily_pnl=+0 drops=0
[MOVE_SUB_A] [14:26:27] STATS ticks=0 symbols=0 pos=no daily_pnl=+0 drops=0
[MOVE_SUB_A] [14:27:27] STATS ticks=0 symbols=0 pos=no daily_pnl=+0 drops=0
[MOVE_SUB_A] [14:28:27] STATS ticks=0 symbols=0 pos=no daily_pnl=+0 drops=0
[MOVE_SUB_A] [14:29:27] STATS ticks=0 symbols=0 pos=no daily_pnl=+0 drops=0
[MOVE_SUB_A] [14:30:27] STATS ticks=0 symbols=0 pos=no daily_pnl=+0 drops=0
[MOVE_SUB_A] [14:31:27] STATS ticks=0 symbols=0 pos=no daily_pnl=+0 drops=0
[MOVE_SUB_A] [14:32:28] STATS ticks=0 symbols=0 pos=no daily_pnl=+0 drops=0
[MOVE_SUB_A] [14:33:28] STATS ticks=0 symbols=0 pos=no daily_pnl=+0 drops=0
[MOVE_SUB_A] [14:34:28] STATS ticks=0 symbols=0 pos=no daily_pnl=+0 drops=0
[MOVE_SUB_A] socket closed by peer — reconnecting
[MOVE_SUB_A] engine socket not ready yet (ConnectionRefusedError(61, 'Connection refused')) — retrying every 2s
[MOVE_SUB_A] [14:35:35] connected to engine (/tmp/warrior_engine.sock) attempt=30
[MOVE_SUB_A] [14:35:39] new symbol AAL — detector + movement_strike instantiated
[MOVE_SUB_A] [14:35:39] STATS ticks=1 symbols=1 pos=no daily_pnl=+0 drops=0
[MOVE_SUB_A] [14:35:41] new symbol AMPG.RT.B — detector + movement_strike instantiated
[MOVE_SUB_A] [14:35:43] new symbol AXTU — detector + movement_strike instantiated
[MOVE_SUB_A] SEED AXTU replayed 72 ticks from cache
[MOVE_SUB_A] [14:35:44] new symbol AZI — detector + movement_strike instantiated
[MOVE_SUB_A] SEED AZI replayed 225 ticks from cache
[MOVE_SUB_A] [14:35:46] new symbol BATL — detector + movement_strike instantiated
[MOVE_SUB_A] SEED BATL replayed 16 ticks from cache
[MOVE_SUB_A] [14:35:48] new symbol BGLC — detector + movement_strike instantiated
[MOVE_SUB_A] SEED BGLC replayed 49,729 ticks from cache
[MOVE_SUB_A] [14:35:49] new symbol BITO — detector + movement_strike instantiated
[MOVE_SUB_A] [14:35:51] new symbol BRID — detector + movement_strike instantiated
[MOVE_SUB_A] [14:35:53] new symbol CIIT — detector + movement_strike instantiated
[MOVE_SUB_A] SEED CIIT replayed 642,016 ticks from cache
[MOVE_SUB_A] [14:35:54] new symbol CRE — detector + movement_strike instantiated
[MOVE_SUB_A] SEED CRE replayed 35 ticks from cache
[MOVE_SUB_A] [14:35:56] new symbol CRMT — detector + movement_strike instantiated
[MOVE_SUB_A] [14:35:57] new symbol CRVO — detector + movement_strike instantiated
[MOVE_SUB_A] [14:35:59] new symbol CUB — detector + movement_strike instantiated
[MOVE_SUB_A] [14:36:01] new symbol DSY — detector + movement_strike instantiated
[MOVE_SUB_A] SEED DSY replayed 990,119 ticks from cache
[MOVE_SUB_A] [14:36:03] new symbol EXYN — detector + movement_strike instantiated
[MOVE_SUB_A] [14:36:04] new symbol FRMI — detector + movement_strike instantiated
[MOVE_SUB_A] SEED FRMI replayed 7 ticks from cache
[MOVE_SUB_A] [14:36:06] new symbol HCAI — detector + movement_strike instantiated
[MOVE_SUB_A] SEED HCAI replayed 201 ticks from cache
[MOVE_SUB_A] [14:36:07] new symbol ILAG — detector + movement_strike instantiated
[MOVE_SUB_A] SEED ILAG replayed 2 ticks from cache
[MOVE_SUB_A] [14:36:09] new symbol INDP — detector + movement_strike instantiated
[MOVE_SUB_A] SEED INDP replayed 115 ticks from cache
[MOVE_SUB_A] [14:36:11] new symbol INLF — detector + movement_strike instantiated
[MOVE_SUB_A] [14:36:12] new symbol KEEL — detector + movement_strike instantiated
[MOVE_SUB_A] [14:36:14] new symbol KMRK — detector + movement_strike instantiated
[MOVE_SUB_A] SEED KMRK replayed 68 ticks from cache
[MOVE_SUB_A] [14:36:16] new symbol LICN — detector + movement_strike instantiated
[MOVE_SUB_A] SEED LICN replayed 37 ticks from cache
[MOVE_SUB_A] [14:36:17] new symbol LUD — detector + movement_strike instantiated
[MOVE_SUB_A] SEED LUD replayed 11 ticks from cache
[MOVE_SUB_A] [14:36:19] new symbol LYG — detector + movement_strike instantiated
[MOVE_SUB_A] [14:36:21] new symbol MBBC — detector + movement_strike instantiated
[MOVE_SUB_A] [14:36:22] new symbol NOK — detector + movement_strike instantiated
[MOVE_SUB_A] [14:36:24] new symbol NVD — detector + movement_strike instantiated
[MOVE_SUB_A] SEED NVD replayed 2 ticks from cache
[MOVE_SUB_A] [14:36:26] new symbol OPEN — detector + movement_strike instantiated
[MOVE_SUB_A] SEED OPEN replayed 1 ticks from cache
[MOVE_SUB_A] [14:36:27] new symbol PLBL — detector + movement_strike instantiated
[MOVE_SUB_A] SEED PLBL replayed 7 ticks from cache
[MOVE_SUB_A] [14:36:29] new symbol QH — detector + movement_strike instantiated
[MOVE_SUB_A] SEED QH replayed 99 ticks from cache
[MOVE_SUB_A] [14:36:31] new symbol RAY — detector + movement_strike instantiated
[MOVE_SUB_A] SEED RAY replayed 22 ticks from cache
[MOVE_SUB_A] [14:36:32] new symbol RETO — detector + movement_strike instantiated
[MOVE_SUB_A] SEED RETO replayed 58 ticks from cache
[MOVE_SUB_A] [14:36:34] new symbol SBXE — detector + movement_strike instantiated
[MOVE_SUB_A] [14:36:36] new symbol SMCZ — detector + movement_strike instantiated
[MOVE_SUB_A] SEED SMCZ replayed 241 ticks from cache
[MOVE_SUB_A] [14:36:38] new symbol SNDQ — detector + movement_strike instantiated
[MOVE_SUB_A] SEED SNDQ replayed 38 ticks from cache
[MOVE_SUB_A] [14:36:39] new symbol SNTG — detector + movement_strike instantiated
[MOVE_SUB_A] SEED SNTG replayed 14 ticks from cache
[MOVE_SUB_A] [14:36:39] STATS ticks=98 symbols=37 pos=no daily_pnl=+0 drops=0
[MOVE_SUB_A] [14:36:41] new symbol SOFI — detector + movement_strike instantiated
[MOVE_SUB_A] [14:36:42] new symbol SOXS — detector + movement_strike instantiated
[MOVE_SUB_A] SEED SOXS replayed 126 ticks from cache
[MOVE_SUB_A] [14:36:44] new symbol SPDN — detector + movement_strike instantiated
[MOVE_SUB_A] [14:36:46] new symbol SPHL — detector + movement_strike instantiated
[MOVE_SUB_A] SEED SPHL replayed 83 ticks from cache
[MOVE_SUB_A] [14:36:47] new symbol TGL — detector + movement_strike instantiated
[MOVE_SUB_A] SEED TGL replayed 33 ticks from cache
[MOVE_SUB_A] [14:36:49] new symbol TSLL — detector + movement_strike instantiated
[MOVE_SUB_A] [14:36:51] new symbol TZA — detector + movement_strike instantiated
[MOVE_SUB_A] [14:36:52] new symbol UVIX — detector + movement_strike instantiated
[MOVE_SUB_A] SEED UVIX replayed 94 ticks from cache
[MOVE_SUB_A] [14:36:54] new symbol VSME — detector + movement_strike instantiated
[MOVE_SUB_A] SEED VSME replayed 1,395,679 ticks from cache
[MOVE_SUB_A] [14:36:57] new symbol WCT — detector + movement_strike instantiated
[MOVE_SUB_A] SEED WCT replayed 156 ticks from cache
[MOVE_SUB_A] [14:36:57] new symbol YCY — detector + movement_strike instantiated
[MOVE_SUB_A] [14:37:21] new symbol SDOT — detector + movement_strike instantiated
[MOVE_SUB_A] SEED SDOT replayed 40 ticks from cache
[MOVE_SUB_A] [14:37:31] new symbol FAC — detector + movement_strike instantiated
[MOVE_SUB_A] SEED FAC replayed 66 ticks from cache
[MOVE_SUB_A] [14:37:37] new symbol STI — detector + movement_strike instantiated
[MOVE_SUB_A] SEED STI replayed 38 ticks from cache
[MOVE_SUB_A] [14:37:39] STATS ticks=570 symbols=51 pos=no daily_pnl=+0 drops=0
[MOVE_SUB_A] [14:37:43] new symbol AXTX — detector + movement_strike instantiated
[MOVE_SUB_A] SEED AXTX replayed 31 ticks from cache
[MOVE_SUB_A] [14:37:54] new symbol VELO — detector + movement_strike instantiated
[MOVE_SUB_A] SEED VELO replayed 12 ticks from cache
[MOVE_SUB_A] [14:37:56] new symbol LAKE — detector + movement_strike instantiated
[MOVE_SUB_A] SEED LAKE replayed 51 ticks from cache
[MOVE_SUB_A] [14:37:58] new symbol OCC — detector + movement_strike instantiated
[MOVE_SUB_A] SEED OCC replayed 18 ticks from cache
[MOVE_SUB_A] [14:38:00] new symbol RXT — detector + movement_strike instantiated
[MOVE_SUB_A] SEED RXT replayed 81 ticks from cache
[MOVE_SUB_A] [14:38:02] new symbol AMPG — detector + movement_strike instantiated
[MOVE_SUB_A] SEED AMPG replayed 3 ticks from cache
[MOVE_SUB_A] [14:38:04] new symbol AAOG — detector + movement_strike instantiated
[MOVE_SUB_A] SEED AAOG replayed 56 ticks from cache
[MOVE_SUB_A] [14:38:07] new symbol ENHA — detector + movement_strike instantiated
[MOVE_SUB_A] SEED ENHA replayed 55 ticks from cache
[MOVE_SUB_A] [14:38:09] new symbol WEST — detector + movement_strike instantiated
[MOVE_SUB_A] [14:38:11] new symbol CNTN — detector + movement_strike instantiated
[MOVE_SUB_A] SEED CNTN replayed 23 ticks from cache
[MOVE_SUB_A] [14:38:13] new symbol CLOV — detector + movement_strike instantiated
[MOVE_SUB_A] SEED CLOV replayed 73 ticks from cache
[MOVE_SUB_A] [14:38:15] new symbol GMRS — detector + movement_strike instantiated
[MOVE_SUB_A] SEED GMRS replayed 1 ticks from cache
[MOVE_SUB_A] [14:38:17] new symbol ANNA — detector + movement_strike instantiated
[MOVE_SUB_A] SEED ANNA replayed 6 ticks from cache
[MOVE_SUB_A] [14:38:39] STATS ticks=1460 symbols=64 pos=no daily_pnl=+0 drops=0
[MOVE_SUB_A] [14:39:39] STATS ticks=2851 symbols=64 pos=no daily_pnl=+0 drops=0
[MOVE_SUB_A] [14:40:39] STATS ticks=3788 symbols=64 pos=no daily_pnl=+0 drops=0
[MOVE_SUB_A] [14:41:31] new symbol SQFT — detector + movement_strike instantiated
[MOVE_SUB_A] [14:41:40] STATS ticks=5042 symbols=65 pos=no daily_pnl=+0 drops=0
[MOVE_SUB_A] [14:42:40] STATS ticks=5866 symbols=65 pos=no daily_pnl=+0 drops=0
[MOVE_SUB_A] [14:43:40] STATS ticks=7149 symbols=65 pos=no daily_pnl=+0 drops=0
[MOVE_SUB_A] [14:44:40] STATS ticks=8304 symbols=65 pos=no daily_pnl=+0 drops=0
[MOVE_SUB_A] [14:45:40] STATS ticks=9303 symbols=65 pos=no daily_pnl=+0 drops=0
[MOVE_SUB_A] [14:46:30] new symbol YB — detector + movement_strike instantiated
[MOVE_SUB_A] SEED YB replayed 23 ticks from cache
[MOVE_SUB_A] [14:46:41] STATS ticks=9937 symbols=66 pos=no daily_pnl=+0 drops=0
[MOVE_SUB_A] [14:47:41] STATS ticks=10586 symbols=66 pos=no daily_pnl=+0 drops=0
[MOVE_SUB_A] [14:48:41] STATS ticks=11131 symbols=66 pos=no daily_pnl=+0 drops=0
[MOVE_SUB_A] [14:49:41] STATS ticks=11827 symbols=66 pos=no daily_pnl=+0 drops=0
[MOVE_SUB_A] [14:50:41] STATS ticks=12511 symbols=66 pos=no daily_pnl=+0 drops=0
[MOVE_SUB_A] [14:50:49] new symbol AMPG.RT.A — detector + movement_strike instantiated
[MOVE_SUB_A] SEED AMPG.RT.A replayed 2 ticks from cache
[MOVE_SUB_A] [14:51:42] STATS ticks=13187 symbols=67 pos=no daily_pnl=+0 drops=0
[MOVE_SUB_A] [14:52:42] STATS ticks=14039 symbols=67 pos=no daily_pnl=+0 drops=0
[MOVE_SUB_A] [14:53:14] new symbol BULL — detector + movement_strike instantiated
[MOVE_SUB_A] SEED BULL replayed 19 ticks from cache
[MOVE_SUB_A] [14:53:42] STATS ticks=14612 symbols=68 pos=no daily_pnl=+0 drops=0
[MOVE_SUB_A] [14:54:42] STATS ticks=15140 symbols=68 pos=no daily_pnl=+0 drops=0
[MOVE_SUB_A] [14:55:43] STATS ticks=15584 symbols=68 pos=no daily_pnl=+0 drops=0
[MOVE_SUB_A] [14:56:43] STATS ticks=16070 symbols=68 pos=no daily_pnl=+0 drops=0
[MOVE_SUB_A] [14:57:43] STATS ticks=16503 symbols=68 pos=no daily_pnl=+0 drops=0
[MOVE_SUB_A] [14:58:43] STATS ticks=17153 symbols=68 pos=no daily_pnl=+0 drops=0
[MOVE_SUB_A] [14:59:44] STATS ticks=17577 symbols=68 pos=no daily_pnl=+0 drops=0
[MOVE_SUB_A] [15:00:44] STATS ticks=18104 symbols=68 pos=no daily_pnl=+0 drops=0
[MOVE_SUB_A] [15:01:29] new symbol PW — detector + movement_strike instantiated
[MOVE_SUB_A] [15:01:32] new symbol SCLX — detector + movement_strike instantiated
[MOVE_SUB_A] [15:01:44] STATS ticks=19321 symbols=70 pos=no daily_pnl=+0 drops=0
[MOVE_SUB_A] [15:02:44] STATS ticks=21247 symbols=70 pos=no daily_pnl=+0 drops=0
[MOVE_SUB_A] [15:03:44] STATS ticks=23735 symbols=70 pos=no daily_pnl=+0 drops=0
[MOVE_SUB_A] [15:04:44] STATS ticks=25389 symbols=70 pos=no daily_pnl=+0 drops=0
[MOVE_SUB_A] [15:05:44] STATS ticks=27593 symbols=70 pos=no daily_pnl=+0 drops=0
[MOVE_SUB_A] [15:06:45] STATS ticks=29313 symbols=70 pos=no daily_pnl=+0 drops=0
[MOVE_SUB_A] [15:07:45] STATS ticks=31530 symbols=70 pos=no daily_pnl=+0 drops=0
[MOVE_SUB_A] [15:08:10] new symbol CBRG — detector + movement_strike instantiated
[MOVE_SUB_A] SEED CBRG replayed 31 ticks from cache
[MOVE_SUB_A] [15:08:12] new symbol XOS — detector + movement_strike instantiated
[MOVE_SUB_A] SEED XOS replayed 109 ticks from cache
[MOVE_SUB_A] [15:08:45] STATS ticks=32705 symbols=72 pos=no daily_pnl=+0 drops=0
[MOVE_SUB_A] [15:09:45] STATS ticks=33977 symbols=72 pos=no daily_pnl=+0 drops=0
[MOVE_SUB_A] [15:10:45] STATS ticks=35207 symbols=72 pos=no daily_pnl=+0 drops=0
[MOVE_SUB_A] [15:11:45] STATS ticks=36880 symbols=72 pos=no daily_pnl=+0 drops=0
[MOVE_SUB_A] [15:12:46] STATS ticks=39174 symbols=72 pos=no daily_pnl=+0 drops=0
[MOVE_SUB_A] [15:13:46] STATS ticks=40331 symbols=72 pos=no daily_pnl=+0 drops=0
[MOVE_SUB_A] [15:14:46] STATS ticks=41724 symbols=72 pos=no daily_pnl=+0 drops=0
[MOVE_SUB_A] [15:15:46] STATS ticks=43826 symbols=72 pos=no daily_pnl=+0 drops=0
[MOVE_SUB_A] [15:16:47] STATS ticks=44926 symbols=72 pos=no daily_pnl=+0 drops=0
[MOVE_SUB_A] [15:17:47] STATS ticks=46280 symbols=72 pos=no daily_pnl=+0 drops=0
[MOVE_SUB_A] [15:18:47] STATS ticks=47356 symbols=72 pos=no daily_pnl=+0 drops=0
[MOVE_SUB_A] [15:19:47] STATS ticks=50311 symbols=72 pos=no daily_pnl=+0 drops=0
[MOVE_SUB_A] [15:20:47] STATS ticks=52198 symbols=72 pos=no daily_pnl=+0 drops=0
[MOVE_SUB_A] [15:21:47] STATS ticks=53950 symbols=72 pos=no daily_pnl=+0 drops=0
[MOVE_SUB_A] [15:22:47] STATS ticks=55402 symbols=72 pos=no daily_pnl=+0 drops=0
[MOVE_SUB_A] [15:22:49] new symbol STAK — detector + movement_strike instantiated
[MOVE_SUB_A] SEED STAK replayed 49 ticks from cache
[MOVE_SUB_A] [15:23:01] new symbol FLL — detector + movement_strike instantiated
[MOVE_SUB_A] [15:23:17] new symbol HYLN — detector + movement_strike instantiated
[MOVE_SUB_A] SEED HYLN replayed 10 ticks from cache
[MOVE_SUB_A] [15:23:47] STATS ticks=56917 symbols=75 pos=no daily_pnl=+0 drops=0
[MOVE_SUB_A] [15:24:47] STATS ticks=58320 symbols=75 pos=no daily_pnl=+0 drops=0
[MOVE_SUB_A] [15:25:48] STATS ticks=59389 symbols=75 pos=no daily_pnl=+0 drops=0
[MOVE_SUB_A] [15:26:48] STATS ticks=60664 symbols=75 pos=no daily_pnl=+0 drops=0
[MOVE_SUB_A] [15:27:48] STATS ticks=62218 symbols=75 pos=no daily_pnl=+0 drops=0
[MOVE_SUB_A] [15:28:48] STATS ticks=65148 symbols=75 pos=no daily_pnl=+0 drops=0
[MOVE_SUB_A] [15:29:48] STATS ticks=67782 symbols=75 pos=no daily_pnl=+0 drops=0
[MOVE_SUB_A] [15:30:48] STATS ticks=70261 symbols=75 pos=no daily_pnl=+0 drops=0
[MOVE_SUB_A] [15:31:48] STATS ticks=72087 symbols=75 pos=no daily_pnl=+0 drops=0
[MOVE_SUB_A] [15:32:48] STATS ticks=75153 symbols=75 pos=no daily_pnl=+0 drops=0
[MOVE_SUB_A] [15:33:49] STATS ticks=76798 symbols=75 pos=no daily_pnl=+0 drops=0
[MOVE_SUB_A] [15:34:49] STATS ticks=78563 symbols=75 pos=no daily_pnl=+0 drops=0
[MOVE_SUB_A] [15:35:42] new symbol CPOP — detector + movement_strike instantiated
[MOVE_SUB_A] [15:35:49] STATS ticks=80041 symbols=76 pos=no daily_pnl=+0 drops=0
[MOVE_SUB_A] [15:36:49] STATS ticks=81046 symbols=76 pos=no daily_pnl=+0 drops=0
[MOVE_SUB_A] [15:37:49] STATS ticks=82366 symbols=76 pos=no daily_pnl=+0 drops=0
[MOVE_SUB_A] [15:38:49] STATS ticks=83238 symbols=76 pos=no daily_pnl=+0 drops=0
[MOVE_SUB_A] [15:39:49] STATS ticks=84387 symbols=76 pos=no daily_pnl=+0 drops=0
[MOVE_SUB_A] [15:40:49] STATS ticks=85255 symbols=76 pos=no daily_pnl=+0 drops=0
[MOVE_SUB_A] [15:41:49] STATS ticks=86178 symbols=76 pos=no daily_pnl=+0 drops=0
[MOVE_SUB_A] [15:42:49] STATS ticks=86931 symbols=76 pos=no daily_pnl=+0 drops=0
[MOVE_SUB_A] [15:43:50] STATS ticks=88154 symbols=76 pos=no daily_pnl=+0 drops=0
[MOVE_SUB_A] [15:44:50] STATS ticks=89525 symbols=76 pos=no daily_pnl=+0 drops=0
[MOVE_SUB_A] [15:45:50] STATS ticks=91469 symbols=76 pos=no daily_pnl=+0 drops=0
[MOVE_SUB_A] [15:46:50] STATS ticks=92712 symbols=76 pos=no daily_pnl=+0 drops=0
[MOVE_SUB_A] [15:47:50] STATS ticks=93552 symbols=76 pos=no daily_pnl=+0 drops=0
[MOVE_SUB_A] [15:48:50] STATS ticks=94965 symbols=76 pos=no daily_pnl=+0 drops=0
[MOVE_SUB_A] [15:49:50] STATS ticks=95863 symbols=76 pos=no daily_pnl=+0 drops=0
[MOVE_SUB_A] [15:50:51] STATS ticks=96901 symbols=76 pos=no daily_pnl=+0 drops=0
[MOVE_SUB_A] [15:50:55] new symbol JEM — detector + movement_strike instantiated
[MOVE_SUB_A] [15:51:51] STATS ticks=97740 symbols=77 pos=no daily_pnl=+0 drops=0
[MOVE_SUB_A] [15:52:51] STATS ticks=98355 symbols=77 pos=no daily_pnl=+0 drops=0
[MOVE_SUB_A] [15:53:51] STATS ticks=99562 symbols=77 pos=no daily_pnl=+0 drops=0
[MOVE_SUB_A] [15:54:51] STATS ticks=100581 symbols=77 pos=no daily_pnl=+0 drops=0
[MOVE_SUB_A] [15:55:51] STATS ticks=101427 symbols=77 pos=no daily_pnl=+0 drops=0
[MOVE_SUB_A] [15:56:52] STATS ticks=102297 symbols=77 pos=no daily_pnl=+0 drops=0
[MOVE_SUB_A] [15:57:52] STATS ticks=103146 symbols=77 pos=no daily_pnl=+0 drops=0
[MOVE_SUB_A] [15:58:52] STATS ticks=103871 symbols=77 pos=no daily_pnl=+0 drops=0
[MOVE_SUB_A] [15:59:52] STATS ticks=105365 symbols=77 pos=no daily_pnl=+0 drops=0
[MOVE_SUB_A] [16:00:53] STATS ticks=106007 symbols=77 pos=no daily_pnl=+0 drops=0
[MOVE_SUB_A] [16:01:53] STATS ticks=107241 symbols=77 pos=no daily_pnl=+0 drops=0
[MOVE_SUB_A] [16:02:53] STATS ticks=107888 symbols=77 pos=no daily_pnl=+0 drops=0
[MOVE_SUB_A] [16:03:54] STATS ticks=108707 symbols=77 pos=no daily_pnl=+0 drops=0
[MOVE_SUB_A] [16:04:54] STATS ticks=109189 symbols=77 pos=no daily_pnl=+0 drops=0
[MOVE_SUB_A] [16:05:54] STATS ticks=109711 symbols=77 pos=no daily_pnl=+0 drops=0
[MOVE_SUB_A] [16:06:54] STATS ticks=110300 symbols=77 pos=no daily_pnl=+0 drops=0
[MOVE_SUB_A] [16:07:54] STATS ticks=110868 symbols=77 pos=no daily_pnl=+0 drops=0
[MOVE_SUB_A] [16:08:55] STATS ticks=111249 symbols=77 pos=no daily_pnl=+0 drops=0
[MOVE_SUB_A] [16:09:56] STATS ticks=111716 symbols=77 pos=no daily_pnl=+0 drops=0
[MOVE_SUB_A] [16:10:56] STATS ticks=112071 symbols=77 pos=no daily_pnl=+0 drops=0
[MOVE_SUB_A] [16:11:56] STATS ticks=112513 symbols=77 pos=no daily_pnl=+0 drops=0
[MOVE_SUB_A] [16:12:57] STATS ticks=112937 symbols=77 pos=no daily_pnl=+0 drops=0
[MOVE_SUB_A] [16:13:57] STATS ticks=113595 symbols=77 pos=no daily_pnl=+0 drops=0
[MOVE_SUB_A] [16:14:58] STATS ticks=113900 symbols=77 pos=no daily_pnl=+0 drops=0
[MOVE_SUB_A] [16:15:58] STATS ticks=114171 symbols=77 pos=no daily_pnl=+0 drops=0
[MOVE_SUB_A] [16:16:58] STATS ticks=114556 symbols=77 pos=no daily_pnl=+0 drops=0
[MOVE_SUB_A] [16:17:58] STATS ticks=115259 symbols=77 pos=no daily_pnl=+0 drops=0
[MOVE_SUB_A] [16:18:58] STATS ticks=115581 symbols=77 pos=no daily_pnl=+0 drops=0
[MOVE_SUB_A] [16:19:59] STATS ticks=115771 symbols=77 pos=no daily_pnl=+0 drops=0
[MOVE_SUB_A] [16:20:59] STATS ticks=116247 symbols=77 pos=no daily_pnl=+0 drops=0
[MOVE_SUB_A] [16:21:59] STATS ticks=116775 symbols=77 pos=no daily_pnl=+0 drops=0
[MOVE_SUB_A] [16:23:00] STATS ticks=117045 symbols=77 pos=no daily_pnl=+0 drops=0
[MOVE_SUB_A] [16:24:02] STATS ticks=117349 symbols=77 pos=no daily_pnl=+0 drops=0
[MOVE_SUB_A] socket closed by peer — reconnecting
[MOVE_SUB_A] engine socket not ready yet (ConnectionRefusedError(61, 'Connection refused')) — retrying every 2s
[MOVE_SUB_A] [16:24:53] connected to engine (/tmp/warrior_engine.sock) attempt=14
[MOVE_SUB_A] [16:24:57] new symbol ACP PRA — detector + movement_strike instantiated
[MOVE_SUB_A] [16:25:03] STATS ticks=117425 symbols=78 pos=no daily_pnl=+0 drops=0
[MOVE_SUB_A] [16:25:17] new symbol F — detector + movement_strike instantiated
[MOVE_SUB_A] [16:25:18] new symbol FLYE — detector + movement_strike instantiated
[MOVE_SUB_A] SEED FLYE replayed 11 ticks from cache
[MOVE_SUB_A] [16:25:37] new symbol MLAC — detector + movement_strike instantiated
[MOVE_SUB_A] SEED MLAC replayed 1 ticks from cache
[MOVE_SUB_A] [16:25:40] new symbol NU — detector + movement_strike instantiated
[MOVE_SUB_A] [16:25:44] new symbol PATH — detector + movement_strike instantiated
[MOVE_SUB_A] [16:26:04] STATS ticks=117493 symbols=83 pos=no daily_pnl=+0 drops=0
[MOVE_SUB_A] [16:27:04] STATS ticks=117732 symbols=83 pos=no daily_pnl=+0 drops=0
[MOVE_SUB_A] [16:28:05] STATS ticks=117888 symbols=83 pos=no daily_pnl=+0 drops=0
[MOVE_SUB_A] [16:29:06] STATS ticks=118088 symbols=83 pos=no daily_pnl=+0 drops=0
[MOVE_SUB_A] [16:30:06] STATS ticks=118267 symbols=83 pos=no daily_pnl=+0 drops=0
[MOVE_SUB_A] [16:31:06] STATS ticks=118459 symbols=83 pos=no daily_pnl=+0 drops=0
[MOVE_SUB_A] [16:32:07] STATS ticks=118663 symbols=83 pos=no daily_pnl=+0 drops=0
[MOVE_SUB_A] [16:33:08] STATS ticks=118873 symbols=83 pos=no daily_pnl=+0 drops=0
[MOVE_SUB_A] [16:34:08] STATS ticks=119127 symbols=83 pos=no daily_pnl=+0 drops=0
[MOVE_SUB_A] [16:35:09] STATS ticks=119355 symbols=83 pos=no daily_pnl=+0 drops=0
[MOVE_SUB_A] [16:36:10] STATS ticks=119627 symbols=83 pos=no daily_pnl=+0 drops=0
[MOVE_SUB_A] [16:37:11] STATS ticks=119835 symbols=83 pos=no daily_pnl=+0 drops=0
[MOVE_SUB_A] [16:38:12] STATS ticks=120050 symbols=83 pos=no daily_pnl=+0 drops=0
[MOVE_SUB_A] [16:39:12] STATS ticks=120664 symbols=83 pos=no daily_pnl=+0 drops=0
[MOVE_SUB_A] [16:40:14] STATS ticks=121170 symbols=83 pos=no daily_pnl=+0 drops=0
[MOVE_SUB_A] [16:41:14] STATS ticks=121783 symbols=83 pos=no daily_pnl=+0 drops=0
[MOVE_SUB_A] socket closed by peer — reconnecting
[MOVE_SUB_A] engine socket not ready yet (ConnectionRefusedError(61, 'Connection refused')) — retrying every 2s
[MOVE_SUB_A] [16:42:08] connected to engine (/tmp/warrior_engine.sock) attempt=9
[MOVE_SUB_A] [16:42:14] STATS ticks=121958 symbols=83 pos=no daily_pnl=+0 drops=0
[MOVE_SUB_A] [16:43:14] STATS ticks=122024 symbols=83 pos=no daily_pnl=+0 drops=0
[MOVE_SUB_A] [16:44:14] STATS ticks=122428 symbols=83 pos=no daily_pnl=+0 drops=0
[MOVE_SUB_A] [16:45:15] STATS ticks=123011 symbols=83 pos=no daily_pnl=+0 drops=0
[MOVE_SUB_A] [16:46:15] STATS ticks=124770 symbols=83 pos=no daily_pnl=+0 drops=0
[MOVE_SUB_A] [16:47:15] STATS ticks=127193 symbols=83 pos=no daily_pnl=+0 drops=0
[MOVE_SUB_A] [16:47:54] new symbol SKYQ — detector + movement_strike instantiated
[MOVE_SUB_A] SEED SKYQ replayed 3 ticks from cache
[MOVE_SUB_A] [16:48:15] STATS ticks=129222 symbols=84 pos=no daily_pnl=+0 drops=0
[MOVE_SUB_A] [16:49:15] STATS ticks=131684 symbols=84 pos=no daily_pnl=+0 drops=0
[MOVE_SUB_A] [16:50:15] STATS ticks=135310 symbols=84 pos=no daily_pnl=+0 drops=0
[MOVE_SUB_A] [16:51:15] STATS ticks=137645 symbols=84 pos=no daily_pnl=+0 drops=0
[MOVE_SUB_A] [16:52:16] STATS ticks=139405 symbols=84 pos=no daily_pnl=+0 drops=0
[MOVE_SUB_A] [16:53:16] STATS ticks=141124 symbols=84 pos=no daily_pnl=+0 drops=0
[MOVE_SUB_A] [16:54:16] STATS ticks=142812 symbols=84 pos=no daily_pnl=+0 drops=0
[MOVE_SUB_A] [16:55:16] STATS ticks=143995 symbols=84 pos=no daily_pnl=+0 drops=0
[MOVE_SUB_A] [16:56:16] STATS ticks=145036 symbols=84 pos=no daily_pnl=+0 drops=0
[MOVE_SUB_A] [16:57:17] STATS ticks=146185 symbols=84 pos=no daily_pnl=+0 drops=0
[MOVE_SUB_A] [16:58:17] STATS ticks=147115 symbols=84 pos=no daily_pnl=+0 drops=0
[MOVE_SUB_A] [16:59:18] STATS ticks=147789 symbols=84 pos=no daily_pnl=+0 drops=0
[MOVE_SUB_A] [17:00:19] STATS ticks=148206 symbols=84 pos=no daily_pnl=+0 drops=0
[MOVE_SUB_A] [17:01:19] STATS ticks=148682 symbols=84 pos=no daily_pnl=+0 drops=0
[MOVE_SUB_A] [17:02:19] STATS ticks=149223 symbols=84 pos=no daily_pnl=+0 drops=0
[MOVE_SUB_A] [17:03:19] STATS ticks=149747 symbols=84 pos=no daily_pnl=+0 drops=0
[MOVE_SUB_A] [17:04:19] STATS ticks=150233 symbols=84 pos=no daily_pnl=+0 drops=0
[MOVE_SUB_A] [17:05:19] STATS ticks=150914 symbols=84 pos=no daily_pnl=+0 drops=0
[MOVE_SUB_A] [17:06:19] STATS ticks=151771 symbols=84 pos=no daily_pnl=+0 drops=0
[MOVE_SUB_A] [17:07:19] STATS ticks=152543 symbols=84 pos=no daily_pnl=+0 drops=0
[MOVE_SUB_A] [17:08:19] STATS ticks=153683 symbols=84 pos=no daily_pnl=+0 drops=0
[MOVE_SUB_A] [17:09:20] STATS ticks=154458 symbols=84 pos=no daily_pnl=+0 drops=0
[MOVE_SUB_A] [17:10:20] STATS ticks=155122 symbols=84 pos=no daily_pnl=+0 drops=0
[MOVE_SUB_A] [17:11:20] STATS ticks=156336 symbols=84 pos=no daily_pnl=+0 drops=0
[MOVE_SUB_A] [17:12:20] STATS ticks=157758 symbols=84 pos=no daily_pnl=+0 drops=0
[MOVE_SUB_A] [17:13:20] STATS ticks=158812 symbols=84 pos=no daily_pnl=+0 drops=0
[MOVE_SUB_A] [17:14:20] STATS ticks=159882 symbols=84 pos=no daily_pnl=+0 drops=0
[MOVE_SUB_A] [17:15:20] STATS ticks=160610 symbols=84 pos=no daily_pnl=+0 drops=0
[MOVE_SUB_A] [17:16:20] STATS ticks=161085 symbols=84 pos=no daily_pnl=+0 drops=0
[MOVE_SUB_A] [17:17:20] STATS ticks=161601 symbols=84 pos=no daily_pnl=+0 drops=0
[MOVE_SUB_A] [17:18:20] STATS ticks=161974 symbols=84 pos=no daily_pnl=+0 drops=0
[MOVE_SUB_A] [17:19:20] STATS ticks=162573 symbols=84 pos=no daily_pnl=+0 drops=0
[MOVE_SUB_A] [17:20:20] STATS ticks=163329 symbols=84 pos=no daily_pnl=+0 drops=0
[MOVE_SUB_A] [17:21:21] STATS ticks=163784 symbols=84 pos=no daily_pnl=+0 drops=0
[MOVE_SUB_A] [17:22:21] STATS ticks=164183 symbols=84 pos=no daily_pnl=+0 drops=0
[MOVE_SUB_A] [17:23:21] STATS ticks=164645 symbols=84 pos=no daily_pnl=+0 drops=0
[MOVE_SUB_A] [17:24:21] STATS ticks=165275 symbols=84 pos=no daily_pnl=+0 drops=0
[MOVE_SUB_A] [17:25:21] STATS ticks=165913 symbols=84 pos=no daily_pnl=+0 drops=0
[MOVE_SUB_A] [17:26:21] STATS ticks=166150 symbols=84 pos=no daily_pnl=+0 drops=0
[MOVE_SUB_A] [17:27:21] STATS ticks=166761 symbols=84 pos=no daily_pnl=+0 drops=0
[MOVE_SUB_A] [17:28:21] STATS ticks=167063 symbols=84 pos=no daily_pnl=+0 drops=0
[MOVE_SUB_A] [17:29:21] STATS ticks=167319 symbols=84 pos=no daily_pnl=+0 drops=0
[MOVE_SUB_A] [17:30:22] STATS ticks=167680 symbols=84 pos=no daily_pnl=+0 drops=0
[MOVE_SUB_A] [17:31:22] STATS ticks=168273 symbols=84 pos=no daily_pnl=+0 drops=0
[MOVE_SUB_A] [17:32:22] STATS ticks=169231 symbols=84 pos=no daily_pnl=+0 drops=0
[MOVE_SUB_A] [17:33:22] STATS ticks=169675 symbols=84 pos=no daily_pnl=+0 drops=0
[MOVE_SUB_A] [17:34:22] STATS ticks=170090 symbols=84 pos=no daily_pnl=+0 drops=0
[MOVE_SUB_A] [17:35:22] STATS ticks=170439 symbols=84 pos=no daily_pnl=+0 drops=0
[MOVE_SUB_A] [17:36:22] STATS ticks=170751 symbols=84 pos=no daily_pnl=+0 drops=0
[MOVE_SUB_A] [17:37:22] STATS ticks=171194 symbols=84 pos=no daily_pnl=+0 drops=0
[MOVE_SUB_A] [17:38:22] STATS ticks=171533 symbols=84 pos=no daily_pnl=+0 drops=0
[MOVE_SUB_A] [17:39:22] STATS ticks=172027 symbols=84 pos=no daily_pnl=+0 drops=0
[MOVE_SUB_A] [17:40:22] STATS ticks=172381 symbols=84 pos=no daily_pnl=+0 drops=0
[MOVE_SUB_A] [17:41:23] STATS ticks=172729 symbols=84 pos=no daily_pnl=+0 drops=0
[MOVE_SUB_A] [17:42:23] STATS ticks=173010 symbols=84 pos=no daily_pnl=+0 drops=0
[MOVE_SUB_A] [17:43:23] STATS ticks=173279 symbols=84 pos=no daily_pnl=+0 drops=0
[MOVE_SUB_A] [17:44:23] STATS ticks=173555 symbols=84 pos=no daily_pnl=+0 drops=0
[MOVE_SUB_A] [17:45:23] STATS ticks=173805 symbols=84 pos=no daily_pnl=+0 drops=0
[MOVE_SUB_A] [17:46:23] STATS ticks=174105 symbols=84 pos=no daily_pnl=+0 drops=0
[MOVE_SUB_A] [17:47:23] STATS ticks=174361 symbols=84 pos=no daily_pnl=+0 drops=0
[MOVE_SUB_A] [17:48:23] STATS ticks=174586 symbols=84 pos=no daily_pnl=+0 drops=0
[MOVE_SUB_A] [17:49:23] STATS ticks=174795 symbols=84 pos=no daily_pnl=+0 drops=0
[MOVE_SUB_A] [17:50:24] STATS ticks=175029 symbols=84 pos=no daily_pnl=+0 drops=0
[MOVE_SUB_A] [17:51:24] STATS ticks=175261 symbols=84 pos=no daily_pnl=+0 drops=0
[MOVE_SUB_A] [17:52:24] STATS ticks=175426 symbols=84 pos=no daily_pnl=+0 drops=0
[MOVE_SUB_A] [17:53:24] STATS ticks=175590 symbols=84 pos=no daily_pnl=+0 drops=0
[MOVE_SUB_A] [17:54:24] STATS ticks=175781 symbols=84 pos=no daily_pnl=+0 drops=0
[MOVE_SUB_A] [17:55:24] STATS ticks=176034 symbols=84 pos=no daily_pnl=+0 drops=0
[MOVE_SUB_A] [17:56:24] STATS ticks=176385 symbols=84 pos=no daily_pnl=+0 drops=0
[MOVE_SUB_A] [17:57:24] STATS ticks=176625 symbols=84 pos=no daily_pnl=+0 drops=0
[MOVE_SUB_A] [17:58:24] STATS ticks=176925 symbols=84 pos=no daily_pnl=+0 drops=0
[MOVE_SUB_A] [17:59:24] STATS ticks=177550 symbols=84 pos=no daily_pnl=+0 drops=0
[MOVE_SUB_A] [18:00:24] STATS ticks=177891 symbols=84 pos=no daily_pnl=+0 drops=0
[MOVE_SUB_A] [18:01:25] STATS ticks=178279 symbols=84 pos=no daily_pnl=+0 drops=0
[MOVE_SUB_A] [18:02:25] STATS ticks=178836 symbols=84 pos=no daily_pnl=+0 drops=0
[MOVE_SUB_A] [18:03:25] STATS ticks=179230 symbols=84 pos=no daily_pnl=+0 drops=0
[MOVE_SUB_A] [18:04:25] STATS ticks=179606 symbols=84 pos=no daily_pnl=+0 drops=0
[MOVE_SUB_A] [18:05:25] STATS ticks=179912 symbols=84 pos=no daily_pnl=+0 drops=0
[MOVE_SUB_A] [18:06:25] STATS ticks=180099 symbols=84 pos=no daily_pnl=+0 drops=0
[MOVE_SUB_A] [18:07:25] STATS ticks=180622 symbols=84 pos=no daily_pnl=+0 drops=0
[MOVE_SUB_A] [18:08:25] STATS ticks=180833 symbols=84 pos=no daily_pnl=+0 drops=0
[MOVE_SUB_A] [18:09:25] STATS ticks=181231 symbols=84 pos=no daily_pnl=+0 drops=0
[MOVE_SUB_A] [18:10:25] STATS ticks=181589 symbols=84 pos=no daily_pnl=+0 drops=0
[MOVE_SUB_A] [18:11:26] STATS ticks=181717 symbols=84 pos=no daily_pnl=+0 drops=0
[MOVE_SUB_A] [18:12:26] STATS ticks=181885 symbols=84 pos=no daily_pnl=+0 drops=0
[MOVE_SUB_A] [18:13:26] STATS ticks=182048 symbols=84 pos=no daily_pnl=+0 drops=0
[MOVE_SUB_A] [18:14:26] STATS ticks=182423 symbols=84 pos=no daily_pnl=+0 drops=0
[MOVE_SUB_A] [18:15:26] STATS ticks=182955 symbols=84 pos=no daily_pnl=+0 drops=0
[MOVE_SUB_A] [18:16:26] STATS ticks=183136 symbols=84 pos=no daily_pnl=+0 drops=0
[MOVE_SUB_A] [18:17:26] STATS ticks=183364 symbols=84 pos=no daily_pnl=+0 drops=0
[MOVE_SUB_A] [18:18:26] STATS ticks=183855 symbols=84 pos=no daily_pnl=+0 drops=0
[MOVE_SUB_A] [18:19:26] STATS ticks=184066 symbols=84 pos=no daily_pnl=+0 drops=0
[MOVE_SUB_A] [18:20:26] STATS ticks=184217 symbols=84 pos=no daily_pnl=+0 drops=0
[MOVE_SUB_A] [18:21:27] STATS ticks=184406 symbols=84 pos=no daily_pnl=+0 drops=0
[MOVE_SUB_A] [18:22:27] STATS ticks=184680 symbols=84 pos=no daily_pnl=+0 drops=0
[MOVE_SUB_A] [18:23:27] STATS ticks=184976 symbols=84 pos=no daily_pnl=+0 drops=0
[MOVE_SUB_A] [18:24:27] STATS ticks=185218 symbols=84 pos=no daily_pnl=+0 drops=0
[MOVE_SUB_A] [18:25:27] STATS ticks=185384 symbols=84 pos=no daily_pnl=+0 drops=0
[MOVE_SUB_A] [18:26:27] STATS ticks=185736 symbols=84 pos=no daily_pnl=+0 drops=0
[MOVE_SUB_A] [18:27:27] STATS ticks=185949 symbols=84 pos=no daily_pnl=+0 drops=0
[MOVE_SUB_A] [18:28:27] STATS ticks=186189 symbols=84 pos=no daily_pnl=+0 drops=0
[MOVE_SUB_A] [18:29:27] STATS ticks=186349 symbols=84 pos=no daily_pnl=+0 drops=0
[MOVE_SUB_A] [18:30:28] STATS ticks=186523 symbols=84 pos=no daily_pnl=+0 drops=0
[MOVE_SUB_A] [18:31:28] STATS ticks=186681 symbols=84 pos=no daily_pnl=+0 drops=0
[MOVE_SUB_A] [18:32:28] STATS ticks=186927 symbols=84 pos=no daily_pnl=+0 drops=0
[MOVE_SUB_A] [18:33:28] STATS ticks=187154 symbols=84 pos=no daily_pnl=+0 drops=0
[MOVE_SUB_A] [18:34:28] STATS ticks=187346 symbols=84 pos=no daily_pnl=+0 drops=0
[MOVE_SUB_A] [18:35:28] STATS ticks=187487 symbols=84 pos=no daily_pnl=+0 drops=0
[MOVE_SUB_A] [18:36:28] STATS ticks=187618 symbols=84 pos=no daily_pnl=+0 drops=0
[MOVE_SUB_A] [18:37:28] STATS ticks=187758 symbols=84 pos=no daily_pnl=+0 drops=0
[MOVE_SUB_A] [18:38:28] STATS ticks=188037 symbols=84 pos=no daily_pnl=+0 drops=0
[MOVE_SUB_A] [18:39:28] STATS ticks=188406 symbols=84 pos=no daily_pnl=+0 drops=0
[MOVE_SUB_A] [18:40:28] STATS ticks=189123 symbols=84 pos=no daily_pnl=+0 drops=0
[MOVE_SUB_A] [18:41:29] STATS ticks=189878 symbols=84 pos=no daily_pnl=+0 drops=0
[MOVE_SUB_A] [18:42:29] STATS ticks=190216 symbols=84 pos=no daily_pnl=+0 drops=0
[MOVE_SUB_A] [18:43:29] STATS ticks=190579 symbols=84 pos=no daily_pnl=+0 drops=0
[MOVE_SUB_A] [18:44:29] STATS ticks=191052 symbols=84 pos=no daily_pnl=+0 drops=0
[MOVE_SUB_A] [18:45:29] STATS ticks=191292 symbols=84 pos=no daily_pnl=+0 drops=0
[MOVE_SUB_A] [18:46:29] STATS ticks=191520 symbols=84 pos=no daily_pnl=+0 drops=0
[MOVE_SUB_A] [18:47:29] STATS ticks=191721 symbols=84 pos=no daily_pnl=+0 drops=0
[MOVE_SUB_A] [18:48:29] STATS ticks=192007 symbols=84 pos=no daily_pnl=+0 drops=0
[MOVE_SUB_A] [18:49:29] STATS ticks=192329 symbols=84 pos=no daily_pnl=+0 drops=0
[MOVE_SUB_A] [18:50:29] STATS ticks=192913 symbols=84 pos=no daily_pnl=+0 drops=0
[MOVE_SUB_A] [18:51:29] STATS ticks=193503 symbols=84 pos=no daily_pnl=+0 drops=0
[MOVE_SUB_A] [18:52:30] STATS ticks=194192 symbols=84 pos=no daily_pnl=+0 drops=0
[MOVE_SUB_A] [18:53:30] STATS ticks=194849 symbols=84 pos=no daily_pnl=+0 drops=0
[MOVE_SUB_A] [18:54:30] STATS ticks=195155 symbols=84 pos=no daily_pnl=+0 drops=0
[MOVE_SUB_A] [18:55:30] STATS ticks=195974 symbols=84 pos=no daily_pnl=+0 drops=0
[MOVE_SUB_A] [18:56:30] STATS ticks=197204 symbols=84 pos=no daily_pnl=+0 drops=0
[MOVE_SUB_A] [18:57:30] STATS ticks=197617 symbols=84 pos=no daily_pnl=+0 drops=0
[MOVE_SUB_A] [18:58:30] STATS ticks=198148 symbols=84 pos=no daily_pnl=+0 drops=0
[MOVE_SUB_A] [18:59:30] STATS ticks=198930 symbols=84 pos=no daily_pnl=+0 drops=0
[MOVE_SUB_A] [19:00:31] STATS ticks=200083 symbols=84 pos=no daily_pnl=+0 drops=0
[MOVE_SUB_A] [19:01:31] STATS ticks=200691 symbols=84 pos=no daily_pnl=+0 drops=0
[MOVE_SUB_A] [19:02:31] STATS ticks=201367 symbols=84 pos=no daily_pnl=+0 drops=0
[MOVE_SUB_A] [19:03:31] STATS ticks=202315 symbols=84 pos=no daily_pnl=+0 drops=0
[MOVE_SUB_A] [19:04:31] STATS ticks=203167 symbols=84 pos=no daily_pnl=+0 drops=0
[MOVE_SUB_A] [19:05:31] STATS ticks=204510 symbols=84 pos=no daily_pnl=+0 drops=0
[MOVE_SUB_A] [19:06:31] STATS ticks=205928 symbols=84 pos=no daily_pnl=+0 drops=0
[MOVE_SUB_A] [19:07:31] STATS ticks=207793 symbols=84 pos=no daily_pnl=+0 drops=0
[MOVE_SUB_A] [19:08:31] STATS ticks=209597 symbols=84 pos=no daily_pnl=+0 drops=0
[MOVE_SUB_A] [19:09:31] STATS ticks=210539 symbols=84 pos=no daily_pnl=+0 drops=0
[MOVE_SUB_A] [19:10:32] STATS ticks=211456 symbols=84 pos=no daily_pnl=+0 drops=0
[MOVE_SUB_A] [19:11:32] STATS ticks=212407 symbols=84 pos=no daily_pnl=+0 drops=0
[MOVE_SUB_A] [19:12:32] STATS ticks=213080 symbols=84 pos=no daily_pnl=+0 drops=0
[MOVE_SUB_A] [19:13:32] STATS ticks=213827 symbols=84 pos=no daily_pnl=+0 drops=0
[MOVE_SUB_A] [19:14:32] STATS ticks=214398 symbols=84 pos=no daily_pnl=+0 drops=0
[MOVE_SUB_A] [19:15:32] STATS ticks=215469 symbols=84 pos=no daily_pnl=+0 drops=0
[MOVE_SUB_A] [19:16:32] STATS ticks=216612 symbols=84 pos=no daily_pnl=+0 drops=0
[MOVE_SUB_A] [19:17:32] STATS ticks=217552 symbols=84 pos=no daily_pnl=+0 drops=0
[MOVE_SUB_A] [19:18:32] STATS ticks=218161 symbols=84 pos=no daily_pnl=+0 drops=0
[MOVE_SUB_A] [19:19:32] STATS ticks=218658 symbols=84 pos=no daily_pnl=+0 drops=0
[MOVE_SUB_A] [19:20:33] STATS ticks=219392 symbols=84 pos=no daily_pnl=+0 drops=0
[MOVE_SUB_A] [19:21:33] STATS ticks=220545 symbols=84 pos=no daily_pnl=+0 drops=0
[MOVE_SUB_A] [19:22:33] STATS ticks=221431 symbols=84 pos=no daily_pnl=+0 drops=0
[MOVE_SUB_A] [19:23:33] STATS ticks=222403 symbols=84 pos=no daily_pnl=+0 drops=0
[MOVE_SUB_A] [19:24:33] STATS ticks=223397 symbols=84 pos=no daily_pnl=+0 drops=0
[MOVE_SUB_A] [19:25:33] STATS ticks=224571 symbols=84 pos=no daily_pnl=+0 drops=0
[MOVE_SUB_A] [19:26:33] STATS ticks=225434 symbols=84 pos=no daily_pnl=+0 drops=0
[MOVE_SUB_A] [19:27:33] STATS ticks=226066 symbols=84 pos=no daily_pnl=+0 drops=0
[MOVE_SUB_A] [19:28:33] STATS ticks=228533 symbols=84 pos=no daily_pnl=+0 drops=0
[MOVE_SUB_A] [19:29:33] STATS ticks=229782 symbols=84 pos=no daily_pnl=+0 drops=0
[MOVE_SUB_A] [19:30:33] STATS ticks=231774 symbols=84 pos=no daily_pnl=+0 drops=0
[MOVE_SUB_A] [19:31:34] STATS ticks=233091 symbols=84 pos=no daily_pnl=+0 drops=0
[MOVE_SUB_A] [19:32:34] STATS ticks=233716 symbols=84 pos=no daily_pnl=+0 drops=0
[MOVE_SUB_A] [19:33:34] STATS ticks=234510 symbols=84 pos=no daily_pnl=+0 drops=0
[MOVE_SUB_A] [19:34:34] STATS ticks=235434 symbols=84 pos=no daily_pnl=+0 drops=0
[MOVE_SUB_A] [19:35:34] STATS ticks=235971 symbols=84 pos=no daily_pnl=+0 drops=0
[MOVE_SUB_A] [19:36:34] STATS ticks=236564 symbols=84 pos=no daily_pnl=+0 drops=0
[MOVE_SUB_A] [19:37:34] STATS ticks=237338 symbols=84 pos=no daily_pnl=+0 drops=0
[MOVE_SUB_A] [19:38:34] STATS ticks=237697 symbols=84 pos=no daily_pnl=+0 drops=0
[MOVE_SUB_A] [19:39:34] STATS ticks=238261 symbols=84 pos=no daily_pnl=+0 drops=0
[MOVE_SUB_A] [19:40:35] STATS ticks=238700 symbols=84 pos=no daily_pnl=+0 drops=0
[MOVE_SUB_A] [19:41:35] STATS ticks=239100 symbols=84 pos=no daily_pnl=+0 drops=0
[MOVE_SUB_A] [19:42:35] STATS ticks=239389 symbols=84 pos=no daily_pnl=+0 drops=0
[MOVE_SUB_A] [19:43:35] STATS ticks=239966 symbols=84 pos=no daily_pnl=+0 drops=0
[MOVE_SUB_A] [19:44:35] STATS ticks=240304 symbols=84 pos=no daily_pnl=+0 drops=0
[MOVE_SUB_A] [19:45:35] STATS ticks=240703 symbols=84 pos=no daily_pnl=+0 drops=0
[MOVE_SUB_A] [19:46:35] STATS ticks=241268 symbols=84 pos=no daily_pnl=+0 drops=0
[MOVE_SUB_A] [19:47:35] STATS ticks=241752 symbols=84 pos=no daily_pnl=+0 drops=0
[MOVE_SUB_A] [19:48:35] STATS ticks=242171 symbols=84 pos=no daily_pnl=+0 drops=0
[MOVE_SUB_A] [19:49:35] STATS ticks=242536 symbols=84 pos=no daily_pnl=+0 drops=0
[MOVE_SUB_A] [19:50:36] STATS ticks=242806 symbols=84 pos=no daily_pnl=+0 drops=0
[MOVE_SUB_A] [19:51:36] STATS ticks=242983 symbols=84 pos=no daily_pnl=+0 drops=0
[MOVE_SUB_A] [19:52:36] STATS ticks=243150 symbols=84 pos=no daily_pnl=+0 drops=0
[MOVE_SUB_A] [19:53:36] STATS ticks=243347 symbols=84 pos=no daily_pnl=+0 drops=0
[MOVE_SUB_A] [19:54:36] STATS ticks=243602 symbols=84 pos=no daily_pnl=+0 drops=0
[MOVE_SUB_A] [19:55:36] STATS ticks=243701 symbols=84 pos=no daily_pnl=+0 drops=0
[MOVE_SUB_A] [19:56:36] STATS ticks=243864 symbols=84 pos=no daily_pnl=+0 drops=0
[MOVE_SUB_A] [19:57:36] STATS ticks=244179 symbols=84 pos=no daily_pnl=+0 drops=0
[MOVE_SUB_A] [19:58:36] STATS ticks=244501 symbols=84 pos=no daily_pnl=+0 drops=0
[MOVE_SUB_A] [19:59:37] STATS ticks=244767 symbols=84 pos=no daily_pnl=+0 drops=0
[MOVE_SUB_A] socket closed by peer — reconnecting
[MOVE_SUB_A] engine socket not ready yet (ConnectionRefusedError(61, 'Connection refused')) — retrying every 2s
[MOVE_SUB_A] [20:00:28] connected to engine (/tmp/warrior_engine.sock) attempt=14
[MOVE_SUB_A] socket closed by peer — reconnecting
[MOVE_SUB_A] engine socket not ready yet (ConnectionRefusedError(61, 'Connection refused')) — retrying every 2s
[MOVE_SUB_A] [20:01:42] connected to engine (/tmp/warrior_engine.sock) attempt=37
[MOVE_SUB_A] [20:01:42] STATS ticks=244903 symbols=84 pos=no daily_pnl=+0 drops=0
[MOVE_SUB_A] socket closed by peer — reconnecting
[MOVE_SUB_A] engine socket not ready yet (ConnectionRefusedError(61, 'Connection refused')) — retrying every 2s
[MOVE_SUB_A] [20:02:58] connected to engine (/tmp/warrior_engine.sock) attempt=37
[MOVE_SUB_A] [20:02:58] STATS ticks=244914 symbols=84 pos=no daily_pnl=+0 drops=0
[MOVE_SUB_A] socket closed by peer — reconnecting
[MOVE_SUB_A] engine socket not ready yet (ConnectionRefusedError(61, 'Connection refused')) — retrying every 2s
[MOVE_SUB_A] [20:04:13] connected to engine (/tmp/warrior_engine.sock) attempt=37
[MOVE_SUB_A] [20:04:13] STATS ticks=244925 symbols=84 pos=no daily_pnl=+0 drops=0
[MOVE_SUB_A] socket closed by peer — reconnecting
[MOVE_SUB_A] engine socket not ready yet (ConnectionRefusedError(61, 'Connection refused')) — retrying every 2s
[MOVE_SUB_A] signal 15 received — stopping
[MOVE_SUB_A] consume loop exited
