Wrote: /Users/duffy/warrior_bot_v2/cowork_reports/2026-06-29_abc_daily_report.md
# A/B/C Daily Report — 2026-06-29

Per `cowork_reports/2026-05-23_live_abc_fade_gate_test_directive.md`.

⚠️ **DATA QUALITY DEGRADED** — one or more symbols had `DIRECT_QUERY_WEDGE` audit events today. Variant comparison below reflects partial data. See Data Quality Audit section.

## Account / log snapshot

| Variant | Label | Equity | Day P&L | Day orders (buy/total) | Log entries | Gate blocks | Regime triggers |
|---|---|---:|---:|---:|---:|---:|---:|
| A | FIRESTORM-gate | +$2,394.50 | -$314.34 | 2 / 4 | 2 | 22324 | 1 |
| B | FIRESTORM-gate + Track A | err: {"message": "unautho | err: {"message": "unautho | err: {"message": "unautho | — | — | — |
| C | REENTRY-loss-gate | +$2,370.23 | -$330.77 | 2 / 4 | 2 | 22324 | 1 |

### Variant A — FIRESTORM-gate

- MOVE_STRIKE entries: 1
- REGIME_SHIFT entries: 1
- Exits: 2
- Regime-shift partials fired: 0
- Fade-gate blocks: 0 (0 unique symbols)
- REENTRY-loss-gate blocks: 1 (1 unique symbols)
- FIRESTORM-gate blocks: 22323 (2 unique symbols)
- Symbols traded: UPC

### Variant B — FIRESTORM-gate + Track A

- log error: `no_log` (path: `/Users/duffy/warrior_bot_v2/logs/2026-06-29_move_strike_subbot_B.log`)

### Variant C — REENTRY-loss-gate

- MOVE_STRIKE entries: 1
- REGIME_SHIFT entries: 1
- Exits: 2
- Regime-shift partials fired: 0
- Fade-gate blocks: 0 (0 unique symbols)
- REENTRY-loss-gate blocks: 1 (1 unique symbols)
- FIRESTORM-gate blocks: 22323 (2 unique symbols)
- Symbols traded: UPC

## Data Quality Audit

- Audit lines parsed: 1992
- Symbols flagged HEURISTIC_SUSPECT: 1
- Symbols with DIRECT_QUERY_WEDGE events: 1

| Symbol | OK | Suspect | Wedge | Min obs/truth | Last obs vs truth |
|---|---:|---:|---:|---:|---|
| UPC | 978 | 0 | 1 | 0.000 | 10748 / 7547 |
| DCOY | 994 | 19 | 0 | 0.387 | 2805 / 2295 |

## Running totals (cumulative)

| Variant | Days | Cumulative P&L |
|---|---:|---:|
| A | 24 | +$2,718.82 |
| B | 24 | -$4,183.34 |
| C | 24 | +$884.10 |

