Wrote: /Users/duffy/warrior_bot_v2/cowork_reports/2026-06-22_abc_daily_report.md
# A/B/C Daily Report — 2026-06-22

Per `cowork_reports/2026-05-23_live_abc_fade_gate_test_directive.md`.

⚠️ **DATA QUALITY DEGRADED** — one or more symbols had `DIRECT_QUERY_WEDGE` audit events today. Variant comparison below reflects partial data. See Data Quality Audit section.

## Account / log snapshot

| Variant | Label | Equity | Day P&L | Day orders (buy/total) | Log entries | Gate blocks | Regime triggers |
|---|---|---:|---:|---:|---:|---:|---:|
| A | FIRESTORM-gate | +$3,000.00 | +$0.00 | 0 / 0 | 0 | 4 | 3 |
| B | FIRESTORM-gate + Track A | err: {"message": "unautho | err: {"message": "unautho | err: {"message": "unautho | — | — | — |
| C | REENTRY-loss-gate | +$3,000.00 | +$0.00 | 0 / 0 | 0 | 4 | 3 |

### Variant A — FIRESTORM-gate

- MOVE_STRIKE entries: 0
- REGIME_SHIFT entries: 0
- Exits: 0
- Regime-shift partials fired: 0
- Fade-gate blocks: 0 (0 unique symbols)
- FIRESTORM-gate blocks: 4 (1 unique symbols)

### Variant B — FIRESTORM-gate + Track A

- log error: `no_log` (path: `/Users/duffy/warrior_bot_v2/logs/2026-06-22_move_strike_subbot_B.log`)

### Variant C — REENTRY-loss-gate

- MOVE_STRIKE entries: 0
- REGIME_SHIFT entries: 0
- Exits: 0
- Regime-shift partials fired: 0
- Fade-gate blocks: 0 (0 unique symbols)
- FIRESTORM-gate blocks: 4 (1 unique symbols)

## Data Quality Audit

- Audit lines parsed: 1606
- Symbols flagged HEURISTIC_SUSPECT: 0
- Symbols with DIRECT_QUERY_WEDGE events: 1

| Symbol | OK | Suspect | Wedge | Min obs/truth | Last obs vs truth |
|---|---:|---:|---:|---:|---|
| NXTS | 744 | 0 | 1 | 0.000 | 10929 / 8681 |

## Running totals (cumulative)

| Variant | Days | Cumulative P&L |
|---|---:|---:|
| A | 19 | +$3,323.82 |
| B | 19 | -$4,183.34 |
| C | 19 | +$1,513.37 |

