=== Waking screen ===
Display wake (caffeinate -u) sent
Display state: unknown (continuing — caffeinate keeps system awake regardless)
Persistent caffeinate started (PID: 67439)
=== V3 Hybrid daily run started: Fri May 22 02:00:05 MDT 2026 ===
From github.com:mannyluke4/warrior_bot
 * branch            v2-ibkr-migration -> FETCH_HEAD
Already up to date.
Code version: a7052cf (Cowork directive: X01 exits research for capturing vertical moves)
daily_run_v3.sh hash: 7a6a7618083825afbd32a725e4fe414cacd758a6
bot_v3_hybrid.py hash: bac1bd0b36ffc5474f3936337313c37a63db939c
bot_alpaca_subbot.py hash: 35c2164aba4247ce13052023d9b27ab1e3c05d66
alpaca_feed.py hash: 682a855ab7d4135ad611baa7e19a941a00690a38
sntp: clock_settime: Operation not permitted
+0.030719 +/- 0.060836 time.apple.com 2620:149:a16:3000::31
NTP sync skipped (non-root)
System time: Fri May 22 08:00:08 UTC 2026
Pre-flight: checking Python imports...
V3 Imports OK
Sub-bot Imports OK
Killing stale processes...
Gateway already up on port 4002 — reusing existing session (no kill/restart)
Waiting for IB Gateway on port 4002...
Gateway is up on port 4002 (after ~5s)
Cleaning up stale connections...
Wiping yesterday's watchlist.txt for a fresh session...
Starting live_scanner.py...
Live scanner started (PID: 67478)
Starting bot_v3_hybrid.py (Alpaca execution — main bot account PA3VP0LB4OID)...
Bot started (PID: 67488)
Bot health check passed (still running after 15s, PID: 67488)
HEALTH_OK: Bot connected at 2026-05-22 08:00:32 UTC
Starting move_strike_subbot.py (MOVE_STRIKE + HWM v6; Setup B)...
Sub-bot started (PID: 67496, log: /Users/duffy/warrior_bot_v2/logs/2026-05-22_move_strike_subbot.log)
Sub-bot health check passed (still running after 15s, PID: 67496)
Gateway watchdog started (PID: 67498)
Watchdog: monitoring bot until 6:05 PM MT / 8:05 PM ET (Fri May 22 18:05:00 MDT 2026)...
  Bot runs: morning 7:00-12:00 ET, sleeps 12:00-16:00, evening 16:00-20:00 ET
ALERT: bot_v3_hybrid.py died at Fri May 22 07:56:35 MDT 2026! Session ended early. Check /Users/duffy/warrior_bot_v2/logs/2026-05-22_daily.log.
=== Shutting down at Fri May 22 07:56:35 MDT 2026 ===
Pushing logs...
