=== Waking screen ===
Display wake (caffeinate -u) sent
Display state: unknown (continuing — caffeinate keeps system awake regardless)
Persistent caffeinate started (PID: 36653)
=== V3 Hybrid daily run started: Mon Jun  8 02:00:05 MDT 2026 ===
From github.com:mannyluke4/warrior_bot
 * branch            v2-ibkr-migration -> FETCH_HEAD
Already up to date.
Code version: 37c93e9 (auto: v3 daily logs 2026-06-05)
daily_run_v3.sh hash: c8bd1cafdc7cefc8b09bba6eed42fefe5f32cf8e
bot_v3_hybrid.py hash: 898b49ff0af6cd8174120e8abca843cfbce448e5
bot_alpaca_subbot.py hash: 35c2164aba4247ce13052023d9b27ab1e3c05d66
alpaca_feed.py hash: 682a855ab7d4135ad611baa7e19a941a00690a38
sntp: Exchange failed: Timeout
sntp: clock_settime: Operation not permitted
sntp_exchange {
        result: 6 (Timeout)
        header: 00 (li:0 vn:0 mode:0)
       stratum: 00 (0)
          poll: 00 (1)
     precision: 00 (1.000000e+00)
         delay: 0000.0000 (0.000000000)
    dispersion: 0000.0000 (0.000000000)
           ref: 00000000 ("    ")
         t_ref: 00000000.00000000 (0.000000000)
            t1: EDD0F507.C025D074 (3989894407.750576999)
            t2: 00000000.00000000 (0.000000000)
            t3: 00000000.00000000 (0.000000000)
            t4: 00000000.00000000 (0.000000000)
        offset: FFFFFFFF8917857C.1FED17C600000000 (-1994947203.875288486)
         delay: FFFFFFFF122F0AF8.3FDA2F8C00000000 (-3989894407.750576973)
          mean: 0000000000000000.0000000000000000 (0.000000000)
         error: 0000000000000000.0000000000000000 (0.000000000)
          addr: 2620:149:a16:4000::31
}
+0.033699 +/- 0.067181 time.apple.com 2620:149:a16:3000::31
NTP sync skipped (non-root)
System time: Mon Jun  8 08:00:08 UTC 2026
Pre-flight: checking Python imports...
V3 Imports OK
Sub-bot Imports OK
Killing stale processes...
Gateway already up on port 4002 — reusing existing session (no kill/restart)
Waiting for IB Gateway on port 4002...
Gateway is up on port 4002 (after ~5s)
Cleaning up stale connections...
Wiping yesterday's watchlist.txt for a fresh session...
Starting live_scanner.py...
Live scanner started (PID: 36697)
Starting bot_v3_hybrid.py (IBKR paper execution — squeeze re-enabled 2026-05-26)...
Bot started (PID: 36707)
Bot health check passed (still running after 15s, PID: 36707)
HEALTH_OK: Bot connected at 2026-06-08 08:00:33 UTC
Starting sub-bot variant A (log: /Users/duffy/warrior_bot_v2/logs/2026-06-08_move_strike_subbot_A.log)...
  variant A PID: 36728
Starting sub-bot variant B (log: /Users/duffy/warrior_bot_v2/logs/2026-06-08_move_strike_subbot_B.log)...
  variant B PID: 36729
Starting sub-bot variant C (log: /Users/duffy/warrior_bot_v2/logs/2026-06-08_move_strike_subbot_C.log)...
  variant C PID: 36730
  variant A health-check OK (PID 36728)
  variant B health-check OK (PID 36729)
  variant C health-check OK (PID 36730)
Gateway watchdog started (PID: 36733)
Health watchdog started (detached)
Watchdog: monitoring bot until 6:05 PM MT / 8:05 PM ET (Mon Jun  8 18:05:00 MDT 2026)...
  Bot runs: morning 7:00-12:00 ET, sleeps 12:00-16:00, evening 16:00-20:00 ET
ALERT: bot_v3_hybrid.py died at Mon Jun  8 18:01:44 MDT 2026. Auto-restarting in place (attempt 1/10); sub-bots untouched. Check /Users/duffy/warrior_bot_v2/logs/2026-06-08_daily.log.
Main bot restarted OK (PID: 68424).
ALERT: bot_v3_hybrid.py died at Mon Jun  8 18:03:00 MDT 2026. Auto-restarting in place (attempt 2/10); sub-bots untouched. Check /Users/duffy/warrior_bot_v2/logs/2026-06-08_daily.log.
Main bot restarted OK (PID: 68471).
ALERT: bot_v3_hybrid.py died at Mon Jun  8 18:04:15 MDT 2026. Auto-restarting in place (attempt 3/10); sub-bots untouched. Check /Users/duffy/warrior_bot_v2/logs/2026-06-08_daily.log.
Main bot restarted OK (PID: 68533).
All trading windows closed. Proceeding to shutdown.
=== Shutting down at Mon Jun  8 18:05:30 MDT 2026 ===
Generating A/B/C daily comparison report...
Pushing logs...
[v2-ibkr-migration 60ee167] auto: v3 daily logs 2026-06-08
 23 files changed, 194019 insertions(+)
 create mode 100644 cowork_reports/2026-06-08_abc_daily_report.md
 create mode 100644 logs/2026-06-08_abc_compare.log
 create mode 100644 logs/2026-06-08_daily.log
 create mode 100644 logs/2026-06-08_discovery_gate_observe.jsonl
 create mode 100644 logs/2026-06-08_latency_diagnostic.jsonl
 create mode 100644 logs/2026-06-08_move_strike_subbot_A.log
 create mode 100644 logs/2026-06-08_move_strike_subbot_B.log
 create mode 100644 logs/2026-06-08_move_strike_subbot_C.log
 create mode 100644 logs/2026-06-08_scanner.log
 create mode 100644 logs/2026-06-08_wb_intraday_adder_observe.jsonl
 create mode 100644 logs/bar_stream/2026-06-08_main_bot.jsonl
 create mode 100644 logs/bar_stream/2026-06-08_subbot_A.jsonl
 create mode 100644 logs/bar_stream/2026-06-08_subbot_B.jsonl
 create mode 100644 logs/bar_stream/2026-06-08_subbot_C.jsonl
 create mode 100644 logs/bar_stream/2026-06-09_main_bot.jsonl
 create mode 100644 logs/bar_stream/2026-06-09_subbot_A.jsonl
 create mode 100644 logs/bar_stream/2026-06-09_subbot_B.jsonl
 create mode 100644 logs/bar_stream/2026-06-09_subbot_C.jsonl
 create mode 100644 logs/cron_2026-06-08.log
=== V3 Hybrid daily run complete: Mon Jun  8 18:05:43 MDT 2026 ===
=== TRAP: cleanup at Mon Jun  8 18:05:43 MDT 2026 ===
/Users/duffy/warrior_bot_v2/daily_run_v3.sh: line 21: 36653 Terminated: 15          caffeinate -dims -w $$  (wd: ~)
/Users/duffy/warrior_bot_v2/daily_run_v3.sh: line 21: 36733 Terminated: 15          ( while true; do
    sleep 60; if ! python3 -c "import socket; s=socket.socket(); s.settimeout(2); s.connect(('127.0.0.1',$IBKR_PORT)); s.close()" 2> /dev/null; then
        echo "WARNING: Gateway port $IBKR_PORT dropped at $(date -u '+%Y-%m-%d %H:%M:%S UTC')" >> "$LOG_DIR/gateway_watchdog.log"; echo "WARNING: Gateway port $IBKR_PORT dropped at $(date -u '+%Y-%m-%d %H:%M:%S UTC')";
    fi;
done )
[v2-ibkr-migration 7898a7a] auto: v3 daily logs 2026-06-08
 2 files changed, 46 insertions(+)
=== Cleanup complete: Mon Jun  8 18:05:44 MDT 2026 ===
