=== Waking screen ===
Display wake (caffeinate -u) sent
Display state: unknown (continuing — caffeinate keeps system awake regardless)
Persistent caffeinate started (PID: 71689)
=== V3 Hybrid daily run started: Fri Jul 17 02:00:05 MDT 2026 ===
From github.com:mannyluke4/warrior_bot
 * branch            v2-ibkr-migration -> FETCH_HEAD
Already up to date.
Code version: 0ed4677 (auto: v3 daily logs 2026-07-16)
daily_run_v3.sh hash: 9c513aa470271346d24ead1e127c3b25add425b1
bot_v3_hybrid.py hash: d231fb62968c2715d314921d466be19de09b9a82
bot_alpaca_subbot.py hash: 35c2164aba4247ce13052023d9b27ab1e3c05d66
alpaca_feed.py hash: 682a855ab7d4135ad611baa7e19a941a00690a38
sntp: clock_settime: Operation not permitted
+0.034274 +/- 0.069021 time.apple.com 2620:149:a16:4000::31
NTP sync skipped (non-root)
System time: Fri Jul 17 08:00:07 UTC 2026
Pre-flight: checking Python imports...
V3 Imports OK
Sub-bot Imports OK
Killing stale processes...
Gateway already up on port 4002 — reusing existing session (no kill/restart)
Waiting for IB Gateway on port 4002...
Gateway is up on port 4002 (after ~5s)
Cleaning up stale connections...
Wiping yesterday's watchlist.txt for a fresh session...
live_scanner.py retired — engine ibkr_scanner is the sole scan source.
Starting bot_v3_hybrid.py (IBKR paper execution — squeeze re-enabled 2026-05-26)...
Bot started (PID: 71737)
Bot health check passed (still running after 15s, PID: 71737)
HEALTH_OK: Bot connected at 2026-07-17 08:00:32 UTC
Starting sub-bot variant A (log: /Users/duffy/warrior_bot_v2/logs/2026-07-17_move_strike_subbot_A.log)...
  variant A PID: 71760
Starting sub-bot variant C (log: /Users/duffy/warrior_bot_v2/logs/2026-07-17_move_strike_subbot_C.log)...
  variant C PID: 71761
  variant A health-check OK (PID 71760)
  variant B not launched (missing keys)
  variant C health-check OK (PID 71761)
Gateway watchdog started (PID: 71763)
Health watchdog started (detached)
Watchdog: monitoring bot until 6:05 PM MT / 8:05 PM ET (Fri Jul 17 18:05:00 MDT 2026)...
  Bot runs: morning 7:00-12:00 ET, sleeps 12:00-16:00, evening 16:00-20:00 ET
ALERT: bot_v3_hybrid.py died at Fri Jul 17 13:03:10 MDT 2026. Auto-restarting in place (attempt 1/10); sub-bots untouched. Check /Users/duffy/warrior_bot_v2/logs/2026-07-17_daily.log.
Main bot restarted OK (PID: 99592).
ALERT: bot_v3_hybrid.py died at Fri Jul 17 18:00:57 MDT 2026. Auto-restarting in place (attempt 2/10); sub-bots untouched. Check /Users/duffy/warrior_bot_v2/logs/2026-07-17_daily.log.
WARN: restarted main bot died within 15s — will retry next tick.
ALERT: bot_v3_hybrid.py died at Fri Jul 17 18:02:12 MDT 2026. Auto-restarting in place (attempt 3/10); sub-bots untouched. Check /Users/duffy/warrior_bot_v2/logs/2026-07-17_daily.log.
WARN: restarted main bot died within 15s — will retry next tick.
ALERT: bot_v3_hybrid.py died at Fri Jul 17 18:03:28 MDT 2026. Auto-restarting in place (attempt 4/10); sub-bots untouched. Check /Users/duffy/warrior_bot_v2/logs/2026-07-17_daily.log.
WARN: restarted main bot died within 15s — will retry next tick.
ALERT: bot_v3_hybrid.py died at Fri Jul 17 18:04:43 MDT 2026. Auto-restarting in place (attempt 5/10); sub-bots untouched. Check /Users/duffy/warrior_bot_v2/logs/2026-07-17_daily.log.
WARN: restarted main bot died within 15s — will retry next tick.
All trading windows closed. Proceeding to shutdown.
=== Shutting down at Fri Jul 17 18:05:58 MDT 2026 ===
Generating A/B/C daily comparison report...
Pushing logs...
[v2-ibkr-migration 778070a] auto: v3 daily logs 2026-07-17
 23 files changed, 64430 insertions(+)
 create mode 100644 cowork_reports/2026-07-17_abc_daily_report.md
 create mode 100644 logs/2026-07-17_abc_compare.log
 create mode 100644 logs/2026-07-17_daily.log
 create mode 100644 logs/2026-07-17_discovery_gate_observe.jsonl
 create mode 100644 logs/2026-07-17_move_strike_subbot_A.log
 create mode 100644 logs/2026-07-17_move_strike_subbot_C.log
 create mode 100644 logs/2026-07-17_wb_intraday_adder_observe.jsonl
 create mode 100644 logs/bar_stream/2026-07-17_main_bot.jsonl
 create mode 100644 logs/bar_stream/2026-07-17_subbot_A.jsonl
 create mode 100644 logs/bar_stream/2026-07-17_subbot_C.jsonl
 create mode 100644 logs/cron_2026-07-17.log
 create mode 100644 logs/mp_early_backtest.log
 create mode 100644 logs/mp_fs100_backtest.log
 create mode 100644 logs/mp_fs300_backtest.log
 create mode 100644 logs/mp_jan_backtest.log
 create mode 100644 logs/mp_jan_fixed_backtest.log
 create mode 100644 logs/mp_strong_backtest.log
 create mode 100644 logs/mp_tight_backtest.log
 create mode 100644 logs/sq_late_backtest.log
=== V3 Hybrid daily run complete: Fri Jul 17 18:06:09 MDT 2026 ===
=== TRAP: cleanup at Fri Jul 17 18:06:09 MDT 2026 ===
/Users/duffy/warrior_bot_v2/daily_run_v3.sh: line 21: 71689 Terminated: 15          caffeinate -dims -w $$  (wd: ~)
/Users/duffy/warrior_bot_v2/daily_run_v3.sh: line 21: 71763 Terminated: 15          ( while true; do
    sleep 60; if ! python3 -c "import socket; s=socket.socket(); s.settimeout(2); s.connect(('127.0.0.1',$IBKR_PORT)); s.close()" 2> /dev/null; then
        echo "WARNING: Gateway port $IBKR_PORT dropped at $(date -u '+%Y-%m-%d %H:%M:%S UTC')" >> "$LOG_DIR/gateway_watchdog.log"; echo "WARNING: Gateway port $IBKR_PORT dropped at $(date -u '+%Y-%m-%d %H:%M:%S UTC')";
    fi;
done )
[v2-ibkr-migration 6424d26] auto: v3 daily logs 2026-07-17
 2 files changed, 46 insertions(+)
=== Cleanup complete: Fri Jul 17 18:06:11 MDT 2026 ===
