=== Waking screen ===
Display wake (caffeinate -u) sent
Display state: unknown (continuing — caffeinate keeps system awake regardless)
Persistent caffeinate started (PID: 62483)
=== V3 Hybrid daily run started: Mon Aug 24 02:00:08 MDT 2026 ===
From github.com:mannyluke4/warrior_bot
 * branch            v2-ibkr-migration -> FETCH_HEAD
Already up to date.
Code version: 5e3a948 (auto: v3 daily logs 2026-08-21)
daily_run_v3.sh hash: fe9222dd63e0ce208ca08a3330c95f5bd40ed9d7
bot_v3_hybrid.py hash: eebc6fea2803847adc6de410409fc1d361bdb101
bot_alpaca_subbot.py hash: 35c2164aba4247ce13052023d9b27ab1e3c05d66
alpaca_feed.py hash: 682a855ab7d4135ad611baa7e19a941a00690a38
sntp: Exchange failed: Timeout
sntp: clock_settime: Operation not permitted
sntp_exchange {
        result: 6 (Timeout)
        header: 00 (li:0 vn:0 mode:0)
       stratum: 00 (0)
          poll: 00 (1)
     precision: 00 (1.000000e+00)
         delay: 0000.0000 (0.000000000)
    dispersion: 0000.0000 (0.000000000)
           ref: 00000000 ("    ")
         t_ref: 00000000.00000000 (0.000000000)
            t1: EE367889.DBE175D1 (3996547209.858908999)
            t2: 00000000.00000000 (0.000000000)
            t3: 00000000.00000000 (0.000000000)
            t4: 00000000.00000000 (0.000000000)
        offset: FFFFFFFF88E4C3BB.120F451780000000 (-1998273604.929454565)
         delay: FFFFFFFF11C98776.241E8A2F00000000 (-3996547209.858909130)
          mean: 0000000000000000.0000000000000000 (0.000000000)
         error: 0000000000000000.0000000000000000 (0.000000000)
          addr: 2620:149:a16:4000::31
}
+0.032274 +/- 0.066259 time.apple.com 2620:149:a16:3000::31
NTP sync skipped (non-root)
System time: Mon Aug 24 08:00:11 UTC 2026
Pre-flight: checking Python imports...
V3 Imports OK
Sub-bot Imports OK
Killing stale processes...
Gateway port 4002 down — killing stale java and starting fresh...
All stale processes cleared.
Starting IB Gateway via IBC...
Waiting for IB Gateway on port 4002...
  attempt 1/72: port 4002 not ready yet, waiting 5s...
[1;32m+==============================================================================
+
+ IBC version 3.23.0
+
+ Running GATEWAY 10.37
+
+ Diagnostic information is logged in:
+
+ /Users/duffy/ibc/logs/ibc-3.23.0_GATEWAY-10.37_Monday.txt
+
+[0m
  attempt 2/72: port 4002 not ready yet, waiting 5s...
  attempt 3/72: port 4002 not ready yet, waiting 5s...
  attempt 4/72: port 4002 not ready yet, waiting 5s...
  attempt 5/72: port 4002 not ready yet, waiting 5s...
  attempt 6/72: port 4002 not ready yet, waiting 5s...
  attempt 7/72: port 4002 not ready yet, waiting 5s...
  attempt 8/72: port 4002 not ready yet, waiting 5s...
  attempt 9/72: port 4002 not ready yet, waiting 5s...
  attempt 10/72: port 4002 not ready yet, waiting 5s...
  attempt 11/72: port 4002 not ready yet, waiting 5s...
  attempt 12/72: port 4002 not ready yet, waiting 5s...
  attempt 13/72: port 4002 not ready yet, waiting 5s...
  attempt 14/72: port 4002 not ready yet, waiting 5s...
  attempt 15/72: port 4002 not ready yet, waiting 5s...
  attempt 16/72: port 4002 not ready yet, waiting 5s...
  attempt 17/72: port 4002 not ready yet, waiting 5s...
  attempt 18/72: port 4002 not ready yet, waiting 5s...
  attempt 19/72: port 4002 not ready yet, waiting 5s...
  attempt 20/72: port 4002 not ready yet, waiting 5s...
  attempt 21/72: port 4002 not ready yet, waiting 5s...
  attempt 22/72: port 4002 not ready yet, waiting 5s...
  attempt 23/72: port 4002 not ready yet, waiting 5s...
  attempt 24/72: port 4002 not ready yet, waiting 5s...
  attempt 25/72: port 4002 not ready yet, waiting 5s...
  attempt 26/72: port 4002 not ready yet, waiting 5s...
  attempt 27/72: port 4002 not ready yet, waiting 5s...
  attempt 28/72: port 4002 not ready yet, waiting 5s...
  attempt 29/72: port 4002 not ready yet, waiting 5s...
  attempt 30/72: port 4002 not ready yet, waiting 5s...
  attempt 31/72: port 4002 not ready yet, waiting 5s...
  attempt 32/72: port 4002 not ready yet, waiting 5s...
  attempt 33/72: port 4002 not ready yet, waiting 5s...
  attempt 34/72: port 4002 not ready yet, waiting 5s...
  attempt 35/72: port 4002 not ready yet, waiting 5s...
  attempt 36/72: port 4002 not ready yet, waiting 5s...
  attempt 37/72: port 4002 not ready yet, waiting 5s...
  attempt 38/72: port 4002 not ready yet, waiting 5s...
  attempt 39/72: port 4002 not ready yet, waiting 5s...
  attempt 40/72: port 4002 not ready yet, waiting 5s...
  attempt 41/72: port 4002 not ready yet, waiting 5s...
  attempt 42/72: port 4002 not ready yet, waiting 5s...
  attempt 43/72: port 4002 not ready yet, waiting 5s...
  attempt 44/72: port 4002 not ready yet, waiting 5s...
  attempt 45/72: port 4002 not ready yet, waiting 5s...
  attempt 46/72: port 4002 not ready yet, waiting 5s...
  attempt 47/72: port 4002 not ready yet, waiting 5s...
  attempt 48/72: port 4002 not ready yet, waiting 5s...
  attempt 49/72: port 4002 not ready yet, waiting 5s...
  attempt 50/72: port 4002 not ready yet, waiting 5s...
  attempt 51/72: port 4002 not ready yet, waiting 5s...
  attempt 52/72: port 4002 not ready yet, waiting 5s...
  attempt 53/72: port 4002 not ready yet, waiting 5s...
  attempt 54/72: port 4002 not ready yet, waiting 5s...
  attempt 55/72: port 4002 not ready yet, waiting 5s...
  attempt 56/72: port 4002 not ready yet, waiting 5s...
  attempt 57/72: port 4002 not ready yet, waiting 5s...
  attempt 58/72: port 4002 not ready yet, waiting 5s...
  attempt 59/72: port 4002 not ready yet, waiting 5s...
  attempt 60/72: port 4002 not ready yet, waiting 5s...
  attempt 61/72: port 4002 not ready yet, waiting 5s...
  attempt 62/72: port 4002 not ready yet, waiting 5s...
  attempt 63/72: port 4002 not ready yet, waiting 5s...
  attempt 64/72: port 4002 not ready yet, waiting 5s...
  attempt 65/72: port 4002 not ready yet, waiting 5s...
  attempt 66/72: port 4002 not ready yet, waiting 5s...
  attempt 67/72: port 4002 not ready yet, waiting 5s...
  attempt 68/72: port 4002 not ready yet, waiting 5s...
  attempt 69/72: port 4002 not ready yet, waiting 5s...
  attempt 70/72: port 4002 not ready yet, waiting 5s...
  attempt 71/72: port 4002 not ready yet, waiting 5s...
  attempt 72/72: port 4002 not ready yet, waiting 5s...
Gateway did not open port 4002 in 360s — RETRYING gateway restart once...
[1;31m+==============================================================================
+
+                       **** An error has occurred ****
+
+                     Please look in the diagnostics file 
+                   mentioned above for further information
+
+                           Press enter to continue.
+
+==============================================================================[0m
Restarting IB Gateway via IBC (attempt 2)...
  retry attempt 1/72: port 4002 not ready yet, waiting 5s...
[1;32m+==============================================================================
+
+ IBC version 3.23.0
+
+ Running GATEWAY 10.37
+
+ Diagnostic information is logged in:
+
+ /Users/duffy/ibc/logs/ibc-3.23.0_GATEWAY-10.37_Monday.txt
+
+[0m
  retry attempt 2/72: port 4002 not ready yet, waiting 5s...
  retry attempt 3/72: port 4002 not ready yet, waiting 5s...
  retry attempt 4/72: port 4002 not ready yet, waiting 5s...
  retry attempt 5/72: port 4002 not ready yet, waiting 5s...
  retry attempt 6/72: port 4002 not ready yet, waiting 5s...
  retry attempt 7/72: port 4002 not ready yet, waiting 5s...
  retry attempt 8/72: port 4002 not ready yet, waiting 5s...
  retry attempt 9/72: port 4002 not ready yet, waiting 5s...
  retry attempt 10/72: port 4002 not ready yet, waiting 5s...
  retry attempt 11/72: port 4002 not ready yet, waiting 5s...
  retry attempt 12/72: port 4002 not ready yet, waiting 5s...
  retry attempt 13/72: port 4002 not ready yet, waiting 5s...
  retry attempt 14/72: port 4002 not ready yet, waiting 5s...
  retry attempt 15/72: port 4002 not ready yet, waiting 5s...
  retry attempt 16/72: port 4002 not ready yet, waiting 5s...
  retry attempt 17/72: port 4002 not ready yet, waiting 5s...
  retry attempt 18/72: port 4002 not ready yet, waiting 5s...
  retry attempt 19/72: port 4002 not ready yet, waiting 5s...
  retry attempt 20/72: port 4002 not ready yet, waiting 5s...
  retry attempt 21/72: port 4002 not ready yet, waiting 5s...
  retry attempt 22/72: port 4002 not ready yet, waiting 5s...
  retry attempt 23/72: port 4002 not ready yet, waiting 5s...
  retry attempt 24/72: port 4002 not ready yet, waiting 5s...
  retry attempt 25/72: port 4002 not ready yet, waiting 5s...
  retry attempt 26/72: port 4002 not ready yet, waiting 5s...
  retry attempt 27/72: port 4002 not ready yet, waiting 5s...
  retry attempt 28/72: port 4002 not ready yet, waiting 5s...
  retry attempt 29/72: port 4002 not ready yet, waiting 5s...
  retry attempt 30/72: port 4002 not ready yet, waiting 5s...
  retry attempt 31/72: port 4002 not ready yet, waiting 5s...
  retry attempt 32/72: port 4002 not ready yet, waiting 5s...
  retry attempt 33/72: port 4002 not ready yet, waiting 5s...
  retry attempt 34/72: port 4002 not ready yet, waiting 5s...
  retry attempt 35/72: port 4002 not ready yet, waiting 5s...
  retry attempt 36/72: port 4002 not ready yet, waiting 5s...
  retry attempt 37/72: port 4002 not ready yet, waiting 5s...
  retry attempt 38/72: port 4002 not ready yet, waiting 5s...
  retry attempt 39/72: port 4002 not ready yet, waiting 5s...
  retry attempt 40/72: port 4002 not ready yet, waiting 5s...
  retry attempt 41/72: port 4002 not ready yet, waiting 5s...
  retry attempt 42/72: port 4002 not ready yet, waiting 5s...
  retry attempt 43/72: port 4002 not ready yet, waiting 5s...
  retry attempt 44/72: port 4002 not ready yet, waiting 5s...
  retry attempt 45/72: port 4002 not ready yet, waiting 5s...
  retry attempt 46/72: port 4002 not ready yet, waiting 5s...
  retry attempt 47/72: port 4002 not ready yet, waiting 5s...
  retry attempt 48/72: port 4002 not ready yet, waiting 5s...
  retry attempt 49/72: port 4002 not ready yet, waiting 5s...
  retry attempt 50/72: port 4002 not ready yet, waiting 5s...
  retry attempt 51/72: port 4002 not ready yet, waiting 5s...
  retry attempt 52/72: port 4002 not ready yet, waiting 5s...
  retry attempt 53/72: port 4002 not ready yet, waiting 5s...
  retry attempt 54/72: port 4002 not ready yet, waiting 5s...
  retry attempt 55/72: port 4002 not ready yet, waiting 5s...
  retry attempt 56/72: port 4002 not ready yet, waiting 5s...
  retry attempt 57/72: port 4002 not ready yet, waiting 5s...
  retry attempt 58/72: port 4002 not ready yet, waiting 5s...
  retry attempt 59/72: port 4002 not ready yet, waiting 5s...
  retry attempt 60/72: port 4002 not ready yet, waiting 5s...
  retry attempt 61/72: port 4002 not ready yet, waiting 5s...
  retry attempt 62/72: port 4002 not ready yet, waiting 5s...
  retry attempt 63/72: port 4002 not ready yet, waiting 5s...
  retry attempt 64/72: port 4002 not ready yet, waiting 5s...
  retry attempt 65/72: port 4002 not ready yet, waiting 5s...
  retry attempt 66/72: port 4002 not ready yet, waiting 5s...
  retry attempt 67/72: port 4002 not ready yet, waiting 5s...
  retry attempt 68/72: port 4002 not ready yet, waiting 5s...
  retry attempt 69/72: port 4002 not ready yet, waiting 5s...
  retry attempt 70/72: port 4002 not ready yet, waiting 5s...
  retry attempt 71/72: port 4002 not ready yet, waiting 5s...
  retry attempt 72/72: port 4002 not ready yet, waiting 5s...
FATAL: IB Gateway did not open port 4002 after 2 restart attempts. Aborting.
=== TRAP: cleanup at Mon Aug 24 02:13:33 MDT 2026 ===
/Users/duffy/warrior_bot_v2/daily_run_v3.sh: line 21: 62483 Terminated: 15          caffeinate -dims -w $$  (wd: ~)
[v2-ibkr-migration ab1bfa1] auto: v3 daily logs 2026-08-24
 5 files changed, 471 insertions(+)
 create mode 100644 logs/2026-08-24_daily.log
 create mode 100644 logs/cron_2026-08-24.log
=== Cleanup complete: Mon Aug 24 02:13:36 MDT 2026 ===
/Users/duffy/ibc/scripts/displaybannerandlaunch.sh: line 75: 62742 Killed: 9               "${IBC_PATH}/scripts/ibcstart.sh" "${TWS_MAJOR_VRSN}" ${gw_flag} "--tws-path=${TWS_PATH}" "--tws-settings-path=${TWS_SETTINGS_PATH}" "--ibc-path=${IBC_PATH}" "--ibc-ini=${IBC_INI}" "--user=${TWSUSERID}" "--pw=${TWSPASSWORD}" "--fix-user=${FIXUSERID}" "--fix-pw=${FIXPASSWORD}" "--java-path=${JAVA_PATH}" "--mode=${TRADING_MODE}" "--on2fatimeout=${TWOFA_TIMEOUT_ACTION}" >> "${log_file}" 2>&1
[1;31m+==============================================================================
+
+                       **** An error has occurred ****
+
+                     Please look in the diagnostics file 
+                   mentioned above for further information
+
+                           Press enter to continue.
+
+==============================================================================[0m
=== Waking screen ===
Display wake (caffeinate -u) sent
Display state: unknown (continuing — caffeinate keeps system awake regardless)
Persistent caffeinate started (PID: 66718)
=== V3 Hybrid daily run started: Mon Aug 24 09:52:02 MDT 2026 ===
From github.com:mannyluke4/warrior_bot
 * branch            v2-ibkr-migration -> FETCH_HEAD
Already up to date.
Code version: ab1bfa1 (auto: v3 daily logs 2026-08-24)
daily_run_v3.sh hash: 2a69a9db48f8eb169651db16aaa93c59  /Users/duffy/warrior_bot_v2/daily_run_v3.sh
bot_v3_hybrid.py hash: 0d92caee3f0896140382112ff74e1176  /Users/duffy/warrior_bot_v2/bot_v3_hybrid.py
bot_alpaca_subbot.py hash: a037c0761d9dd5e1d11f33df333ac1d7  /Users/duffy/warrior_bot_v2/bot_alpaca_subbot.py
alpaca_feed.py hash: 870553116e841aac75c1f8ac28976191  /Users/duffy/warrior_bot_v2/alpaca_feed.py
sntp: clock_settime: Operation not permitted
+0.034466 +/- 0.069105 time.apple.com 2620:149:a16:3000::31
NTP sync skipped (non-root)
System time: Mon Aug 24 15:52:04 UTC 2026
Pre-flight: checking Python imports...
V3 Imports OK
Sub-bot Imports OK
Killing stale processes...
Gateway port 4002 down — killing stale java and starting fresh...
All stale processes cleared.
Starting IB Gateway via IBC...
Waiting for IB Gateway on port 4002...
  attempt 1/72: port 4002 not ready yet, waiting 5s...
[1;32m+==============================================================================
+
+ IBC version 3.23.0
+
+ Running GATEWAY 10.37
+
+ Diagnostic information is logged in:
+
+ /Users/duffy/ibc/logs/ibc-3.23.0_GATEWAY-10.37_Monday.txt
+
+[0m
  attempt 2/72: port 4002 not ready yet, waiting 5s...
Gateway is up on port 4002 (after ~15s)
Cleaning up stale connections...
Wiping yesterday's watchlist.txt for a fresh session...
live_scanner.py retired — engine ibkr_scanner is the sole scan source.
Starting bot_v3_hybrid.py (IBKR paper execution — squeeze re-enabled 2026-05-26)...
Bot started (PID: 66817)
Bot health check passed (still running after 15s, PID: 66817)
HEALTH_OK: Bot connected at 2026-08-24 15:53:07 UTC
Starting sub-bot variant A (log: /Users/duffy/warrior_bot_v2/logs/2026-08-24_move_strike_subbot_A.log)...
  variant A PID: 66867
Starting sub-bot variant C (log: /Users/duffy/warrior_bot_v2/logs/2026-08-24_move_strike_subbot_C.log)...
  variant C PID: 66868
  variant A health-check OK (PID 66867)
  variant B not launched (missing keys)
  variant C health-check OK (PID 66868)
Gateway watchdog started (PID: 66876)
Health watchdog started (detached)
Watchdog: monitoring bot until 6:05 PM MT / 8:05 PM ET (Mon Aug 24 18:05:00 MDT 2026)...
  Bot runs: morning 7:00-12:00 ET, sleeps 12:00-16:00, evening 16:00-20:00 ET
ALERT: bot_v3_hybrid.py died at Mon Aug 24 10:02:22 MDT 2026. Auto-restarting in place (attempt 1/10); sub-bots untouched. Check /Users/duffy/warrior_bot_v2/logs/2026-08-24_daily.log.
Main bot restarted OK (PID: 67536).
ALERT: bot_v3_hybrid.py died at Mon Aug 24 18:00:48 MDT 2026. Auto-restarting in place (attempt 2/10); sub-bots untouched. Check /Users/duffy/warrior_bot_v2/logs/2026-08-24_daily.log.
WARN: restarted main bot died within 15s — will retry next tick.
ALERT: bot_v3_hybrid.py died at Mon Aug 24 18:02:03 MDT 2026. Auto-restarting in place (attempt 3/10); sub-bots untouched. Check /Users/duffy/warrior_bot_v2/logs/2026-08-24_daily.log.
WARN: restarted main bot died within 15s — will retry next tick.
ALERT: bot_v3_hybrid.py died at Mon Aug 24 18:03:18 MDT 2026. Auto-restarting in place (attempt 4/10); sub-bots untouched. Check /Users/duffy/warrior_bot_v2/logs/2026-08-24_daily.log.
WARN: restarted main bot died within 15s — will retry next tick.
ALERT: bot_v3_hybrid.py died at Mon Aug 24 18:04:33 MDT 2026. Auto-restarting in place (attempt 5/10); sub-bots untouched. Check /Users/duffy/warrior_bot_v2/logs/2026-08-24_daily.log.
WARN: restarted main bot died within 15s — will retry next tick.
All trading windows closed. Proceeding to shutdown.
=== Shutting down at Mon Aug 24 18:05:48 MDT 2026 ===
Generating A/B/C daily comparison report...
Pushing logs...
[v2-ibkr-migration b5425c0] auto: v3 daily logs 2026-08-24
 11 files changed, 31691 insertions(+)
 create mode 100644 cowork_reports/2026-08-24_abc_daily_report.md
 create mode 100644 logs/2026-08-24_abc_compare.log
 create mode 100644 logs/2026-08-24_discovery_gate_observe.jsonl
 create mode 100644 logs/2026-08-24_move_strike_subbot_A.log
 create mode 100644 logs/2026-08-24_move_strike_subbot_C.log
 create mode 100644 logs/2026-08-24_wb_intraday_adder_observe.jsonl
 create mode 100644 logs/bar_stream/2026-08-24_main_bot.jsonl
=== V3 Hybrid daily run complete: Mon Aug 24 18:05:58 MDT 2026 ===
=== TRAP: cleanup at Mon Aug 24 18:05:58 MDT 2026 ===
/Users/duffy/warrior_bot_v2/daily_run_v3.sh: line 21: 66718 Terminated: 15          caffeinate -dims -w $$
/Users/duffy/warrior_bot_v2/daily_run_v3.sh: line 21: 66876 Terminated: 15          ( while true; do
    sleep 60; if ! python3 -c "import socket; s=socket.socket(); s.settimeout(2); s.connect(('127.0.0.1',$IBKR_PORT)); s.close()" 2> /dev/null; then
        echo "WARNING: Gateway port $IBKR_PORT dropped at $(date -u '+%Y-%m-%d %H:%M:%S UTC')" >> "$LOG_DIR/gateway_watchdog.log"; echo "WARNING: Gateway port $IBKR_PORT dropped at $(date -u '+%Y-%m-%d %H:%M:%S UTC')";
    fi;
done )
[v2-ibkr-migration 9cc98da] auto: v3 daily logs 2026-08-24
 2 files changed, 22 insertions(+)
=== Cleanup complete: Mon Aug 24 18:06:00 MDT 2026 ===
