=== Waking screen ===
Display wake (caffeinate -u) sent
Display state: unknown (continuing — caffeinate keeps system awake regardless)
Persistent caffeinate started (PID: 23945)
=== V3 Hybrid daily run started: Tue Oct  6 02:00:07 MDT 2026 ===
From github.com:mannyluke4/warrior_bot
 * branch            v2-ibkr-migration -> FETCH_HEAD
Already up to date.
Code version: b55bec8 (auto: v3 daily logs 2026-10-05)
daily_run_v3.sh hash: fe9222dd63e0ce208ca08a3330c95f5bd40ed9d7
bot_v3_hybrid.py hash: eebc6fea2803847adc6de410409fc1d361bdb101
bot_alpaca_subbot.py hash: 35c2164aba4247ce13052023d9b27ab1e3c05d66
alpaca_feed.py hash: 682a855ab7d4135ad611baa7e19a941a00690a38
sntp: Exchange failed: Timeout
sntp: clock_settime: Operation not permitted
sntp_exchange {
        result: 6 (Timeout)
        header: 00 (li:0 vn:0 mode:0)
       stratum: 00 (0)
          poll: 00 (1)
     precision: 00 (1.000000e+00)
         delay: 0000.0000 (0.000000000)
    dispersion: 0000.0000 (0.000000000)
           ref: 00000000 ("    ")
         t_ref: 00000000.00000000 (0.000000000)
            t1: EE6F2909.B3B4C3C1 (4000262409.701976999)
            t2: 00000000.00000000 (0.000000000)
            t3: 00000000.00000000 (0.000000000)
            t4: 00000000.00000000 (0.000000000)
        offset: FFFFFFFF88C86B7B.26259E1F80000000 (-2000131204.850988388)
         delay: FFFFFFFF1190D6F6.4C4B3C3F00000000 (-4000262409.701976776)
          mean: 0000000000000000.0000000000000000 (0.000000000)
         error: 0000000000000000.0000000000000000 (0.000000000)
          addr: 2620:149:a18:3000::31
}
+0.034840 +/- 0.068171 time.apple.com 2620:149:a10:4000::31
NTP sync skipped (non-root)
System time: Tue Oct  6 08:00:10 UTC 2026
Pre-flight: checking Python imports...
V3 Imports OK
Sub-bot Imports OK
Killing stale processes...
Gateway already up on port 4002 — reusing existing session (no kill/restart)
Waiting for IB Gateway on port 4002...
Gateway is up on port 4002 (after ~5s)
Cleaning up stale connections...
Wiping yesterday's watchlist.txt for a fresh session...
live_scanner.py retired — engine ibkr_scanner is the sole scan source.
Starting bot_v3_hybrid.py (IBKR paper execution — squeeze re-enabled 2026-05-26)...
Bot started (PID: 23994)
Bot health check passed (still running after 15s, PID: 23994)
HEALTH_OK: Bot connected at 2026-10-06 08:00:35 UTC
Starting sub-bot variant A (log: /Users/duffy/warrior_bot_v2/logs/2026-10-06_move_strike_subbot_A.log)...
  variant A PID: 24017
Starting sub-bot variant C (log: /Users/duffy/warrior_bot_v2/logs/2026-10-06_move_strike_subbot_C.log)...
  variant C PID: 24018
WARN: variant A crashed within 15s — see logs/2026-10-06_move_strike_subbot_A.log
  variant B not launched (missing keys)
  variant C health-check OK (PID 24018)
Gateway watchdog started (PID: 24020)
Health watchdog started (detached)
Watchdog: monitoring bot until 6:05 PM MT / 8:05 PM ET (Tue Oct  6 18:05:00 MDT 2026)...
  Bot runs: morning 7:00-12:00 ET, sleeps 12:00-16:00, evening 16:00-20:00 ET
ALERT: bot_v3_hybrid.py died at Tue Oct  6 18:00:51 MDT 2026. Auto-restarting in place (attempt 1/10); sub-bots untouched. Check /Users/duffy/warrior_bot_v2/logs/2026-10-06_daily.log.
WARN: restarted main bot died within 15s — will retry next tick.
ALERT: bot_v3_hybrid.py died at Tue Oct  6 18:02:06 MDT 2026. Auto-restarting in place (attempt 2/10); sub-bots untouched. Check /Users/duffy/warrior_bot_v2/logs/2026-10-06_daily.log.
WARN: restarted main bot died within 15s — will retry next tick.
ALERT: bot_v3_hybrid.py died at Tue Oct  6 18:03:21 MDT 2026. Auto-restarting in place (attempt 3/10); sub-bots untouched. Check /Users/duffy/warrior_bot_v2/logs/2026-10-06_daily.log.
WARN: restarted main bot died within 15s — will retry next tick.
ALERT: bot_v3_hybrid.py died at Tue Oct  6 18:04:37 MDT 2026. Auto-restarting in place (attempt 4/10); sub-bots untouched. Check /Users/duffy/warrior_bot_v2/logs/2026-10-06_daily.log.
WARN: restarted main bot died within 15s — will retry next tick.
All trading windows closed. Proceeding to shutdown.
=== Shutting down at Tue Oct  6 18:05:52 MDT 2026 ===
Generating A/B/C daily comparison report...
Pushing logs...
[v2-ibkr-migration 4500003] auto: v3 daily logs 2026-10-06
 13 files changed, 80332 insertions(+)
 create mode 100644 cowork_reports/2026-10-06_abc_daily_report.md
 create mode 100644 logs/2026-10-06_abc_compare.log
 create mode 100644 logs/2026-10-06_daily.log
 create mode 100644 logs/2026-10-06_discovery_gate_observe.jsonl
 create mode 100644 logs/2026-10-06_move_strike_subbot_A.log
 create mode 100644 logs/2026-10-06_move_strike_subbot_C.log
 create mode 100644 logs/2026-10-06_wb_intraday_adder_observe.jsonl
 create mode 100644 logs/bar_stream/2026-10-06_main_bot.jsonl
 create mode 100644 logs/cron_2026-10-06.log
=== V3 Hybrid daily run complete: Tue Oct  6 18:06:05 MDT 2026 ===
=== TRAP: cleanup at Tue Oct  6 18:06:05 MDT 2026 ===
/Users/duffy/warrior_bot_v2/daily_run_v3.sh: line 21: 23945 Terminated: 15          caffeinate -dims -w $$  (wd: ~)
/Users/duffy/warrior_bot_v2/daily_run_v3.sh: line 21: 24020 Terminated: 15          ( while true; do
    sleep 60; if ! python3 -c "import socket; s=socket.socket(); s.settimeout(2); s.connect(('127.0.0.1',$IBKR_PORT)); s.close()" 2> /dev/null; then
        echo "WARNING: Gateway port $IBKR_PORT dropped at $(date -u '+%Y-%m-%d %H:%M:%S UTC')" >> "$LOG_DIR/gateway_watchdog.log"; echo "WARNING: Gateway port $IBKR_PORT dropped at $(date -u '+%Y-%m-%d %H:%M:%S UTC')";
    fi;
done )
[v2-ibkr-migration 8b7260b] auto: v3 daily logs 2026-10-06
 2 files changed, 26 insertions(+)
=== Cleanup complete: Tue Oct  6 18:06:08 MDT 2026 ===
