=== Waking screen ===
Display wake (caffeinate -u) sent
Display state: unknown (continuing — caffeinate keeps system awake regardless)
Persistent caffeinate started (PID: 68412)
=== V3 Hybrid daily run started: Mon Oct  5 02:00:08 MDT 2026 ===
From github.com:mannyluke4/warrior_bot
 * branch            v2-ibkr-migration -> FETCH_HEAD
Already up to date.
Code version: 006aa7a (auto: v3 daily logs 2026-10-02)
daily_run_v3.sh hash: fe9222dd63e0ce208ca08a3330c95f5bd40ed9d7
bot_v3_hybrid.py hash: eebc6fea2803847adc6de410409fc1d361bdb101
bot_alpaca_subbot.py hash: 35c2164aba4247ce13052023d9b27ab1e3c05d66
alpaca_feed.py hash: 682a855ab7d4135ad611baa7e19a941a00690a38
sntp: clock_settime: Operation not permitted
+0.028585 +/- 0.069813 time.apple.com 2620:149:a18:3000::31
NTP sync skipped (non-root)
System time: Mon Oct  5 08:00:09 UTC 2026
Pre-flight: checking Python imports...
V3 Imports OK
Sub-bot Imports OK
Killing stale processes...
Gateway already up on port 4002 — reusing existing session (no kill/restart)
Waiting for IB Gateway on port 4002...
Gateway is up on port 4002 (after ~5s)
Cleaning up stale connections...
Wiping yesterday's watchlist.txt for a fresh session...
live_scanner.py retired — engine ibkr_scanner is the sole scan source.
Starting bot_v3_hybrid.py (IBKR paper execution — squeeze re-enabled 2026-05-26)...
Bot started (PID: 68465)
Bot health check passed (still running after 15s, PID: 68465)
HEALTH_OK: Bot connected at 2026-10-05 08:00:34 UTC
Starting sub-bot variant A (log: /Users/duffy/warrior_bot_v2/logs/2026-10-05_move_strike_subbot_A.log)...
  variant A PID: 68488
Starting sub-bot variant C (log: /Users/duffy/warrior_bot_v2/logs/2026-10-05_move_strike_subbot_C.log)...
  variant C PID: 68489
WARN: variant A crashed within 15s — see logs/2026-10-05_move_strike_subbot_A.log
  variant B not launched (missing keys)
  variant C health-check OK (PID 68489)
Gateway watchdog started (PID: 68493)
Health watchdog started (detached)
Watchdog: monitoring bot until 6:05 PM MT / 8:05 PM ET (Mon Oct  5 18:05:00 MDT 2026)...
  Bot runs: morning 7:00-12:00 ET, sleeps 12:00-16:00, evening 16:00-20:00 ET
ALERT: bot_v3_hybrid.py died at Mon Oct  5 18:00:55 MDT 2026. Auto-restarting in place (attempt 1/10); sub-bots untouched. Check /Users/duffy/warrior_bot_v2/logs/2026-10-05_daily.log.
WARN: restarted main bot died within 15s — will retry next tick.
ALERT: bot_v3_hybrid.py died at Mon Oct  5 18:02:10 MDT 2026. Auto-restarting in place (attempt 2/10); sub-bots untouched. Check /Users/duffy/warrior_bot_v2/logs/2026-10-05_daily.log.
WARN: restarted main bot died within 15s — will retry next tick.
ALERT: bot_v3_hybrid.py died at Mon Oct  5 18:03:26 MDT 2026. Auto-restarting in place (attempt 3/10); sub-bots untouched. Check /Users/duffy/warrior_bot_v2/logs/2026-10-05_daily.log.
WARN: restarted main bot died within 15s — will retry next tick.
ALERT: bot_v3_hybrid.py died at Mon Oct  5 18:04:41 MDT 2026. Auto-restarting in place (attempt 4/10); sub-bots untouched. Check /Users/duffy/warrior_bot_v2/logs/2026-10-05_daily.log.
WARN: restarted main bot died within 15s — will retry next tick.
All trading windows closed. Proceeding to shutdown.
=== Shutting down at Mon Oct  5 18:05:56 MDT 2026 ===
Generating A/B/C daily comparison report...
Pushing logs...
[v2-ibkr-migration 3f39f97] auto: v3 daily logs 2026-10-05
 13 files changed, 67149 insertions(+)
 create mode 100644 cowork_reports/2026-10-05_abc_daily_report.md
 create mode 100644 logs/2026-10-05_abc_compare.log
 create mode 100644 logs/2026-10-05_daily.log
 create mode 100644 logs/2026-10-05_discovery_gate_observe.jsonl
 create mode 100644 logs/2026-10-05_move_strike_subbot_A.log
 create mode 100644 logs/2026-10-05_move_strike_subbot_C.log
 create mode 100644 logs/2026-10-05_wb_intraday_adder_observe.jsonl
 create mode 100644 logs/bar_stream/2026-10-05_main_bot.jsonl
 create mode 100644 logs/cron_2026-10-05.log
=== V3 Hybrid daily run complete: Mon Oct  5 18:06:09 MDT 2026 ===
=== TRAP: cleanup at Mon Oct  5 18:06:09 MDT 2026 ===
