=== WB_ENGINE_DATA_DEGRADED=1 — DEGRADED (watchlist-only) startup ===
=== Waking screen ===
Display wake (caffeinate -u) sent
Display state: unknown (continuing — caffeinate keeps system awake regardless)
Persistent caffeinate started (PID: 40088)
=== V3 Hybrid daily run started: Fri Jul 10 02:00:05 MDT 2026 ===
From github.com:mannyluke4/warrior_bot
 * branch            v2-ibkr-migration -> FETCH_HEAD
Already up to date.
Code version: aacbd0e (auto: v3 daily logs 2026-07-09)
daily_run_v3.sh hash: ba10185c85ba735fd3549f238ab565cfaf6d3371
bot_v3_hybrid.py hash: 2d0c4a7ed1d7417f5b51a042dba514752cc3bc15
bot_alpaca_subbot.py hash: 35c2164aba4247ce13052023d9b27ab1e3c05d66
alpaca_feed.py hash: 682a855ab7d4135ad611baa7e19a941a00690a38
sntp: clock_settime: Operation not permitted
+0.034927 +/- 0.068742 time.apple.com 2620:149:a16:4000::31
NTP sync skipped (non-root)
System time: Fri Jul 10 08:00:07 UTC 2026
Pre-flight: checking Python imports...
V3 Imports OK
Sub-bot Imports OK
Killing stale processes...
Gateway already up on port 4002 — reusing existing session (no kill/restart)
Waiting for IB Gateway on port 4002...
Gateway is up on port 4002 (after ~5s)
Cleaning up stale connections...
Wiping yesterday's watchlist.txt for a fresh session...
Starting alpaca_scanner.py (DEGRADED — Alpaca gapper scan)...
Alpaca scanner started (PID: 40127)
Starting bot_v3_hybrid.py (IBKR paper execution — squeeze re-enabled 2026-05-26)...
=== DEGRADED MODE: launching watchlist_publisher.py (no main bot / no sub-bots) ===
Bot started (PID: 40137)
Bot health check passed (still running after 15s, PID: 40137)
HEALTH_OK: Bot connected at 2026-07-10 08:00:31 UTC
=== DEGRADED MODE: skipping sub-bots (they consume engine ticks, which are down) ===
Gateway watchdog started (PID: 40157)
Health watchdog started (detached)
Watchdog: monitoring bot until 6:05 PM MT / 8:05 PM ET (Fri Jul 10 18:05:00 MDT 2026)...
  Bot runs: morning 7:00-12:00 ET, sleeps 12:00-16:00, evening 16:00-20:00 ET
=== Waking screen ===
Display wake (caffeinate -u) sent
Display state: unknown (continuing — caffeinate keeps system awake regardless)
Persistent caffeinate started (PID: 64580)
=== V3 Hybrid daily run started: Fri Jul 10 14:58:51 MDT 2026 ===
From github.com:mannyluke4/warrior_bot
 * branch            v2-ibkr-migration -> FETCH_HEAD
Already up to date.
Code version: aacbd0e (auto: v3 daily logs 2026-07-09)
daily_run_v3.sh hash: 8160c46c0b12bf4dcfcfe8cc5d17cb6c  /Users/duffy/warrior_bot_v2/daily_run_v3.sh
bot_v3_hybrid.py hash: dd727003bbb569a2a91f6b2ba9257b98  /Users/duffy/warrior_bot_v2/bot_v3_hybrid.py
bot_alpaca_subbot.py hash: a037c0761d9dd5e1d11f33df333ac1d7  /Users/duffy/warrior_bot_v2/bot_alpaca_subbot.py
alpaca_feed.py hash: 870553116e841aac75c1f8ac28976191  /Users/duffy/warrior_bot_v2/alpaca_feed.py
sntp: Exchange failed: Timeout
sntp: clock_settime: Operation not permitted
sntp_exchange {
        result: 6 (Timeout)
        header: 00 (li:0 vn:0 mode:0)
       stratum: 00 (0)
          poll: 00 (1)
     precision: 00 (1.000000e+00)
         delay: 0000.0000 (0.000000000)
    dispersion: 0000.0000 (0.000000000)
           ref: 00000000 ("    ")
         t_ref: 00000000.00000000 (0.000000000)
            t1: EDFBDB8D.0B825E13 (3992705933.044957999)
            t2: 00000000.00000000 (0.000000000)
            t3: 00000000.00000000 (0.000000000)
            t4: 00000000.00000000 (0.000000000)
        offset: FFFFFFFF89021239.7A3ED0F680000000 (-1996352966.522479057)
         delay: FFFFFFFF12042472.F47DA1ED00000000 (-3992705933.044958115)
          mean: 0000000000000000.0000000000000000 (0.000000000)
         error: 0000000000000000.0000000000000000 (0.000000000)
          addr: 2620:149:a16:4000::31
}
+0.033823 +/- 0.067567 time.apple.com 2620:149:a16:3000::31
NTP sync skipped (non-root)
System time: Fri Jul 10 20:58:54 UTC 2026
Pre-flight: checking Python imports...
V3 Imports OK
Sub-bot Imports OK
Killing stale processes...
Gateway already up on port 4002 — reusing existing session (no kill/restart)
Waiting for IB Gateway on port 4002...
Gateway is up on port 4002 (after ~5s)
Cleaning up stale connections...
Wiping yesterday's watchlist.txt for a fresh session...
Starting live_scanner.py...
Live scanner started (PID: 64616)
Starting bot_v3_hybrid.py (IBKR paper execution — squeeze re-enabled 2026-05-26)...
Bot started (PID: 64631)
Bot health check passed (still running after 15s, PID: 64631)
HEALTH_OK: Bot connected at 2026-07-10 20:59:16 UTC
Starting sub-bot variant A (log: /Users/duffy/warrior_bot_v2/logs/2026-07-10_move_strike_subbot_A.log)...
  variant A PID: 64668
Starting sub-bot variant C (log: /Users/duffy/warrior_bot_v2/logs/2026-07-10_move_strike_subbot_C.log)...
  variant C PID: 64669
  variant A health-check OK (PID 64668)
  variant B not launched (missing keys)
  variant C health-check OK (PID 64669)
Gateway watchdog started (PID: 64715)
Health watchdog started (detached)
Watchdog: monitoring bot until 6:05 PM MT / 8:05 PM ET (Fri Jul 10 18:05:00 MDT 2026)...
  Bot runs: morning 7:00-12:00 ET, sleeps 12:00-16:00, evening 16:00-20:00 ET
ALERT: bot_v3_hybrid.py died at Fri Jul 10 18:00:35 MDT 2026. Auto-restarting in place (attempt 1/10); sub-bots untouched. Check /Users/duffy/warrior_bot_v2/logs/2026-07-10_daily.log.
WARN: restarted main bot died within 15s — will retry next tick.
ALERT: bot_v3_hybrid.py died at Fri Jul 10 18:01:50 MDT 2026. Auto-restarting in place (attempt 2/10); sub-bots untouched. Check /Users/duffy/warrior_bot_v2/logs/2026-07-10_daily.log.
WARN: restarted main bot died within 15s — will retry next tick.
ALERT: bot_v3_hybrid.py died at Fri Jul 10 18:03:05 MDT 2026. Auto-restarting in place (attempt 3/10); sub-bots untouched. Check /Users/duffy/warrior_bot_v2/logs/2026-07-10_daily.log.
WARN: restarted main bot died within 15s — will retry next tick.
ALERT: bot_v3_hybrid.py died at Fri Jul 10 18:04:20 MDT 2026. Auto-restarting in place (attempt 4/10); sub-bots untouched. Check /Users/duffy/warrior_bot_v2/logs/2026-07-10_daily.log.
WARN: restarted main bot died within 15s — will retry next tick.
All trading windows closed. Proceeding to shutdown.
=== Shutting down at Fri Jul 10 18:05:35 MDT 2026 ===
Generating A/B/C daily comparison report...
Pushing logs...
[v2-ibkr-migration e545504] auto: v3 daily logs 2026-07-10
 18 files changed, 79722 insertions(+)
 create mode 100644 cowork_reports/2026-07-10_abc_daily_report.md
 create mode 100644 logs/2026-07-10_abc_compare.log
 create mode 100644 logs/2026-07-10_alpaca_scanner.log
 create mode 100644 logs/2026-07-10_daily.log
 create mode 100644 logs/2026-07-10_discovery_gate_observe.jsonl
 create mode 100644 logs/2026-07-10_move_strike_subbot_A.log
 create mode 100644 logs/2026-07-10_move_strike_subbot_C.log
 create mode 100644 logs/2026-07-10_scanner.log
 create mode 100644 logs/2026-07-10_watchlist_publisher.log
 create mode 100644 logs/bar_stream/2026-07-10_main_bot.jsonl
 create mode 100644 logs/bar_stream/2026-07-10_subbot_A.jsonl
 create mode 100644 logs/bar_stream/2026-07-10_subbot_C.jsonl
 create mode 100644 logs/cron_2026-07-10.log
=== V3 Hybrid daily run complete: Fri Jul 10 18:05:45 MDT 2026 ===
=== TRAP: cleanup at Fri Jul 10 18:05:45 MDT 2026 ===
/Users/duffy/warrior_bot_v2/daily_run_v3.sh: line 21: 64580 Terminated: 15          caffeinate -dims -w $$
/Users/duffy/warrior_bot_v2/daily_run_v3.sh: line 21: 64715 Terminated: 15          ( while true; do
    sleep 60; if ! python3 -c "import socket; s=socket.socket(); s.settimeout(2); s.connect(('127.0.0.1',$IBKR_PORT)); s.close()" 2> /dev/null; then
        echo "WARNING: Gateway port $IBKR_PORT dropped at $(date -u '+%Y-%m-%d %H:%M:%S UTC')" >> "$LOG_DIR/gateway_watchdog.log"; echo "WARNING: Gateway port $IBKR_PORT dropped at $(date -u '+%Y-%m-%d %H:%M:%S UTC')";
    fi;
done )
[v2-ibkr-migration 34408ba] auto: v3 daily logs 2026-07-10
 2 files changed, 34 insertions(+)
=== Cleanup complete: Fri Jul 10 18:05:46 MDT 2026 ===
