=== Waking screen ===
Display wake (caffeinate -u) sent
Display state: unknown (continuing — caffeinate keeps system awake regardless)
Persistent caffeinate started (PID: 2577)
=== V3 Hybrid daily run started: Wed Jun 17 02:00:05 MDT 2026 ===
From github.com:mannyluke4/warrior_bot
 * branch            v2-ibkr-migration -> FETCH_HEAD
Already up to date.
Code version: 21d5975 (auto: v3 daily logs 2026-06-16)
daily_run_v3.sh hash: 5b9286dc014162b61905043e4a5ccf3b88d79968
bot_v3_hybrid.py hash: 679cd6b5b04932d57709e250bad4eb175fe9a144
bot_alpaca_subbot.py hash: 35c2164aba4247ce13052023d9b27ab1e3c05d66
alpaca_feed.py hash: 682a855ab7d4135ad611baa7e19a941a00690a38
sntp: Exchange failed: Timeout
sntp: clock_settime: Operation not permitted
sntp_exchange {
        result: 6 (Timeout)
        header: 00 (li:0 vn:0 mode:0)
       stratum: 00 (0)
          poll: 00 (1)
     precision: 00 (1.000000e+00)
         delay: 0000.0000 (0.000000000)
    dispersion: 0000.0000 (0.000000000)
           ref: 00000000 ("    ")
         t_ref: 00000000.00000000 (0.000000000)
            t1: EDDCD288.D746AA08 (3990672008.840921999)
            t2: 00000000.00000000 (0.000000000)
            t3: 00000000.00000000 (0.000000000)
            t4: 00000000.00000000 (0.000000000)
        offset: FFFFFFFF891196BB.945CAAFC00000000 (-1995336004.420460939)
         delay: FFFFFFFF12232D77.28B955F800000000 (-3990672008.840921879)
          mean: 0000000000000000.0000000000000000 (0.000000000)
         error: 0000000000000000.0000000000000000 (0.000000000)
          addr: 2620:149:a16:4000::31
}
+0.039807 +/- 0.074146 time.apple.com 2620:149:a16:4000::31
NTP sync skipped (non-root)
System time: Wed Jun 17 08:00:10 UTC 2026
Pre-flight: checking Python imports...
V3 Imports OK
Sub-bot Imports OK
Killing stale processes...
Gateway already up on port 4002 — reusing existing session (no kill/restart)
Waiting for IB Gateway on port 4002...
Gateway is up on port 4002 (after ~5s)
Cleaning up stale connections...
Wiping yesterday's watchlist.txt for a fresh session...
Starting live_scanner.py...
Live scanner started (PID: 2616)
Starting bot_v3_hybrid.py (IBKR paper execution — squeeze re-enabled 2026-05-26)...
Bot started (PID: 2626)
Bot health check passed (still running after 15s, PID: 2626)
HEALTH_OK: Bot connected at 2026-06-17 08:00:34 UTC
Starting sub-bot variant A (log: /Users/duffy/warrior_bot_v2/logs/2026-06-17_move_strike_subbot_A.log)...
  variant A PID: 2648
Starting sub-bot variant C (log: /Users/duffy/warrior_bot_v2/logs/2026-06-17_move_strike_subbot_C.log)...
  variant C PID: 2649
  variant A health-check OK (PID 2648)
  variant B not launched (missing keys)
  variant C health-check OK (PID 2649)
Gateway watchdog started (PID: 2651)
Health watchdog started (detached)
Watchdog: monitoring bot until 6:05 PM MT / 8:05 PM ET (Wed Jun 17 18:05:00 MDT 2026)...
  Bot runs: morning 7:00-12:00 ET, sleeps 12:00-16:00, evening 16:00-20:00 ET
WARN: sub-bot variant A died at Wed Jun 17 06:57:27 MDT 2026.
WARN: sub-bot variant C died at Wed Jun 17 15:48:29 MDT 2026.
ALERT: bot_v3_hybrid.py died at Wed Jun 17 18:00:43 MDT 2026. Auto-restarting in place (attempt 1/10); sub-bots untouched. Check /Users/duffy/warrior_bot_v2/logs/2026-06-17_daily.log.
Main bot restarted OK (PID: 35593).
ALERT: bot_v3_hybrid.py died at Wed Jun 17 18:01:58 MDT 2026. Auto-restarting in place (attempt 2/10); sub-bots untouched. Check /Users/duffy/warrior_bot_v2/logs/2026-06-17_daily.log.
Main bot restarted OK (PID: 35627).
ALERT: bot_v3_hybrid.py died at Wed Jun 17 18:03:13 MDT 2026. Auto-restarting in place (attempt 3/10); sub-bots untouched. Check /Users/duffy/warrior_bot_v2/logs/2026-06-17_daily.log.
Main bot restarted OK (PID: 35655).
ALERT: bot_v3_hybrid.py died at Wed Jun 17 18:04:29 MDT 2026. Auto-restarting in place (attempt 4/10); sub-bots untouched. Check /Users/duffy/warrior_bot_v2/logs/2026-06-17_daily.log.
Main bot restarted OK (PID: 35690).
All trading windows closed. Proceeding to shutdown.
=== Shutting down at Wed Jun 17 18:05:44 MDT 2026 ===
Generating A/B/C daily comparison report...
Pushing logs...
[v2-ibkr-migration 9a13d83] auto: v3 daily logs 2026-06-17
 19 files changed, 706359 insertions(+)
 create mode 100644 cowork_reports/2026-06-17_abc_daily_report.md
 create mode 100644 logs/2026-06-17_abc_compare.log
 create mode 100644 logs/2026-06-17_daily.log
 create mode 100644 logs/2026-06-17_discovery_gate_observe.jsonl
 create mode 100644 logs/2026-06-17_move_strike_subbot_A.log
 create mode 100644 logs/2026-06-17_move_strike_subbot_C.log
 create mode 100644 logs/2026-06-17_scanner.log
 create mode 100644 logs/2026-06-17_wb_intraday_adder_observe.jsonl
 create mode 100644 logs/bar_stream/2026-06-18_main_bot.jsonl
 create mode 100644 logs/bar_stream/2026-06-18_subbot_A.jsonl
 create mode 100644 logs/bar_stream/2026-06-18_subbot_C.jsonl
 create mode 100644 logs/cron_2026-06-17.log
=== V3 Hybrid daily run complete: Wed Jun 17 18:06:01 MDT 2026 ===
=== TRAP: cleanup at Wed Jun 17 18:06:01 MDT 2026 ===
/Users/duffy/warrior_bot_v2/daily_run_v3.sh: line 21:  2577 Terminated: 15          caffeinate -dims -w $$  (wd: ~)
/Users/duffy/warrior_bot_v2/daily_run_v3.sh: line 21:  2651 Terminated: 15          ( while true; do
    sleep 60; if ! python3 -c "import socket; s=socket.socket(); s.settimeout(2); s.connect(('127.0.0.1',$IBKR_PORT)); s.close()" 2> /dev/null; then
        echo "WARNING: Gateway port $IBKR_PORT dropped at $(date -u '+%Y-%m-%d %H:%M:%S UTC')" >> "$LOG_DIR/gateway_watchdog.log"; echo "WARNING: Gateway port $IBKR_PORT dropped at $(date -u '+%Y-%m-%d %H:%M:%S UTC')";
    fi;
done )
[v2-ibkr-migration d000900] auto: v3 daily logs 2026-06-17
 2 files changed, 32 insertions(+)
=== Cleanup complete: Wed Jun 17 18:06:04 MDT 2026 ===
