=== Waking screen ===
Display wake (caffeinate -u) sent
Display state: unknown (continuing — caffeinate keeps system awake regardless)
Persistent caffeinate started (PID: 82296)
=== V3 Hybrid daily run started: Wed Jul 15 02:00:05 MDT 2026 ===
From github.com:mannyluke4/warrior_bot
 * branch            v2-ibkr-migration -> FETCH_HEAD
Already up to date.
Code version: 80c1d38 (auto: v3 daily logs 2026-07-14)
daily_run_v3.sh hash: ba10185c85ba735fd3549f238ab565cfaf6d3371
bot_v3_hybrid.py hash: d231fb62968c2715d314921d466be19de09b9a82
bot_alpaca_subbot.py hash: 35c2164aba4247ce13052023d9b27ab1e3c05d66
alpaca_feed.py hash: 682a855ab7d4135ad611baa7e19a941a00690a38
sntp: Exchange failed: Timeout
sntp: Exchange failed: Timeout
sntp: Exchange failed: Timeout
sntp: clock_settime: Operation not permitted
sntp_exchange {
        result: 6 (Timeout)
        header: 00 (li:0 vn:0 mode:0)
       stratum: 00 (0)
          poll: 00 (1)
     precision: 00 (1.000000e+00)
         delay: 0000.0000 (0.000000000)
    dispersion: 0000.0000 (0.000000000)
           ref: 00000000 ("    ")
         t_ref: 00000000.00000000 (0.000000000)
            t1: EE01BC87.76BBBA55 (3993091207.463801999)
            t2: 00000000.00000000 (0.000000000)
            t3: 00000000.00000000 (0.000000000)
            t4: 00000000.00000000 (0.000000000)
        offset: FFFFFFFF88FF21BC.44A222D580000000 (-1996545603.731900930)
         delay: FFFFFFFF11FE4378.894445AB00000000 (-3993091207.463801861)
          mean: 0000000000000000.0000000000000000 (0.000000000)
         error: 0000000000000000.0000000000000000 (0.000000000)
          addr: 2620:149:a16:3000::31
}
sntp_exchange {
        result: 6 (Timeout)
        header: 00 (li:0 vn:0 mode:0)
       stratum: 00 (0)
          poll: 00 (1)
     precision: 00 (1.000000e+00)
         delay: 0000.0000 (0.000000000)
    dispersion: 0000.0000 (0.000000000)
           ref: 00000000 ("    ")
         t_ref: 00000000.00000000 (0.000000000)
            t1: EE01BC88.980F01FB (3993091208.593978999)
            t2: 00000000.00000000 (0.000000000)
            t3: 00000000.00000000 (0.000000000)
            t4: 00000000.00000000 (0.000000000)
        offset: FFFFFFFF88FF21BB.B3F87F0280000000 (-1996545604.296989441)
         delay: FFFFFFFF11FE4377.67F0FE0500000000 (-3993091208.593978882)
          mean: 0000000000000000.0000000000000000 (0.000000000)
         error: 0000000000000000.0000000000000000 (0.000000000)
          addr: 2620:149:a18:4000::31
}
sntp_exchange {
        result: 6 (Timeout)
        header: 00 (li:0 vn:0 mode:0)
       stratum: 00 (0)
          poll: 00 (1)
     precision: 00 (1.000000e+00)
         delay: 0000.0000 (0.000000000)
    dispersion: 0000.0000 (0.000000000)
           ref: 00000000 ("    ")
         t_ref: 00000000.00000000 (0.000000000)
            t1: EE01BC89.BF708AAC (3993091209.747810999)
            t2: 00000000.00000000 (0.000000000)
            t3: 00000000.00000000 (0.000000000)
            t4: 00000000.00000000 (0.000000000)
        offset: FFFFFFFF88FF21BB.2047BAAA00000000 (-1996545604.873905420)
         delay: FFFFFFFF11FE4376.408F755400000000 (-3993091209.747810841)
          mean: 0000000000000000.0000000000000000 (0.000000000)
         error: 0000000000000000.0000000000000000 (0.000000000)
          addr: 2620:149:a16:4000::31
}
+0.033846 +/- 0.064042 time.apple.com 2620:149:a16:3000::31
NTP sync skipped (non-root)
System time: Wed Jul 15 08:00:10 UTC 2026
Pre-flight: checking Python imports...
V3 Imports OK
Sub-bot Imports OK
Killing stale processes...
Gateway already up on port 4002 — reusing existing session (no kill/restart)
Waiting for IB Gateway on port 4002...
Gateway is up on port 4002 (after ~5s)
Cleaning up stale connections...
Wiping yesterday's watchlist.txt for a fresh session...
Starting live_scanner.py...
Live scanner started (PID: 82335)
Starting bot_v3_hybrid.py (IBKR paper execution — squeeze re-enabled 2026-05-26)...
Bot started (PID: 82345)
Bot health check passed (still running after 15s, PID: 82345)
HEALTH_OK: Bot connected at 2026-07-15 08:00:35 UTC
Starting sub-bot variant A (log: /Users/duffy/warrior_bot_v2/logs/2026-07-15_move_strike_subbot_A.log)...
  variant A PID: 82366
Starting sub-bot variant C (log: /Users/duffy/warrior_bot_v2/logs/2026-07-15_move_strike_subbot_C.log)...
  variant C PID: 82367
  variant A health-check OK (PID 82366)
  variant B not launched (missing keys)
  variant C health-check OK (PID 82367)
Gateway watchdog started (PID: 82369)
Health watchdog started (detached)
Watchdog: monitoring bot until 6:05 PM MT / 8:05 PM ET (Wed Jul 15 18:05:00 MDT 2026)...
  Bot runs: morning 7:00-12:00 ET, sleeps 12:00-16:00, evening 16:00-20:00 ET
ALERT: bot_v3_hybrid.py died at Wed Jul 15 16:09:35 MDT 2026. Auto-restarting in place (attempt 1/10); sub-bots untouched. Check /Users/duffy/warrior_bot_v2/logs/2026-07-15_daily.log.
Main bot restarted OK (PID: 14763).
ALERT: bot_v3_hybrid.py died at Wed Jul 15 16:11:50 MDT 2026. Auto-restarting in place (attempt 2/10); sub-bots untouched. Check /Users/duffy/warrior_bot_v2/logs/2026-07-15_daily.log.
Main bot restarted OK (PID: 14853).
ALERT: bot_v3_hybrid.py died at Wed Jul 15 16:14:06 MDT 2026. Auto-restarting in place (attempt 3/10); sub-bots untouched. Check /Users/duffy/warrior_bot_v2/logs/2026-07-15_daily.log.
Main bot restarted OK (PID: 14932).
ALERT: bot_v3_hybrid.py died at Wed Jul 15 16:16:21 MDT 2026. Auto-restarting in place (attempt 4/10); sub-bots untouched. Check /Users/duffy/warrior_bot_v2/logs/2026-07-15_daily.log.
Main bot restarted OK (PID: 15022).
ALERT: bot_v3_hybrid.py died at Wed Jul 15 16:18:37 MDT 2026. Auto-restarting in place (attempt 5/10); sub-bots untouched. Check /Users/duffy/warrior_bot_v2/logs/2026-07-15_daily.log.
Main bot restarted OK (PID: 15115).
ALERT: bot_v3_hybrid.py died at Wed Jul 15 16:20:52 MDT 2026. Auto-restarting in place (attempt 6/10); sub-bots untouched. Check /Users/duffy/warrior_bot_v2/logs/2026-07-15_daily.log.
Main bot restarted OK (PID: 15203).
ALERT: bot_v3_hybrid.py died at Wed Jul 15 16:23:07 MDT 2026. Auto-restarting in place (attempt 7/10); sub-bots untouched. Check /Users/duffy/warrior_bot_v2/logs/2026-07-15_daily.log.
Main bot restarted OK (PID: 15279).
ALERT: bot_v3_hybrid.py died at Wed Jul 15 16:25:23 MDT 2026. Auto-restarting in place (attempt 8/10); sub-bots untouched. Check /Users/duffy/warrior_bot_v2/logs/2026-07-15_daily.log.
Main bot restarted OK (PID: 15358).
ALERT: bot_v3_hybrid.py died at Wed Jul 15 16:27:38 MDT 2026. Auto-restarting in place (attempt 9/10); sub-bots untouched. Check /Users/duffy/warrior_bot_v2/logs/2026-07-15_daily.log.
Main bot restarted OK (PID: 15448).
ALERT: bot_v3_hybrid.py died at Wed Jul 15 16:29:54 MDT 2026. Auto-restarting in place (attempt 10/10); sub-bots untouched. Check /Users/duffy/warrior_bot_v2/logs/2026-07-15_daily.log.
Main bot restarted OK (PID: 15524).
ALERT: bot_v3_hybrid.py hit max restarts (10). Leaving the main bot DOWN but keeping sub-bots alive until EOD. Check /Users/duffy/warrior_bot_v2/logs/2026-07-15_daily.log.
All trading windows closed. Proceeding to shutdown.
=== Shutting down at Wed Jul 15 18:05:20 MDT 2026 ===
Generating A/B/C daily comparison report...
Pushing logs...
[v2-ibkr-migration 7079ced] auto: v3 daily logs 2026-07-15
 17 files changed, 84846 insertions(+)
 create mode 100644 cowork_reports/2026-07-15_abc_daily_report.md
 create mode 100644 logs/2026-07-15_abc_compare.log
 create mode 100644 logs/2026-07-15_daily.log
 create mode 100644 logs/2026-07-15_discovery_gate_observe.jsonl
 create mode 100644 logs/2026-07-15_move_strike_subbot_A.log
 create mode 100644 logs/2026-07-15_move_strike_subbot_C.log
 create mode 100644 logs/2026-07-15_scanner.log
 create mode 100644 logs/2026-07-15_wb_intraday_adder_observe.jsonl
 create mode 100644 logs/bar_stream/2026-07-15_main_bot.jsonl
 create mode 100644 logs/bar_stream/2026-07-15_subbot_A.jsonl
 create mode 100644 logs/bar_stream/2026-07-15_subbot_C.jsonl
 create mode 100644 logs/cron_2026-07-15.log
 create mode 100644 logs/ytd_subbot_replay.log
=== V3 Hybrid daily run complete: Wed Jul 15 18:05:31 MDT 2026 ===
=== TRAP: cleanup at Wed Jul 15 18:05:31 MDT 2026 ===
/Users/duffy/warrior_bot_v2/daily_run_v3.sh: line 21: 82296 Terminated: 15          caffeinate -dims -w $$  (wd: ~)
/Users/duffy/warrior_bot_v2/daily_run_v3.sh: line 21: 82369 Terminated: 15          ( while true; do
    sleep 60; if ! python3 -c "import socket; s=socket.socket(); s.settimeout(2); s.connect(('127.0.0.1',$IBKR_PORT)); s.close()" 2> /dev/null; then
        echo "WARNING: Gateway port $IBKR_PORT dropped at $(date -u '+%Y-%m-%d %H:%M:%S UTC')" >> "$LOG_DIR/gateway_watchdog.log"; echo "WARNING: Gateway port $IBKR_PORT dropped at $(date -u '+%Y-%m-%d %H:%M:%S UTC')";
    fi;
done )
[v2-ibkr-migration 73d624f] auto: v3 daily logs 2026-07-15
 2 files changed, 34 insertions(+)
=== Cleanup complete: Wed Jul 15 18:05:33 MDT 2026 ===
