=== Waking screen ===
Display wake (caffeinate -u) sent
Display state: unknown (continuing — caffeinate keeps system awake regardless)
Persistent caffeinate started (PID: 5895)
=== V3 Hybrid daily run started: Wed Jun 24 02:00:06 MDT 2026 ===
From github.com:mannyluke4/warrior_bot
 * branch            v2-ibkr-migration -> FETCH_HEAD
Already up to date.
Code version: 023b74c (auto: v3 daily logs 2026-06-23)
daily_run_v3.sh hash: a0f70303c50ac665eee94c67621b8de773a9789f
bot_v3_hybrid.py hash: a3a67ff4bb477781a9c5e361bad0d40a5efd0491
bot_alpaca_subbot.py hash: 35c2164aba4247ce13052023d9b27ab1e3c05d66
alpaca_feed.py hash: 682a855ab7d4135ad611baa7e19a941a00690a38
sntp: Exchange failed: Timeout
sntp: clock_settime: Operation not permitted
sntp_exchange {
        result: 6 (Timeout)
        header: 00 (li:0 vn:0 mode:0)
       stratum: 00 (0)
          poll: 00 (1)
     precision: 00 (1.000000e+00)
         delay: 0000.0000 (0.000000000)
    dispersion: 0000.0000 (0.000000000)
           ref: 00000000 ("    ")
         t_ref: 00000000.00000000 (0.000000000)
            t1: EDE60D07.E9EAEE20 (3991276807.913740999)
            t2: 00000000.00000000 (0.000000000)
            t3: 00000000.00000000 (0.000000000)
            t4: 00000000.00000000 (0.000000000)
        offset: FFFFFFFF890CF97C.0B0A88F000000000 (-1995638403.956870556)
         delay: FFFFFFFF1219F2F8.161511E000000000 (-3991276807.913741112)
          mean: 0000000000000000.0000000000000000 (0.000000000)
         error: 0000000000000000.0000000000000000 (0.000000000)
          addr: 2620:149:a18:3000::31
}
+0.034734 +/- 0.069323 time.apple.com 2620:149:a16:4000::31
NTP sync skipped (non-root)
System time: Wed Jun 24 08:00:09 UTC 2026
Pre-flight: checking Python imports...
V3 Imports OK
Sub-bot Imports OK
Killing stale processes...
Gateway already up on port 4002 — reusing existing session (no kill/restart)
Waiting for IB Gateway on port 4002...
Gateway is up on port 4002 (after ~5s)
Cleaning up stale connections...
Wiping yesterday's watchlist.txt for a fresh session...
Starting live_scanner.py...
Live scanner started (PID: 5934)
Starting bot_v3_hybrid.py (IBKR paper execution — squeeze re-enabled 2026-05-26)...
Bot started (PID: 5946)
Bot health check passed (still running after 15s, PID: 5946)
HEALTH_OK: Bot connected at 2026-06-24 08:00:33 UTC
Starting sub-bot variant A (log: /Users/duffy/warrior_bot_v2/logs/2026-06-24_move_strike_subbot_A.log)...
  variant A PID: 5967
Starting sub-bot variant C (log: /Users/duffy/warrior_bot_v2/logs/2026-06-24_move_strike_subbot_C.log)...
  variant C PID: 5968
  variant A health-check OK (PID 5967)
  variant B not launched (missing keys)
  variant C health-check OK (PID 5968)
Gateway watchdog started (PID: 5972)
Health watchdog started (detached)
Watchdog: monitoring bot until 6:05 PM MT / 8:05 PM ET (Wed Jun 24 18:05:00 MDT 2026)...
  Bot runs: morning 7:00-12:00 ET, sleeps 12:00-16:00, evening 16:00-20:00 ET
ALERT: bot_v3_hybrid.py died at Wed Jun 24 05:01:09 MDT 2026. Auto-restarting in place (attempt 1/10); sub-bots untouched. Check /Users/duffy/warrior_bot_v2/logs/2026-06-24_daily.log.
Main bot restarted OK (PID: 10692).
ALERT: bot_v3_hybrid.py died at Wed Jun 24 18:00:48 MDT 2026. Auto-restarting in place (attempt 2/10); sub-bots untouched. Check /Users/duffy/warrior_bot_v2/logs/2026-06-24_daily.log.
Main bot restarted OK (PID: 39256).
ALERT: bot_v3_hybrid.py died at Wed Jun 24 18:02:03 MDT 2026. Auto-restarting in place (attempt 3/10); sub-bots untouched. Check /Users/duffy/warrior_bot_v2/logs/2026-06-24_daily.log.
Main bot restarted OK (PID: 39281).
ALERT: bot_v3_hybrid.py died at Wed Jun 24 18:03:19 MDT 2026. Auto-restarting in place (attempt 4/10); sub-bots untouched. Check /Users/duffy/warrior_bot_v2/logs/2026-06-24_daily.log.
Main bot restarted OK (PID: 39315).
ALERT: bot_v3_hybrid.py died at Wed Jun 24 18:04:34 MDT 2026. Auto-restarting in place (attempt 5/10); sub-bots untouched. Check /Users/duffy/warrior_bot_v2/logs/2026-06-24_daily.log.
Main bot restarted OK (PID: 39347).
All trading windows closed. Proceeding to shutdown.
=== Shutting down at Wed Jun 24 18:05:49 MDT 2026 ===
Generating A/B/C daily comparison report...
Pushing logs...
[v2-ibkr-migration f194199] auto: v3 daily logs 2026-06-24
 19 files changed, 518208 insertions(+)
 create mode 100644 cowork_reports/2026-06-24_abc_daily_report.md
 create mode 100644 logs/2026-06-24_abc_compare.log
 create mode 100644 logs/2026-06-24_daily.log
 create mode 100644 logs/2026-06-24_discovery_gate_observe.jsonl
 create mode 100644 logs/2026-06-24_move_strike_subbot_A.log
 create mode 100644 logs/2026-06-24_move_strike_subbot_C.log
 create mode 100644 logs/2026-06-24_scanner.log
 create mode 100644 logs/2026-06-24_wb_intraday_adder_observe.jsonl
 create mode 100644 logs/bar_stream/2026-06-25_main_bot.jsonl
 create mode 100644 logs/bar_stream/2026-06-25_subbot_A.jsonl
 create mode 100644 logs/bar_stream/2026-06-25_subbot_C.jsonl
 create mode 100644 logs/cron_2026-06-24.log
=== V3 Hybrid daily run complete: Wed Jun 24 18:06:04 MDT 2026 ===
=== TRAP: cleanup at Wed Jun 24 18:06:04 MDT 2026 ===
/Users/duffy/warrior_bot_v2/daily_run_v3.sh: line 21:  5895 Terminated: 15          caffeinate -dims -w $$  (wd: ~)
/Users/duffy/warrior_bot_v2/daily_run_v3.sh: line 21:  5972 Terminated: 15          ( while true; do
    sleep 60; if ! python3 -c "import socket; s=socket.socket(); s.settimeout(2); s.connect(('127.0.0.1',$IBKR_PORT)); s.close()" 2> /dev/null; then
        echo "WARNING: Gateway port $IBKR_PORT dropped at $(date -u '+%Y-%m-%d %H:%M:%S UTC')" >> "$LOG_DIR/gateway_watchdog.log"; echo "WARNING: Gateway port $IBKR_PORT dropped at $(date -u '+%Y-%m-%d %H:%M:%S UTC')";
    fi;
done )
[v2-ibkr-migration fd7666c] auto: v3 daily logs 2026-06-24
 2 files changed, 32 insertions(+)
=== Cleanup complete: Wed Jun 24 18:06:06 MDT 2026 ===
