=== Waking screen ===
Display wake (caffeinate -u) sent
Display state: unknown (continuing — caffeinate keeps system awake regardless)
Persistent caffeinate started (PID: 18187)
=== V3 Hybrid daily run started: Fri Jun  5 02:00:05 MDT 2026 ===
From github.com:mannyluke4/warrior_bot
 * branch            v2-ibkr-migration -> FETCH_HEAD
Already up to date.
Code version: 3593131 (fix(subbot): wall-clock EOD flatten + shutdown backstop (no more overnight holds))
daily_run_v3.sh hash: c8bd1cafdc7cefc8b09bba6eed42fefe5f32cf8e
bot_v3_hybrid.py hash: c5d95abb622cd0565f6600aed95cf92501d068d7
bot_alpaca_subbot.py hash: 35c2164aba4247ce13052023d9b27ab1e3c05d66
alpaca_feed.py hash: 682a855ab7d4135ad611baa7e19a941a00690a38
sntp: Exchange failed: Timeout
sntp: clock_settime: Operation not permitted
sntp_exchange {
        result: 6 (Timeout)
        header: 00 (li:0 vn:0 mode:0)
       stratum: 00 (0)
          poll: 00 (1)
     precision: 00 (1.000000e+00)
         delay: 0000.0000 (0.000000000)
    dispersion: 0000.0000 (0.000000000)
           ref: 00000000 ("    ")
         t_ref: 00000000.00000000 (0.000000000)
            t1: EDCD0087.0C08FA7A (3989635207.047011999)
            t2: 00000000.00000000 (0.000000000)
            t3: 00000000.00000000 (0.000000000)
            t4: 00000000.00000000 (0.000000000)
        offset: FFFFFFFF89197FBC.79FB82C300000000 (-1994817603.523505926)
         delay: FFFFFFFF1232FF78.F3F7058600000000 (-3989635207.047011852)
          mean: 0000000000000000.0000000000000000 (0.000000000)
         error: 0000000000000000.0000000000000000 (0.000000000)
          addr: 2620:149:a16:3000::31
}
+0.033489 +/- 0.067362 time.apple.com 2620:149:a16:3000::31
NTP sync skipped (non-root)
System time: Fri Jun  5 08:00:08 UTC 2026
Pre-flight: checking Python imports...
V3 Imports OK
Sub-bot Imports OK
Killing stale processes...
Gateway already up on port 4002 — reusing existing session (no kill/restart)
Waiting for IB Gateway on port 4002...
Gateway is up on port 4002 (after ~5s)
Cleaning up stale connections...
Wiping yesterday's watchlist.txt for a fresh session...
Starting live_scanner.py...
Live scanner started (PID: 18227)
Starting bot_v3_hybrid.py (IBKR paper execution — squeeze re-enabled 2026-05-26)...
Bot started (PID: 18238)
Bot health check passed (still running after 15s, PID: 18238)
HEALTH_OK: Bot connected at 2026-06-05 08:00:32 UTC
Starting sub-bot variant A (log: /Users/duffy/warrior_bot_v2/logs/2026-06-05_move_strike_subbot_A.log)...
  variant A PID: 18259
Starting sub-bot variant B (log: /Users/duffy/warrior_bot_v2/logs/2026-06-05_move_strike_subbot_B.log)...
  variant B PID: 18260
Starting sub-bot variant C (log: /Users/duffy/warrior_bot_v2/logs/2026-06-05_move_strike_subbot_C.log)...
  variant C PID: 18261
  variant A health-check OK (PID 18259)
  variant B health-check OK (PID 18260)
  variant C health-check OK (PID 18261)
Gateway watchdog started (PID: 18280)
Health watchdog started (detached)
Watchdog: monitoring bot until 6:05 PM MT / 8:05 PM ET (Fri Jun  5 18:05:00 MDT 2026)...
  Bot runs: morning 7:00-12:00 ET, sleeps 12:00-16:00, evening 16:00-20:00 ET
=== TRAP: cleanup at Fri Jun  5 09:58:42 MDT 2026 ===
