=== Waking screen ===
Display wake (caffeinate -u) sent
Display state: unknown (continuing — caffeinate keeps system awake regardless)
Persistent caffeinate started (PID: 79750)
=== V3 Hybrid daily run started: Fri Oct  9 02:00:07 MDT 2026 ===
From github.com:mannyluke4/warrior_bot
 * branch            v2-ibkr-migration -> FETCH_HEAD
Already up to date.
Code version: 9e60e0f (auto: v3 daily logs 2026-10-08)
daily_run_v3.sh hash: fe9222dd63e0ce208ca08a3330c95f5bd40ed9d7
bot_v3_hybrid.py hash: eebc6fea2803847adc6de410409fc1d361bdb101
bot_alpaca_subbot.py hash: 35c2164aba4247ce13052023d9b27ab1e3c05d66
alpaca_feed.py hash: 682a855ab7d4135ad611baa7e19a941a00690a38
sntp: clock_settime: Operation not permitted
+0.034682 +/- 0.069884 time.apple.com 2620:149:a18:3000::31
NTP sync skipped (non-root)
System time: Fri Oct  9 08:00:09 UTC 2026
Pre-flight: checking Python imports...
V3 Imports OK
Sub-bot Imports OK
Killing stale processes...
Gateway already up on port 4002 — reusing existing session (no kill/restart)
Waiting for IB Gateway on port 4002...
Gateway is up on port 4002 (after ~5s)
Cleaning up stale connections...
Wiping yesterday's watchlist.txt for a fresh session...
live_scanner.py retired — engine ibkr_scanner is the sole scan source.
Starting bot_v3_hybrid.py (IBKR paper execution — squeeze re-enabled 2026-05-26)...
Bot started (PID: 79808)
Bot health check passed (still running after 15s, PID: 79808)
HEALTH_OK: Bot connected at 2026-10-09 08:00:34 UTC
Starting sub-bot variant A (log: /Users/duffy/warrior_bot_v2/logs/2026-10-09_move_strike_subbot_A.log)...
  variant A PID: 79839
Starting sub-bot variant C (log: /Users/duffy/warrior_bot_v2/logs/2026-10-09_move_strike_subbot_C.log)...
  variant C PID: 79840
WARN: variant A crashed within 15s — see logs/2026-10-09_move_strike_subbot_A.log
  variant B not launched (missing keys)
  variant C health-check OK (PID 79840)
Gateway watchdog started (PID: 79853)
Health watchdog started (detached)
Watchdog: monitoring bot until 6:05 PM MT / 8:05 PM ET (Fri Oct  9 18:05:00 MDT 2026)...
  Bot runs: morning 7:00-12:00 ET, sleeps 12:00-16:00, evening 16:00-20:00 ET
ALERT: bot_v3_hybrid.py died at Fri Oct  9 15:56:48 MDT 2026. Auto-restarting in place (attempt 1/10); sub-bots untouched. Check /Users/duffy/warrior_bot_v2/logs/2026-10-09_daily.log.
WARNING: Gateway port 4002 dropped at 2026-10-09 21:56:52 UTC
Main bot restarted OK (PID: 53900).
WARNING: Gateway port 4002 dropped at 2026-10-09 21:57:52 UTC
ALERT: bot_v3_hybrid.py died at Fri Oct  9 15:58:03 MDT 2026. Auto-restarting in place (attempt 2/10); sub-bots untouched. Check /Users/duffy/warrior_bot_v2/logs/2026-10-09_daily.log.
Main bot restarted OK (PID: 54226).
WARNING: Gateway port 4002 dropped at 2026-10-09 21:58:53 UTC
ALERT: bot_v3_hybrid.py died at Fri Oct  9 15:59:18 MDT 2026. Auto-restarting in place (attempt 3/10); sub-bots untouched. Check /Users/duffy/warrior_bot_v2/logs/2026-10-09_daily.log.
Main bot restarted OK (PID: 54353).
WARNING: Gateway port 4002 dropped at 2026-10-09 21:59:53 UTC
ALERT: bot_v3_hybrid.py died at Fri Oct  9 16:00:34 MDT 2026. Auto-restarting in place (attempt 4/10); sub-bots untouched. Check /Users/duffy/warrior_bot_v2/logs/2026-10-09_daily.log.
Main bot restarted OK (PID: 54475).
WARNING: Gateway port 4002 dropped at 2026-10-09 22:00:53 UTC
ALERT: bot_v3_hybrid.py died at Fri Oct  9 16:01:49 MDT 2026. Auto-restarting in place (attempt 5/10); sub-bots untouched. Check /Users/duffy/warrior_bot_v2/logs/2026-10-09_daily.log.
WARNING: Gateway port 4002 dropped at 2026-10-09 22:01:53 UTC
Main bot restarted OK (PID: 54605).
WARNING: Gateway port 4002 dropped at 2026-10-09 22:02:53 UTC
ALERT: bot_v3_hybrid.py died at Fri Oct  9 16:03:04 MDT 2026. Auto-restarting in place (attempt 6/10); sub-bots untouched. Check /Users/duffy/warrior_bot_v2/logs/2026-10-09_daily.log.
Main bot restarted OK (PID: 54883).
WARNING: Gateway port 4002 dropped at 2026-10-09 22:03:54 UTC
ALERT: bot_v3_hybrid.py died at Fri Oct  9 16:04:19 MDT 2026. Auto-restarting in place (attempt 7/10); sub-bots untouched. Check /Users/duffy/warrior_bot_v2/logs/2026-10-09_daily.log.
Main bot restarted OK (PID: 54976).
WARNING: Gateway port 4002 dropped at 2026-10-09 22:04:54 UTC
ALERT: bot_v3_hybrid.py died at Fri Oct  9 16:05:34 MDT 2026. Auto-restarting in place (attempt 8/10); sub-bots untouched. Check /Users/duffy/warrior_bot_v2/logs/2026-10-09_daily.log.
Main bot restarted OK (PID: 55082).
WARNING: Gateway port 4002 dropped at 2026-10-09 22:05:54 UTC
ALERT: bot_v3_hybrid.py died at Fri Oct  9 16:06:49 MDT 2026. Auto-restarting in place (attempt 9/10); sub-bots untouched. Check /Users/duffy/warrior_bot_v2/logs/2026-10-09_daily.log.
WARNING: Gateway port 4002 dropped at 2026-10-09 22:06:54 UTC
Main bot restarted OK (PID: 55174).
WARNING: Gateway port 4002 dropped at 2026-10-09 22:07:54 UTC
ALERT: bot_v3_hybrid.py died at Fri Oct  9 16:08:04 MDT 2026. Auto-restarting in place (attempt 10/10); sub-bots untouched. Check /Users/duffy/warrior_bot_v2/logs/2026-10-09_daily.log.
Main bot restarted OK (PID: 55295).
WARNING: Gateway port 4002 dropped at 2026-10-09 22:08:54 UTC
ALERT: bot_v3_hybrid.py hit max restarts (10). Leaving the main bot DOWN but keeping sub-bots alive until EOD. Check /Users/duffy/warrior_bot_v2/logs/2026-10-09_daily.log.
WARNING: Gateway port 4002 dropped at 2026-10-09 22:09:55 UTC
WARNING: Gateway port 4002 dropped at 2026-10-09 22:10:55 UTC
WARNING: Gateway port 4002 dropped at 2026-10-09 22:11:55 UTC
WARNING: Gateway port 4002 dropped at 2026-10-09 22:12:55 UTC
WARNING: Gateway port 4002 dropped at 2026-10-09 22:13:55 UTC
WARNING: Gateway port 4002 dropped at 2026-10-09 22:14:56 UTC
WARNING: Gateway port 4002 dropped at 2026-10-09 22:15:56 UTC
WARNING: Gateway port 4002 dropped at 2026-10-09 22:16:56 UTC
WARNING: Gateway port 4002 dropped at 2026-10-09 22:17:56 UTC
WARNING: Gateway port 4002 dropped at 2026-10-09 22:18:56 UTC
WARNING: Gateway port 4002 dropped at 2026-10-09 22:19:56 UTC
WARNING: Gateway port 4002 dropped at 2026-10-09 22:20:57 UTC
WARNING: Gateway port 4002 dropped at 2026-10-09 22:21:57 UTC
WARNING: Gateway port 4002 dropped at 2026-10-09 22:22:57 UTC
WARNING: Gateway port 4002 dropped at 2026-10-09 22:23:57 UTC
WARNING: Gateway port 4002 dropped at 2026-10-09 22:24:57 UTC
WARNING: Gateway port 4002 dropped at 2026-10-09 22:25:57 UTC
WARNING: Gateway port 4002 dropped at 2026-10-09 22:26:58 UTC
WARNING: Gateway port 4002 dropped at 2026-10-09 22:27:58 UTC
WARNING: Gateway port 4002 dropped at 2026-10-09 22:28:58 UTC
WARNING: Gateway port 4002 dropped at 2026-10-09 22:29:58 UTC
WARNING: Gateway port 4002 dropped at 2026-10-09 22:30:58 UTC
WARNING: Gateway port 4002 dropped at 2026-10-09 22:31:59 UTC
WARNING: Gateway port 4002 dropped at 2026-10-09 22:32:59 UTC
WARNING: Gateway port 4002 dropped at 2026-10-09 22:33:59 UTC
WARNING: Gateway port 4002 dropped at 2026-10-09 22:34:59 UTC
WARNING: Gateway port 4002 dropped at 2026-10-09 22:36:00 UTC
WARNING: Gateway port 4002 dropped at 2026-10-09 22:37:00 UTC
WARNING: Gateway port 4002 dropped at 2026-10-09 22:38:00 UTC
WARNING: Gateway port 4002 dropped at 2026-10-09 22:39:00 UTC
WARNING: Gateway port 4002 dropped at 2026-10-09 22:40:00 UTC
WARNING: Gateway port 4002 dropped at 2026-10-09 22:41:01 UTC
WARNING: Gateway port 4002 dropped at 2026-10-09 22:42:01 UTC
WARNING: Gateway port 4002 dropped at 2026-10-09 22:43:01 UTC
WARNING: Gateway port 4002 dropped at 2026-10-09 22:44:01 UTC
WARNING: Gateway port 4002 dropped at 2026-10-09 22:45:02 UTC
WARNING: Gateway port 4002 dropped at 2026-10-09 22:46:02 UTC
WARNING: Gateway port 4002 dropped at 2026-10-09 22:47:02 UTC
WARNING: Gateway port 4002 dropped at 2026-10-09 22:48:02 UTC
WARNING: Gateway port 4002 dropped at 2026-10-09 22:49:03 UTC
WARNING: Gateway port 4002 dropped at 2026-10-09 22:50:03 UTC
WARNING: Gateway port 4002 dropped at 2026-10-09 22:51:03 UTC
WARNING: Gateway port 4002 dropped at 2026-10-09 22:52:03 UTC
WARNING: Gateway port 4002 dropped at 2026-10-09 22:53:03 UTC
WARNING: Gateway port 4002 dropped at 2026-10-09 22:54:03 UTC
WARNING: Gateway port 4002 dropped at 2026-10-09 22:55:04 UTC
WARNING: Gateway port 4002 dropped at 2026-10-09 22:56:04 UTC
WARNING: Gateway port 4002 dropped at 2026-10-09 22:57:04 UTC
WARNING: Gateway port 4002 dropped at 2026-10-09 22:58:04 UTC
WARNING: Gateway port 4002 dropped at 2026-10-09 22:59:04 UTC
WARNING: Gateway port 4002 dropped at 2026-10-09 23:00:04 UTC
WARNING: Gateway port 4002 dropped at 2026-10-09 23:01:05 UTC
WARNING: Gateway port 4002 dropped at 2026-10-09 23:02:05 UTC
WARNING: Gateway port 4002 dropped at 2026-10-09 23:03:05 UTC
WARNING: Gateway port 4002 dropped at 2026-10-09 23:04:05 UTC
WARNING: Gateway port 4002 dropped at 2026-10-09 23:05:05 UTC
WARNING: Gateway port 4002 dropped at 2026-10-09 23:06:05 UTC
WARNING: Gateway port 4002 dropped at 2026-10-09 23:07:06 UTC
WARNING: Gateway port 4002 dropped at 2026-10-09 23:08:06 UTC
WARNING: Gateway port 4002 dropped at 2026-10-09 23:09:06 UTC
WARNING: Gateway port 4002 dropped at 2026-10-09 23:10:06 UTC
WARNING: Gateway port 4002 dropped at 2026-10-09 23:11:06 UTC
WARNING: Gateway port 4002 dropped at 2026-10-09 23:12:06 UTC
WARNING: Gateway port 4002 dropped at 2026-10-09 23:13:07 UTC
WARNING: Gateway port 4002 dropped at 2026-10-09 23:14:07 UTC
WARNING: Gateway port 4002 dropped at 2026-10-09 23:15:07 UTC
WARNING: Gateway port 4002 dropped at 2026-10-09 23:16:07 UTC
WARNING: Gateway port 4002 dropped at 2026-10-09 23:17:07 UTC
WARNING: Gateway port 4002 dropped at 2026-10-09 23:18:08 UTC
WARNING: Gateway port 4002 dropped at 2026-10-09 23:19:08 UTC
WARNING: Gateway port 4002 dropped at 2026-10-09 23:20:08 UTC
WARNING: Gateway port 4002 dropped at 2026-10-09 23:21:08 UTC
WARNING: Gateway port 4002 dropped at 2026-10-09 23:22:09 UTC
WARNING: Gateway port 4002 dropped at 2026-10-09 23:23:09 UTC
WARNING: Gateway port 4002 dropped at 2026-10-09 23:24:09 UTC
WARNING: Gateway port 4002 dropped at 2026-10-09 23:25:09 UTC
WARNING: Gateway port 4002 dropped at 2026-10-09 23:26:09 UTC
WARNING: Gateway port 4002 dropped at 2026-10-09 23:27:10 UTC
WARNING: Gateway port 4002 dropped at 2026-10-09 23:28:10 UTC
WARNING: Gateway port 4002 dropped at 2026-10-09 23:29:10 UTC
WARNING: Gateway port 4002 dropped at 2026-10-09 23:30:10 UTC
WARNING: Gateway port 4002 dropped at 2026-10-09 23:31:11 UTC
WARNING: Gateway port 4002 dropped at 2026-10-09 23:32:11 UTC
WARNING: Gateway port 4002 dropped at 2026-10-09 23:33:11 UTC
WARNING: Gateway port 4002 dropped at 2026-10-09 23:34:11 UTC
WARNING: Gateway port 4002 dropped at 2026-10-09 23:35:12 UTC
WARNING: Gateway port 4002 dropped at 2026-10-09 23:36:12 UTC
WARNING: Gateway port 4002 dropped at 2026-10-09 23:37:12 UTC
WARNING: Gateway port 4002 dropped at 2026-10-09 23:38:12 UTC
WARNING: Gateway port 4002 dropped at 2026-10-09 23:39:13 UTC
WARNING: Gateway port 4002 dropped at 2026-10-09 23:40:13 UTC
WARNING: Gateway port 4002 dropped at 2026-10-09 23:41:13 UTC
WARNING: Gateway port 4002 dropped at 2026-10-09 23:42:13 UTC
WARNING: Gateway port 4002 dropped at 2026-10-09 23:43:13 UTC
WARNING: Gateway port 4002 dropped at 2026-10-09 23:44:14 UTC
WARNING: Gateway port 4002 dropped at 2026-10-09 23:45:14 UTC
WARNING: Gateway port 4002 dropped at 2026-10-09 23:46:14 UTC
WARNING: Gateway port 4002 dropped at 2026-10-09 23:47:14 UTC
WARNING: Gateway port 4002 dropped at 2026-10-09 23:48:15 UTC
WARNING: Gateway port 4002 dropped at 2026-10-09 23:49:15 UTC
WARNING: Gateway port 4002 dropped at 2026-10-09 23:50:15 UTC
WARNING: Gateway port 4002 dropped at 2026-10-09 23:51:15 UTC
WARNING: Gateway port 4002 dropped at 2026-10-09 23:52:16 UTC
WARNING: Gateway port 4002 dropped at 2026-10-09 23:53:16 UTC
WARNING: Gateway port 4002 dropped at 2026-10-09 23:54:16 UTC
WARNING: Gateway port 4002 dropped at 2026-10-09 23:55:16 UTC
WARNING: Gateway port 4002 dropped at 2026-10-09 23:56:16 UTC
WARNING: Gateway port 4002 dropped at 2026-10-09 23:57:16 UTC
WARNING: Gateway port 4002 dropped at 2026-10-09 23:58:17 UTC
WARNING: Gateway port 4002 dropped at 2026-10-09 23:59:17 UTC
WARNING: Gateway port 4002 dropped at 2026-10-10 00:00:17 UTC
WARNING: Gateway port 4002 dropped at 2026-10-10 00:01:17 UTC
WARNING: Gateway port 4002 dropped at 2026-10-10 00:02:18 UTC
WARNING: Gateway port 4002 dropped at 2026-10-10 00:03:18 UTC
WARNING: Gateway port 4002 dropped at 2026-10-10 00:04:18 UTC
WARNING: Gateway port 4002 dropped at 2026-10-10 00:05:18 UTC
All trading windows closed. Proceeding to shutdown.
=== Shutting down at Fri Oct  9 18:05:33 MDT 2026 ===
Generating A/B/C daily comparison report...
Pushing logs...
[v2-ibkr-migration 3263d2c] auto: v3 daily logs 2026-10-09
 16 files changed, 69852 insertions(+)
 create mode 100644 cowork_reports/2026-10-09_abc_daily_report.md
 create mode 100644 logs/2026-10-09_abc_compare.log
 create mode 100644 logs/2026-10-09_daily.log
 create mode 100644 logs/2026-10-09_discovery_gate_observe.jsonl
 create mode 100644 logs/2026-10-09_move_strike_subbot_A.log
 create mode 100644 logs/2026-10-09_move_strike_subbot_C.log
 create mode 100644 logs/2026-10-09_wb_intraday_adder_observe.jsonl
 create mode 100644 logs/bar_stream/2026-10-09_main_bot.jsonl
 create mode 100644 logs/cron_2026-10-09.log
=== V3 Hybrid daily run complete: Fri Oct  9 18:05:46 MDT 2026 ===
=== TRAP: cleanup at Fri Oct  9 18:05:46 MDT 2026 ===
