=== Waking screen ===
Display wake (caffeinate -u) sent
Display state: unknown (continuing — caffeinate keeps system awake regardless)
Persistent caffeinate started (PID: 24206)
=== V3 Hybrid daily run started: Wed May 27 02:00:05 MDT 2026 ===
From github.com:mannyluke4/warrior_bot
 * branch            v2-ibkr-migration -> FETCH_HEAD
Already up to date.
Code version: e0e2e59 (auto: v3 daily logs 2026-05-26)
daily_run_v3.sh hash: 667fae1a7f37570716abdebc1330d76e06548d66
bot_v3_hybrid.py hash: c556b47559d549c8c59cdfd4d661a4179f79229e
bot_alpaca_subbot.py hash: 35c2164aba4247ce13052023d9b27ab1e3c05d66
alpaca_feed.py hash: 682a855ab7d4135ad611baa7e19a941a00690a38
sntp: clock_settime: Operation not permitted
+0.035550 +/- 0.068354 time.apple.com 2620:149:a16:4000::31
NTP sync skipped (non-root)
System time: Wed May 27 08:00:07 UTC 2026
Pre-flight: checking Python imports...
V3 Imports OK
Sub-bot Imports OK
Killing stale processes...
Gateway already up on port 4002 — reusing existing session (no kill/restart)
Waiting for IB Gateway on port 4002...
Gateway is up on port 4002 (after ~5s)
Cleaning up stale connections...
Wiping yesterday's watchlist.txt for a fresh session...
Starting live_scanner.py...
Live scanner started (PID: 24246)
Starting bot_v3_hybrid.py (IBKR paper execution — squeeze re-enabled 2026-05-26)...
Bot started (PID: 24256)
Bot health check passed (still running after 15s, PID: 24256)
HEALTH_OK: Bot connected at 2026-05-27 08:00:32 UTC
Starting sub-bot variant A (log: /Users/duffy/warrior_bot_v2/logs/2026-05-27_move_strike_subbot_A.log)...
  variant A PID: 24277
Starting sub-bot variant B (log: /Users/duffy/warrior_bot_v2/logs/2026-05-27_move_strike_subbot_B.log)...
  variant B PID: 24278
Starting sub-bot variant C (log: /Users/duffy/warrior_bot_v2/logs/2026-05-27_move_strike_subbot_C.log)...
  variant C PID: 24279
  variant A health-check OK (PID 24277)
  variant B health-check OK (PID 24278)
  variant C health-check OK (PID 24279)
Gateway watchdog started (PID: 24284)
Watchdog: monitoring bot until 6:05 PM MT / 8:05 PM ET (Wed May 27 18:05:00 MDT 2026)...
  Bot runs: morning 7:00-12:00 ET, sleeps 12:00-16:00, evening 16:00-20:00 ET
ALERT: bot_v3_hybrid.py died at Wed May 27 18:00:38 MDT 2026! Session ended early. Check /Users/duffy/warrior_bot_v2/logs/2026-05-27_daily.log.
=== Shutting down at Wed May 27 18:00:38 MDT 2026 ===
Generating A/B/C daily comparison report...
Pushing logs...
