=== Waking screen ===
Display wake (caffeinate -u) sent
Display state: unknown (continuing — caffeinate keeps system awake regardless)
Persistent caffeinate started (PID: 4689)
=== V3 Hybrid daily run started: Mon Jul 13 02:00:06 MDT 2026 ===
From github.com:mannyluke4/warrior_bot
 * branch            v2-ibkr-migration -> FETCH_HEAD
Already up to date.
Code version: 4b63734 (auto: v3 daily logs 2026-07-12)
daily_run_v3.sh hash: ba10185c85ba735fd3549f238ab565cfaf6d3371
bot_v3_hybrid.py hash: d231fb62968c2715d314921d466be19de09b9a82
bot_alpaca_subbot.py hash: 35c2164aba4247ce13052023d9b27ab1e3c05d66
alpaca_feed.py hash: 682a855ab7d4135ad611baa7e19a941a00690a38
sntp: Exchange failed: Timeout
sntp: clock_settime: Operation not permitted
sntp_exchange {
        result: 6 (Timeout)
        header: 00 (li:0 vn:0 mode:0)
       stratum: 00 (0)
          poll: 00 (1)
     precision: 00 (1.000000e+00)
         delay: 0000.0000 (0.000000000)
    dispersion: 0000.0000 (0.000000000)
           ref: 00000000 ("    ")
         t_ref: 00000000.00000000 (0.000000000)
            t1: EDFF1987.EA708EDE (3992918407.915779999)
            t2: 00000000.00000000 (0.000000000)
            t3: 00000000.00000000 (0.000000000)
            t4: 00000000.00000000 (0.000000000)
        offset: FFFFFFFF8900733C.0AC7B89100000000 (-1996459203.957890034)
         delay: FFFFFFFF1200E678.158F712200000000 (-3992918407.915780067)
          mean: 0000000000000000.0000000000000000 (0.000000000)
         error: 0000000000000000.0000000000000000 (0.000000000)
          addr: 2620:149:a16:4000::31
}
+0.033601 +/- 0.067326 time.apple.com 2620:149:a16:3000::31
NTP sync skipped (non-root)
System time: Mon Jul 13 08:00:09 UTC 2026
Pre-flight: checking Python imports...
V3 Imports OK
Sub-bot Imports OK
Killing stale processes...
Gateway already up on port 4002 — reusing existing session (no kill/restart)
Waiting for IB Gateway on port 4002...
Gateway is up on port 4002 (after ~5s)
Cleaning up stale connections...
Wiping yesterday's watchlist.txt for a fresh session...
Starting live_scanner.py...
Live scanner started (PID: 4728)
Starting bot_v3_hybrid.py (IBKR paper execution — squeeze re-enabled 2026-05-26)...
Bot started (PID: 4738)
Bot health check passed (still running after 15s, PID: 4738)
HEALTH_OK: Bot connected at 2026-07-13 08:00:33 UTC
Starting sub-bot variant A (log: /Users/duffy/warrior_bot_v2/logs/2026-07-13_move_strike_subbot_A.log)...
  variant A PID: 4767
Starting sub-bot variant C (log: /Users/duffy/warrior_bot_v2/logs/2026-07-13_move_strike_subbot_C.log)...
  variant C PID: 4768
  variant A health-check OK (PID 4767)
  variant B not launched (missing keys)
  variant C health-check OK (PID 4768)
Gateway watchdog started (PID: 4770)
Health watchdog already running — reusing
Watchdog: monitoring bot until 6:05 PM MT / 8:05 PM ET (Mon Jul 13 18:05:00 MDT 2026)...
  Bot runs: morning 7:00-12:00 ET, sleeps 12:00-16:00, evening 16:00-20:00 ET
ALERT: bot_v3_hybrid.py died at Mon Jul 13 07:44:33 MDT 2026. Auto-restarting in place (attempt 1/10); sub-bots untouched. Check /Users/duffy/warrior_bot_v2/logs/2026-07-13_daily.log.
Main bot restarted OK (PID: 15015).
ALERT: bot_v3_hybrid.py died at Mon Jul 13 07:45:49 MDT 2026. Auto-restarting in place (attempt 2/10); sub-bots untouched. Check /Users/duffy/warrior_bot_v2/logs/2026-07-13_daily.log.
Main bot restarted OK (PID: 15083).
ALERT: bot_v3_hybrid.py died at Mon Jul 13 07:47:04 MDT 2026. Auto-restarting in place (attempt 3/10); sub-bots untouched. Check /Users/duffy/warrior_bot_v2/logs/2026-07-13_daily.log.
Main bot restarted OK (PID: 15137).
ALERT: bot_v3_hybrid.py died at Mon Jul 13 07:48:19 MDT 2026. Auto-restarting in place (attempt 4/10); sub-bots untouched. Check /Users/duffy/warrior_bot_v2/logs/2026-07-13_daily.log.
Main bot restarted OK (PID: 15206).
ALERT: bot_v3_hybrid.py died at Mon Jul 13 07:49:34 MDT 2026. Auto-restarting in place (attempt 5/10); sub-bots untouched. Check /Users/duffy/warrior_bot_v2/logs/2026-07-13_daily.log.
Main bot restarted OK (PID: 15261).
ALERT: bot_v3_hybrid.py died at Mon Jul 13 07:50:49 MDT 2026. Auto-restarting in place (attempt 6/10); sub-bots untouched. Check /Users/duffy/warrior_bot_v2/logs/2026-07-13_daily.log.
Main bot restarted OK (PID: 15326).
ALERT: bot_v3_hybrid.py died at Mon Jul 13 07:52:05 MDT 2026. Auto-restarting in place (attempt 7/10); sub-bots untouched. Check /Users/duffy/warrior_bot_v2/logs/2026-07-13_daily.log.
Main bot restarted OK (PID: 15376).
ALERT: bot_v3_hybrid.py died at Mon Jul 13 07:53:20 MDT 2026. Auto-restarting in place (attempt 8/10); sub-bots untouched. Check /Users/duffy/warrior_bot_v2/logs/2026-07-13_daily.log.
Main bot restarted OK (PID: 15446).
ALERT: bot_v3_hybrid.py died at Mon Jul 13 07:54:35 MDT 2026. Auto-restarting in place (attempt 9/10); sub-bots untouched. Check /Users/duffy/warrior_bot_v2/logs/2026-07-13_daily.log.
Main bot restarted OK (PID: 15500).
ALERT: bot_v3_hybrid.py died at Mon Jul 13 07:55:50 MDT 2026. Auto-restarting in place (attempt 10/10); sub-bots untouched. Check /Users/duffy/warrior_bot_v2/logs/2026-07-13_daily.log.
Main bot restarted OK (PID: 15565).
ALERT: bot_v3_hybrid.py hit max restarts (10). Leaving the main bot DOWN but keeping sub-bots alive until EOD. Check /Users/duffy/warrior_bot_v2/logs/2026-07-13_daily.log.
All trading windows closed. Proceeding to shutdown.
=== Shutting down at Mon Jul 13 18:05:24 MDT 2026 ===
Generating A/B/C daily comparison report...
Pushing logs...
[v2-ibkr-migration 895c47e] auto: v3 daily logs 2026-07-13
 14 files changed, 538960 insertions(+)
 create mode 100644 cowork_reports/2026-07-13_abc_daily_report.md
 create mode 100644 logs/2026-07-13_abc_compare.log
 create mode 100644 logs/2026-07-13_daily.log
 create mode 100644 logs/2026-07-13_discovery_gate_observe.jsonl
 create mode 100644 logs/2026-07-13_move_strike_subbot_A.log
 create mode 100644 logs/2026-07-13_move_strike_subbot_C.log
 create mode 100644 logs/2026-07-13_scanner.log
 create mode 100644 logs/2026-07-13_wb_intraday_adder_observe.jsonl
 create mode 100644 logs/bar_stream/2026-07-13_main_bot.jsonl
 create mode 100644 logs/bar_stream/2026-07-13_subbot_A.jsonl
 create mode 100644 logs/bar_stream/2026-07-13_subbot_C.jsonl
 create mode 100644 logs/cron_2026-07-13.log
=== V3 Hybrid daily run complete: Mon Jul 13 18:05:40 MDT 2026 ===
=== TRAP: cleanup at Mon Jul 13 18:05:40 MDT 2026 ===
