Self-dedup: killing stale daily_run supervisor PID 82192 (pgid 82186)
=== Waking screen ===
Display wake (caffeinate -u) sent
Display state: unknown (continuing — caffeinate keeps system awake regardless)
Persistent caffeinate started (PID: 19356)
=== V3 Hybrid daily run started: Tue Sep 15 02:00:07 MDT 2026 ===
ssh: connect to host github.com port 22: Can't assign requested address
fatal: Could not read from remote repository.

Please make sure you have the correct access rights
and the repository exists.
WARN: git pull failed
Code version: 2cd039d (auto: v3 daily logs 2026-09-14)
daily_run_v3.sh hash: fe9222dd63e0ce208ca08a3330c95f5bd40ed9d7
bot_v3_hybrid.py hash: eebc6fea2803847adc6de410409fc1d361bdb101
bot_alpaca_subbot.py hash: 35c2164aba4247ce13052023d9b27ab1e3c05d66
alpaca_feed.py hash: 682a855ab7d4135ad611baa7e19a941a00690a38
sntp: Exchange failed: Timeout
sntp: Exchange failed: Timeout
sntp: clock_settime: Operation not permitted
sntp_exchange {
        result: 6 (Timeout)
        header: 00 (li:0 vn:0 mode:0)
       stratum: 00 (0)
          poll: 00 (1)
     precision: 00 (1.000000e+00)
         delay: 0000.0000 (0.000000000)
    dispersion: 0000.0000 (0.000000000)
           ref: 00000000 ("    ")
         t_ref: 00000000.00000000 (0.000000000)
            t1: EE537988.FCDA7F3C (3998448008.987708999)
            t2: 00000000.00000000 (0.000000000)
            t3: 00000000.00000000 (0.000000000)
            t4: 00000000.00000000 (0.000000000)
        offset: FFFFFFFF88D6433B.8192C06200000000 (-1999224004.493854523)
         delay: FFFFFFFF11AC8677.032580C400000000 (-3998448008.987709045)
          mean: 0000000000000000.0000000000000000 (0.000000000)
         error: 0000000000000000.0000000000000000 (0.000000000)
          addr: 2620:149:a18:3000::31
}
sntp_exchange {
        result: 6 (Timeout)
        header: 00 (li:0 vn:0 mode:0)
       stratum: 00 (0)
          poll: 00 (1)
     precision: 00 (1.000000e+00)
         delay: 0000.0000 (0.000000000)
    dispersion: 0000.0000 (0.000000000)
           ref: 00000000 ("    ")
         t_ref: 00000000.00000000 (0.000000000)
            t1: EE53798A.0FC73EEE (3998448010.061633999)
            t2: 00000000.00000000 (0.000000000)
            t3: 00000000.00000000 (0.000000000)
            t4: 00000000.00000000 (0.000000000)
        offset: FFFFFFFF88D6433A.F81C608900000000 (-1999224005.030817032)
         delay: FFFFFFFF11AC8675.F038C11200000000 (-3998448010.061634064)
          mean: 0000000000000000.0000000000000000 (0.000000000)
         error: 0000000000000000.0000000000000000 (0.000000000)
          addr: 2620:149:a18:3000::31
}
+0.036279 +/- 0.073053 time.apple.com 2620:149:a18:4000::31
NTP sync skipped (non-root)
System time: Tue Sep 15 08:00:11 UTC 2026
Pre-flight: checking Python imports...
V3 Imports OK
Sub-bot Imports OK
Killing stale processes...
Gateway port 4002 down — killing stale java and starting fresh...
All stale processes cleared.
Starting IB Gateway via IBC...
Waiting for IB Gateway on port 4002...
[1;32m+==============================================================================
+
+ IBC version 3.23.0
+
+ Running GATEWAY 10.37
+
+ Diagnostic information is logged in:
+
+ /Users/duffy/ibc/logs/ibc-3.23.0_GATEWAY-10.37_Tuesday.txt
+
+[0m
  attempt 1/72: port 4002 not ready yet, waiting 5s...
  attempt 2/72: port 4002 not ready yet, waiting 5s...
  attempt 3/72: port 4002 not ready yet, waiting 5s...
  attempt 4/72: port 4002 not ready yet, waiting 5s...
  attempt 5/72: port 4002 not ready yet, waiting 5s...
  attempt 6/72: port 4002 not ready yet, waiting 5s...
  attempt 7/72: port 4002 not ready yet, waiting 5s...
  attempt 8/72: port 4002 not ready yet, waiting 5s...
  attempt 9/72: port 4002 not ready yet, waiting 5s...
  attempt 10/72: port 4002 not ready yet, waiting 5s...
  attempt 11/72: port 4002 not ready yet, waiting 5s...
  attempt 12/72: port 4002 not ready yet, waiting 5s...
  attempt 13/72: port 4002 not ready yet, waiting 5s...
  attempt 14/72: port 4002 not ready yet, waiting 5s...
  attempt 15/72: port 4002 not ready yet, waiting 5s...
  attempt 16/72: port 4002 not ready yet, waiting 5s...
  attempt 17/72: port 4002 not ready yet, waiting 5s...
  attempt 18/72: port 4002 not ready yet, waiting 5s...
  attempt 19/72: port 4002 not ready yet, waiting 5s...
  attempt 20/72: port 4002 not ready yet, waiting 5s...
  attempt 21/72: port 4002 not ready yet, waiting 5s...
  attempt 22/72: port 4002 not ready yet, waiting 5s...
  attempt 23/72: port 4002 not ready yet, waiting 5s...
  attempt 24/72: port 4002 not ready yet, waiting 5s...
  attempt 25/72: port 4002 not ready yet, waiting 5s...
  attempt 26/72: port 4002 not ready yet, waiting 5s...
  attempt 27/72: port 4002 not ready yet, waiting 5s...
  attempt 28/72: port 4002 not ready yet, waiting 5s...
  attempt 29/72: port 4002 not ready yet, waiting 5s...
  attempt 30/72: port 4002 not ready yet, waiting 5s...
  attempt 31/72: port 4002 not ready yet, waiting 5s...
  attempt 32/72: port 4002 not ready yet, waiting 5s...
  attempt 33/72: port 4002 not ready yet, waiting 5s...
  attempt 34/72: port 4002 not ready yet, waiting 5s...
  attempt 35/72: port 4002 not ready yet, waiting 5s...
  attempt 36/72: port 4002 not ready yet, waiting 5s...
  attempt 37/72: port 4002 not ready yet, waiting 5s...
  attempt 38/72: port 4002 not ready yet, waiting 5s...
  attempt 39/72: port 4002 not ready yet, waiting 5s...
  attempt 40/72: port 4002 not ready yet, waiting 5s...
  attempt 41/72: port 4002 not ready yet, waiting 5s...
  attempt 42/72: port 4002 not ready yet, waiting 5s...
  attempt 43/72: port 4002 not ready yet, waiting 5s...
  attempt 44/72: port 4002 not ready yet, waiting 5s...
  attempt 45/72: port 4002 not ready yet, waiting 5s...
  attempt 46/72: port 4002 not ready yet, waiting 5s...
  attempt 47/72: port 4002 not ready yet, waiting 5s...
  attempt 48/72: port 4002 not ready yet, waiting 5s...
  attempt 49/72: port 4002 not ready yet, waiting 5s...
  attempt 50/72: port 4002 not ready yet, waiting 5s...
  attempt 51/72: port 4002 not ready yet, waiting 5s...
  attempt 52/72: port 4002 not ready yet, waiting 5s...
  attempt 53/72: port 4002 not ready yet, waiting 5s...
  attempt 54/72: port 4002 not ready yet, waiting 5s...
  attempt 55/72: port 4002 not ready yet, waiting 5s...
  attempt 56/72: port 4002 not ready yet, waiting 5s...
  attempt 57/72: port 4002 not ready yet, waiting 5s...
  attempt 58/72: port 4002 not ready yet, waiting 5s...
  attempt 59/72: port 4002 not ready yet, waiting 5s...
  attempt 60/72: port 4002 not ready yet, waiting 5s...
  attempt 61/72: port 4002 not ready yet, waiting 5s...
  attempt 62/72: port 4002 not ready yet, waiting 5s...
  attempt 63/72: port 4002 not ready yet, waiting 5s...
  attempt 64/72: port 4002 not ready yet, waiting 5s...
  attempt 65/72: port 4002 not ready yet, waiting 5s...
  attempt 66/72: port 4002 not ready yet, waiting 5s...
  attempt 67/72: port 4002 not ready yet, waiting 5s...
  attempt 68/72: port 4002 not ready yet, waiting 5s...
  attempt 69/72: port 4002 not ready yet, waiting 5s...
  attempt 70/72: port 4002 not ready yet, waiting 5s...
  attempt 71/72: port 4002 not ready yet, waiting 5s...
  attempt 72/72: port 4002 not ready yet, waiting 5s...
Gateway did not open port 4002 in 360s — RETRYING gateway restart once...
[1;31m+==============================================================================
+
+                       **** An error has occurred ****
+
+                     Please look in the diagnostics file 
+                   mentioned above for further information
+
+                           Press enter to continue.
+
+==============================================================================[0m
Restarting IB Gateway via IBC (attempt 2)...
[1;32m+==============================================================================
+
+ IBC version 3.23.0
+
+ Running GATEWAY 10.37
+
+ Diagnostic information is logged in:
+
+ /Users/duffy/ibc/logs/ibc-3.23.0_GATEWAY-10.37_Tuesday.txt
+
+[0m
  retry attempt 1/72: port 4002 not ready yet, waiting 5s...
  retry attempt 2/72: port 4002 not ready yet, waiting 5s...
  retry attempt 3/72: port 4002 not ready yet, waiting 5s...
  retry attempt 4/72: port 4002 not ready yet, waiting 5s...
  retry attempt 5/72: port 4002 not ready yet, waiting 5s...
  retry attempt 6/72: port 4002 not ready yet, waiting 5s...
  retry attempt 7/72: port 4002 not ready yet, waiting 5s...
  retry attempt 8/72: port 4002 not ready yet, waiting 5s...
  retry attempt 9/72: port 4002 not ready yet, waiting 5s...
  retry attempt 10/72: port 4002 not ready yet, waiting 5s...
  retry attempt 11/72: port 4002 not ready yet, waiting 5s...
  retry attempt 12/72: port 4002 not ready yet, waiting 5s...
  retry attempt 13/72: port 4002 not ready yet, waiting 5s...
  retry attempt 14/72: port 4002 not ready yet, waiting 5s...
  retry attempt 15/72: port 4002 not ready yet, waiting 5s...
  retry attempt 16/72: port 4002 not ready yet, waiting 5s...
  retry attempt 17/72: port 4002 not ready yet, waiting 5s...
  retry attempt 18/72: port 4002 not ready yet, waiting 5s...
  retry attempt 19/72: port 4002 not ready yet, waiting 5s...
  retry attempt 20/72: port 4002 not ready yet, waiting 5s...
  retry attempt 21/72: port 4002 not ready yet, waiting 5s...
  retry attempt 22/72: port 4002 not ready yet, waiting 5s...
  retry attempt 23/72: port 4002 not ready yet, waiting 5s...
  retry attempt 24/72: port 4002 not ready yet, waiting 5s...
  retry attempt 25/72: port 4002 not ready yet, waiting 5s...
  retry attempt 26/72: port 4002 not ready yet, waiting 5s...
  retry attempt 27/72: port 4002 not ready yet, waiting 5s...
  retry attempt 28/72: port 4002 not ready yet, waiting 5s...
  retry attempt 29/72: port 4002 not ready yet, waiting 5s...
  retry attempt 30/72: port 4002 not ready yet, waiting 5s...
  retry attempt 31/72: port 4002 not ready yet, waiting 5s...
  retry attempt 32/72: port 4002 not ready yet, waiting 5s...
  retry attempt 33/72: port 4002 not ready yet, waiting 5s...
  retry attempt 34/72: port 4002 not ready yet, waiting 5s...
  retry attempt 35/72: port 4002 not ready yet, waiting 5s...
  retry attempt 36/72: port 4002 not ready yet, waiting 5s...
  retry attempt 37/72: port 4002 not ready yet, waiting 5s...
  retry attempt 38/72: port 4002 not ready yet, waiting 5s...
  retry attempt 39/72: port 4002 not ready yet, waiting 5s...
  retry attempt 40/72: port 4002 not ready yet, waiting 5s...
  retry attempt 41/72: port 4002 not ready yet, waiting 5s...
  retry attempt 42/72: port 4002 not ready yet, waiting 5s...
  retry attempt 43/72: port 4002 not ready yet, waiting 5s...
  retry attempt 44/72: port 4002 not ready yet, waiting 5s...
  retry attempt 45/72: port 4002 not ready yet, waiting 5s...
  retry attempt 46/72: port 4002 not ready yet, waiting 5s...
  retry attempt 47/72: port 4002 not ready yet, waiting 5s...
  retry attempt 48/72: port 4002 not ready yet, waiting 5s...
  retry attempt 49/72: port 4002 not ready yet, waiting 5s...
  retry attempt 50/72: port 4002 not ready yet, waiting 5s...
  retry attempt 51/72: port 4002 not ready yet, waiting 5s...
  retry attempt 52/72: port 4002 not ready yet, waiting 5s...
  retry attempt 53/72: port 4002 not ready yet, waiting 5s...
  retry attempt 54/72: port 4002 not ready yet, waiting 5s...
  retry attempt 55/72: port 4002 not ready yet, waiting 5s...
  retry attempt 56/72: port 4002 not ready yet, waiting 5s...
  retry attempt 57/72: port 4002 not ready yet, waiting 5s...
  retry attempt 58/72: port 4002 not ready yet, waiting 5s...
  retry attempt 59/72: port 4002 not ready yet, waiting 5s...
  retry attempt 60/72: port 4002 not ready yet, waiting 5s...
  retry attempt 61/72: port 4002 not ready yet, waiting 5s...
  retry attempt 62/72: port 4002 not ready yet, waiting 5s...
  retry attempt 63/72: port 4002 not ready yet, waiting 5s...
  retry attempt 64/72: port 4002 not ready yet, waiting 5s...
  retry attempt 65/72: port 4002 not ready yet, waiting 5s...
  retry attempt 66/72: port 4002 not ready yet, waiting 5s...
  retry attempt 67/72: port 4002 not ready yet, waiting 5s...
  retry attempt 68/72: port 4002 not ready yet, waiting 5s...
  retry attempt 69/72: port 4002 not ready yet, waiting 5s...
  retry attempt 70/72: port 4002 not ready yet, waiting 5s...
  retry attempt 71/72: port 4002 not ready yet, waiting 5s...
  retry attempt 72/72: port 4002 not ready yet, waiting 5s...
FATAL: IB Gateway did not open port 4002 after 2 restart attempts. Aborting.
=== TRAP: cleanup at Tue Sep 15 02:14:21 MDT 2026 ===
/Users/duffy/warrior_bot_v2/daily_run_v3.sh: line 21: 19356 Terminated: 15          caffeinate -dims -w $$  (wd: ~)
[v2-ibkr-migration 722e845] auto: v3 daily logs 2026-09-15
 4 files changed, 534 insertions(+)
 create mode 100644 logs/2026-09-15_daily.log
 create mode 100644 logs/cron_2026-09-15.log
=== Cleanup complete: Tue Sep 15 02:14:22 MDT 2026 ===
[1;32m+
+ IBC terminated by SIGTERM
+
[1;32m+ GATEWAY 10.37 has finished
+
+==============================================================================[0m
=== Waking screen ===
Display wake (caffeinate -u) sent
Display state: unknown (continuing — caffeinate keeps system awake regardless)
Persistent caffeinate started (PID: 1248)
=== V3 Hybrid daily run started: Tue Sep 15 10:17:57 MDT 2026 ===
From github.com:mannyluke4/warrior_bot
 * branch            v2-ibkr-migration -> FETCH_HEAD
Already up to date.
Code version: 722e845 (auto: v3 daily logs 2026-09-15)
daily_run_v3.sh hash: 2a69a9db48f8eb169651db16aaa93c59  /Users/duffy/warrior_bot_v2/daily_run_v3.sh
bot_v3_hybrid.py hash: 0d92caee3f0896140382112ff74e1176  /Users/duffy/warrior_bot_v2/bot_v3_hybrid.py
bot_alpaca_subbot.py hash: a037c0761d9dd5e1d11f33df333ac1d7  /Users/duffy/warrior_bot_v2/bot_alpaca_subbot.py
alpaca_feed.py hash: 870553116e841aac75c1f8ac28976191  /Users/duffy/warrior_bot_v2/alpaca_feed.py
sntp: clock_settime: Operation not permitted
+0.036610 +/- 0.072157 time.apple.com 2620:149:a18:4000::31
NTP sync skipped (non-root)
System time: Tue Sep 15 16:17:59 UTC 2026
Pre-flight: checking Python imports...
V3 Imports OK
Sub-bot Imports OK
Killing stale processes...
Gateway port 4002 down — killing stale java and starting fresh...
All stale processes cleared.
Starting IB Gateway via IBC...
Waiting for IB Gateway on port 4002...
  attempt 1/72: port 4002 not ready yet, waiting 5s...
[1;32m+==============================================================================
+
+ IBC version 3.23.0
+
+ Running GATEWAY 10.37
+
+ Diagnostic information is logged in:
+
+ /Users/duffy/ibc/logs/ibc-3.23.0_GATEWAY-10.37_Tuesday.txt
+
+[0m
  attempt 2/72: port 4002 not ready yet, waiting 5s...
Gateway is up on port 4002 (after ~15s)
Cleaning up stale connections...
Wiping yesterday's watchlist.txt for a fresh session...
live_scanner.py retired — engine ibkr_scanner is the sole scan source.
Starting bot_v3_hybrid.py (IBKR paper execution — squeeze re-enabled 2026-05-26)...
Bot started (PID: 1383)
Bot health check passed (still running after 15s, PID: 1383)
HEALTH_OK: Bot connected at 2026-09-15 16:19:03 UTC
Starting sub-bot variant A (log: /Users/duffy/warrior_bot_v2/logs/2026-09-15_move_strike_subbot_A.log)...
  variant A PID: 1407
Starting sub-bot variant C (log: /Users/duffy/warrior_bot_v2/logs/2026-09-15_move_strike_subbot_C.log)...
  variant C PID: 1408
WARN: variant A crashed within 15s — see logs/2026-09-15_move_strike_subbot_A.log
  variant B not launched (missing keys)
  variant C health-check OK (PID 1408)
Gateway watchdog started (PID: 1414)
Health watchdog started (detached)
Watchdog: monitoring bot until 6:05 PM MT / 8:05 PM ET (Tue Sep 15 18:05:00 MDT 2026)...
  Bot runs: morning 7:00-12:00 ET, sleeps 12:00-16:00, evening 16:00-20:00 ET
ALERT: bot_v3_hybrid.py died at Tue Sep 15 18:00:28 MDT 2026. Auto-restarting in place (attempt 1/10); sub-bots untouched. Check /Users/duffy/warrior_bot_v2/logs/2026-09-15_daily.log.
WARN: restarted main bot died within 15s — will retry next tick.
ALERT: bot_v3_hybrid.py died at Tue Sep 15 18:01:43 MDT 2026. Auto-restarting in place (attempt 2/10); sub-bots untouched. Check /Users/duffy/warrior_bot_v2/logs/2026-09-15_daily.log.
WARN: restarted main bot died within 15s — will retry next tick.
ALERT: bot_v3_hybrid.py died at Tue Sep 15 18:02:58 MDT 2026. Auto-restarting in place (attempt 3/10); sub-bots untouched. Check /Users/duffy/warrior_bot_v2/logs/2026-09-15_daily.log.
WARN: restarted main bot died within 15s — will retry next tick.
ALERT: bot_v3_hybrid.py died at Tue Sep 15 18:04:13 MDT 2026. Auto-restarting in place (attempt 4/10); sub-bots untouched. Check /Users/duffy/warrior_bot_v2/logs/2026-09-15_daily.log.
WARN: restarted main bot died within 15s — will retry next tick.
All trading windows closed. Proceeding to shutdown.
=== Shutting down at Tue Sep 15 18:05:28 MDT 2026 ===
Generating A/B/C daily comparison report...
Pushing logs...
[v2-ibkr-migration cf820ef] auto: v3 daily logs 2026-09-15
 12 files changed, 29944 insertions(+)
 create mode 100644 cowork_reports/2026-09-15_abc_daily_report.md
 create mode 100644 logs/2026-09-15_abc_compare.log
 create mode 100644 logs/2026-09-15_discovery_gate_observe.jsonl
 create mode 100644 logs/2026-09-15_move_strike_subbot_A.log
 create mode 100644 logs/2026-09-15_move_strike_subbot_C.log
 create mode 100644 logs/2026-09-15_wb_intraday_adder_observe.jsonl
 create mode 100644 logs/bar_stream/2026-09-15_main_bot.jsonl
=== V3 Hybrid daily run complete: Tue Sep 15 18:05:40 MDT 2026 ===
=== TRAP: cleanup at Tue Sep 15 18:05:40 MDT 2026 ===
/Users/duffy/warrior_bot_v2/daily_run_v3.sh: line 21:  1248 Terminated: 15          caffeinate -dims -w $$
/Users/duffy/warrior_bot_v2/daily_run_v3.sh: line 21:  1414 Terminated: 15          ( while true; do
    sleep 60; if ! python3 -c "import socket; s=socket.socket(); s.settimeout(2); s.connect(('127.0.0.1',$IBKR_PORT)); s.close()" 2> /dev/null; then
        echo "WARNING: Gateway port $IBKR_PORT dropped at $(date -u '+%Y-%m-%d %H:%M:%S UTC')" >> "$LOG_DIR/gateway_watchdog.log"; echo "WARNING: Gateway port $IBKR_PORT dropped at $(date -u '+%Y-%m-%d %H:%M:%S UTC')";
    fi;
done )
[v2-ibkr-migration e2aca41] auto: v3 daily logs 2026-09-15
 2 files changed, 22 insertions(+)
=== Cleanup complete: Tue Sep 15 18:05:42 MDT 2026 ===
