=== Waking screen ===
Display wake (caffeinate -u) sent
Display state: unknown (continuing — caffeinate keeps system awake regardless)
Persistent caffeinate started (PID: 29812)
=== V3 Hybrid daily run started: Tue Sep 29 02:00:07 MDT 2026 ===
From github.com:mannyluke4/warrior_bot
 * branch            v2-ibkr-migration -> FETCH_HEAD
Already up to date.
Code version: 5328c34 (auto: v3 daily logs 2026-09-28)
daily_run_v3.sh hash: fe9222dd63e0ce208ca08a3330c95f5bd40ed9d7
bot_v3_hybrid.py hash: eebc6fea2803847adc6de410409fc1d361bdb101
bot_alpaca_subbot.py hash: 35c2164aba4247ce13052023d9b27ab1e3c05d66
alpaca_feed.py hash: 682a855ab7d4135ad611baa7e19a941a00690a38
sntp: Exchange failed: Timeout
sntp: clock_settime: Operation not permitted
sntp_exchange {
        result: 6 (Timeout)
        header: 00 (li:0 vn:0 mode:0)
       stratum: 00 (0)
          poll: 00 (1)
     precision: 00 (1.000000e+00)
         delay: 0000.0000 (0.000000000)
    dispersion: 0000.0000 (0.000000000)
           ref: 00000000 ("    ")
         t_ref: 00000000.00000000 (0.000000000)
            t1: EE65EE8B.0F3BA775 (3999657611.059503999)
            t2: 00000000.00000000 (0.000000000)
            t3: 00000000.00000000 (0.000000000)
            t4: 00000000.00000000 (0.000000000)
        offset: FFFFFFFF88CD08BA.78622C4580000000 (-1999828805.529752016)
         delay: FFFFFFFF119A1174.F0C4588B00000000 (-3999657611.059504032)
          mean: 0000000000000000.0000000000000000 (0.000000000)
         error: 0000000000000000.0000000000000000 (0.000000000)
          addr: 2620:149:a18:3000::31
}
+0.034667 +/- 0.065264 time.apple.com 2620:149:a10:4000::31
NTP sync skipped (non-root)
System time: Tue Sep 29 08:00:12 UTC 2026
Pre-flight: checking Python imports...
V3 Imports OK
Sub-bot Imports OK
Killing stale processes...
Gateway already up on port 4002 — reusing existing session (no kill/restart)
Waiting for IB Gateway on port 4002...
Gateway is up on port 4002 (after ~5s)
Cleaning up stale connections...
Wiping yesterday's watchlist.txt for a fresh session...
live_scanner.py retired — engine ibkr_scanner is the sole scan source.
Starting bot_v3_hybrid.py (IBKR paper execution — squeeze re-enabled 2026-05-26)...
Bot started (PID: 29861)
Bot health check passed (still running after 15s, PID: 29861)
HEALTH_OK: Bot connected at 2026-09-29 08:00:36 UTC
Starting sub-bot variant A (log: /Users/duffy/warrior_bot_v2/logs/2026-09-29_move_strike_subbot_A.log)...
  variant A PID: 29882
Starting sub-bot variant C (log: /Users/duffy/warrior_bot_v2/logs/2026-09-29_move_strike_subbot_C.log)...
  variant C PID: 29883
WARN: variant A crashed within 15s — see logs/2026-09-29_move_strike_subbot_A.log
  variant B not launched (missing keys)
  variant C health-check OK (PID 29883)
Gateway watchdog started (PID: 29889)
Health watchdog started (detached)
Watchdog: monitoring bot until 6:05 PM MT / 8:05 PM ET (Tue Sep 29 18:05:00 MDT 2026)...
  Bot runs: morning 7:00-12:00 ET, sleeps 12:00-16:00, evening 16:00-20:00 ET
ALERT: bot_v3_hybrid.py died at Tue Sep 29 18:00:57 MDT 2026. Auto-restarting in place (attempt 1/10); sub-bots untouched. Check /Users/duffy/warrior_bot_v2/logs/2026-09-29_daily.log.
WARN: restarted main bot died within 15s — will retry next tick.
ALERT: bot_v3_hybrid.py died at Tue Sep 29 18:02:12 MDT 2026. Auto-restarting in place (attempt 2/10); sub-bots untouched. Check /Users/duffy/warrior_bot_v2/logs/2026-09-29_daily.log.
WARN: restarted main bot died within 15s — will retry next tick.
ALERT: bot_v3_hybrid.py died at Tue Sep 29 18:03:27 MDT 2026. Auto-restarting in place (attempt 3/10); sub-bots untouched. Check /Users/duffy/warrior_bot_v2/logs/2026-09-29_daily.log.
WARN: restarted main bot died within 15s — will retry next tick.
ALERT: bot_v3_hybrid.py died at Tue Sep 29 18:04:43 MDT 2026. Auto-restarting in place (attempt 4/10); sub-bots untouched. Check /Users/duffy/warrior_bot_v2/logs/2026-09-29_daily.log.
WARN: restarted main bot died within 15s — will retry next tick.
All trading windows closed. Proceeding to shutdown.
=== Shutting down at Tue Sep 29 18:05:58 MDT 2026 ===
Generating A/B/C daily comparison report...
Pushing logs...
[v2-ibkr-migration feb7961] auto: v3 daily logs 2026-09-29
 13 files changed, 96998 insertions(+)
 create mode 100644 cowork_reports/2026-09-29_abc_daily_report.md
 create mode 100644 logs/2026-09-29_abc_compare.log
 create mode 100644 logs/2026-09-29_daily.log
 create mode 100644 logs/2026-09-29_discovery_gate_observe.jsonl
 create mode 100644 logs/2026-09-29_move_strike_subbot_A.log
 create mode 100644 logs/2026-09-29_move_strike_subbot_C.log
 create mode 100644 logs/2026-09-29_wb_intraday_adder_observe.jsonl
 create mode 100644 logs/bar_stream/2026-09-29_main_bot.jsonl
 create mode 100644 logs/cron_2026-09-29.log
=== V3 Hybrid daily run complete: Tue Sep 29 18:06:11 MDT 2026 ===
=== TRAP: cleanup at Tue Sep 29 18:06:11 MDT 2026 ===
