=== Waking screen ===
Display wake (caffeinate -u) sent
Display state: unknown (continuing — caffeinate keeps system awake regardless)
Persistent caffeinate started (PID: 33811)
=== V3 Hybrid daily run started: Fri Jun 26 02:00:05 MDT 2026 ===
From github.com:mannyluke4/warrior_bot
 * branch            v2-ibkr-migration -> FETCH_HEAD
Already up to date.
Code version: 31cce00 (Engine: ship all-time-high to the manual bot for blue-sky alert)
daily_run_v3.sh hash: a0f70303c50ac665eee94c67621b8de773a9789f
bot_v3_hybrid.py hash: bae588db61a9750fe8a239fcc17448c747cc7810
bot_alpaca_subbot.py hash: 35c2164aba4247ce13052023d9b27ab1e3c05d66
alpaca_feed.py hash: 682a855ab7d4135ad611baa7e19a941a00690a38
sntp: clock_settime: Operation not permitted
+0.037652 +/- 0.068058 time.apple.com 2620:149:a16:4000::31
NTP sync skipped (non-root)
System time: Fri Jun 26 08:00:07 UTC 2026
Pre-flight: checking Python imports...
V3 Imports OK
Sub-bot Imports OK
Killing stale processes...
Gateway already up on port 4002 — reusing existing session (no kill/restart)
Waiting for IB Gateway on port 4002...
Gateway is up on port 4002 (after ~5s)
Cleaning up stale connections...
Wiping yesterday's watchlist.txt for a fresh session...
Starting live_scanner.py...
Live scanner started (PID: 33850)
Starting bot_v3_hybrid.py (IBKR paper execution — squeeze re-enabled 2026-05-26)...
Bot started (PID: 33860)
Bot health check passed (still running after 15s, PID: 33860)
HEALTH_OK: Bot connected at 2026-06-26 08:00:31 UTC
Starting sub-bot variant A (log: /Users/duffy/warrior_bot_v2/logs/2026-06-26_move_strike_subbot_A.log)...
  variant A PID: 33881
Starting sub-bot variant C (log: /Users/duffy/warrior_bot_v2/logs/2026-06-26_move_strike_subbot_C.log)...
  variant C PID: 33882
  variant A health-check OK (PID 33881)
  variant B not launched (missing keys)
  variant C health-check OK (PID 33882)
Gateway watchdog started (PID: 33884)
Health watchdog started (detached)
Watchdog: monitoring bot until 6:05 PM MT / 8:05 PM ET (Fri Jun 26 18:05:00 MDT 2026)...
  Bot runs: morning 7:00-12:00 ET, sleeps 12:00-16:00, evening 16:00-20:00 ET
ALERT: bot_v3_hybrid.py died at Fri Jun 26 05:05:11 MDT 2026. Auto-restarting in place (attempt 1/10); sub-bots untouched. Check /Users/duffy/warrior_bot_v2/logs/2026-06-26_daily.log.
Main bot restarted OK (PID: 38390).
/Users/duffy/warrior_bot_v2/daily_run_v3.sh: line 534: 33850 Terminated: 15          python3 live_scanner.py >> "$LOG_DIR/${TODAY}_scanner.log" 2>&1
/Users/duffy/warrior_bot_v2/daily_run_v3.sh: line 534: 33887 Terminated: 15          nohup /bin/zsh ~/warrior_bot_v2/health_watchdog.sh > /dev/null 2>&1
ALERT: bot_v3_hybrid.py died at Fri Jun 26 18:00:07 MDT 2026. Auto-restarting in place (attempt 2/10); sub-bots untouched. Check /Users/duffy/warrior_bot_v2/logs/2026-06-26_daily.log.
WARN: restarted main bot died within 15s — will retry next tick.
ALERT: bot_v3_hybrid.py died at Fri Jun 26 18:01:22 MDT 2026. Auto-restarting in place (attempt 3/10); sub-bots untouched. Check /Users/duffy/warrior_bot_v2/logs/2026-06-26_daily.log.
WARN: restarted main bot died within 15s — will retry next tick.
ALERT: bot_v3_hybrid.py died at Fri Jun 26 18:02:37 MDT 2026. Auto-restarting in place (attempt 4/10); sub-bots untouched. Check /Users/duffy/warrior_bot_v2/logs/2026-06-26_daily.log.
WARN: restarted main bot died within 15s — will retry next tick.
ALERT: bot_v3_hybrid.py died at Fri Jun 26 18:03:53 MDT 2026. Auto-restarting in place (attempt 5/10); sub-bots untouched. Check /Users/duffy/warrior_bot_v2/logs/2026-06-26_daily.log.
WARN: restarted main bot died within 15s — will retry next tick.
All trading windows closed. Proceeding to shutdown.
=== Shutting down at Fri Jun 26 18:05:08 MDT 2026 ===
Generating A/B/C daily comparison report...
Pushing logs...
[v2-ibkr-migration d17a891] auto: v3 daily logs 2026-06-26
 16 files changed, 443929 insertions(+)
 create mode 100644 cowork_reports/2026-06-26_abc_daily_report.md
 create mode 100644 logs/2026-06-26_abc_compare.log
 create mode 100644 logs/2026-06-26_daily.log
 create mode 100644 logs/2026-06-26_discovery_gate_observe.jsonl
 create mode 100644 logs/2026-06-26_move_strike_subbot_A.log
 create mode 100644 logs/2026-06-26_move_strike_subbot_C.log
 create mode 100644 logs/2026-06-26_scanner.log
 create mode 100644 logs/2026-06-26_wb_intraday_adder_observe.jsonl
 create mode 100644 logs/cron_2026-06-26.log
=== V3 Hybrid daily run complete: Fri Jun 26 18:05:22 MDT 2026 ===
=== TRAP: cleanup at Fri Jun 26 18:05:22 MDT 2026 ===
/Users/duffy/warrior_bot_v2/daily_run_v3.sh: line 21: 33811 Terminated: 15          caffeinate -dims -w $$  (wd: ~)
/Users/duffy/warrior_bot_v2/daily_run_v3.sh: line 21: 33884 Terminated: 15          ( while true; do
    sleep 60; if ! python3 -c "import socket; s=socket.socket(); s.settimeout(2); s.connect(('127.0.0.1',$IBKR_PORT)); s.close()" 2> /dev/null; then
        echo "WARNING: Gateway port $IBKR_PORT dropped at $(date -u '+%Y-%m-%d %H:%M:%S UTC')" >> "$LOG_DIR/gateway_watchdog.log"; echo "WARNING: Gateway port $IBKR_PORT dropped at $(date -u '+%Y-%m-%d %H:%M:%S UTC')";
    fi;
done )
[v2-ibkr-migration 7251a05] auto: v3 daily logs 2026-06-26
 2 files changed, 26 insertions(+)
=== Cleanup complete: Fri Jun 26 18:05:24 MDT 2026 ===
