=== Waking screen ===
Display wake (caffeinate -u) sent
Display state: unknown (continuing — caffeinate keeps system awake regardless)
Persistent caffeinate started (PID: 29259)
=== V3 Hybrid daily run started: Thu Jul 16 02:00:05 MDT 2026 ===
From github.com:mannyluke4/warrior_bot
 * branch            v2-ibkr-migration -> FETCH_HEAD
Already up to date.
Code version: f4051a8 (feat(subbot A): daily-target strategy + tick-cache reader fix)
daily_run_v3.sh hash: ea79f5d515bba0be6998ed94b6932c175ff124b5
bot_v3_hybrid.py hash: d231fb62968c2715d314921d466be19de09b9a82
bot_alpaca_subbot.py hash: 35c2164aba4247ce13052023d9b27ab1e3c05d66
alpaca_feed.py hash: 682a855ab7d4135ad611baa7e19a941a00690a38
sntp: clock_settime: Operation not permitted
+0.034501 +/- 0.064390 time.apple.com 2620:149:a16:3000::31
NTP sync skipped (non-root)
System time: Thu Jul 16 08:00:07 UTC 2026
Pre-flight: checking Python imports...
V3 Imports OK
Sub-bot Imports OK
Killing stale processes...
Gateway already up on port 4002 — reusing existing session (no kill/restart)
Waiting for IB Gateway on port 4002...
Gateway is up on port 4002 (after ~5s)
Cleaning up stale connections...
Wiping yesterday's watchlist.txt for a fresh session...
Starting live_scanner.py...
Live scanner started (PID: 29298)
Starting bot_v3_hybrid.py (IBKR paper execution — squeeze re-enabled 2026-05-26)...
Bot started (PID: 29310)
Bot health check passed (still running after 15s, PID: 29310)
HEALTH_OK: Bot connected at 2026-07-16 08:00:32 UTC
Starting sub-bot variant A (log: /Users/duffy/warrior_bot_v2/logs/2026-07-16_move_strike_subbot_A.log)...
  variant A PID: 29332
Starting sub-bot variant C (log: /Users/duffy/warrior_bot_v2/logs/2026-07-16_move_strike_subbot_C.log)...
  variant C PID: 29333
  variant A health-check OK (PID 29332)
  variant B not launched (missing keys)
  variant C health-check OK (PID 29333)
Gateway watchdog started (PID: 29335)
Health watchdog started (detached)
Watchdog: monitoring bot until 6:05 PM MT / 8:05 PM ET (Thu Jul 16 18:05:00 MDT 2026)...
  Bot runs: morning 7:00-12:00 ET, sleeps 12:00-16:00, evening 16:00-20:00 ET
ALERT: bot_v3_hybrid.py died at Thu Jul 16 18:00:49 MDT 2026. Auto-restarting in place (attempt 1/10); sub-bots untouched. Check /Users/duffy/warrior_bot_v2/logs/2026-07-16_daily.log.
WARN: restarted main bot died within 15s — will retry next tick.
ALERT: bot_v3_hybrid.py died at Thu Jul 16 18:02:04 MDT 2026. Auto-restarting in place (attempt 2/10); sub-bots untouched. Check /Users/duffy/warrior_bot_v2/logs/2026-07-16_daily.log.
WARN: restarted main bot died within 15s — will retry next tick.
ALERT: bot_v3_hybrid.py died at Thu Jul 16 18:03:19 MDT 2026. Auto-restarting in place (attempt 3/10); sub-bots untouched. Check /Users/duffy/warrior_bot_v2/logs/2026-07-16_daily.log.
WARN: restarted main bot died within 15s — will retry next tick.
ALERT: bot_v3_hybrid.py died at Thu Jul 16 18:04:34 MDT 2026. Auto-restarting in place (attempt 4/10); sub-bots untouched. Check /Users/duffy/warrior_bot_v2/logs/2026-07-16_daily.log.
WARN: restarted main bot died within 15s — will retry next tick.
All trading windows closed. Proceeding to shutdown.
=== Shutting down at Thu Jul 16 18:05:50 MDT 2026 ===
Generating A/B/C daily comparison report...
Pushing logs...
[v2-ibkr-migration 28a9c16] auto: v3 daily logs 2026-07-16
 16 files changed, 52734 insertions(+)
 create mode 100644 cowork_reports/2026-07-16_abc_daily_report.md
 create mode 100644 logs/2026-07-16_abc_compare.log
 create mode 100644 logs/2026-07-16_daily.log
 create mode 100644 logs/2026-07-16_discovery_gate_observe.jsonl
 create mode 100644 logs/2026-07-16_move_strike_subbot_A.log
 create mode 100644 logs/2026-07-16_move_strike_subbot_C.log
 create mode 100644 logs/2026-07-16_scanner.log
 create mode 100644 logs/2026-07-16_wb_intraday_adder_observe.jsonl
 create mode 100644 logs/bar_stream/2026-07-16_main_bot.jsonl
 create mode 100644 logs/bar_stream/2026-07-16_subbot_A.jsonl
 create mode 100644 logs/bar_stream/2026-07-16_subbot_C.jsonl
 create mode 100644 logs/cron_2026-07-16.log
=== V3 Hybrid daily run complete: Thu Jul 16 18:06:02 MDT 2026 ===
=== TRAP: cleanup at Thu Jul 16 18:06:02 MDT 2026 ===
