=== Waking screen ===
Display wake (caffeinate -u) sent
Display state: unknown (continuing — caffeinate keeps system awake regardless)
Persistent caffeinate started (PID: 51888)
=== V3 Hybrid daily run started: Tue Aug 18 02:00:07 MDT 2026 ===
From github.com:mannyluke4/warrior_bot
 * branch            v2-ibkr-migration -> FETCH_HEAD
Already up to date.
Code version: cf6d3d7 (auto: v3 daily logs 2026-08-17)
daily_run_v3.sh hash: fe9222dd63e0ce208ca08a3330c95f5bd40ed9d7
bot_v3_hybrid.py hash: eebc6fea2803847adc6de410409fc1d361bdb101
bot_alpaca_subbot.py hash: 35c2164aba4247ce13052023d9b27ab1e3c05d66
alpaca_feed.py hash: 682a855ab7d4135ad611baa7e19a941a00690a38
sntp: clock_settime: Operation not permitted
+0.034158 +/- 0.064697 time.apple.com 2620:149:a16:3000::31
NTP sync skipped (non-root)
System time: Tue Aug 18 08:00:09 UTC 2026
Pre-flight: checking Python imports...
V3 Imports OK
Sub-bot Imports OK
Killing stale processes...
Gateway already up on port 4002 — reusing existing session (no kill/restart)
Waiting for IB Gateway on port 4002...
Gateway is up on port 4002 (after ~5s)
Cleaning up stale connections...
Wiping yesterday's watchlist.txt for a fresh session...
live_scanner.py retired — engine ibkr_scanner is the sole scan source.
Starting bot_v3_hybrid.py (IBKR paper execution — squeeze re-enabled 2026-05-26)...
Bot started (PID: 51936)
Bot health check passed (still running after 15s, PID: 51936)
HEALTH_OK: Bot connected at 2026-08-18 08:00:33 UTC
Starting sub-bot variant A (log: /Users/duffy/warrior_bot_v2/logs/2026-08-18_move_strike_subbot_A.log)...
  variant A PID: 51957
Starting sub-bot variant C (log: /Users/duffy/warrior_bot_v2/logs/2026-08-18_move_strike_subbot_C.log)...
  variant C PID: 51958
  variant A health-check OK (PID 51957)
  variant B not launched (missing keys)
  variant C health-check OK (PID 51958)
Gateway watchdog started (PID: 51962)
Health watchdog started (detached)
Watchdog: monitoring bot until 6:05 PM MT / 8:05 PM ET (Tue Aug 18 18:05:00 MDT 2026)...
  Bot runs: morning 7:00-12:00 ET, sleeps 12:00-16:00, evening 16:00-20:00 ET
ALERT: bot_v3_hybrid.py died at Tue Aug 18 18:00:58 MDT 2026. Auto-restarting in place (attempt 1/10); sub-bots untouched. Check /Users/duffy/warrior_bot_v2/logs/2026-08-18_daily.log.
WARN: restarted main bot died within 15s — will retry next tick.
ALERT: bot_v3_hybrid.py died at Tue Aug 18 18:02:14 MDT 2026. Auto-restarting in place (attempt 2/10); sub-bots untouched. Check /Users/duffy/warrior_bot_v2/logs/2026-08-18_daily.log.
WARN: restarted main bot died within 15s — will retry next tick.
ALERT: bot_v3_hybrid.py died at Tue Aug 18 18:03:29 MDT 2026. Auto-restarting in place (attempt 3/10); sub-bots untouched. Check /Users/duffy/warrior_bot_v2/logs/2026-08-18_daily.log.
WARN: restarted main bot died within 15s — will retry next tick.
ALERT: bot_v3_hybrid.py died at Tue Aug 18 18:04:44 MDT 2026. Auto-restarting in place (attempt 4/10); sub-bots untouched. Check /Users/duffy/warrior_bot_v2/logs/2026-08-18_daily.log.
WARN: restarted main bot died within 15s — will retry next tick.
All trading windows closed. Proceeding to shutdown.
=== Shutting down at Tue Aug 18 18:05:59 MDT 2026 ===
Generating A/B/C daily comparison report...
Pushing logs...
[v2-ibkr-migration 205de59] auto: v3 daily logs 2026-08-18
 13 files changed, 60941 insertions(+)
 create mode 100644 cowork_reports/2026-08-18_abc_daily_report.md
 create mode 100644 logs/2026-08-18_abc_compare.log
 create mode 100644 logs/2026-08-18_daily.log
 create mode 100644 logs/2026-08-18_discovery_gate_observe.jsonl
 create mode 100644 logs/2026-08-18_move_strike_subbot_A.log
 create mode 100644 logs/2026-08-18_move_strike_subbot_C.log
 create mode 100644 logs/2026-08-18_wb_intraday_adder_observe.jsonl
 create mode 100644 logs/bar_stream/2026-08-18_main_bot.jsonl
 create mode 100644 logs/cron_2026-08-18.log
=== V3 Hybrid daily run complete: Tue Aug 18 18:06:12 MDT 2026 ===
=== TRAP: cleanup at Tue Aug 18 18:06:12 MDT 2026 ===
/Users/duffy/warrior_bot_v2/daily_run_v3.sh: line 21: 51888 Terminated: 15          caffeinate -dims -w $$  (wd: ~)
/Users/duffy/warrior_bot_v2/daily_run_v3.sh: line 21: 51962 Terminated: 15          ( while true; do
    sleep 60; if ! python3 -c "import socket; s=socket.socket(); s.settimeout(2); s.connect(('127.0.0.1',$IBKR_PORT)); s.close()" 2> /dev/null; then
        echo "WARNING: Gateway port $IBKR_PORT dropped at $(date -u '+%Y-%m-%d %H:%M:%S UTC')" >> "$LOG_DIR/gateway_watchdog.log"; echo "WARNING: Gateway port $IBKR_PORT dropped at $(date -u '+%Y-%m-%d %H:%M:%S UTC')";
    fi;
done )
[v2-ibkr-migration 637291f] auto: v3 daily logs 2026-08-18
 2 files changed, 26 insertions(+)
=== Cleanup complete: Tue Aug 18 18:06:15 MDT 2026 ===
