=== Waking screen ===
Display wake (caffeinate -u) sent
Display state: unknown (continuing — caffeinate keeps system awake regardless)
Persistent caffeinate started (PID: 40378)
=== V3 Hybrid daily run started: Thu Jun 18 02:00:06 MDT 2026 ===
From github.com:mannyluke4/warrior_bot
 * branch            v2-ibkr-migration -> FETCH_HEAD
Already up to date.
Code version: ba22914 (Engine: enable tailnet TCP feed + float backfill for the manual bot)
daily_run_v3.sh hash: 9e3490035d0feebdce227c64ba32dd87c1c1e608
bot_v3_hybrid.py hash: 1e1ed081526bb24e315f7c4b29ab900f3d5c6520
bot_alpaca_subbot.py hash: 35c2164aba4247ce13052023d9b27ab1e3c05d66
alpaca_feed.py hash: 682a855ab7d4135ad611baa7e19a941a00690a38
sntp: clock_settime: Operation not permitted
+0.032674 +/- 0.051854 time.apple.com 2620:149:a00:3000::31
NTP sync skipped (non-root)
System time: Thu Jun 18 08:00:08 UTC 2026
Pre-flight: checking Python imports...
V3 Imports OK
Sub-bot Imports OK
Killing stale processes...
Gateway already up on port 4002 — reusing existing session (no kill/restart)
Waiting for IB Gateway on port 4002...
Gateway is up on port 4002 (after ~5s)
Cleaning up stale connections...
Wiping yesterday's watchlist.txt for a fresh session...
Starting live_scanner.py...
Live scanner started (PID: 40417)
Starting bot_v3_hybrid.py (IBKR paper execution — squeeze re-enabled 2026-05-26)...
Bot started (PID: 40427)
Bot health check passed (still running after 15s, PID: 40427)
HEALTH_OK: Bot connected at 2026-06-18 08:00:33 UTC
Starting sub-bot variant A (log: /Users/duffy/warrior_bot_v2/logs/2026-06-18_move_strike_subbot_A.log)...
  variant A PID: 40449
Starting sub-bot variant C (log: /Users/duffy/warrior_bot_v2/logs/2026-06-18_move_strike_subbot_C.log)...
  variant C PID: 40450
  variant A health-check OK (PID 40449)
  variant B not launched (missing keys)
  variant C health-check OK (PID 40450)
Gateway watchdog started (PID: 40453)
Health watchdog started (detached)
Watchdog: monitoring bot until 6:05 PM MT / 8:05 PM ET (Thu Jun 18 18:05:00 MDT 2026)...
  Bot runs: morning 7:00-12:00 ET, sleeps 12:00-16:00, evening 16:00-20:00 ET
ALERT: bot_v3_hybrid.py died at Thu Jun 18 18:00:41 MDT 2026. Auto-restarting in place (attempt 1/10); sub-bots untouched. Check /Users/duffy/warrior_bot_v2/logs/2026-06-18_daily.log.
Main bot restarted OK (PID: 72305).
ALERT: bot_v3_hybrid.py died at Thu Jun 18 18:01:56 MDT 2026. Auto-restarting in place (attempt 2/10); sub-bots untouched. Check /Users/duffy/warrior_bot_v2/logs/2026-06-18_daily.log.
Main bot restarted OK (PID: 72338).
ALERT: bot_v3_hybrid.py died at Thu Jun 18 18:03:11 MDT 2026. Auto-restarting in place (attempt 3/10); sub-bots untouched. Check /Users/duffy/warrior_bot_v2/logs/2026-06-18_daily.log.
Main bot restarted OK (PID: 72366).
ALERT: bot_v3_hybrid.py died at Thu Jun 18 18:04:27 MDT 2026. Auto-restarting in place (attempt 4/10); sub-bots untouched. Check /Users/duffy/warrior_bot_v2/logs/2026-06-18_daily.log.
Main bot restarted OK (PID: 72402).
All trading windows closed. Proceeding to shutdown.
=== Shutting down at Thu Jun 18 18:05:42 MDT 2026 ===
Generating A/B/C daily comparison report...
Pushing logs...
