=== Waking screen ===
Display wake (caffeinate -u) sent
Display state: unknown (continuing — caffeinate keeps system awake regardless)
Persistent caffeinate started (PID: 35630)
=== V3 Hybrid daily run started: Wed Jul 29 02:00:07 MDT 2026 ===
From github.com:mannyluke4/warrior_bot
 * branch            v2-ibkr-migration -> FETCH_HEAD
Already up to date.
Code version: f77e4bb (Scanner wedge: rotate the engine clientId on wedge (restart on the SAME id re-inherits it))
daily_run_v3.sh hash: fe9222dd63e0ce208ca08a3330c95f5bd40ed9d7
bot_v3_hybrid.py hash: eebc6fea2803847adc6de410409fc1d361bdb101
bot_alpaca_subbot.py hash: 35c2164aba4247ce13052023d9b27ab1e3c05d66
alpaca_feed.py hash: 682a855ab7d4135ad611baa7e19a941a00690a38
sntp: clock_settime: Operation not permitted
+0.034328 +/- 0.066272 time.apple.com 2620:149:a16:3000::31
NTP sync skipped (non-root)
System time: Wed Jul 29 08:00:09 UTC 2026
Pre-flight: checking Python imports...
V3 Imports OK
Sub-bot Imports OK
Killing stale processes...
Gateway already up on port 4002 — reusing existing session (no kill/restart)
Waiting for IB Gateway on port 4002...
Gateway is up on port 4002 (after ~5s)
Cleaning up stale connections...
Wiping yesterday's watchlist.txt for a fresh session...
live_scanner.py retired — engine ibkr_scanner is the sole scan source.
Starting bot_v3_hybrid.py (IBKR paper execution — squeeze re-enabled 2026-05-26)...
Bot started (PID: 35678)
Bot health check passed (still running after 15s, PID: 35678)
HEALTH_OK: Bot connected at 2026-07-29 08:00:34 UTC
Starting sub-bot variant A (log: /Users/duffy/warrior_bot_v2/logs/2026-07-29_move_strike_subbot_A.log)...
  variant A PID: 35702
Starting sub-bot variant C (log: /Users/duffy/warrior_bot_v2/logs/2026-07-29_move_strike_subbot_C.log)...
  variant C PID: 35703
  variant A health-check OK (PID 35702)
  variant B not launched (missing keys)
  variant C health-check OK (PID 35703)
Gateway watchdog started (PID: 35705)
Health watchdog started (detached)
Watchdog: monitoring bot until 6:05 PM MT / 8:05 PM ET (Wed Jul 29 18:05:00 MDT 2026)...
  Bot runs: morning 7:00-12:00 ET, sleeps 12:00-16:00, evening 16:00-20:00 ET
ALERT: bot_v3_hybrid.py died at Wed Jul 29 02:11:50 MDT 2026. Auto-restarting in place (attempt 1/10); sub-bots untouched. Check /Users/duffy/warrior_bot_v2/logs/2026-07-29_daily.log.
Main bot restarted OK (PID: 36062).
ALERT: bot_v3_hybrid.py died at Wed Jul 29 02:23:07 MDT 2026. Auto-restarting in place (attempt 2/10); sub-bots untouched. Check /Users/duffy/warrior_bot_v2/logs/2026-07-29_daily.log.
Main bot restarted OK (PID: 36402).
ALERT: bot_v3_hybrid.py died at Wed Jul 29 02:34:23 MDT 2026. Auto-restarting in place (attempt 3/10); sub-bots untouched. Check /Users/duffy/warrior_bot_v2/logs/2026-07-29_daily.log.
Main bot restarted OK (PID: 36709).
ALERT: bot_v3_hybrid.py died at Wed Jul 29 02:45:40 MDT 2026. Auto-restarting in place (attempt 4/10); sub-bots untouched. Check /Users/duffy/warrior_bot_v2/logs/2026-07-29_daily.log.
Main bot restarted OK (PID: 37070).
ALERT: bot_v3_hybrid.py died at Wed Jul 29 02:56:57 MDT 2026. Auto-restarting in place (attempt 5/10); sub-bots untouched. Check /Users/duffy/warrior_bot_v2/logs/2026-07-29_daily.log.
Main bot restarted OK (PID: 37371).
ALERT: bot_v3_hybrid.py died at Wed Jul 29 03:08:13 MDT 2026. Auto-restarting in place (attempt 6/10); sub-bots untouched. Check /Users/duffy/warrior_bot_v2/logs/2026-07-29_daily.log.
Main bot restarted OK (PID: 37732).
ALERT: bot_v3_hybrid.py died at Wed Jul 29 03:19:30 MDT 2026. Auto-restarting in place (attempt 7/10); sub-bots untouched. Check /Users/duffy/warrior_bot_v2/logs/2026-07-29_daily.log.
Main bot restarted OK (PID: 38059).
ALERT: bot_v3_hybrid.py died at Wed Jul 29 18:00:44 MDT 2026. Auto-restarting in place (attempt 8/10); sub-bots untouched. Check /Users/duffy/warrior_bot_v2/logs/2026-07-29_daily.log.
WARN: restarted main bot died within 15s — will retry next tick.
ALERT: bot_v3_hybrid.py died at Wed Jul 29 18:01:59 MDT 2026. Auto-restarting in place (attempt 9/10); sub-bots untouched. Check /Users/duffy/warrior_bot_v2/logs/2026-07-29_daily.log.
WARN: restarted main bot died within 15s — will retry next tick.
ALERT: bot_v3_hybrid.py died at Wed Jul 29 18:03:15 MDT 2026. Auto-restarting in place (attempt 10/10); sub-bots untouched. Check /Users/duffy/warrior_bot_v2/logs/2026-07-29_daily.log.
WARN: restarted main bot died within 15s — will retry next tick.
ALERT: bot_v3_hybrid.py hit max restarts (10). Leaving the main bot DOWN but keeping sub-bots alive until EOD. Check /Users/duffy/warrior_bot_v2/logs/2026-07-29_daily.log.
All trading windows closed. Proceeding to shutdown.
=== Shutting down at Wed Jul 29 18:05:30 MDT 2026 ===
Generating A/B/C daily comparison report...
Pushing logs...
