=== Waking screen ===
Display wake (caffeinate -u) sent
Display state: unknown (continuing — caffeinate keeps system awake regardless)
Persistent caffeinate started (PID: 59358)
=== V3 Hybrid daily run started: Tue Sep  1 02:00:07 MDT 2026 ===
From github.com:mannyluke4/warrior_bot
 * branch            v2-ibkr-migration -> FETCH_HEAD
Already up to date.
Code version: efd83c8 (auto: v3 daily logs 2026-08-31)
daily_run_v3.sh hash: fe9222dd63e0ce208ca08a3330c95f5bd40ed9d7
bot_v3_hybrid.py hash: eebc6fea2803847adc6de410409fc1d361bdb101
bot_alpaca_subbot.py hash: 35c2164aba4247ce13052023d9b27ab1e3c05d66
alpaca_feed.py hash: 682a855ab7d4135ad611baa7e19a941a00690a38
sntp: clock_settime: Operation not permitted
+0.025462 +/- 0.053294 time.apple.com 2620:149:a0c:4000::1f2
NTP sync skipped (non-root)
System time: Tue Sep  1 08:00:19 UTC 2026
Pre-flight: checking Python imports...
V3 Imports OK
Sub-bot Imports OK
Killing stale processes...
Gateway already up on port 4002 — reusing existing session (no kill/restart)
Waiting for IB Gateway on port 4002...
Gateway is up on port 4002 (after ~5s)
Cleaning up stale connections...
Wiping yesterday's watchlist.txt for a fresh session...
live_scanner.py retired — engine ibkr_scanner is the sole scan source.
Starting bot_v3_hybrid.py (IBKR paper execution — squeeze re-enabled 2026-05-26)...
Bot started (PID: 59407)
Bot health check passed (still running after 15s, PID: 59407)
HEALTH_OK: Bot connected at 2026-09-01 08:00:44 UTC
Starting sub-bot variant A (log: /Users/duffy/warrior_bot_v2/logs/2026-09-01_move_strike_subbot_A.log)...
  variant A PID: 59430
Starting sub-bot variant C (log: /Users/duffy/warrior_bot_v2/logs/2026-09-01_move_strike_subbot_C.log)...
  variant C PID: 59431
WARN: variant A crashed within 15s — see logs/2026-09-01_move_strike_subbot_A.log
  variant B not launched (missing keys)
  variant C health-check OK (PID 59431)
Gateway watchdog started (PID: 59436)
Health watchdog started (detached)
Watchdog: monitoring bot until 6:05 PM MT / 8:05 PM ET (Tue Sep  1 18:05:00 MDT 2026)...
  Bot runs: morning 7:00-12:00 ET, sleeps 12:00-16:00, evening 16:00-20:00 ET
ALERT: bot_v3_hybrid.py died at Tue Sep  1 03:18:09 MDT 2026. Auto-restarting in place (attempt 1/10); sub-bots untouched. Check /Users/duffy/warrior_bot_v2/logs/2026-09-01_daily.log.
Main bot restarted OK (PID: 61347).
ALERT: bot_v3_hybrid.py died at Tue Sep  1 03:20:24 MDT 2026. Auto-restarting in place (attempt 2/10); sub-bots untouched. Check /Users/duffy/warrior_bot_v2/logs/2026-09-01_daily.log.
Main bot restarted OK (PID: 61412).
ALERT: bot_v3_hybrid.py died at Tue Sep  1 03:27:41 MDT 2026. Auto-restarting in place (attempt 3/10); sub-bots untouched. Check /Users/duffy/warrior_bot_v2/logs/2026-09-01_daily.log.
Main bot restarted OK (PID: 61590).
ALERT: bot_v3_hybrid.py died at Tue Sep  1 03:29:56 MDT 2026. Auto-restarting in place (attempt 4/10); sub-bots untouched. Check /Users/duffy/warrior_bot_v2/logs/2026-09-01_daily.log.
Main bot restarted OK (PID: 61647).
ALERT: bot_v3_hybrid.py died at Tue Sep  1 03:40:13 MDT 2026. Auto-restarting in place (attempt 5/10); sub-bots untouched. Check /Users/duffy/warrior_bot_v2/logs/2026-09-01_daily.log.
Main bot restarted OK (PID: 61916).
ALERT: bot_v3_hybrid.py died at Tue Sep  1 03:42:28 MDT 2026. Auto-restarting in place (attempt 6/10); sub-bots untouched. Check /Users/duffy/warrior_bot_v2/logs/2026-09-01_daily.log.
Main bot restarted OK (PID: 61972).
ALERT: bot_v3_hybrid.py died at Tue Sep  1 05:09:55 MDT 2026. Auto-restarting in place (attempt 7/10); sub-bots untouched. Check /Users/duffy/warrior_bot_v2/logs/2026-09-01_daily.log.
Main bot restarted OK (PID: 64410).
ALERT: bot_v3_hybrid.py died at Tue Sep  1 05:48:16 MDT 2026. Auto-restarting in place (attempt 8/10); sub-bots untouched. Check /Users/duffy/warrior_bot_v2/logs/2026-09-01_daily.log.
Main bot restarted OK (PID: 66326).
ALERT: bot_v3_hybrid.py died at Tue Sep  1 08:20:52 MDT 2026. Auto-restarting in place (attempt 9/10); sub-bots untouched. Check /Users/duffy/warrior_bot_v2/logs/2026-09-01_daily.log.
Main bot restarted OK (PID: 74174).
WARNING: Gateway port 4002 dropped at 2026-09-01 14:21:08 UTC
ALERT: bot_v3_hybrid.py died at Tue Sep  1 08:22:07 MDT 2026. Auto-restarting in place (attempt 10/10); sub-bots untouched. Check /Users/duffy/warrior_bot_v2/logs/2026-09-01_daily.log.
WARNING: Gateway port 4002 dropped at 2026-09-01 14:22:09 UTC
Main bot restarted OK (PID: 74242).
WARNING: Gateway port 4002 dropped at 2026-09-01 14:23:09 UTC
ALERT: bot_v3_hybrid.py hit max restarts (10). Leaving the main bot DOWN but keeping sub-bots alive until EOD. Check /Users/duffy/warrior_bot_v2/logs/2026-09-01_daily.log.
WARNING: Gateway port 4002 dropped at 2026-09-01 14:24:09 UTC
WARNING: Gateway port 4002 dropped at 2026-09-01 14:25:09 UTC
WARNING: Gateway port 4002 dropped at 2026-09-01 14:26:10 UTC
WARNING: Gateway port 4002 dropped at 2026-09-01 14:27:10 UTC
WARNING: Gateway port 4002 dropped at 2026-09-01 14:28:10 UTC
WARNING: Gateway port 4002 dropped at 2026-09-01 14:29:10 UTC
WARNING: Gateway port 4002 dropped at 2026-09-01 14:30:10 UTC
WARNING: Gateway port 4002 dropped at 2026-09-01 14:31:10 UTC
WARNING: Gateway port 4002 dropped at 2026-09-01 14:32:11 UTC
WARNING: Gateway port 4002 dropped at 2026-09-01 14:33:11 UTC
WARNING: Gateway port 4002 dropped at 2026-09-01 14:34:11 UTC
WARNING: Gateway port 4002 dropped at 2026-09-01 14:35:11 UTC
WARNING: Gateway port 4002 dropped at 2026-09-01 14:36:12 UTC
WARNING: Gateway port 4002 dropped at 2026-09-01 14:37:12 UTC
WARNING: Gateway port 4002 dropped at 2026-09-01 14:38:12 UTC
WARNING: Gateway port 4002 dropped at 2026-09-01 14:39:12 UTC
WARNING: Gateway port 4002 dropped at 2026-09-01 14:40:12 UTC
WARNING: Gateway port 4002 dropped at 2026-09-01 14:41:13 UTC
WARNING: Gateway port 4002 dropped at 2026-09-01 14:42:13 UTC
WARNING: Gateway port 4002 dropped at 2026-09-01 14:43:13 UTC
WARNING: Gateway port 4002 dropped at 2026-09-01 14:44:13 UTC
WARNING: Gateway port 4002 dropped at 2026-09-01 14:45:13 UTC
WARNING: Gateway port 4002 dropped at 2026-09-01 14:46:14 UTC
WARNING: Gateway port 4002 dropped at 2026-09-01 14:47:14 UTC
WARNING: Gateway port 4002 dropped at 2026-09-01 14:48:14 UTC
WARNING: Gateway port 4002 dropped at 2026-09-01 14:49:14 UTC
WARNING: Gateway port 4002 dropped at 2026-09-01 14:50:14 UTC
WARNING: Gateway port 4002 dropped at 2026-09-01 14:51:15 UTC
WARNING: Gateway port 4002 dropped at 2026-09-01 14:52:15 UTC
WARNING: Gateway port 4002 dropped at 2026-09-01 14:53:15 UTC
WARNING: Gateway port 4002 dropped at 2026-09-01 14:54:15 UTC
WARNING: Gateway port 4002 dropped at 2026-09-01 14:55:16 UTC
WARNING: Gateway port 4002 dropped at 2026-09-01 14:56:16 UTC
WARNING: Gateway port 4002 dropped at 2026-09-01 14:57:16 UTC
WARNING: Gateway port 4002 dropped at 2026-09-01 14:58:16 UTC
WARNING: Gateway port 4002 dropped at 2026-09-01 14:59:16 UTC
WARNING: Gateway port 4002 dropped at 2026-09-01 15:00:16 UTC
WARNING: Gateway port 4002 dropped at 2026-09-01 15:01:17 UTC
WARNING: Gateway port 4002 dropped at 2026-09-01 15:02:17 UTC
WARNING: Gateway port 4002 dropped at 2026-09-01 15:03:17 UTC
WARNING: Gateway port 4002 dropped at 2026-09-01 15:04:17 UTC
WARNING: Gateway port 4002 dropped at 2026-09-01 15:05:17 UTC
WARNING: Gateway port 4002 dropped at 2026-09-01 15:06:18 UTC
WARNING: Gateway port 4002 dropped at 2026-09-01 15:07:18 UTC
WARNING: Gateway port 4002 dropped at 2026-09-01 15:08:18 UTC
WARNING: Gateway port 4002 dropped at 2026-09-01 15:09:18 UTC
WARNING: Gateway port 4002 dropped at 2026-09-01 15:10:19 UTC
WARNING: Gateway port 4002 dropped at 2026-09-01 15:11:19 UTC
WARNING: Gateway port 4002 dropped at 2026-09-01 15:12:19 UTC
WARNING: Gateway port 4002 dropped at 2026-09-01 15:13:19 UTC
WARNING: Gateway port 4002 dropped at 2026-09-01 15:14:19 UTC
WARNING: Gateway port 4002 dropped at 2026-09-01 15:15:20 UTC
WARNING: Gateway port 4002 dropped at 2026-09-01 15:16:20 UTC
WARNING: Gateway port 4002 dropped at 2026-09-01 15:17:20 UTC
WARNING: Gateway port 4002 dropped at 2026-09-01 15:18:20 UTC
WARNING: Gateway port 4002 dropped at 2026-09-01 15:19:20 UTC
WARNING: Gateway port 4002 dropped at 2026-09-01 15:20:21 UTC
WARNING: Gateway port 4002 dropped at 2026-09-01 15:21:21 UTC
WARNING: Gateway port 4002 dropped at 2026-09-01 15:22:21 UTC
WARNING: Gateway port 4002 dropped at 2026-09-01 15:23:21 UTC
WARNING: Gateway port 4002 dropped at 2026-09-01 15:24:21 UTC
WARNING: Gateway port 4002 dropped at 2026-09-01 15:25:22 UTC
WARNING: Gateway port 4002 dropped at 2026-09-01 15:26:22 UTC
WARNING: Gateway port 4002 dropped at 2026-09-01 15:27:22 UTC
WARNING: Gateway port 4002 dropped at 2026-09-01 15:28:22 UTC
WARNING: Gateway port 4002 dropped at 2026-09-01 15:29:22 UTC
WARNING: Gateway port 4002 dropped at 2026-09-01 15:30:22 UTC
WARNING: Gateway port 4002 dropped at 2026-09-01 15:31:23 UTC
WARNING: Gateway port 4002 dropped at 2026-09-01 15:32:23 UTC
WARNING: Gateway port 4002 dropped at 2026-09-01 15:33:23 UTC
WARNING: Gateway port 4002 dropped at 2026-09-01 15:34:23 UTC
WARNING: Gateway port 4002 dropped at 2026-09-01 15:35:23 UTC
WARNING: Gateway port 4002 dropped at 2026-09-01 15:36:24 UTC
WARNING: Gateway port 4002 dropped at 2026-09-01 15:37:24 UTC
WARNING: Gateway port 4002 dropped at 2026-09-01 15:38:24 UTC
WARNING: Gateway port 4002 dropped at 2026-09-01 15:39:24 UTC
WARNING: Gateway port 4002 dropped at 2026-09-01 15:40:24 UTC
WARNING: Gateway port 4002 dropped at 2026-09-01 15:41:25 UTC
WARNING: Gateway port 4002 dropped at 2026-09-01 15:42:25 UTC
WARNING: Gateway port 4002 dropped at 2026-09-01 15:43:25 UTC
WARNING: Gateway port 4002 dropped at 2026-09-01 15:44:25 UTC
WARNING: Gateway port 4002 dropped at 2026-09-01 15:45:25 UTC
WARNING: Gateway port 4002 dropped at 2026-09-01 15:46:26 UTC
WARNING: Gateway port 4002 dropped at 2026-09-01 15:47:26 UTC
WARNING: Gateway port 4002 dropped at 2026-09-01 15:48:26 UTC
WARNING: Gateway port 4002 dropped at 2026-09-01 15:49:26 UTC
WARNING: Gateway port 4002 dropped at 2026-09-01 15:50:27 UTC
WARNING: Gateway port 4002 dropped at 2026-09-01 15:51:27 UTC
WARNING: Gateway port 4002 dropped at 2026-09-01 15:52:27 UTC
WARNING: Gateway port 4002 dropped at 2026-09-01 15:53:27 UTC
WARNING: Gateway port 4002 dropped at 2026-09-01 15:54:27 UTC
WARNING: Gateway port 4002 dropped at 2026-09-01 15:55:28 UTC
WARNING: Gateway port 4002 dropped at 2026-09-01 15:56:28 UTC
WARNING: Gateway port 4002 dropped at 2026-09-01 15:57:28 UTC
WARNING: Gateway port 4002 dropped at 2026-09-01 15:58:28 UTC
WARNING: Gateway port 4002 dropped at 2026-09-01 15:59:28 UTC
WARNING: Gateway port 4002 dropped at 2026-09-01 16:00:28 UTC
WARNING: Gateway port 4002 dropped at 2026-09-01 16:01:29 UTC
WARNING: Gateway port 4002 dropped at 2026-09-01 16:02:29 UTC
WARNING: Gateway port 4002 dropped at 2026-09-01 16:03:29 UTC
WARNING: Gateway port 4002 dropped at 2026-09-01 16:04:29 UTC
WARNING: Gateway port 4002 dropped at 2026-09-01 16:05:30 UTC
WARNING: Gateway port 4002 dropped at 2026-09-01 16:06:30 UTC
WARNING: Gateway port 4002 dropped at 2026-09-01 16:07:30 UTC
WARNING: Gateway port 4002 dropped at 2026-09-01 16:08:30 UTC
WARNING: Gateway port 4002 dropped at 2026-09-01 16:09:30 UTC
WARNING: Gateway port 4002 dropped at 2026-09-01 16:10:31 UTC
WARNING: Gateway port 4002 dropped at 2026-09-01 16:11:31 UTC
WARNING: Gateway port 4002 dropped at 2026-09-01 16:12:31 UTC
WARNING: Gateway port 4002 dropped at 2026-09-01 16:13:31 UTC
WARNING: Gateway port 4002 dropped at 2026-09-01 16:14:31 UTC
WARNING: Gateway port 4002 dropped at 2026-09-01 16:15:32 UTC
WARNING: Gateway port 4002 dropped at 2026-09-01 16:16:32 UTC
WARNING: Gateway port 4002 dropped at 2026-09-01 16:17:32 UTC
WARNING: Gateway port 4002 dropped at 2026-09-01 16:18:32 UTC
WARNING: Gateway port 4002 dropped at 2026-09-01 16:19:32 UTC
WARNING: Gateway port 4002 dropped at 2026-09-01 16:20:32 UTC
WARNING: Gateway port 4002 dropped at 2026-09-01 16:21:33 UTC
WARNING: Gateway port 4002 dropped at 2026-09-01 16:22:33 UTC
WARNING: Gateway port 4002 dropped at 2026-09-01 16:23:33 UTC
WARNING: Gateway port 4002 dropped at 2026-09-01 16:24:33 UTC
WARNING: Gateway port 4002 dropped at 2026-09-01 16:25:33 UTC
WARNING: Gateway port 4002 dropped at 2026-09-01 16:26:34 UTC
WARNING: Gateway port 4002 dropped at 2026-09-01 16:27:34 UTC
WARNING: Gateway port 4002 dropped at 2026-09-01 16:28:34 UTC
WARNING: Gateway port 4002 dropped at 2026-09-01 16:29:34 UTC
WARNING: Gateway port 4002 dropped at 2026-09-01 16:30:34 UTC
WARNING: Gateway port 4002 dropped at 2026-09-01 16:31:35 UTC
WARNING: Gateway port 4002 dropped at 2026-09-01 16:32:35 UTC
WARNING: Gateway port 4002 dropped at 2026-09-01 16:33:35 UTC
WARNING: Gateway port 4002 dropped at 2026-09-01 16:34:35 UTC
WARNING: Gateway port 4002 dropped at 2026-09-01 16:35:36 UTC
WARNING: Gateway port 4002 dropped at 2026-09-01 16:36:36 UTC
WARNING: Gateway port 4002 dropped at 2026-09-01 16:37:36 UTC
WARNING: Gateway port 4002 dropped at 2026-09-01 16:38:36 UTC
WARNING: Gateway port 4002 dropped at 2026-09-01 16:39:36 UTC
WARNING: Gateway port 4002 dropped at 2026-09-01 16:40:36 UTC
WARNING: Gateway port 4002 dropped at 2026-09-01 16:41:36 UTC
WARNING: Gateway port 4002 dropped at 2026-09-01 16:42:37 UTC
WARNING: Gateway port 4002 dropped at 2026-09-01 16:43:37 UTC
WARNING: Gateway port 4002 dropped at 2026-09-01 16:44:37 UTC
WARNING: Gateway port 4002 dropped at 2026-09-01 16:45:37 UTC
WARNING: Gateway port 4002 dropped at 2026-09-01 16:46:37 UTC
WARNING: Gateway port 4002 dropped at 2026-09-01 16:47:38 UTC
WARNING: Gateway port 4002 dropped at 2026-09-01 16:48:38 UTC
WARNING: Gateway port 4002 dropped at 2026-09-01 16:49:38 UTC
WARNING: Gateway port 4002 dropped at 2026-09-01 16:50:38 UTC
WARNING: Gateway port 4002 dropped at 2026-09-01 16:51:38 UTC
WARNING: Gateway port 4002 dropped at 2026-09-01 16:52:39 UTC
WARNING: Gateway port 4002 dropped at 2026-09-01 16:53:39 UTC
WARNING: Gateway port 4002 dropped at 2026-09-01 16:54:39 UTC
WARNING: Gateway port 4002 dropped at 2026-09-01 16:55:39 UTC
WARNING: Gateway port 4002 dropped at 2026-09-01 16:56:39 UTC
WARNING: Gateway port 4002 dropped at 2026-09-01 16:57:40 UTC
WARNING: Gateway port 4002 dropped at 2026-09-01 16:58:40 UTC
WARNING: Gateway port 4002 dropped at 2026-09-01 16:59:40 UTC
WARNING: Gateway port 4002 dropped at 2026-09-01 17:00:40 UTC
WARNING: Gateway port 4002 dropped at 2026-09-01 17:01:40 UTC
WARNING: Gateway port 4002 dropped at 2026-09-01 17:02:41 UTC
WARNING: Gateway port 4002 dropped at 2026-09-01 17:03:41 UTC
WARNING: Gateway port 4002 dropped at 2026-09-01 17:04:41 UTC
WARNING: Gateway port 4002 dropped at 2026-09-01 17:05:41 UTC
WARNING: Gateway port 4002 dropped at 2026-09-01 17:06:42 UTC
WARNING: Gateway port 4002 dropped at 2026-09-01 17:07:42 UTC
WARNING: Gateway port 4002 dropped at 2026-09-01 17:08:42 UTC
WARNING: Gateway port 4002 dropped at 2026-09-01 17:09:42 UTC
WARNING: Gateway port 4002 dropped at 2026-09-01 17:10:42 UTC
WARNING: Gateway port 4002 dropped at 2026-09-01 17:11:43 UTC
WARNING: Gateway port 4002 dropped at 2026-09-01 17:12:43 UTC
WARNING: Gateway port 4002 dropped at 2026-09-01 17:13:43 UTC
WARNING: Gateway port 4002 dropped at 2026-09-01 17:14:43 UTC
WARNING: Gateway port 4002 dropped at 2026-09-01 17:15:43 UTC
WARNING: Gateway port 4002 dropped at 2026-09-01 17:16:44 UTC
WARNING: Gateway port 4002 dropped at 2026-09-01 17:17:44 UTC
WARNING: Gateway port 4002 dropped at 2026-09-01 17:18:44 UTC
WARNING: Gateway port 4002 dropped at 2026-09-01 17:19:44 UTC
WARNING: Gateway port 4002 dropped at 2026-09-01 17:20:44 UTC
WARNING: Gateway port 4002 dropped at 2026-09-01 17:21:45 UTC
WARNING: Gateway port 4002 dropped at 2026-09-01 17:22:45 UTC
WARNING: Gateway port 4002 dropped at 2026-09-01 17:23:45 UTC
WARNING: Gateway port 4002 dropped at 2026-09-01 17:24:45 UTC
WARNING: Gateway port 4002 dropped at 2026-09-01 17:25:45 UTC
WARNING: Gateway port 4002 dropped at 2026-09-01 17:26:46 UTC
WARNING: Gateway port 4002 dropped at 2026-09-01 17:27:46 UTC
WARNING: Gateway port 4002 dropped at 2026-09-01 17:28:46 UTC
WARNING: Gateway port 4002 dropped at 2026-09-01 17:29:46 UTC
WARNING: Gateway port 4002 dropped at 2026-09-01 17:30:46 UTC
WARNING: Gateway port 4002 dropped at 2026-09-01 17:31:47 UTC
WARNING: Gateway port 4002 dropped at 2026-09-01 17:32:47 UTC
WARNING: Gateway port 4002 dropped at 2026-09-01 17:33:47 UTC
WARNING: Gateway port 4002 dropped at 2026-09-01 17:34:47 UTC
WARNING: Gateway port 4002 dropped at 2026-09-01 17:35:47 UTC
WARNING: Gateway port 4002 dropped at 2026-09-01 17:36:48 UTC
WARNING: Gateway port 4002 dropped at 2026-09-01 17:37:48 UTC
WARNING: Gateway port 4002 dropped at 2026-09-01 17:38:48 UTC
WARNING: Gateway port 4002 dropped at 2026-09-01 17:39:48 UTC
WARNING: Gateway port 4002 dropped at 2026-09-01 17:40:48 UTC
WARNING: Gateway port 4002 dropped at 2026-09-01 17:41:49 UTC
WARNING: Gateway port 4002 dropped at 2026-09-01 17:42:49 UTC
WARNING: Gateway port 4002 dropped at 2026-09-01 17:43:49 UTC
WARNING: Gateway port 4002 dropped at 2026-09-01 17:44:49 UTC
WARNING: Gateway port 4002 dropped at 2026-09-01 17:45:49 UTC
WARNING: Gateway port 4002 dropped at 2026-09-01 17:46:50 UTC
WARNING: Gateway port 4002 dropped at 2026-09-01 17:47:50 UTC
WARNING: Gateway port 4002 dropped at 2026-09-01 17:48:50 UTC
WARNING: Gateway port 4002 dropped at 2026-09-01 17:49:50 UTC
WARNING: Gateway port 4002 dropped at 2026-09-01 17:50:51 UTC
WARNING: Gateway port 4002 dropped at 2026-09-01 17:51:51 UTC
WARNING: Gateway port 4002 dropped at 2026-09-01 17:52:51 UTC
WARNING: Gateway port 4002 dropped at 2026-09-01 17:53:51 UTC
WARNING: Gateway port 4002 dropped at 2026-09-01 17:54:51 UTC
WARNING: Gateway port 4002 dropped at 2026-09-01 17:55:52 UTC
WARNING: Gateway port 4002 dropped at 2026-09-01 17:56:52 UTC
WARNING: Gateway port 4002 dropped at 2026-09-01 17:57:52 UTC
WARNING: Gateway port 4002 dropped at 2026-09-01 17:58:52 UTC
WARNING: Gateway port 4002 dropped at 2026-09-01 17:59:52 UTC
WARNING: Gateway port 4002 dropped at 2026-09-01 18:00:53 UTC
WARNING: Gateway port 4002 dropped at 2026-09-01 18:01:53 UTC
WARNING: Gateway port 4002 dropped at 2026-09-01 18:02:53 UTC
WARNING: Gateway port 4002 dropped at 2026-09-01 18:03:53 UTC
WARNING: Gateway port 4002 dropped at 2026-09-01 18:04:53 UTC
WARNING: Gateway port 4002 dropped at 2026-09-01 18:05:54 UTC
WARNING: Gateway port 4002 dropped at 2026-09-01 18:06:54 UTC
WARNING: Gateway port 4002 dropped at 2026-09-01 18:07:54 UTC
WARNING: Gateway port 4002 dropped at 2026-09-01 18:08:54 UTC
WARNING: Gateway port 4002 dropped at 2026-09-01 18:09:55 UTC
WARNING: Gateway port 4002 dropped at 2026-09-01 18:10:55 UTC
WARNING: Gateway port 4002 dropped at 2026-09-01 18:11:55 UTC
WARNING: Gateway port 4002 dropped at 2026-09-01 18:12:55 UTC
WARNING: Gateway port 4002 dropped at 2026-09-01 18:13:55 UTC
WARNING: Gateway port 4002 dropped at 2026-09-01 18:14:56 UTC
WARNING: Gateway port 4002 dropped at 2026-09-01 18:15:56 UTC
WARNING: Gateway port 4002 dropped at 2026-09-01 18:16:56 UTC
WARNING: Gateway port 4002 dropped at 2026-09-01 18:17:56 UTC
WARNING: Gateway port 4002 dropped at 2026-09-01 18:18:56 UTC
WARNING: Gateway port 4002 dropped at 2026-09-01 18:19:57 UTC
WARNING: Gateway port 4002 dropped at 2026-09-01 18:20:57 UTC
WARNING: Gateway port 4002 dropped at 2026-09-01 18:21:57 UTC
WARNING: Gateway port 4002 dropped at 2026-09-01 18:22:57 UTC
WARNING: Gateway port 4002 dropped at 2026-09-01 18:23:57 UTC
WARNING: Gateway port 4002 dropped at 2026-09-01 18:24:58 UTC
WARNING: Gateway port 4002 dropped at 2026-09-01 18:25:58 UTC
WARNING: Gateway port 4002 dropped at 2026-09-01 18:26:58 UTC
WARNING: Gateway port 4002 dropped at 2026-09-01 18:27:58 UTC
WARNING: Gateway port 4002 dropped at 2026-09-01 18:28:58 UTC
WARNING: Gateway port 4002 dropped at 2026-09-01 18:29:59 UTC
WARNING: Gateway port 4002 dropped at 2026-09-01 18:30:59 UTC
WARNING: Gateway port 4002 dropped at 2026-09-01 18:31:59 UTC
WARNING: Gateway port 4002 dropped at 2026-09-01 18:32:59 UTC
WARNING: Gateway port 4002 dropped at 2026-09-01 18:33:59 UTC
WARNING: Gateway port 4002 dropped at 2026-09-01 18:35:00 UTC
WARNING: Gateway port 4002 dropped at 2026-09-01 18:36:00 UTC
WARNING: Gateway port 4002 dropped at 2026-09-01 18:37:00 UTC
WARNING: Gateway port 4002 dropped at 2026-09-01 18:38:00 UTC
WARNING: Gateway port 4002 dropped at 2026-09-01 18:39:00 UTC
WARNING: Gateway port 4002 dropped at 2026-09-01 18:40:01 UTC
WARNING: Gateway port 4002 dropped at 2026-09-01 18:41:01 UTC
WARNING: Gateway port 4002 dropped at 2026-09-01 18:42:01 UTC
WARNING: Gateway port 4002 dropped at 2026-09-01 18:43:01 UTC
WARNING: Gateway port 4002 dropped at 2026-09-01 18:44:02 UTC
WARNING: Gateway port 4002 dropped at 2026-09-01 18:45:02 UTC
WARNING: Gateway port 4002 dropped at 2026-09-01 18:46:02 UTC
WARNING: Gateway port 4002 dropped at 2026-09-01 18:47:02 UTC
WARNING: Gateway port 4002 dropped at 2026-09-01 18:48:02 UTC
WARNING: Gateway port 4002 dropped at 2026-09-01 18:49:02 UTC
WARNING: Gateway port 4002 dropped at 2026-09-01 18:50:03 UTC
WARNING: Gateway port 4002 dropped at 2026-09-01 18:51:03 UTC
WARNING: Gateway port 4002 dropped at 2026-09-01 18:52:03 UTC
WARNING: Gateway port 4002 dropped at 2026-09-01 18:53:03 UTC
WARNING: Gateway port 4002 dropped at 2026-09-01 18:54:04 UTC
WARNING: Gateway port 4002 dropped at 2026-09-01 18:55:04 UTC
WARNING: Gateway port 4002 dropped at 2026-09-01 18:56:04 UTC
WARNING: Gateway port 4002 dropped at 2026-09-01 18:57:04 UTC
WARNING: Gateway port 4002 dropped at 2026-09-01 18:58:04 UTC
WARNING: Gateway port 4002 dropped at 2026-09-01 18:59:05 UTC
WARNING: Gateway port 4002 dropped at 2026-09-01 19:00:05 UTC
WARNING: Gateway port 4002 dropped at 2026-09-01 19:01:05 UTC
WARNING: Gateway port 4002 dropped at 2026-09-01 19:02:05 UTC
WARNING: Gateway port 4002 dropped at 2026-09-01 19:03:05 UTC
WARNING: Gateway port 4002 dropped at 2026-09-01 19:04:06 UTC
WARNING: Gateway port 4002 dropped at 2026-09-01 19:05:06 UTC
WARNING: Gateway port 4002 dropped at 2026-09-01 19:06:06 UTC
WARNING: Gateway port 4002 dropped at 2026-09-01 19:07:06 UTC
WARNING: Gateway port 4002 dropped at 2026-09-01 19:08:06 UTC
WARNING: Gateway port 4002 dropped at 2026-09-01 19:09:06 UTC
WARNING: Gateway port 4002 dropped at 2026-09-01 19:10:07 UTC
WARNING: Gateway port 4002 dropped at 2026-09-01 19:11:07 UTC
WARNING: Gateway port 4002 dropped at 2026-09-01 19:12:07 UTC
WARNING: Gateway port 4002 dropped at 2026-09-01 19:13:07 UTC
WARNING: Gateway port 4002 dropped at 2026-09-01 19:14:08 UTC
WARNING: Gateway port 4002 dropped at 2026-09-01 19:15:08 UTC
WARNING: Gateway port 4002 dropped at 2026-09-01 19:16:08 UTC
WARNING: Gateway port 4002 dropped at 2026-09-01 19:17:08 UTC
WARNING: Gateway port 4002 dropped at 2026-09-01 19:18:08 UTC
WARNING: Gateway port 4002 dropped at 2026-09-01 19:19:09 UTC
WARNING: Gateway port 4002 dropped at 2026-09-01 19:20:09 UTC
WARNING: Gateway port 4002 dropped at 2026-09-01 19:21:09 UTC
WARNING: Gateway port 4002 dropped at 2026-09-01 19:22:09 UTC
WARNING: Gateway port 4002 dropped at 2026-09-01 19:23:09 UTC
WARNING: Gateway port 4002 dropped at 2026-09-01 19:24:10 UTC
WARNING: Gateway port 4002 dropped at 2026-09-01 19:25:10 UTC
WARNING: Gateway port 4002 dropped at 2026-09-01 19:26:10 UTC
WARNING: Gateway port 4002 dropped at 2026-09-01 19:27:10 UTC
WARNING: Gateway port 4002 dropped at 2026-09-01 19:28:10 UTC
WARNING: Gateway port 4002 dropped at 2026-09-01 19:29:10 UTC
WARNING: Gateway port 4002 dropped at 2026-09-01 19:30:11 UTC
WARNING: Gateway port 4002 dropped at 2026-09-01 19:31:11 UTC
WARNING: Gateway port 4002 dropped at 2026-09-01 19:32:11 UTC
WARNING: Gateway port 4002 dropped at 2026-09-01 19:33:11 UTC
WARNING: Gateway port 4002 dropped at 2026-09-01 19:34:11 UTC
WARNING: Gateway port 4002 dropped at 2026-09-01 19:35:11 UTC
WARNING: Gateway port 4002 dropped at 2026-09-01 19:36:11 UTC
WARNING: Gateway port 4002 dropped at 2026-09-01 19:37:12 UTC
WARNING: Gateway port 4002 dropped at 2026-09-01 19:38:12 UTC
WARNING: Gateway port 4002 dropped at 2026-09-01 19:39:12 UTC
WARNING: Gateway port 4002 dropped at 2026-09-01 19:40:12 UTC
WARNING: Gateway port 4002 dropped at 2026-09-01 19:41:12 UTC
WARNING: Gateway port 4002 dropped at 2026-09-01 19:42:13 UTC
WARNING: Gateway port 4002 dropped at 2026-09-01 19:43:13 UTC
WARNING: Gateway port 4002 dropped at 2026-09-01 19:44:13 UTC
WARNING: Gateway port 4002 dropped at 2026-09-01 19:45:13 UTC
WARNING: Gateway port 4002 dropped at 2026-09-01 19:46:13 UTC
WARNING: Gateway port 4002 dropped at 2026-09-01 19:47:14 UTC
WARNING: Gateway port 4002 dropped at 2026-09-01 19:48:14 UTC
WARNING: Gateway port 4002 dropped at 2026-09-01 19:49:14 UTC
WARNING: Gateway port 4002 dropped at 2026-09-01 19:50:14 UTC
WARNING: Gateway port 4002 dropped at 2026-09-01 19:51:14 UTC
WARNING: Gateway port 4002 dropped at 2026-09-01 19:52:15 UTC
WARNING: Gateway port 4002 dropped at 2026-09-01 19:53:15 UTC
WARNING: Gateway port 4002 dropped at 2026-09-01 19:54:15 UTC
WARNING: Gateway port 4002 dropped at 2026-09-01 19:55:15 UTC
WARNING: Gateway port 4002 dropped at 2026-09-01 19:56:16 UTC
WARNING: Gateway port 4002 dropped at 2026-09-01 19:57:16 UTC
WARNING: Gateway port 4002 dropped at 2026-09-01 19:58:16 UTC
WARNING: Gateway port 4002 dropped at 2026-09-01 19:59:16 UTC
WARNING: Gateway port 4002 dropped at 2026-09-01 20:00:16 UTC
WARNING: Gateway port 4002 dropped at 2026-09-01 20:01:16 UTC
WARNING: Gateway port 4002 dropped at 2026-09-01 20:02:17 UTC
WARNING: Gateway port 4002 dropped at 2026-09-01 20:03:17 UTC
WARNING: Gateway port 4002 dropped at 2026-09-01 20:04:17 UTC
WARNING: Gateway port 4002 dropped at 2026-09-01 20:05:17 UTC
WARNING: Gateway port 4002 dropped at 2026-09-01 20:06:18 UTC
WARNING: Gateway port 4002 dropped at 2026-09-01 20:07:18 UTC
WARNING: Gateway port 4002 dropped at 2026-09-01 20:08:18 UTC
WARNING: Gateway port 4002 dropped at 2026-09-01 20:09:18 UTC
WARNING: Gateway port 4002 dropped at 2026-09-01 20:10:18 UTC
WARNING: Gateway port 4002 dropped at 2026-09-01 20:11:18 UTC
WARNING: Gateway port 4002 dropped at 2026-09-01 20:12:19 UTC
WARNING: Gateway port 4002 dropped at 2026-09-01 20:13:19 UTC
WARNING: Gateway port 4002 dropped at 2026-09-01 20:14:19 UTC
WARNING: Gateway port 4002 dropped at 2026-09-01 20:15:19 UTC
WARNING: Gateway port 4002 dropped at 2026-09-01 20:16:19 UTC
WARNING: Gateway port 4002 dropped at 2026-09-01 20:17:19 UTC
WARNING: Gateway port 4002 dropped at 2026-09-01 20:18:20 UTC
WARNING: Gateway port 4002 dropped at 2026-09-01 20:19:20 UTC
WARNING: Gateway port 4002 dropped at 2026-09-01 20:20:20 UTC
WARNING: Gateway port 4002 dropped at 2026-09-01 20:21:20 UTC
WARNING: Gateway port 4002 dropped at 2026-09-01 20:22:20 UTC
WARNING: Gateway port 4002 dropped at 2026-09-01 20:23:21 UTC
WARNING: Gateway port 4002 dropped at 2026-09-01 20:24:21 UTC
WARNING: Gateway port 4002 dropped at 2026-09-01 20:25:21 UTC
WARNING: Gateway port 4002 dropped at 2026-09-01 20:26:21 UTC
WARNING: Gateway port 4002 dropped at 2026-09-01 20:27:21 UTC
WARNING: Gateway port 4002 dropped at 2026-09-01 20:28:22 UTC
WARNING: Gateway port 4002 dropped at 2026-09-01 20:29:22 UTC
WARNING: Gateway port 4002 dropped at 2026-09-01 20:30:22 UTC
WARNING: Gateway port 4002 dropped at 2026-09-01 20:31:22 UTC
WARNING: Gateway port 4002 dropped at 2026-09-01 20:32:22 UTC
WARNING: Gateway port 4002 dropped at 2026-09-01 20:33:22 UTC
WARNING: Gateway port 4002 dropped at 2026-09-01 20:34:23 UTC
WARNING: Gateway port 4002 dropped at 2026-09-01 20:35:23 UTC
WARNING: Gateway port 4002 dropped at 2026-09-01 20:36:23 UTC
WARNING: Gateway port 4002 dropped at 2026-09-01 20:37:23 UTC
WARNING: Gateway port 4002 dropped at 2026-09-01 20:38:23 UTC
WARNING: Gateway port 4002 dropped at 2026-09-01 20:39:24 UTC
WARNING: Gateway port 4002 dropped at 2026-09-01 20:40:24 UTC
WARNING: Gateway port 4002 dropped at 2026-09-01 20:41:24 UTC
WARNING: Gateway port 4002 dropped at 2026-09-01 20:42:24 UTC
WARNING: Gateway port 4002 dropped at 2026-09-01 20:43:24 UTC
WARNING: Gateway port 4002 dropped at 2026-09-01 20:44:25 UTC
WARNING: Gateway port 4002 dropped at 2026-09-01 20:45:25 UTC
WARNING: Gateway port 4002 dropped at 2026-09-01 20:46:25 UTC
WARNING: Gateway port 4002 dropped at 2026-09-01 20:47:25 UTC
WARNING: Gateway port 4002 dropped at 2026-09-01 20:48:25 UTC
WARNING: Gateway port 4002 dropped at 2026-09-01 20:49:26 UTC
WARNING: Gateway port 4002 dropped at 2026-09-01 20:50:26 UTC
WARNING: Gateway port 4002 dropped at 2026-09-01 20:51:26 UTC
WARNING: Gateway port 4002 dropped at 2026-09-01 20:52:26 UTC
WARNING: Gateway port 4002 dropped at 2026-09-01 20:53:27 UTC
WARNING: Gateway port 4002 dropped at 2026-09-01 20:54:27 UTC
WARNING: Gateway port 4002 dropped at 2026-09-01 20:55:27 UTC
WARNING: Gateway port 4002 dropped at 2026-09-01 20:56:27 UTC
WARNING: Gateway port 4002 dropped at 2026-09-01 20:57:27 UTC
WARNING: Gateway port 4002 dropped at 2026-09-01 20:58:27 UTC
WARNING: Gateway port 4002 dropped at 2026-09-01 20:59:28 UTC
WARNING: Gateway port 4002 dropped at 2026-09-01 21:00:28 UTC
WARNING: Gateway port 4002 dropped at 2026-09-01 21:01:28 UTC
WARNING: Gateway port 4002 dropped at 2026-09-01 21:02:28 UTC
WARNING: Gateway port 4002 dropped at 2026-09-01 21:03:28 UTC
WARNING: Gateway port 4002 dropped at 2026-09-01 21:04:29 UTC
WARNING: Gateway port 4002 dropped at 2026-09-01 21:05:29 UTC
WARNING: Gateway port 4002 dropped at 2026-09-01 21:06:29 UTC
WARNING: Gateway port 4002 dropped at 2026-09-01 21:07:29 UTC
WARNING: Gateway port 4002 dropped at 2026-09-01 21:08:29 UTC
WARNING: Gateway port 4002 dropped at 2026-09-01 21:09:30 UTC
WARNING: Gateway port 4002 dropped at 2026-09-01 21:10:30 UTC
WARNING: Gateway port 4002 dropped at 2026-09-01 21:11:30 UTC
WARNING: Gateway port 4002 dropped at 2026-09-01 21:12:30 UTC
WARNING: Gateway port 4002 dropped at 2026-09-01 21:13:31 UTC
WARNING: Gateway port 4002 dropped at 2026-09-01 21:14:31 UTC
WARNING: Gateway port 4002 dropped at 2026-09-01 21:15:31 UTC
WARNING: Gateway port 4002 dropped at 2026-09-01 21:16:31 UTC
WARNING: Gateway port 4002 dropped at 2026-09-01 21:17:31 UTC
WARNING: Gateway port 4002 dropped at 2026-09-01 21:18:32 UTC
WARNING: Gateway port 4002 dropped at 2026-09-01 21:19:32 UTC
WARNING: Gateway port 4002 dropped at 2026-09-01 21:20:32 UTC
WARNING: Gateway port 4002 dropped at 2026-09-01 21:21:32 UTC
WARNING: Gateway port 4002 dropped at 2026-09-01 21:22:32 UTC
WARNING: Gateway port 4002 dropped at 2026-09-01 21:23:33 UTC
WARNING: Gateway port 4002 dropped at 2026-09-01 21:24:33 UTC
WARNING: Gateway port 4002 dropped at 2026-09-01 21:25:33 UTC
WARNING: Gateway port 4002 dropped at 2026-09-01 21:26:33 UTC
WARNING: Gateway port 4002 dropped at 2026-09-01 21:27:33 UTC
WARNING: Gateway port 4002 dropped at 2026-09-01 21:28:34 UTC
WARNING: Gateway port 4002 dropped at 2026-09-01 21:29:34 UTC
WARNING: Gateway port 4002 dropped at 2026-09-01 21:30:34 UTC
WARNING: Gateway port 4002 dropped at 2026-09-01 21:31:34 UTC
WARNING: Gateway port 4002 dropped at 2026-09-01 21:32:34 UTC
WARNING: Gateway port 4002 dropped at 2026-09-01 21:33:35 UTC
WARNING: Gateway port 4002 dropped at 2026-09-01 21:34:35 UTC
WARNING: Gateway port 4002 dropped at 2026-09-01 21:35:35 UTC
WARNING: Gateway port 4002 dropped at 2026-09-01 21:36:35 UTC
WARNING: Gateway port 4002 dropped at 2026-09-01 21:37:35 UTC
WARNING: Gateway port 4002 dropped at 2026-09-01 21:38:35 UTC
WARNING: Gateway port 4002 dropped at 2026-09-01 21:39:36 UTC
WARNING: Gateway port 4002 dropped at 2026-09-01 21:40:36 UTC
WARNING: Gateway port 4002 dropped at 2026-09-01 21:41:36 UTC
WARNING: Gateway port 4002 dropped at 2026-09-01 21:42:36 UTC
WARNING: Gateway port 4002 dropped at 2026-09-01 21:43:36 UTC
WARNING: Gateway port 4002 dropped at 2026-09-01 21:44:37 UTC
WARNING: Gateway port 4002 dropped at 2026-09-01 21:45:37 UTC
WARNING: Gateway port 4002 dropped at 2026-09-01 21:46:37 UTC
WARNING: Gateway port 4002 dropped at 2026-09-01 21:47:37 UTC
WARNING: Gateway port 4002 dropped at 2026-09-01 21:48:37 UTC
WARNING: Gateway port 4002 dropped at 2026-09-01 21:49:38 UTC
WARNING: Gateway port 4002 dropped at 2026-09-01 21:50:38 UTC
WARNING: Gateway port 4002 dropped at 2026-09-01 21:51:38 UTC
WARNING: Gateway port 4002 dropped at 2026-09-01 21:52:38 UTC
WARNING: Gateway port 4002 dropped at 2026-09-01 21:53:38 UTC
WARNING: Gateway port 4002 dropped at 2026-09-01 21:54:39 UTC
WARNING: Gateway port 4002 dropped at 2026-09-01 21:55:39 UTC
WARNING: Gateway port 4002 dropped at 2026-09-01 21:56:39 UTC
WARNING: Gateway port 4002 dropped at 2026-09-01 21:57:39 UTC
WARNING: Gateway port 4002 dropped at 2026-09-01 21:58:39 UTC
WARNING: Gateway port 4002 dropped at 2026-09-01 21:59:39 UTC
WARNING: Gateway port 4002 dropped at 2026-09-01 22:00:40 UTC
WARNING: Gateway port 4002 dropped at 2026-09-01 22:01:40 UTC
WARNING: Gateway port 4002 dropped at 2026-09-01 22:02:40 UTC
WARNING: Gateway port 4002 dropped at 2026-09-01 22:03:40 UTC
WARNING: Gateway port 4002 dropped at 2026-09-01 22:04:40 UTC
WARNING: Gateway port 4002 dropped at 2026-09-01 22:05:40 UTC
WARNING: Gateway port 4002 dropped at 2026-09-01 22:06:41 UTC
WARNING: Gateway port 4002 dropped at 2026-09-01 22:07:41 UTC
WARNING: Gateway port 4002 dropped at 2026-09-01 22:08:41 UTC
WARNING: Gateway port 4002 dropped at 2026-09-01 22:09:41 UTC
WARNING: Gateway port 4002 dropped at 2026-09-01 22:10:41 UTC
WARNING: Gateway port 4002 dropped at 2026-09-01 22:11:42 UTC
WARNING: Gateway port 4002 dropped at 2026-09-01 22:12:42 UTC
WARNING: Gateway port 4002 dropped at 2026-09-01 22:13:42 UTC
WARNING: Gateway port 4002 dropped at 2026-09-01 22:14:42 UTC
WARNING: Gateway port 4002 dropped at 2026-09-01 22:15:42 UTC
WARNING: Gateway port 4002 dropped at 2026-09-01 22:16:43 UTC
WARNING: Gateway port 4002 dropped at 2026-09-01 22:17:43 UTC
WARNING: Gateway port 4002 dropped at 2026-09-01 22:18:43 UTC
WARNING: Gateway port 4002 dropped at 2026-09-01 22:19:43 UTC
WARNING: Gateway port 4002 dropped at 2026-09-01 22:20:44 UTC
WARNING: Gateway port 4002 dropped at 2026-09-01 22:21:44 UTC
WARNING: Gateway port 4002 dropped at 2026-09-01 22:22:44 UTC
WARNING: Gateway port 4002 dropped at 2026-09-01 22:23:44 UTC
WARNING: Gateway port 4002 dropped at 2026-09-01 22:24:44 UTC
WARNING: Gateway port 4002 dropped at 2026-09-01 22:25:45 UTC
WARNING: Gateway port 4002 dropped at 2026-09-01 22:26:45 UTC
WARNING: Gateway port 4002 dropped at 2026-09-01 22:27:45 UTC
WARNING: Gateway port 4002 dropped at 2026-09-01 22:28:45 UTC
WARNING: Gateway port 4002 dropped at 2026-09-01 22:29:45 UTC
WARNING: Gateway port 4002 dropped at 2026-09-01 22:30:46 UTC
WARNING: Gateway port 4002 dropped at 2026-09-01 22:31:46 UTC
WARNING: Gateway port 4002 dropped at 2026-09-01 22:32:46 UTC
WARNING: Gateway port 4002 dropped at 2026-09-01 22:33:46 UTC
WARNING: Gateway port 4002 dropped at 2026-09-01 22:34:46 UTC
WARNING: Gateway port 4002 dropped at 2026-09-01 22:35:46 UTC
WARNING: Gateway port 4002 dropped at 2026-09-01 22:36:47 UTC
WARNING: Gateway port 4002 dropped at 2026-09-01 22:37:47 UTC
WARNING: Gateway port 4002 dropped at 2026-09-01 22:38:47 UTC
WARNING: Gateway port 4002 dropped at 2026-09-01 22:39:47 UTC
WARNING: Gateway port 4002 dropped at 2026-09-01 22:40:48 UTC
WARNING: Gateway port 4002 dropped at 2026-09-01 22:41:48 UTC
WARNING: Gateway port 4002 dropped at 2026-09-01 22:42:48 UTC
WARNING: Gateway port 4002 dropped at 2026-09-01 22:43:48 UTC
WARNING: Gateway port 4002 dropped at 2026-09-01 22:44:48 UTC
WARNING: Gateway port 4002 dropped at 2026-09-01 22:45:49 UTC
WARNING: Gateway port 4002 dropped at 2026-09-01 22:46:49 UTC
WARNING: Gateway port 4002 dropped at 2026-09-01 22:47:49 UTC
WARNING: Gateway port 4002 dropped at 2026-09-01 22:48:49 UTC
WARNING: Gateway port 4002 dropped at 2026-09-01 22:49:49 UTC
WARNING: Gateway port 4002 dropped at 2026-09-01 22:50:50 UTC
WARNING: Gateway port 4002 dropped at 2026-09-01 22:51:50 UTC
WARNING: Gateway port 4002 dropped at 2026-09-01 22:52:50 UTC
WARNING: Gateway port 4002 dropped at 2026-09-01 22:53:50 UTC
WARNING: Gateway port 4002 dropped at 2026-09-01 22:54:50 UTC
WARNING: Gateway port 4002 dropped at 2026-09-01 22:55:51 UTC
WARNING: Gateway port 4002 dropped at 2026-09-01 22:56:51 UTC
WARNING: Gateway port 4002 dropped at 2026-09-01 22:57:51 UTC
WARNING: Gateway port 4002 dropped at 2026-09-01 22:58:51 UTC
WARNING: Gateway port 4002 dropped at 2026-09-01 22:59:51 UTC
WARNING: Gateway port 4002 dropped at 2026-09-01 23:00:52 UTC
WARNING: Gateway port 4002 dropped at 2026-09-01 23:01:52 UTC
WARNING: Gateway port 4002 dropped at 2026-09-01 23:02:52 UTC
WARNING: Gateway port 4002 dropped at 2026-09-01 23:03:52 UTC
WARNING: Gateway port 4002 dropped at 2026-09-01 23:04:52 UTC
WARNING: Gateway port 4002 dropped at 2026-09-01 23:05:53 UTC
WARNING: Gateway port 4002 dropped at 2026-09-01 23:06:53 UTC
WARNING: Gateway port 4002 dropped at 2026-09-01 23:07:53 UTC
WARNING: Gateway port 4002 dropped at 2026-09-01 23:08:53 UTC
WARNING: Gateway port 4002 dropped at 2026-09-01 23:09:53 UTC
WARNING: Gateway port 4002 dropped at 2026-09-01 23:10:54 UTC
WARNING: Gateway port 4002 dropped at 2026-09-01 23:11:54 UTC
WARNING: Gateway port 4002 dropped at 2026-09-01 23:12:54 UTC
WARNING: Gateway port 4002 dropped at 2026-09-01 23:13:54 UTC
WARNING: Gateway port 4002 dropped at 2026-09-01 23:14:54 UTC
WARNING: Gateway port 4002 dropped at 2026-09-01 23:15:55 UTC
WARNING: Gateway port 4002 dropped at 2026-09-01 23:16:55 UTC
WARNING: Gateway port 4002 dropped at 2026-09-01 23:17:55 UTC
WARNING: Gateway port 4002 dropped at 2026-09-01 23:18:55 UTC
WARNING: Gateway port 4002 dropped at 2026-09-01 23:19:55 UTC
WARNING: Gateway port 4002 dropped at 2026-09-01 23:20:56 UTC
WARNING: Gateway port 4002 dropped at 2026-09-01 23:21:56 UTC
WARNING: Gateway port 4002 dropped at 2026-09-01 23:22:56 UTC
WARNING: Gateway port 4002 dropped at 2026-09-01 23:23:56 UTC
WARNING: Gateway port 4002 dropped at 2026-09-01 23:24:56 UTC
WARNING: Gateway port 4002 dropped at 2026-09-01 23:25:57 UTC
WARNING: Gateway port 4002 dropped at 2026-09-01 23:26:57 UTC
WARNING: Gateway port 4002 dropped at 2026-09-01 23:27:57 UTC
WARNING: Gateway port 4002 dropped at 2026-09-01 23:28:57 UTC
WARNING: Gateway port 4002 dropped at 2026-09-01 23:29:57 UTC
WARNING: Gateway port 4002 dropped at 2026-09-01 23:30:58 UTC
WARNING: Gateway port 4002 dropped at 2026-09-01 23:31:58 UTC
WARNING: Gateway port 4002 dropped at 2026-09-01 23:32:58 UTC
WARNING: Gateway port 4002 dropped at 2026-09-01 23:33:58 UTC
WARNING: Gateway port 4002 dropped at 2026-09-01 23:34:58 UTC
WARNING: Gateway port 4002 dropped at 2026-09-01 23:35:59 UTC
WARNING: Gateway port 4002 dropped at 2026-09-01 23:36:59 UTC
WARNING: Gateway port 4002 dropped at 2026-09-01 23:37:59 UTC
WARNING: Gateway port 4002 dropped at 2026-09-01 23:38:59 UTC
WARNING: Gateway port 4002 dropped at 2026-09-01 23:39:59 UTC
WARNING: Gateway port 4002 dropped at 2026-09-01 23:41:00 UTC
WARNING: Gateway port 4002 dropped at 2026-09-01 23:42:00 UTC
WARNING: Gateway port 4002 dropped at 2026-09-01 23:43:00 UTC
WARNING: Gateway port 4002 dropped at 2026-09-01 23:44:00 UTC
WARNING: Gateway port 4002 dropped at 2026-09-01 23:45:00 UTC
WARNING: Gateway port 4002 dropped at 2026-09-01 23:46:01 UTC
WARNING: Gateway port 4002 dropped at 2026-09-01 23:47:01 UTC
WARNING: Gateway port 4002 dropped at 2026-09-01 23:48:01 UTC
WARNING: Gateway port 4002 dropped at 2026-09-01 23:49:01 UTC
WARNING: Gateway port 4002 dropped at 2026-09-01 23:50:02 UTC
WARNING: Gateway port 4002 dropped at 2026-09-01 23:51:02 UTC
WARNING: Gateway port 4002 dropped at 2026-09-01 23:52:02 UTC
WARNING: Gateway port 4002 dropped at 2026-09-01 23:53:02 UTC
WARNING: Gateway port 4002 dropped at 2026-09-01 23:54:02 UTC
WARNING: Gateway port 4002 dropped at 2026-09-01 23:55:03 UTC
WARNING: Gateway port 4002 dropped at 2026-09-01 23:56:03 UTC
WARNING: Gateway port 4002 dropped at 2026-09-01 23:57:03 UTC
WARNING: Gateway port 4002 dropped at 2026-09-01 23:58:03 UTC
WARNING: Gateway port 4002 dropped at 2026-09-01 23:59:03 UTC
WARNING: Gateway port 4002 dropped at 2026-09-02 00:00:04 UTC
WARNING: Gateway port 4002 dropped at 2026-09-02 00:01:04 UTC
WARNING: Gateway port 4002 dropped at 2026-09-02 00:02:04 UTC
WARNING: Gateway port 4002 dropped at 2026-09-02 00:03:04 UTC
WARNING: Gateway port 4002 dropped at 2026-09-02 00:04:04 UTC
WARNING: Gateway port 4002 dropped at 2026-09-02 00:05:05 UTC
All trading windows closed. Proceeding to shutdown.
=== Shutting down at Tue Sep  1 18:05:43 MDT 2026 ===
Generating A/B/C daily comparison report...
Pushing logs...
