=== Waking screen ===
Display wake (caffeinate -u) sent
Display state: unknown (continuing — caffeinate keeps system awake regardless)
Persistent caffeinate started (PID: 76310)
=== V3 Hybrid daily run started: Fri Jun 19 02:00:05 MDT 2026 ===
From github.com:mannyluke4/warrior_bot
 * branch            v2-ibkr-migration -> FETCH_HEAD
Already up to date.
Code version: 7038a56 (auto: v3 daily logs 2026-06-18)
daily_run_v3.sh hash: 9e3490035d0feebdce227c64ba32dd87c1c1e608
bot_v3_hybrid.py hash: 1e1ed081526bb24e315f7c4b29ab900f3d5c6520
bot_alpaca_subbot.py hash: 35c2164aba4247ce13052023d9b27ab1e3c05d66
alpaca_feed.py hash: 682a855ab7d4135ad611baa7e19a941a00690a38
sntp: Exchange failed: Timeout
sntp: clock_settime: Operation not permitted
sntp_exchange {
        result: 6 (Timeout)
        header: 00 (li:0 vn:0 mode:0)
       stratum: 00 (0)
          poll: 00 (1)
     precision: 00 (1.000000e+00)
         delay: 0000.0000 (0.000000000)
    dispersion: 0000.0000 (0.000000000)
           ref: 00000000 ("    ")
         t_ref: 00000000.00000000 (0.000000000)
            t1: EDDF7587.A9B291B8 (3990844807.662880999)
            t2: 00000000.00000000 (0.000000000)
            t3: 00000000.00000000 (0.000000000)
            t4: 00000000.00000000 (0.000000000)
        offset: FFFFFFFF8910453C.2B26B72400000000 (-1995422403.831440449)
         delay: FFFFFFFF12208A78.564D6E4800000000 (-3990844807.662880898)
          mean: 0000000000000000.0000000000000000 (0.000000000)
         error: 0000000000000000.0000000000000000 (0.000000000)
          addr: 2620:149:a16:4000::31
}
+0.038504 +/- 0.071044 time.apple.com 2620:149:a16:3000::31
NTP sync skipped (non-root)
System time: Fri Jun 19 08:00:08 UTC 2026
Pre-flight: checking Python imports...
V3 Imports OK
Sub-bot Imports OK
Killing stale processes...
Gateway already up on port 4002 — reusing existing session (no kill/restart)
Waiting for IB Gateway on port 4002...
Gateway is up on port 4002 (after ~5s)
Cleaning up stale connections...
Wiping yesterday's watchlist.txt for a fresh session...
Starting live_scanner.py...
Live scanner started (PID: 76349)
Starting bot_v3_hybrid.py (IBKR paper execution — squeeze re-enabled 2026-05-26)...
Bot started (PID: 76359)
Bot health check passed (still running after 15s, PID: 76359)
HEALTH_OK: Bot connected at 2026-06-19 08:00:33 UTC
Starting sub-bot variant A (log: /Users/duffy/warrior_bot_v2/logs/2026-06-19_move_strike_subbot_A.log)...
  variant A PID: 76380
Starting sub-bot variant C (log: /Users/duffy/warrior_bot_v2/logs/2026-06-19_move_strike_subbot_C.log)...
  variant C PID: 76381
  variant A health-check OK (PID 76380)
  variant B not launched (missing keys)
  variant C health-check OK (PID 76381)
Gateway watchdog started (PID: 76383)
Health watchdog started (detached)
Watchdog: monitoring bot until 6:05 PM MT / 8:05 PM ET (Fri Jun 19 18:05:00 MDT 2026)...
  Bot runs: morning 7:00-12:00 ET, sleeps 12:00-16:00, evening 16:00-20:00 ET
ALERT: bot_v3_hybrid.py died at Fri Jun 19 05:01:12 MDT 2026. Auto-restarting in place (attempt 1/10); sub-bots untouched. Check /Users/duffy/warrior_bot_v2/logs/2026-06-19_daily.log.
Main bot restarted OK (PID: 80579).
ALERT: bot_v3_hybrid.py died at Fri Jun 19 05:11:29 MDT 2026. Auto-restarting in place (attempt 2/10); sub-bots untouched. Check /Users/duffy/warrior_bot_v2/logs/2026-06-19_daily.log.
Main bot restarted OK (PID: 80947).
ALERT: bot_v3_hybrid.py died at Fri Jun 19 05:21:46 MDT 2026. Auto-restarting in place (attempt 3/10); sub-bots untouched. Check /Users/duffy/warrior_bot_v2/logs/2026-06-19_daily.log.
Main bot restarted OK (PID: 81295).
ALERT: bot_v3_hybrid.py died at Fri Jun 19 05:31:02 MDT 2026. Auto-restarting in place (attempt 4/10); sub-bots untouched. Check /Users/duffy/warrior_bot_v2/logs/2026-06-19_daily.log.
Main bot restarted OK (PID: 81637).
ALERT: bot_v3_hybrid.py died at Fri Jun 19 05:41:19 MDT 2026. Auto-restarting in place (attempt 5/10); sub-bots untouched. Check /Users/duffy/warrior_bot_v2/logs/2026-06-19_daily.log.
Main bot restarted OK (PID: 81975).
ALERT: bot_v3_hybrid.py died at Fri Jun 19 05:51:35 MDT 2026. Auto-restarting in place (attempt 6/10); sub-bots untouched. Check /Users/duffy/warrior_bot_v2/logs/2026-06-19_daily.log.
Main bot restarted OK (PID: 82345).
ALERT: bot_v3_hybrid.py died at Fri Jun 19 06:01:52 MDT 2026. Auto-restarting in place (attempt 7/10); sub-bots untouched. Check /Users/duffy/warrior_bot_v2/logs/2026-06-19_daily.log.
Main bot restarted OK (PID: 82727).
ALERT: bot_v3_hybrid.py died at Fri Jun 19 06:12:08 MDT 2026. Auto-restarting in place (attempt 8/10); sub-bots untouched. Check /Users/duffy/warrior_bot_v2/logs/2026-06-19_daily.log.
Main bot restarted OK (PID: 83061).
ALERT: bot_v3_hybrid.py died at Fri Jun 19 06:22:25 MDT 2026. Auto-restarting in place (attempt 9/10); sub-bots untouched. Check /Users/duffy/warrior_bot_v2/logs/2026-06-19_daily.log.
Main bot restarted OK (PID: 83426).
ALERT: bot_v3_hybrid.py died at Fri Jun 19 06:31:41 MDT 2026. Auto-restarting in place (attempt 10/10); sub-bots untouched. Check /Users/duffy/warrior_bot_v2/logs/2026-06-19_daily.log.
Main bot restarted OK (PID: 83766).
ALERT: bot_v3_hybrid.py hit max restarts (10). Leaving the main bot DOWN but keeping sub-bots alive until EOD. Check /Users/duffy/warrior_bot_v2/logs/2026-06-19_daily.log.
All trading windows closed. Proceeding to shutdown.
=== Shutting down at Fri Jun 19 18:05:27 MDT 2026 ===
Generating A/B/C daily comparison report...
Pushing logs...
[v2-ibkr-migration 412fc05] auto: v3 daily logs 2026-06-19
 12 files changed, 29053 insertions(+)
 create mode 100644 cowork_reports/2026-06-19_abc_daily_report.md
 create mode 100644 logs/2026-06-19_abc_compare.log
 create mode 100644 logs/2026-06-19_daily.log
 create mode 100644 logs/2026-06-19_discovery_gate_observe.jsonl
 create mode 100644 logs/2026-06-19_move_strike_subbot_A.log
 create mode 100644 logs/2026-06-19_move_strike_subbot_C.log
 create mode 100644 logs/2026-06-19_scanner.log
 create mode 100644 logs/cron_2026-06-19.log
=== V3 Hybrid daily run complete: Fri Jun 19 18:05:39 MDT 2026 ===
=== TRAP: cleanup at Fri Jun 19 18:05:39 MDT 2026 ===
