=== Waking screen ===
Display wake (caffeinate -u) sent
Display state: unknown (continuing — caffeinate keeps system awake regardless)
Persistent caffeinate started (PID: 45343)
=== V3 Hybrid daily run started: Thu May 21 02:00:05 MDT 2026 ===
From github.com:mannyluke4/warrior_bot
 * branch            v2-ibkr-migration -> FETCH_HEAD
Already up to date.
Code version: 996803d (Re-entry layer (GREEN cap=1 + cycle reset) — live for tomorrow's cron)
daily_run_v3.sh hash: 89c9e330fb37921804ec17eca8b4aefb6fc79733
bot_v3_hybrid.py hash: bac1bd0b36ffc5474f3936337313c37a63db939c
bot_alpaca_subbot.py hash: 35c2164aba4247ce13052023d9b27ab1e3c05d66
alpaca_feed.py hash: 682a855ab7d4135ad611baa7e19a941a00690a38
sntp: clock_settime: Operation not permitted
+0.032280 +/- 0.061540 time.apple.com 2620:149:a16:3000::31
NTP sync skipped (non-root)
System time: Thu May 21 08:00:07 UTC 2026
Pre-flight: checking Python imports...
V3 Imports OK
Sub-bot Imports OK
Killing stale processes...
Gateway already up on port 4002 — reusing existing session (no kill/restart)
Waiting for IB Gateway on port 4002...
Gateway is up on port 4002 (after ~5s)
Cleaning up stale connections...
Wiping yesterday's watchlist.txt for a fresh session...
Starting live_scanner.py...
Live scanner started (PID: 45382)
Starting bot_v3_hybrid.py (Alpaca execution — main bot account PA3VP0LB4OID)...
Bot started (PID: 45392)
Bot health check passed (still running after 15s, PID: 45392)
HEALTH_OK: Bot connected at 2026-05-21 08:00:31 UTC
Starting move_strike_subbot.py (MOVE_STRIKE + HWM v6; Setup B)...
Sub-bot started (PID: 45398, log: /Users/duffy/warrior_bot_v2/logs/2026-05-21_move_strike_subbot.log)
WARN: move_strike_subbot.py crashed within 15s — continuing without sub-bot.
      See /Users/duffy/warrior_bot_v2/logs/2026-05-21_move_strike_subbot.log for details.
Gateway watchdog started (PID: 45401)
Watchdog: monitoring bot until 6:05 PM MT / 8:05 PM ET (Thu May 21 18:05:00 MDT 2026)...
  Bot runs: morning 7:00-12:00 ET, sleeps 12:00-16:00, evening 16:00-20:00 ET
ALERT: bot_v3_hybrid.py died at Thu May 21 07:53:28 MDT 2026! Session ended early. Check /Users/duffy/warrior_bot_v2/logs/2026-05-21_daily.log.
=== Shutting down at Thu May 21 07:53:28 MDT 2026 ===
Pushing logs...
