=== Waking screen ===
Display wake (caffeinate -u) sent
Display state: unknown (continuing — caffeinate keeps system awake regardless)
Persistent caffeinate started (PID: 81065)
=== V3 Hybrid daily run started: Fri May 29 02:00:06 MDT 2026 ===
From github.com:mannyluke4/warrior_bot
 * branch            v2-ibkr-migration -> FETCH_HEAD
Already up to date.
Code version: cf71cc1 (chore(report): raise bot-vs-broker gap threshold to $1,000 (interim until daily_pnl persistence))
daily_run_v3.sh hash: 8099a57abe1f8370eb1e42a97b1cb5f1a8538bd0
bot_v3_hybrid.py hash: c5d95abb622cd0565f6600aed95cf92501d068d7
bot_alpaca_subbot.py hash: 35c2164aba4247ce13052023d9b27ab1e3c05d66
alpaca_feed.py hash: 682a855ab7d4135ad611baa7e19a941a00690a38
sntp: Exchange failed: Timeout
sntp: clock_settime: Operation not permitted
sntp_exchange {
        result: 6 (Timeout)
        header: 00 (li:0 vn:0 mode:0)
       stratum: 00 (0)
          poll: 00 (1)
     precision: 00 (1.000000e+00)
         delay: 0000.0000 (0.000000000)
    dispersion: 0000.0000 (0.000000000)
           ref: 00000000 ("    ")
         t_ref: 00000000.00000000 (0.000000000)
            t1: EDC3C607.8BA5C1C6 (3989030407.545497999)
            t2: 00000000.00000000 (0.000000000)
            t3: 00000000.00000000 (0.000000000)
            t4: 00000000.00000000 (0.000000000)
        offset: FFFFFFFF891E1CFC.3A2D1F1D00000000 (-1994515203.772748947)
         delay: FFFFFFFF123C39F8.745A3E3A00000000 (-3989030407.545497894)
          mean: 0000000000000000.0000000000000000 (0.000000000)
         error: 0000000000000000.0000000000000000 (0.000000000)
          addr: 2620:149:a16:4000::31
}
+0.035146 +/- 0.067193 time.apple.com 2620:149:a16:3000::31
NTP sync skipped (non-root)
System time: Fri May 29 08:00:08 UTC 2026
Pre-flight: checking Python imports...
V3 Imports OK
Sub-bot Imports OK
Killing stale processes...
Gateway already up on port 4002 — reusing existing session (no kill/restart)
Waiting for IB Gateway on port 4002...
Gateway is up on port 4002 (after ~5s)
Cleaning up stale connections...
Wiping yesterday's watchlist.txt for a fresh session...
Starting live_scanner.py...
Live scanner started (PID: 81105)
Starting bot_v3_hybrid.py (IBKR paper execution — squeeze re-enabled 2026-05-26)...
Bot started (PID: 81115)
Bot health check passed (still running after 15s, PID: 81115)
HEALTH_OK: Bot connected at 2026-05-29 08:00:33 UTC
Starting sub-bot variant A (log: /Users/duffy/warrior_bot_v2/logs/2026-05-29_move_strike_subbot_A.log)...
  variant A PID: 81136
Starting sub-bot variant B (log: /Users/duffy/warrior_bot_v2/logs/2026-05-29_move_strike_subbot_B.log)...
  variant B PID: 81137
Starting sub-bot variant C (log: /Users/duffy/warrior_bot_v2/logs/2026-05-29_move_strike_subbot_C.log)...
  variant C PID: 81138
  variant A health-check OK (PID 81136)
  variant B health-check OK (PID 81137)
  variant C health-check OK (PID 81138)
Gateway watchdog started (PID: 81141)
Watchdog: monitoring bot until 6:05 PM MT / 8:05 PM ET (Fri May 29 18:05:00 MDT 2026)...
  Bot runs: morning 7:00-12:00 ET, sleeps 12:00-16:00, evening 16:00-20:00 ET
/Users/duffy/warrior_bot_v2/daily_run_v3.sh: line 472: 81137 Killed: 9               env WB_BT_MOVE_STRIKE=1 WB_BT_MOVE_HWM_EXIT=1 WB_BT_MOVE_LOOKBACK=5 WB_BT_MOVE_MULT=2.0 WB_BT_MOVE_STOP_LOOKBACK=10 WB_BT_MOVE_CHASE_PCT=2.0 WB_BT_MOVE_HWM_DRAWDOWN_PCT=0.25 WB_BT_MOVE_HWM_WIDE_DD_PCT=0.50 WB_BT_MOVE_HWM_HH_THRESHOLD=2 WB_BT_MOVE_HWM_MIN_GAIN_PCT=2.0 WB_BT_MOVE_HWM_STOP_PROX_PCT=25 WB_BT_MOVE_HWM_NOACT_MIN=30 WB_BT_MOVE_REENTRY_GREEN=1 WB_BT_MOVE_REENTRY_LOOKBACK=10 WB_BT_MOVE_REENTRY_WINDOW_MIN=30 WB_BT_MOVE_REENTRY_MAX_PER_SYM=1 WB_BT_MOVE_REENTRY_BLOCK_SAME_BAR=1 WB_BT_MOVE_STAY_ARMED=1 WB_BT_MOVE_STAY_ARMED_COOLDOWN_MIN=15 WB_BT_MOVE_STAY_ARMED_MIN_GAP_PCT=2.0 WB_BT_MOVE_MAX_BELOW_ARM_PCT=3.0 WB_SUBBOT_RISK_DOLLARS=1000 WB_REGIME_SHIFT_ENABLED=1 WB_REGIME_SHIFT_RATIO_THRESHOLD=4.0 WB_REGIME_SHIFT_BASELINE_BARS=5 WB_REGIME_SHIFT_TARGET_R=1.5 WB_REGIME_SHIFT_PARTIAL_PCT=0.9 WB_REGIME_SHIFT_REQUIRE_ARMED=1 WB_REGIME_SHIFT_REQUIRE_GREEN_BAR=1 WB_REGIME_SHIFT_RUNNER_STOP_TO_BE=1 WB_REGIME_SHIFT_MAX_PER_SYMBOL=1 WB_SUBBOT_LOG_SUFFIX="$suffix" WB_SUBBOT_APCA_API_KEY_ID="$apca_key" WB_SUBBOT_APCA_API_SECRET_KEY="$apca_secret" WB_BAR_STREAM_LOG_ENABLED=1 WB_BAR_STREAM_LABEL="subbot_$suffix" $fade_extra python3 move_strike_subbot.py >> "$log_path" 2>&1
WARN: sub-bot variant B died at Fri May 29 09:52:48 MDT 2026.
ALERT: bot_v3_hybrid.py died at Fri May 29 18:00:43 MDT 2026! Session ended early. Check /Users/duffy/warrior_bot_v2/logs/2026-05-29_daily.log.
=== Shutting down at Fri May 29 18:00:43 MDT 2026 ===
Generating A/B/C daily comparison report...
Pushing logs...
[v2-ibkr-migration ffe4efa] auto: v3 daily logs 2026-05-29
 17 files changed, 476026 insertions(+), 4 deletions(-)
 create mode 100644 cowork_reports/2026-05-29_abc_daily_report.md
 create mode 100644 logs/2026-05-29_abc_compare.log
 create mode 100644 logs/2026-05-29_daily.log
 create mode 100644 logs/2026-05-29_latency_diagnostic.jsonl
 create mode 100644 logs/2026-05-29_move_strike_subbot_A.log
 create mode 100644 logs/2026-05-29_move_strike_subbot_B.log
 create mode 100644 logs/2026-05-29_move_strike_subbot_C.log
 create mode 100644 logs/2026-05-29_scanner.log
 create mode 100644 logs/2026-05-29_wb_intraday_adder_observe.jsonl
 create mode 100644 logs/bar_stream/2026-05-29_subbot_A.jsonl
 create mode 100644 logs/bar_stream/2026-05-29_subbot_B.jsonl
 create mode 100644 logs/bar_stream/2026-05-29_subbot_C.jsonl
 create mode 100644 logs/cron_2026-05-29.log
=== V3 Hybrid daily run complete: Fri May 29 18:01:00 MDT 2026 ===
=== TRAP: cleanup at Fri May 29 18:01:00 MDT 2026 ===
