=== Waking screen ===
Display wake (caffeinate -u) sent
Display state: unknown (continuing — caffeinate keeps system awake regardless)
Persistent caffeinate started (PID: 24338)
=== V3 Hybrid daily run started: Tue Jun  2 02:00:05 MDT 2026 ===
From github.com:mannyluke4/warrior_bot
 * branch            v2-ibkr-migration -> FETCH_HEAD
Already up to date.
Code version: d149fd7 (auto: v3 daily logs 2026-06-01)
daily_run_v3.sh hash: f90c4874cacfe2bb135a4a54a9c15aa250bb1d35
bot_v3_hybrid.py hash: c5d95abb622cd0565f6600aed95cf92501d068d7
bot_alpaca_subbot.py hash: 35c2164aba4247ce13052023d9b27ab1e3c05d66
alpaca_feed.py hash: 682a855ab7d4135ad611baa7e19a941a00690a38
sntp: Exchange failed: Timeout
sntp: clock_settime: Operation not permitted
sntp_exchange {
        result: 6 (Timeout)
        header: 00 (li:0 vn:0 mode:0)
       stratum: 00 (0)
          poll: 00 (1)
     precision: 00 (1.000000e+00)
         delay: 0000.0000 (0.000000000)
    dispersion: 0000.0000 (0.000000000)
           ref: 00000000 ("    ")
         t_ref: 00000000.00000000 (0.000000000)
            t1: EDC90C07.8E43CC07 (3989376007.555721999)
            t2: 00000000.00000000 (0.000000000)
            t3: 00000000.00000000 (0.000000000)
            t4: 00000000.00000000 (0.000000000)
        offset: FFFFFFFF891B79FC.38DE19FC80000000 (-1994688003.777861118)
         delay: FFFFFFFF1236F3F8.71BC33F900000000 (-3989376007.555722237)
          mean: 0000000000000000.0000000000000000 (0.000000000)
         error: 0000000000000000.0000000000000000 (0.000000000)
          addr: 2620:149:a16:4000::31
}
+0.032839 +/- 0.065696 time.apple.com 2620:149:a16:3000::31
NTP sync skipped (non-root)
System time: Tue Jun  2 08:00:08 UTC 2026
Pre-flight: checking Python imports...
V3 Imports OK
Sub-bot Imports OK
Killing stale processes...
Gateway already up on port 4002 — reusing existing session (no kill/restart)
Waiting for IB Gateway on port 4002...
Gateway is up on port 4002 (after ~5s)
Cleaning up stale connections...
Wiping yesterday's watchlist.txt for a fresh session...
Starting live_scanner.py...
Live scanner started (PID: 24377)
Starting bot_v3_hybrid.py (IBKR paper execution — squeeze re-enabled 2026-05-26)...
Bot started (PID: 24387)
Bot health check passed (still running after 15s, PID: 24387)
HEALTH_OK: Bot connected at 2026-06-02 08:00:33 UTC
Starting sub-bot variant A (log: /Users/duffy/warrior_bot_v2/logs/2026-06-02_move_strike_subbot_A.log)...
  variant A PID: 24409
Starting sub-bot variant B (log: /Users/duffy/warrior_bot_v2/logs/2026-06-02_move_strike_subbot_B.log)...
  variant B PID: 24410
Starting sub-bot variant C (log: /Users/duffy/warrior_bot_v2/logs/2026-06-02_move_strike_subbot_C.log)...
  variant C PID: 24411
  variant A health-check OK (PID 24409)
  variant B health-check OK (PID 24410)
  variant C health-check OK (PID 24411)
Gateway watchdog started (PID: 24414)
Watchdog: monitoring bot until 6:05 PM MT / 8:05 PM ET (Tue Jun  2 18:05:00 MDT 2026)...
  Bot runs: morning 7:00-12:00 ET, sleeps 12:00-16:00, evening 16:00-20:00 ET
ALERT: bot_v3_hybrid.py died at Tue Jun  2 05:26:16 MDT 2026! Session ended early. Check /Users/duffy/warrior_bot_v2/logs/2026-06-02_daily.log.
=== Shutting down at Tue Jun  2 05:26:16 MDT 2026 ===
Generating A/B/C daily comparison report...
Pushing logs...
[v2-ibkr-migration 710a60f] auto: v3 daily logs 2026-06-02
 16 files changed, 40821 insertions(+)
 create mode 100644 cowork_reports/2026-06-02_abc_daily_report.md
 create mode 100644 logs/2026-06-02_abc_compare.log
 create mode 100644 logs/2026-06-02_daily.log
 create mode 100644 logs/2026-06-02_latency_diagnostic.jsonl
 create mode 100644 logs/2026-06-02_move_strike_subbot_A.log
 create mode 100644 logs/2026-06-02_move_strike_subbot_B.log
 create mode 100644 logs/2026-06-02_move_strike_subbot_C.log
 create mode 100644 logs/2026-06-02_scanner.log
 create mode 100644 logs/bar_stream/2026-06-02_main_bot.jsonl
 create mode 100644 logs/bar_stream/2026-06-02_subbot_A.jsonl
 create mode 100644 logs/bar_stream/2026-06-02_subbot_B.jsonl
 create mode 100644 logs/bar_stream/2026-06-02_subbot_C.jsonl
 create mode 100644 logs/cron_2026-06-02.log
=== V3 Hybrid daily run complete: Tue Jun  2 05:26:27 MDT 2026 ===
=== TRAP: cleanup at Tue Jun  2 05:26:27 MDT 2026 ===
/Users/duffy/warrior_bot_v2/daily_run_v3.sh: line 21: 24338 Terminated: 15          caffeinate -dims -w $$  (wd: ~)
/Users/duffy/warrior_bot_v2/daily_run_v3.sh: line 21: 24377 Terminated: 15          python3 live_scanner.py >> "$LOG_DIR/${TODAY}_scanner.log" 2>&1
/Users/duffy/warrior_bot_v2/daily_run_v3.sh: line 21: 24414 Terminated: 15          ( while true; do
    sleep 60; if ! python3 -c "import socket; s=socket.socket(); s.settimeout(2); s.connect(('127.0.0.1',$IBKR_PORT)); s.close()" 2> /dev/null; then
        echo "WARNING: Gateway port $IBKR_PORT dropped at $(date -u '+%Y-%m-%d %H:%M:%S UTC')" >> "$LOG_DIR/gateway_watchdog.log"; echo "WARNING: Gateway port $IBKR_PORT dropped at $(date -u '+%Y-%m-%d %H:%M:%S UTC')";
    fi;
done )
[v2-ibkr-migration 3b6d279] auto: v3 daily logs 2026-06-02
 2 files changed, 34 insertions(+)
=== Cleanup complete: Tue Jun  2 05:26:28 MDT 2026 ===
=== Waking screen ===
Display wake (caffeinate -u) sent
Display state: unknown (continuing — caffeinate keeps system awake regardless)
Persistent caffeinate started (PID: 26816)
=== V3 Hybrid daily run started: Tue Jun  2 07:23:58 MDT 2026 ===
From github.com:mannyluke4/warrior_bot
 * branch            v2-ibkr-migration -> FETCH_HEAD
Already up to date.
Code version: 3b6d279 (auto: v3 daily logs 2026-06-02)
daily_run_v3.sh hash: d8c2fe3d9197bdeedb9fc70176a3e5b3  /Users/duffy/warrior_bot_v2/daily_run_v3.sh
bot_v3_hybrid.py hash: 6b30244f059a601027be32449f5af976  /Users/duffy/warrior_bot_v2/bot_v3_hybrid.py
bot_alpaca_subbot.py hash: a037c0761d9dd5e1d11f33df333ac1d7  /Users/duffy/warrior_bot_v2/bot_alpaca_subbot.py
alpaca_feed.py hash: 870553116e841aac75c1f8ac28976191  /Users/duffy/warrior_bot_v2/alpaca_feed.py
sntp: clock_settime: Operation not permitted
+0.032062 +/- 0.062845 time.apple.com 2620:149:a16:4000::31
NTP sync skipped (non-root)
System time: Tue Jun  2 13:24:00 UTC 2026
Pre-flight: checking Python imports...
V3 Imports OK
Sub-bot Imports OK
Killing stale processes...
Gateway already up on port 4002 — reusing existing session (no kill/restart)
Waiting for IB Gateway on port 4002...
Gateway is up on port 4002 (after ~5s)
Cleaning up stale connections...
Wiping yesterday's watchlist.txt for a fresh session...
Starting live_scanner.py...
Live scanner started (PID: 26857)
Starting bot_v3_hybrid.py (IBKR paper execution — squeeze re-enabled 2026-05-26)...
Bot started (PID: 26867)
Bot health check passed (still running after 15s, PID: 26867)
HEALTH_OK: Bot connected at 2026-06-02 13:24:23 UTC
Starting sub-bot variant A (log: /Users/duffy/warrior_bot_v2/logs/2026-06-02_move_strike_subbot_A.log)...
  variant A PID: 26890
Starting sub-bot variant B (log: /Users/duffy/warrior_bot_v2/logs/2026-06-02_move_strike_subbot_B.log)...
  variant B PID: 26891
Starting sub-bot variant C (log: /Users/duffy/warrior_bot_v2/logs/2026-06-02_move_strike_subbot_C.log)...
  variant C PID: 26892
  variant A health-check OK (PID 26890)
  variant B health-check OK (PID 26891)
  variant C health-check OK (PID 26892)
Gateway watchdog started (PID: 26920)
Watchdog: monitoring bot until 6:05 PM MT / 8:05 PM ET (Tue Jun  2 18:05:00 MDT 2026)...
  Bot runs: morning 7:00-12:00 ET, sleeps 12:00-16:00, evening 16:00-20:00 ET
ALERT: bot_v3_hybrid.py died at Tue Jun  2 18:00:50 MDT 2026! Session ended early. Check /Users/duffy/warrior_bot_v2/logs/2026-06-02_daily.log.
=== Shutting down at Tue Jun  2 18:00:50 MDT 2026 ===
Generating A/B/C daily comparison report...
Pushing logs...
[v2-ibkr-migration c6d0ee2] auto: v3 daily logs 2026-06-02
 16 files changed, 176119 insertions(+), 49 deletions(-)
 create mode 100644 logs/2026-06-02_wb_intraday_adder_observe.jsonl
 create mode 100644 logs/manual_interventions.log
=== V3 Hybrid daily run complete: Tue Jun  2 18:01:01 MDT 2026 ===
=== TRAP: cleanup at Tue Jun  2 18:01:01 MDT 2026 ===
