=== Waking screen ===
Display wake (caffeinate -u) sent
Display state: unknown (continuing — caffeinate keeps system awake regardless)
Persistent caffeinate started (PID: 90878)
=== V3 Hybrid daily run started: Mon Jun 29 02:00:05 MDT 2026 ===
From github.com:mannyluke4/warrior_bot
 * branch            v2-ibkr-migration -> FETCH_HEAD
Already up to date.
Code version: 7251a05 (auto: v3 daily logs 2026-06-26)
daily_run_v3.sh hash: a0f70303c50ac665eee94c67621b8de773a9789f
bot_v3_hybrid.py hash: 1ce992cac7f51c0e56fd67bdce45a364e6f52d23
bot_alpaca_subbot.py hash: 35c2164aba4247ce13052023d9b27ab1e3c05d66
alpaca_feed.py hash: 682a855ab7d4135ad611baa7e19a941a00690a38
sntp: Exchange failed: Timeout
sntp: clock_settime: Operation not permitted
sntp_exchange {
        result: 6 (Timeout)
        header: 00 (li:0 vn:0 mode:0)
       stratum: 00 (0)
          poll: 00 (1)
     precision: 00 (1.000000e+00)
         delay: 0000.0000 (0.000000000)
    dispersion: 0000.0000 (0.000000000)
           ref: 00000000 ("    ")
         t_ref: 00000000.00000000 (0.000000000)
            t1: EDECA487.6A30DB6A (3991708807.414807999)
            t2: 00000000.00000000 (0.000000000)
            t3: 00000000.00000000 (0.000000000)
            t4: 00000000.00000000 (0.000000000)
        offset: FFFFFFFF8909ADBC.4AE7924B00000000 (-1995854403.707403898)
         delay: FFFFFFFF12135B78.95CF249600000000 (-3991708807.414807796)
          mean: 0000000000000000.0000000000000000 (0.000000000)
         error: 0000000000000000.0000000000000000 (0.000000000)
          addr: 2620:149:a16:3000::31
}
+0.036183 +/- 0.069129 time.apple.com 2620:149:a16:4000::31
NTP sync skipped (non-root)
System time: Mon Jun 29 08:00:08 UTC 2026
Pre-flight: checking Python imports...
V3 Imports OK
Sub-bot Imports OK
Killing stale processes...
Gateway already up on port 4002 — reusing existing session (no kill/restart)
Waiting for IB Gateway on port 4002...
Gateway is up on port 4002 (after ~5s)
Cleaning up stale connections...
Wiping yesterday's watchlist.txt for a fresh session...
Starting live_scanner.py...
Live scanner started (PID: 90917)
Starting bot_v3_hybrid.py (IBKR paper execution — squeeze re-enabled 2026-05-26)...
Bot started (PID: 90927)
Bot health check passed (still running after 15s, PID: 90927)
HEALTH_OK: Bot connected at 2026-06-29 08:00:33 UTC
Starting sub-bot variant A (log: /Users/duffy/warrior_bot_v2/logs/2026-06-29_move_strike_subbot_A.log)...
  variant A PID: 90949
Starting sub-bot variant C (log: /Users/duffy/warrior_bot_v2/logs/2026-06-29_move_strike_subbot_C.log)...
  variant C PID: 90950
  variant A health-check OK (PID 90949)
  variant B not launched (missing keys)
  variant C health-check OK (PID 90950)
Gateway watchdog started (PID: 90952)
Health watchdog started (detached)
Watchdog: monitoring bot until 6:05 PM MT / 8:05 PM ET (Mon Jun 29 18:05:00 MDT 2026)...
  Bot runs: morning 7:00-12:00 ET, sleeps 12:00-16:00, evening 16:00-20:00 ET
=== TRAP: cleanup at Mon Jun 29 04:58:06 MDT 2026 ===
