=== Waking screen ===
Display wake (caffeinate -u) sent
Display state: unknown (continuing — caffeinate keeps system awake regardless)
Persistent caffeinate started (PID: 91482)
=== V3 Hybrid daily run started: Thu Jul 23 02:00:07 MDT 2026 ===
From github.com:mannyluke4/warrior_bot
 * branch            v2-ibkr-migration -> FETCH_HEAD
Already up to date.
Code version: 24063e3 (Fetcher: skip thin patches instead of stopping (LABT backfill hit a false EOD))
daily_run_v3.sh hash: fe9222dd63e0ce208ca08a3330c95f5bd40ed9d7
bot_v3_hybrid.py hash: bfab46e73226434ebb490d5816815f8a85a3a241
bot_alpaca_subbot.py hash: 35c2164aba4247ce13052023d9b27ab1e3c05d66
alpaca_feed.py hash: 682a855ab7d4135ad611baa7e19a941a00690a38
sntp: Exchange failed: Timeout
sntp: clock_settime: Operation not permitted
sntp_exchange {
        result: 6 (Timeout)
        header: 00 (li:0 vn:0 mode:0)
       stratum: 00 (0)
          poll: 00 (1)
     precision: 00 (1.000000e+00)
         delay: 0000.0000 (0.000000000)
    dispersion: 0000.0000 (0.000000000)
           ref: 00000000 ("    ")
         t_ref: 00000000.00000000 (0.000000000)
            t1: EE0C4889.7CE0A84B (3993782409.487802999)
            t2: 00000000.00000000 (0.000000000)
            t3: 00000000.00000000 (0.000000000)
            t4: 00000000.00000000 (0.000000000)
        offset: FFFFFFFF88F9DBBB.418FABDA80000000 (-1996891204.743901491)
         delay: FFFFFFFF11F3B776.831F57B500000000 (-3993782409.487802982)
          mean: 0000000000000000.0000000000000000 (0.000000000)
         error: 0000000000000000.0000000000000000 (0.000000000)
          addr: 2620:149:a18:4000::31
}
+0.034428 +/- 0.067316 time.apple.com 2620:149:a16:3000::31
NTP sync skipped (non-root)
System time: Thu Jul 23 08:00:10 UTC 2026
Pre-flight: checking Python imports...
V3 Imports OK
Sub-bot Imports OK
Killing stale processes...
Gateway already up on port 4002 — reusing existing session (no kill/restart)
Waiting for IB Gateway on port 4002...
Gateway is up on port 4002 (after ~5s)
Cleaning up stale connections...
Wiping yesterday's watchlist.txt for a fresh session...
live_scanner.py retired — engine ibkr_scanner is the sole scan source.
Starting bot_v3_hybrid.py (IBKR paper execution — squeeze re-enabled 2026-05-26)...
Bot started (PID: 91530)
Bot health check passed (still running after 15s, PID: 91530)
HEALTH_OK: Bot connected at 2026-07-23 08:00:35 UTC
Starting sub-bot variant A (log: /Users/duffy/warrior_bot_v2/logs/2026-07-23_move_strike_subbot_A.log)...
  variant A PID: 91553
Starting sub-bot variant C (log: /Users/duffy/warrior_bot_v2/logs/2026-07-23_move_strike_subbot_C.log)...
  variant C PID: 91554
  variant A health-check OK (PID 91553)
  variant B not launched (missing keys)
  variant C health-check OK (PID 91554)
Gateway watchdog started (PID: 91558)
Health watchdog started (detached)
Watchdog: monitoring bot until 6:05 PM MT / 8:05 PM ET (Thu Jul 23 18:05:00 MDT 2026)...
  Bot runs: morning 7:00-12:00 ET, sleeps 12:00-16:00, evening 16:00-20:00 ET
ALERT: bot_v3_hybrid.py died at Thu Jul 23 07:40:37 MDT 2026. Auto-restarting in place (attempt 1/10); sub-bots untouched. Check /Users/duffy/warrior_bot_v2/logs/2026-07-23_daily.log.
Main bot restarted OK (PID: 4510).
/Users/duffy/warrior_bot_v2/daily_run_v3.sh: line 649: 91561 Terminated: 15          nohup /bin/zsh ~/warrior_bot_v2/health_watchdog.sh > /dev/null 2>&1
ALERT: bot_v3_hybrid.py died at Thu Jul 23 18:00:17 MDT 2026. Auto-restarting in place (attempt 2/10); sub-bots untouched. Check /Users/duffy/warrior_bot_v2/logs/2026-07-23_daily.log.
WARN: restarted main bot died within 15s — will retry next tick.
ALERT: bot_v3_hybrid.py died at Thu Jul 23 18:01:32 MDT 2026. Auto-restarting in place (attempt 3/10); sub-bots untouched. Check /Users/duffy/warrior_bot_v2/logs/2026-07-23_daily.log.
WARN: restarted main bot died within 15s — will retry next tick.
ALERT: bot_v3_hybrid.py died at Thu Jul 23 18:02:47 MDT 2026. Auto-restarting in place (attempt 4/10); sub-bots untouched. Check /Users/duffy/warrior_bot_v2/logs/2026-07-23_daily.log.
WARN: restarted main bot died within 15s — will retry next tick.
ALERT: bot_v3_hybrid.py died at Thu Jul 23 18:04:03 MDT 2026. Auto-restarting in place (attempt 5/10); sub-bots untouched. Check /Users/duffy/warrior_bot_v2/logs/2026-07-23_daily.log.
WARN: restarted main bot died within 15s — will retry next tick.
All trading windows closed. Proceeding to shutdown.
=== Shutting down at Thu Jul 23 18:05:18 MDT 2026 ===
Generating A/B/C daily comparison report...
Pushing logs...
[v2-ibkr-migration 37d836e] auto: v3 daily logs 2026-07-23
 15 files changed, 90417 insertions(+)
 create mode 100644 cowork_reports/2026-07-23_abc_daily_report.md
 create mode 100644 logs/2026-07-23_abc_compare.log
 create mode 100644 logs/2026-07-23_daily.log
 create mode 100644 logs/2026-07-23_discovery_gate_observe.jsonl
 create mode 100644 logs/2026-07-23_move_strike_subbot_A.log
 create mode 100644 logs/2026-07-23_move_strike_subbot_C.log
 create mode 100644 logs/2026-07-23_wb_intraday_adder_observe.jsonl
 create mode 100644 logs/bar_stream/2026-07-23_main_bot.jsonl
 create mode 100644 logs/bar_stream/2026-07-23_subbot_A.jsonl
 create mode 100644 logs/bar_stream/2026-07-23_subbot_C.jsonl
 create mode 100644 logs/cron_2026-07-23.log
=== V3 Hybrid daily run complete: Thu Jul 23 18:05:30 MDT 2026 ===
=== TRAP: cleanup at Thu Jul 23 18:05:30 MDT 2026 ===
