2026-06-03 04:04:33 ET === health_watchdog started (pid 37710) ===
2026-06-03 20:10:16 ET === EOD — health_watchdog exiting ===
2026-06-04 04:00:48 ET === health_watchdog started (pid 72223) ===
2026-06-04 14:58:44 ET === health_watchdog started (pid 1476) ===
2026-06-04 14:58:44 ET tick-drought check: bar_stream stale 1040s (strike 1/2)
2026-06-04 14:59:14 ET tick-drought check: bar_stream stale 1070s (strike 2/2)
2026-06-04 14:59:14 ET TICK DROUGHT CONFIRMED: bar_stream stale 1070s, watchlist=0
0. Market is OPEN — this is a data wedge, not quiet. Killing data-blind bot; daily_run watchdog will restart it fresh to re-subscribe.
2026-06-04 14:59:44 ET tick-drought check: bar_stream stale 1100s (strike 1/2)
2026-06-04 15:00:14 ET tick-drought check: bar_stream stale 1130s (strike 2/2)
2026-06-04 15:00:44 ET tick-drought check: bar_stream stale 1160s (strike 3/2)
2026-06-04 20:10:26 ET === EOD — health_watchdog exiting ===
2026-06-05 04:00:48 ET === health_watchdog started (pid 18283) ===
2026-06-05 12:07:20 ET === health_watchdog started (pid 1282) ===
2026-06-05 12:07:20 ET tick-drought check: bar_stream stale 530s (strike 1/2)
2026-06-05 12:07:51 ET tick-drought check: bar_stream stale 560s (strike 2/2)
2026-06-05 12:07:51 ET TICK DROUGHT CONFIRMED: bar_stream stale 560s, watchlist=0
0. Market is OPEN — this is a data wedge, not quiet. Killing data-blind bot; daily_run watchdog will restart it fresh to re-subscribe.
2026-06-05 12:08:21 ET tick-drought check: bar_stream stale 591s (strike 1/2)
2026-06-05 12:08:51 ET tick-drought check: bar_stream stale 621s (strike 2/2)
2026-06-05 12:09:21 ET tick-drought check: bar_stream stale 651s (strike 3/2)
2026-06-05 20:10:27 ET === EOD — health_watchdog exiting ===
2026-06-08 04:00:48 ET === health_watchdog started (pid 36736) ===
2026-06-08 20:10:28 ET === EOD — health_watchdog exiting ===
2026-06-09 04:00:47 ET === health_watchdog started (pid 72333) ===
