[2026-01-02] 0 trades, P&L=$+0 (6 symbols watched, 0 traded, 0 skipped)
[2026-01-03] no universe source available — skip
[2026-01-04] no universe source available — skip
[2026-01-05] 0 trades, P&L=$+0 (7 symbols watched, 0 traded, 0 skipped)
[2026-01-06] 0 trades, P&L=$+0 (7 symbols watched, 0 traded, 0 skipped)
[2026-01-07] 1 trades, P&L=$-375 (5 symbols watched, 1 traded, 0 skipped)
[2026-01-08] 3 trades, P&L=$-620 (7 symbols watched, 3 traded, 0 skipped)
[2026-01-09] 1 trades, P&L=$+197 (7 symbols watched, 1 traded, 0 skipped)
[2026-01-10] no universe source available — skip
[2026-01-11] no universe source available — skip
[2026-01-12] 4 trades, P&L=$+382 (13 symbols watched, 4 traded, 0 skipped)
[2026-01-13] 9 trades, P&L=$+3,923 (16 symbols watched, 9 traded, 0 skipped)
[2026-01-14] 4 trades, P&L=$+1,215 (14 symbols watched, 4 traded, 0 skipped)
[2026-01-15] 3 trades, P&L=$-166 (14 symbols watched, 3 traded, 0 skipped)
[2026-01-16] 6 trades, P&L=$-1,051 (14 symbols watched, 6 traded, 0 skipped)
[2026-01-17] no universe source available — skip
[2026-01-18] no universe source available — skip
[2026-01-19] no universe source available — skip
[2026-01-20] 6 trades, P&L=$-777 (8 symbols watched, 6 traded, 0 skipped)
[2026-01-21] 4 trades, P&L=$-631 (9 symbols watched, 4 traded, 0 skipped)
[2026-01-22] 2 trades, P&L=$-785 (6 symbols watched, 2 traded, 0 skipped)
[2026-01-23] 6 trades, P&L=$-896 (10 symbols watched, 6 traded, 0 skipped)
[2026-01-24] no universe source available — skip
[2026-01-25] no universe source available — skip
[2026-01-26] 2 trades, P&L=$+646 (7 symbols watched, 2 traded, 0 skipped)
[2026-01-27] 3 trades, P&L=$+266 (9 symbols watched, 3 traded, 0 skipped)
[2026-01-28] 1 trades, P&L=$-419 (8 symbols watched, 1 traded, 0 skipped)
[2026-01-29] 1 trades, P&L=$+114 (7 symbols watched, 1 traded, 0 skipped)
[2026-01-30] 2 trades, P&L=$-199 (6 symbols watched, 2 traded, 0 skipped)
[2026-01-31] no universe source available — skip
[2026-02-01] no universe source available — skip
[2026-02-02] 2 trades, P&L=$+163 (7 symbols watched, 2 traded, 0 skipped)
[2026-02-03] 4 trades, P&L=$-789 (7 symbols watched, 4 traded, 0 skipped)
[2026-02-04] 1 trades, P&L=$+100 (6 symbols watched, 1 traded, 0 skipped)
[2026-02-05] 1 trades, P&L=$-375 (5 symbols watched, 1 traded, 0 skipped)
[2026-02-06] 2 trades, P&L=$+347 (6 symbols watched, 2 traded, 0 skipped)
[2026-02-07] no universe source available — skip
[2026-02-08] no universe source available — skip
[2026-02-09] 1 trades, P&L=$+80 (10 symbols watched, 1 traded, 0 skipped)
[2026-02-10] 2 trades, P&L=$-636 (11 symbols watched, 2 traded, 0 skipped)
[2026-02-11] 1 trades, P&L=$+5,099 (12 symbols watched, 1 traded, 0 skipped)
[2026-02-12] 1 trades, P&L=$-383 (14 symbols watched, 1 traded, 0 skipped)
[2026-02-13] 3 trades, P&L=$-534 (19 symbols watched, 3 traded, 0 skipped)
[2026-02-14] no universe source available — skip
[2026-02-15] no universe source available — skip
[2026-02-16] no universe source available — skip
[2026-02-17] 3 trades, P&L=$+36 (5 symbols watched, 3 traded, 0 skipped)
[2026-02-18] 2 trades, P&L=$-272 (6 symbols watched, 2 traded, 0 skipped)
[2026-02-19] 1 trades, P&L=$-400 (5 symbols watched, 1 traded, 0 skipped)
[2026-02-20] 3 trades, P&L=$-1,146 (8 symbols watched, 3 traded, 0 skipped)
[2026-02-21] no universe source available — skip
[2026-02-22] no universe source available — skip
[2026-02-23] 0 trades, P&L=$+0 (5 symbols watched, 0 traded, 0 skipped)
[2026-02-24] 0 trades, P&L=$+0 (5 symbols watched, 0 traded, 0 skipped)
[2026-02-25] 1 trades, P&L=$+100 (6 symbols watched, 1 traded, 0 skipped)
[2026-02-26] 0 trades, P&L=$+0 (5 symbols watched, 0 traded, 0 skipped)
[2026-02-27] 1 trades, P&L=$-377 (6 symbols watched, 1 traded, 0 skipped)
[2026-02-28] no universe source available — skip
[2026-03-01] no universe source available — skip
[2026-03-02] 3 trades, P&L=$+644 (5 symbols watched, 3 traded, 0 skipped)
[2026-03-03] 2 trades, P&L=$-156 (6 symbols watched, 2 traded, 0 skipped)
[2026-03-04] 2 trades, P&L=$-298 (7 symbols watched, 2 traded, 0 skipped)
[2026-03-05] 2 trades, P&L=$+134 (7 symbols watched, 2 traded, 0 skipped)
[2026-03-06] 2 trades, P&L=$-768 (5 symbols watched, 2 traded, 0 skipped)
[2026-03-07] no universe source available — skip
[2026-03-08] no universe source available — skip
[2026-03-09] 1 trades, P&L=$+239 (5 symbols watched, 1 traded, 0 skipped)
[2026-03-10] 0 trades, P&L=$+0 (5 symbols watched, 0 traded, 0 skipped)
[2026-03-11] 2 trades, P&L=$-1,346 (5 symbols watched, 2 traded, 0 skipped)
[2026-03-12] 0 trades, P&L=$+0 (7 symbols watched, 0 traded, 0 skipped)
[2026-03-13] 0 trades, P&L=$+0 (2 symbols watched, 0 traded, 0 skipped)
[2026-03-14] no universe source available — skip
[2026-03-15] no universe source available — skip
[2026-03-16] 1 trades, P&L=$+120 (1 symbols watched, 1 traded, 0 skipped)
[2026-03-17] no universe source available — skip
[2026-03-18] 0 trades, P&L=$+0 (2 symbols watched, 0 traded, 0 skipped)
[2026-03-19] 1 trades, P&L=$+500 (4 symbols watched, 1 traded, 0 skipped)
[2026-03-20] 1 trades, P&L=$-42 (2 symbols watched, 1 traded, 0 skipped)
[2026-03-21] no universe source available — skip
[2026-03-22] no universe source available — skip
[2026-03-23] 0 trades, P&L=$+0 (3 symbols watched, 0 traded, 0 skipped)
[2026-03-24] 2 trades, P&L=$-4,089 (3 symbols watched, 2 traded, 0 skipped)
[2026-03-25] no universe source available — skip
[2026-03-26] 2 trades, P&L=$-729 (23 symbols watched, 2 traded, 0 skipped)
[2026-03-27] 1 trades, P&L=$-424 (40 symbols watched, 1 traded, 0 skipped)
[2026-03-28] no universe source available — skip
[2026-03-29] no universe source available — skip
[2026-03-30] 1 trades, P&L=$-5,899 (144 symbols watched, 1 traded, 0 skipped)
[2026-03-31] 0 trades, P&L=$+0 (55 symbols watched, 0 traded, 0 skipped)
[2026-04-01] universe from scanner_results (no sub-bot log — coverage may be incomplete)
[2026-04-01] 0 trades, P&L=$+0 (2 symbols watched, 0 traded, 2 skipped)
[2026-04-02] universe from scanner_results (no sub-bot log — coverage may be incomplete)
[2026-04-02] 0 trades, P&L=$+0 (1 symbols watched, 0 traded, 0 skipped)
[2026-04-03] no universe source available — skip
[2026-04-04] no universe source available — skip
[2026-04-05] no universe source available — skip
[2026-04-06] universe from scanner_results (no sub-bot log — coverage may be incomplete)
[2026-04-06] 2 trades, P&L=$-616 (5 symbols watched, 2 traded, 1 skipped)
[2026-04-07] 0 trades, P&L=$+0 (113 symbols watched, 0 traded, 0 skipped)
[2026-04-08] 2 trades, P&L=$-236 (126 symbols watched, 2 traded, 0 skipped)
[2026-04-09] 0 trades, P&L=$+0 (131 symbols watched, 0 traded, 0 skipped)
[2026-04-10] 2 trades, P&L=$+288 (3 symbols watched, 2 traded, 0 skipped)
[2026-04-11] no universe source available — skip
[2026-04-12] no universe source available — skip
[2026-04-13] 1 trades, P&L=$+291 (110 symbols watched, 1 traded, 0 skipped)
[2026-04-14] 2 trades, P&L=$-42 (117 symbols watched, 2 traded, 0 skipped)
[2026-04-15] 2 trades, P&L=$+697 (87 symbols watched, 2 traded, 0 skipped)
[2026-04-16] 2 trades, P&L=$-239 (141 symbols watched, 2 traded, 0 skipped)
[2026-04-17] 4 trades, P&L=$-38 (100 symbols watched, 4 traded, 0 skipped)
[2026-04-18] no universe source available — skip
[2026-04-19] no universe source available — skip
[2026-04-20] 2 trades, P&L=$+603 (95 symbols watched, 2 traded, 0 skipped)
[2026-04-21] 3 trades, P&L=$+7 (10 symbols watched, 3 traded, 0 skipped)
[2026-04-22] 1 trades, P&L=$+62 (93 symbols watched, 1 traded, 0 skipped)
[2026-04-23] 1 trades, P&L=$-375 (2 symbols watched, 1 traded, 0 skipped)
[2026-04-24] 1 trades, P&L=$+227 (3 symbols watched, 1 traded, 0 skipped)
[2026-04-25] no universe source available — skip
[2026-04-26] no universe source available — skip
[2026-04-27] 0 trades, P&L=$+0 (2 symbols watched, 0 traded, 0 skipped)
[2026-04-28] 2 trades, P&L=$+302 (8 symbols watched, 2 traded, 0 skipped)
[2026-04-29] 5 trades, P&L=$-1,244 (83 symbols watched, 5 traded, 0 skipped)
[2026-04-30] 2 trades, P&L=$-116 (131 symbols watched, 2 traded, 0 skipped)
[2026-05-01] 1 trades, P&L=$+88 (133 symbols watched, 1 traded, 0 skipped)
[2026-05-02] no universe source available — skip
[2026-05-03] no universe source available — skip
[2026-05-04] 4 trades, P&L=$+237 (95 symbols watched, 4 traded, 0 skipped)
[2026-05-05] 0 trades, P&L=$+0 (92 symbols watched, 0 traded, 0 skipped)
[2026-05-06] 3 trades, P&L=$-595 (129 symbols watched, 3 traded, 0 skipped)
[2026-05-07] universe from scanner_results (no sub-bot log — coverage may be incomplete)
[2026-05-07] 0 trades, P&L=$+0 (1 symbols watched, 0 traded, 0 skipped)
[2026-05-08] universe from scanner_results (no sub-bot log — coverage may be incomplete)
[2026-05-08] 0 trades, P&L=$+0 (1 symbols watched, 0 traded, 0 skipped)
[2026-05-09] no universe source available — skip
[2026-05-10] no universe source available — skip
[2026-05-11] universe from scanner_results (no sub-bot log — coverage may be incomplete)
[2026-05-11] 0 trades, P&L=$+0 (1 symbols watched, 0 traded, 0 skipped)
[2026-05-12] universe from scanner_results (no sub-bot log — coverage may be incomplete)
[2026-05-12] 0 trades, P&L=$+0 (2 symbols watched, 0 traded, 0 skipped)
[2026-05-13] 2 trades, P&L=$-196 (107 symbols watched, 2 traded, 0 skipped)
[2026-05-14] universe from scanner_results (no sub-bot log — coverage may be incomplete)
[2026-05-14] 0 trades, P&L=$+0 (1 symbols watched, 0 traded, 1 skipped)
[2026-05-15] universe from scanner_results (no sub-bot log — coverage may be incomplete)
[2026-05-15] 1 trades, P&L=$-409 (2 symbols watched, 1 traded, 1 skipped)
[2026-05-16] no universe source available — skip
[2026-05-17] no universe source available — skip
[2026-05-18] universe from scanner_results (no sub-bot log — coverage may be incomplete)
[2026-05-18] 0 trades, P&L=$+0 (1 symbols watched, 0 traded, 0 skipped)
[2026-05-19] universe from scanner_results (no sub-bot log — coverage may be incomplete)
[2026-05-19] 1 trades, P&L=$+130 (11 symbols watched, 1 traded, 5 skipped)
[2026-05-20] universe from scanner_results (no sub-bot log — coverage may be incomplete)
[2026-05-20] 1 trades, P&L=$-375 (1 symbols watched, 1 traded, 0 skipped)
[2026-05-21] universe from scanner_results (no sub-bot log — coverage may be incomplete)
[2026-05-21] 2 trades, P&L=$+555 (5 symbols watched, 2 traded, 0 skipped)
[2026-05-22] universe from scanner_results (no sub-bot log — coverage may be incomplete)
[2026-05-22] 1 trades, P&L=$+200 (1 symbols watched, 1 traded, 0 skipped)
[2026-05-23] no universe source available — skip
[2026-05-24] no universe source available — skip
[2026-05-25] no universe source available — skip
[2026-05-26] 2 trades, P&L=$-308 (126 symbols watched, 2 traded, 0 skipped)
[2026-05-27] 2 trades, P&L=$-311 (113 symbols watched, 2 traded, 0 skipped)
[2026-05-28] 4 trades, P&L=$-1,164 (102 symbols watched, 4 traded, 0 skipped)
[2026-05-29] 3 trades, P&L=$-221 (83 symbols watched, 3 traded, 0 skipped)
[2026-05-30] no universe source available — skip
[2026-05-31] no universe source available — skip
[2026-06-01] 2 trades, P&L=$-307 (86 symbols watched, 2 traded, 0 skipped)
[2026-06-02] 4 trades, P&L=$-584 (124 symbols watched, 4 traded, 0 skipped)
[2026-06-03] 3 trades, P&L=$-40 (117 symbols watched, 3 traded, 0 skipped)
  [FOXX] 2026-06-04 sim exit=1 err=Traceback (most recent call last): |   File "/Users/duffy/warrior_bot_v2/simulate_subbot.py", line 980, in <module> |     main() |   File "/Users/duffy/warrior_bot_v2/simulate_subbot.py", line 965, in main | 
[2026-06-04] 3 trades, P&L=$-435 (133 symbols watched, 3 traded, 0 skipped)
[2026-06-05] 2 trades, P&L=$-209 (113 symbols watched, 2 traded, 0 skipped)
[2026-06-06] no universe source available — skip
[2026-06-07] no universe source available — skip
[2026-06-08] 1 trades, P&L=$+100 (138 symbols watched, 1 traded, 0 skipped)
[2026-06-09] 5 trades, P&L=$+824 (124 symbols watched, 5 traded, 0 skipped)
[2026-06-10] 4 trades, P&L=$-252 (160 symbols watched, 4 traded, 1 skipped)
[2026-06-11] 3 trades, P&L=$+188 (136 symbols watched, 3 traded, 0 skipped)
[2026-06-12] no universe source available — skip
[2026-06-13] no universe source available — skip
[2026-06-14] no universe source available — skip
[2026-06-15] 3 trades, P&L=$-724 (146 symbols watched, 3 traded, 0 skipped)
[2026-06-16] 2 trades, P&L=$-355 (147 symbols watched, 2 traded, 0 skipped)
[2026-06-17] 1 trades, P&L=$-385 (128 symbols watched, 1 traded, 0 skipped)
[2026-06-18] 2 trades, P&L=$+215 (124 symbols watched, 2 traded, 0 skipped)
[2026-06-19] universe from scanner_results (no sub-bot log — coverage may be incomplete)
[2026-06-19] 0 trades, P&L=$+0 (11 symbols watched, 0 traded, 11 skipped)
[2026-06-20] no universe source available — skip
[2026-06-21] no universe source available — skip
  [NXTS] 2026-06-22 sim exit=1 err=Traceback (most recent call last): |   File "/Users/duffy/warrior_bot_v2/simulate_subbot.py", line 980, in <module> |     main() |   File "/Users/duffy/warrior_bot_v2/simulate_subbot.py", line 965, in main | 
[2026-06-22] 0 trades, P&L=$+0 (129 symbols watched, 0 traded, 0 skipped)
[2026-06-23] 1 trades, P&L=$+64 (118 symbols watched, 1 traded, 1 skipped)
[2026-06-24] 3 trades, P&L=$-494 (134 symbols watched, 3 traded, 0 skipped)
[2026-06-25] 2 trades, P&L=$-777 (132 symbols watched, 2 traded, 0 skipped)
  [SHPH] 2026-06-26 sim exit=1 err=Traceback (most recent call last): |   File "/Users/duffy/warrior_bot_v2/simulate_subbot.py", line 980, in <module> |     main() |   File "/Users/duffy/warrior_bot_v2/simulate_subbot.py", line 965, in main | 
[2026-06-26] 1 trades, P&L=$+68 (139 symbols watched, 1 traded, 0 skipped)
[2026-06-27] no universe source available — skip
[2026-06-28] no universe source available — skip
[2026-06-29] 2 trades, P&L=$+329 (136 symbols watched, 2 traded, 1 skipped)
[2026-06-30] 6 trades, P&L=$+676 (173 symbols watched, 6 traded, 5 skipped)
[2026-07-01] no universe source available — skip
[2026-07-02] no universe source available — skip
[2026-07-03] no universe source available — skip
[2026-07-04] no universe source available — skip
[2026-07-05] no universe source available — skip
[2026-07-06] no universe source available — skip
[2026-07-07] no universe source available — skip
[2026-07-08] no universe source available — skip
[2026-07-09] no universe source available — skip
[2026-07-10] 0 trades, P&L=$+0 (52 symbols watched, 0 traded, 0 skipped)
[2026-07-11] no universe source available — skip
[2026-07-12] no universe source available — skip
[2026-07-13] 2 trades, P&L=$+153 (120 symbols watched, 2 traded, 1 skipped)
[2026-07-14] 1 trades, P&L=$+176 (145 symbols watched, 1 traded, 0 skipped)
[2026-07-15] 2 trades, P&L=$+463 (156 symbols watched, 2 traded, 0 skipped)

=== ytd_newstrat | 2026-01-02 → 2026-07-15 ===
Total: 226 trades, 134W / 92L (59% WR)
Gross P&L: $-14,381
Avg winner: $+230
Avg loser:  $-493

Per-day:
  2026-01-02: 0 trades, $+0 (6 watched, 0 traded, 0 skipped)
  2026-01-05: 0 trades, $+0 (7 watched, 0 traded, 0 skipped)
  2026-01-06: 0 trades, $+0 (7 watched, 0 traded, 0 skipped)
  2026-01-07: 1 trades, $-375 (5 watched, 1 traded, 0 skipped)
  2026-01-08: 3 trades, $-620 (7 watched, 3 traded, 0 skipped)
  2026-01-09: 1 trades, $+197 (7 watched, 1 traded, 0 skipped)
  2026-01-12: 4 trades, $+382 (13 watched, 4 traded, 0 skipped)
  2026-01-13: 9 trades, $+3,923 (16 watched, 9 traded, 0 skipped)
  2026-01-14: 4 trades, $+1,215 (14 watched, 4 traded, 0 skipped)
  2026-01-15: 3 trades, $-166 (14 watched, 3 traded, 0 skipped)
  2026-01-16: 6 trades, $-1,051 (14 watched, 6 traded, 0 skipped)
  2026-01-20: 6 trades, $-777 (8 watched, 6 traded, 0 skipped)
  2026-01-21: 4 trades, $-631 (9 watched, 4 traded, 0 skipped)
  2026-01-22: 2 trades, $-785 (6 watched, 2 traded, 0 skipped)
  2026-01-23: 6 trades, $-896 (10 watched, 6 traded, 0 skipped)
  2026-01-26: 2 trades, $+646 (7 watched, 2 traded, 0 skipped)
  2026-01-27: 3 trades, $+266 (9 watched, 3 traded, 0 skipped)
  2026-01-28: 1 trades, $-419 (8 watched, 1 traded, 0 skipped)
  2026-01-29: 1 trades, $+114 (7 watched, 1 traded, 0 skipped)
  2026-01-30: 2 trades, $-199 (6 watched, 2 traded, 0 skipped)
  2026-02-02: 2 trades, $+163 (7 watched, 2 traded, 0 skipped)
  2026-02-03: 4 trades, $-789 (7 watched, 4 traded, 0 skipped)
  2026-02-04: 1 trades, $+100 (6 watched, 1 traded, 0 skipped)
  2026-02-05: 1 trades, $-375 (5 watched, 1 traded, 0 skipped)
  2026-02-06: 2 trades, $+347 (6 watched, 2 traded, 0 skipped)
  2026-02-09: 1 trades, $+80 (10 watched, 1 traded, 0 skipped)
  2026-02-10: 2 trades, $-636 (11 watched, 2 traded, 0 skipped)
  2026-02-11: 1 trades, $+5,099 (12 watched, 1 traded, 0 skipped)
  2026-02-12: 1 trades, $-383 (14 watched, 1 traded, 0 skipped)
  2026-02-13: 3 trades, $-534 (19 watched, 3 traded, 0 skipped)
  2026-02-17: 3 trades, $+36 (5 watched, 3 traded, 0 skipped)
  2026-02-18: 2 trades, $-272 (6 watched, 2 traded, 0 skipped)
  2026-02-19: 1 trades, $-400 (5 watched, 1 traded, 0 skipped)
  2026-02-20: 3 trades, $-1,146 (8 watched, 3 traded, 0 skipped)
  2026-02-23: 0 trades, $+0 (5 watched, 0 traded, 0 skipped)
  2026-02-24: 0 trades, $+0 (5 watched, 0 traded, 0 skipped)
  2026-02-25: 1 trades, $+100 (6 watched, 1 traded, 0 skipped)
  2026-02-26: 0 trades, $+0 (5 watched, 0 traded, 0 skipped)
  2026-02-27: 1 trades, $-377 (6 watched, 1 traded, 0 skipped)
  2026-03-02: 3 trades, $+644 (5 watched, 3 traded, 0 skipped)
  2026-03-03: 2 trades, $-156 (6 watched, 2 traded, 0 skipped)
  2026-03-04: 2 trades, $-298 (7 watched, 2 traded, 0 skipped)
  2026-03-05: 2 trades, $+134 (7 watched, 2 traded, 0 skipped)
  2026-03-06: 2 trades, $-768 (5 watched, 2 traded, 0 skipped)
  2026-03-09: 1 trades, $+239 (5 watched, 1 traded, 0 skipped)
  2026-03-10: 0 trades, $+0 (5 watched, 0 traded, 0 skipped)
  2026-03-11: 2 trades, $-1,346 (5 watched, 2 traded, 0 skipped)
  2026-03-12: 0 trades, $+0 (7 watched, 0 traded, 0 skipped)
  2026-03-13: 0 trades, $+0 (2 watched, 0 traded, 0 skipped)
  2026-03-16: 1 trades, $+120 (1 watched, 1 traded, 0 skipped)
  2026-03-18: 0 trades, $+0 (2 watched, 0 traded, 0 skipped)
  2026-03-19: 1 trades, $+500 (4 watched, 1 traded, 0 skipped)
  2026-03-20: 1 trades, $-42 (2 watched, 1 traded, 0 skipped)
  2026-03-23: 0 trades, $+0 (3 watched, 0 traded, 0 skipped)
  2026-03-24: 2 trades, $-4,089 (3 watched, 2 traded, 0 skipped)
  2026-03-26: 2 trades, $-729 (23 watched, 2 traded, 0 skipped)
  2026-03-27: 1 trades, $-424 (40 watched, 1 traded, 0 skipped)
  2026-03-30: 1 trades, $-5,899 (144 watched, 1 traded, 0 skipped)
  2026-03-31: 0 trades, $+0 (55 watched, 0 traded, 0 skipped)
  2026-04-01: 0 trades, $+0 (2 watched, 0 traded, 2 skipped)
  2026-04-02: 0 trades, $+0 (1 watched, 0 traded, 0 skipped)
  2026-04-06: 2 trades, $-616 (5 watched, 2 traded, 1 skipped)
  2026-04-07: 0 trades, $+0 (113 watched, 0 traded, 0 skipped)
  2026-04-08: 2 trades, $-236 (126 watched, 2 traded, 0 skipped)
  2026-04-09: 0 trades, $+0 (131 watched, 0 traded, 0 skipped)
  2026-04-10: 2 trades, $+288 (3 watched, 2 traded, 0 skipped)
  2026-04-13: 1 trades, $+291 (110 watched, 1 traded, 0 skipped)
  2026-04-14: 2 trades, $-42 (117 watched, 2 traded, 0 skipped)
  2026-04-15: 2 trades, $+697 (87 watched, 2 traded, 0 skipped)
  2026-04-16: 2 trades, $-239 (141 watched, 2 traded, 0 skipped)
  2026-04-17: 4 trades, $-38 (100 watched, 4 traded, 0 skipped)
  2026-04-20: 2 trades, $+603 (95 watched, 2 traded, 0 skipped)
  2026-04-21: 3 trades, $+7 (10 watched, 3 traded, 0 skipped)
  2026-04-22: 1 trades, $+62 (93 watched, 1 traded, 0 skipped)
  2026-04-23: 1 trades, $-375 (2 watched, 1 traded, 0 skipped)
  2026-04-24: 1 trades, $+227 (3 watched, 1 traded, 0 skipped)
  2026-04-27: 0 trades, $+0 (2 watched, 0 traded, 0 skipped)
  2026-04-28: 2 trades, $+302 (8 watched, 2 traded, 0 skipped)
  2026-04-29: 5 trades, $-1,244 (83 watched, 5 traded, 0 skipped)
  2026-04-30: 2 trades, $-116 (131 watched, 2 traded, 0 skipped)
  2026-05-01: 1 trades, $+88 (133 watched, 1 traded, 0 skipped)
  2026-05-04: 4 trades, $+237 (95 watched, 4 traded, 0 skipped)
  2026-05-05: 0 trades, $+0 (92 watched, 0 traded, 0 skipped)
  2026-05-06: 3 trades, $-595 (129 watched, 3 traded, 0 skipped)
  2026-05-07: 0 trades, $+0 (1 watched, 0 traded, 0 skipped)
  2026-05-08: 0 trades, $+0 (1 watched, 0 traded, 0 skipped)
  2026-05-11: 0 trades, $+0 (1 watched, 0 traded, 0 skipped)
  2026-05-12: 0 trades, $+0 (2 watched, 0 traded, 0 skipped)
  2026-05-13: 2 trades, $-196 (107 watched, 2 traded, 0 skipped)
  2026-05-14: 0 trades, $+0 (1 watched, 0 traded, 1 skipped)
  2026-05-15: 1 trades, $-409 (2 watched, 1 traded, 1 skipped)
  2026-05-18: 0 trades, $+0 (1 watched, 0 traded, 0 skipped)
  2026-05-19: 1 trades, $+130 (11 watched, 1 traded, 5 skipped)
  2026-05-20: 1 trades, $-375 (1 watched, 1 traded, 0 skipped)
  2026-05-21: 2 trades, $+555 (5 watched, 2 traded, 0 skipped)
  2026-05-22: 1 trades, $+200 (1 watched, 1 traded, 0 skipped)
  2026-05-26: 2 trades, $-308 (126 watched, 2 traded, 0 skipped)
  2026-05-27: 2 trades, $-311 (113 watched, 2 traded, 0 skipped)
  2026-05-28: 4 trades, $-1,164 (102 watched, 4 traded, 0 skipped)
  2026-05-29: 3 trades, $-221 (83 watched, 3 traded, 0 skipped)
  2026-06-01: 2 trades, $-307 (86 watched, 2 traded, 0 skipped)
  2026-06-02: 4 trades, $-584 (124 watched, 4 traded, 0 skipped)
  2026-06-03: 3 trades, $-40 (117 watched, 3 traded, 0 skipped)
  2026-06-04: 3 trades, $-435 (133 watched, 3 traded, 0 skipped)
  2026-06-05: 2 trades, $-209 (113 watched, 2 traded, 0 skipped)
  2026-06-08: 1 trades, $+100 (138 watched, 1 traded, 0 skipped)
  2026-06-09: 5 trades, $+824 (124 watched, 5 traded, 0 skipped)
  2026-06-10: 4 trades, $-252 (160 watched, 4 traded, 1 skipped)
  2026-06-11: 3 trades, $+188 (136 watched, 3 traded, 0 skipped)
  2026-06-15: 3 trades, $-724 (146 watched, 3 traded, 0 skipped)
  2026-06-16: 2 trades, $-355 (147 watched, 2 traded, 0 skipped)
  2026-06-17: 1 trades, $-385 (128 watched, 1 traded, 0 skipped)
  2026-06-18: 2 trades, $+215 (124 watched, 2 traded, 0 skipped)
  2026-06-19: 0 trades, $+0 (11 watched, 0 traded, 11 skipped)
  2026-06-22: 0 trades, $+0 (129 watched, 0 traded, 0 skipped)
  2026-06-23: 1 trades, $+64 (118 watched, 1 traded, 1 skipped)
  2026-06-24: 3 trades, $-494 (134 watched, 3 traded, 0 skipped)
  2026-06-25: 2 trades, $-777 (132 watched, 2 traded, 0 skipped)
  2026-06-26: 1 trades, $+68 (139 watched, 1 traded, 0 skipped)
  2026-06-29: 2 trades, $+329 (136 watched, 2 traded, 1 skipped)
  2026-06-30: 6 trades, $+676 (173 watched, 6 traded, 5 skipped)
  2026-07-10: 0 trades, $+0 (52 watched, 0 traded, 0 skipped)
  2026-07-13: 2 trades, $+153 (120 watched, 2 traded, 1 skipped)
  2026-07-14: 1 trades, $+176 (145 watched, 1 traded, 0 skipped)
  2026-07-15: 2 trades, $+463 (156 watched, 2 traded, 0 skipped)

Detail: /Users/duffy/warrior_bot_v2/backtest_status/replay_subbot_ytd_newstrat_2026-01-02_2026-07-15.json
